#
# A fatal error has been detected by the Java Runtime Environment:
#
#  SIGSEGV (0xb) at pc=0x00007f471ec1e5ba, pid=62083, tid=62084
#
# JRE version: OpenJDK Runtime Environment Temurin-17.0.15+6 (17.0.15+6) (build 17.0.15+6)
# Java VM: OpenJDK 64-Bit Server VM Temurin-17.0.15+6 (17.0.15+6, mixed mode, sharing, tiered, compressed oops, compressed class ptrs, g1 gc, linux-amd64)
# Problematic frame:
# C  [libspa-support.so+0x1a5ba]
#
# Core dump will be written. Default location: Core dumps may be processed with "/usr/lib/systemd/systemd-coredump %P %u %g %s %t %c %h %d %F" (or dumping to /home/bazzite/code/java/LibGDXDungeonCrawler/assets/core.62083)
#
# If you would like to submit a bug report, please visit:
#   https://github.com/adoptium/adoptium-support/issues
# The crash happened outside the Java Virtual Machine in native code.
# See problematic frame for where to report the bug.
#

---------------  S U M M A R Y ------------

Command Line: -Dfile.encoding=UTF-8 -Duser.country=US -Duser.language=en -Duser.variant dungeon.crawler.lwjgl3.Lwjgl3Launcher

Host: AMD Ryzen 7 7700X 8-Core Processor, 16 cores, 30G, Fedora release 43 (Forty Three)
Time: Sun May  3 11:11:45 2026 EDT elapsed time: 0.140902 seconds (0d 0h 0m 0s)

---------------  T H R E A D  ---------------

Current thread (0x00007f47a402ccc0):  JavaThread "main" [_thread_in_native, id=62084, stack(0x00007f47aa5e9000,0x00007f47aa6e9000)]

Stack: [0x00007f47aa5e9000,0x00007f47aa6e9000],  sp=0x00007f47aa6e6f08,  free space=1015k
Native frames: (J=compiled Java code, j=interpreted, Vv=VM code, C=native code)
C  [libspa-support.so+0x1a5ba]
C  [libpipewire-0.3.so.0+0x5618f]  pw_impl_node_initialized+0xef
C  [libpipewire-module-adapter.so+0x3518]
C  [libpipewire-0.3.so.0+0x85b9c]  pw_stream_connect+0xc7c
C  [libopenal.so+0x72f86]
C  [libopenal.so+0x49d4b]

Java frames: (J=compiled Java code, j=interpreted, Vv=VM code)
j  org.lwjgl.system.JNI.invokePPP(JJJ)J+0
j  org.lwjgl.openal.ALC10.nalcCreateContext(JJ)J+23
j  org.lwjgl.openal.ALC10.alcCreateContext(JLjava/nio/IntBuffer;)J+15
j  com.badlogic.gdx.backends.lwjgl3.audio.OpenALLwjgl3Audio.<init>(III)V+163
j  com.badlogic.gdx.backends.lwjgl3.Lwjgl3Application.createAudio(Lcom/badlogic/gdx/backends/lwjgl3/Lwjgl3ApplicationConfiguration;)Lcom/badlogic/gdx/backends/lwjgl3/audio/Lwjgl3Audio;+16
j  com.badlogic.gdx.backends.lwjgl3.Lwjgl3Application.<init>(Lcom/badlogic/gdx/ApplicationListener;Lcom/badlogic/gdx/backends/lwjgl3/Lwjgl3ApplicationConfiguration;)V+138
j  dungeon.crawler.lwjgl3.Lwjgl3Launcher.createApplication()Lcom/badlogic/gdx/backends/lwjgl3/Lwjgl3Application;+14
j  dungeon.crawler.lwjgl3.Lwjgl3Launcher.main([Ljava/lang/String;)V+7
v  ~StubRoutines::call_stub

siginfo: si_signo: 11 (SIGSEGV), si_code: 2 (SEGV_ACCERR), si_addr: 0x00007f471ec1e5ba

Registers:
RAX=0x00007f471ec1e5ba, RBX=0x0000000000000000, RCX=0x0000000000000000, RDX=0x0000000000000001
RSP=0x00007f47aa6e6f08, RBP=0x00007f47aa6e6fa0, RSI=0x00007f471de639f0, RDI=0x00007f47a46ebee8
R8 =0x0000000000000000, R9 =0x00007f47a4788da0, R10=0x0000000000000000, R11=0x0000000000000000
R12=0x0000000000000000, R13=0x0000000000000001, R14=0x0000000000000001, R15=0x00007f47a4788da0
RIP=0x00007f471ec1e5ba, EFLAGS=0x0000000000010246, CSGSFS=0x002b000000000033, ERR=0x0000000000000015
  TRAPNO=0x000000000000000e

XMM[0]=0x0000000000000000 0x0000000000000000
XMM[1]=0x0000000000000000 0x0000000000000001
XMM[2]=0x0000000000000000 0x0000000000001000
XMM[3]=0x0000000000000000 0x0000000000000000
XMM[4]=0x0000000000000000 0x0000000000001000
XMM[5]=0x00007f47aa6e6020 0x00007f47aa6e5fa0
XMM[6]=0x0000000000000000 0x0000000000000090
XMM[7]=0x0000000000000000 0x00007f471deded20
XMM[8]=0x0000000028a105af 0xc99ffe2500b22ace
XMM[9]=0x0000000000000000 0x0000000000000001
XMM[10]=0x00000001db710640 0x00000001f7011640
XMM[11]=0x000000003db1ecdc 0x0000000174359406
XMM[12]=0x0000000000000000 0x0000000000000000
XMM[13]=0x0000000000000000 0xbc620396851a8212
XMM[14]=0x0000000000000000 0x3eb20b09dfb435b3
XMM[15]=0x0000000000000000 0x0000000000000000
  MXCSR=0x00001fa0


Register to memory mapping:

RAX=0x00007f471ec1e5ba: <offset 0x000000000001a5ba> in /usr/lib64/spa-0.2/support/libspa-support.so at 0x00007f471ec04000
RBX=0x0 is NULL
RCX=0x0 is NULL
RDX=0x0000000000000001 is an unknown value
RSP=0x00007f47aa6e6f08 is pointing into the stack for thread: 0x00007f47a402ccc0
RBP=0x00007f47aa6e6fa0 is pointing into the stack for thread: 0x00007f47a402ccc0
RSI=0x00007f471de639f0: <offset 0x00000000000539f0> in /run/host/usr/lib64/libpipewire-0.3.so.0 at 0x00007f471de10000
RDI=0x00007f47a46ebee8 points into unknown readable memory: 0x0000000000000000 | 00 00 00 00 00 00 00 00
R8 =0x0 is NULL
R9 =0x00007f47a4788da0 points into unknown readable memory: 0x00007f47a46e7e40 | 40 7e 6e a4 47 7f 00 00
R10=0x0 is NULL
R11=0x0 is NULL
R12=0x0 is NULL
R13=0x0000000000000001 is an unknown value
R14=0x0000000000000001 is an unknown value
R15=0x00007f47a4788da0 points into unknown readable memory: 0x00007f47a46e7e40 | 40 7e 6e a4 47 7f 00 00


Top of Stack: (sp=0x00007f47aa6e6f08)
0x00007f47aa6e6f08:   00007f471de65ed8 00007f47aa6e6f60
0x00007f47aa6e6f18:   00007f47a47517b8 00007f47aa6e6fc0
0x00007f47aa6e6f28:   00007f471c21332d 00007f47a4789610
0x00007f47aa6e6f38:   00007f47a4789390 0000000000000000
0x00007f47aa6e6f48:   0000000000000000 0000000000000000
0x00007f47aa6e6f58:   0000000000000000 00007f47a47635a8
0x00007f47aa6e6f68:   b5811206d5e52100 00007f471c2c1660
0x00007f47aa6e6f78:   00007f47a4788da0 00007f47a4789390
0x00007f47aa6e6f88:   00007f47a46fcdd8 0000000000000000
0x00007f47aa6e6f98:   00007f47a47517b8 00007f47aa6e7000
0x00007f47aa6e6fa8:   00007f471de6618f 00007f47a4789610
0x00007f47aa6e6fb8:   00007f47a4789390 0000000000000000
0x00007f47aa6e6fc8:   0000000000000000 0000000000000000
0x00007f47aa6e6fd8:   0000000000000000 00007f47a4752f50
0x00007f47aa6e6fe8:   b5811206d5e52100 00007f47a4752f50
0x00007f47aa6e6ff8:   00007f47a4788da0 00007f47aa6e7110
0x00007f47aa6e7008:   00007f471d302518 00007f47a47895f0
0x00007f47aa6e7018:   00007f47a4760820 00007f47a47895f0
0x00007f47aa6e7028:   00007f47a4788da0 0000000100000110
0x00007f47aa6e7038:   0000000000000000 00007f47a46e7e40
0x00007f47aa6e7048:   0000000000003610 0000000100000001
0x00007f47aa6e7058:   00007f47a47517b8 0000000000000000
0x00007f47aa6e7068:   00007f47a4760820 00007f47a4753790
0x00007f47aa6e7078:   0000000000000000 00007f47a4751858
0x00007f47aa6e7088:   00007f47a4751858 00007f471d306aa0
0x00007f47aa6e7098:   00007f47aa6e7080 0000000000000000
0x00007f47aa6e70a8:   0000000000000000 00007f47a47517b8
0x00007f47aa6e70b8:   00007f47a4752f50 0000000000000000
0x00007f47aa6e70c8:   0000000100000001 00007f47a4750e30
0x00007f47aa6e70d8:   b5811206d5e52100 00007f47aa6e7110
0x00007f47aa6e70e8:   0000000000000000 00007f47a4752f50
0x00007f47aa6e70f8:   00007f471dea9e62 00007f47a4751660 

Instructions: (pc=0x00007f471ec1e5ba)
0x00007f471ec1e4ba:   24 49 92 24 49 92 49 92 24 49 92 24 49 c2 08 20
0x00007f471ec1e4ca:   02 00 00 00 00 00 11 11 13 fd 00 00 00 00 00 00
0x00007f471ec1e4da:   00 00 00 00 00 00 6f 66 66 00 25 70 3a 20 7a 65
0x00007f471ec1e4ea:   72 6f 2d 64 65 6e 6f 72 6d 61 6c 73 3a 25 73 00
0x00007f471ec1e4fa:   73 65 74 20 74 69 6d 65 6f 75 74 20 25 6c 75 00
0x00007f471ec1e50a:   25 70 20 6e 6f 77 3a 25 6c 75 00 70 72 65 66 69
0x00007f471ec1e51a:   78 00 27 25 73 27 20 66 61 69 6c 65 64 20 61 74
0x00007f471ec1e52a:   20 25 73 3a 25 75 20 25 73 28 29 0a 00 2e 2e 2f
0x00007f471ec1e53a:   73 70 61 2f 70 6c 75 67 69 6e 73 2f 73 75 70 70
0x00007f471ec1e54a:   6f 72 74 2f 63 70 75 2e 63 00 68 61 6e 64 6c 65
0x00007f471ec1e55a:   20 21 3d 20 4e 55 4c 4c 00 69 6e 74 65 72 66 61
0x00007f471ec1e56a:   63 65 20 21 3d 20 4e 55 4c 4c 00 53 70 61 3a 50
0x00007f471ec1e57a:   6f 69 6e 74 65 72 3a 49 6e 74 65 72 66 61 63 65
0x00007f471ec1e58a:   3a 43 50 55 00 66 61 63 74 6f 72 79 20 21 3d 20
0x00007f471ec1e59a:   4e 55 4c 4c 00 69 6e 66 6f 20 21 3d 20 4e 55 4c
0x00007f471ec1e5aa:   4c 00 69 6e 64 65 78 20 21 3d 20 4e 55 4c 4c 00
0x00007f471ec1e5ba:   53 70 61 3a 50 6f 69 6e 74 65 72 3a 49 6e 74 65
0x00007f471ec1e5ca:   72 66 61 63 65 3a 4c 6f 67 00 2e 2e 2f 73 70 61
0x00007f471ec1e5da:   2f 70 6c 75 67 69 6e 73 2f 73 75 70 70 6f 72 74
0x00007f471ec1e5ea:   2f 6c 6f 6f 70 2e 63 00 73 6f 75 72 63 65 2d 3e
0x00007f471ec1e5fa:   6c 6f 6f 70 20 3d 3d 20 26 69 6d 70 6c 2d 3e 6c
0x00007f471ec1e60a:   6f 6f 70 00 21 69 6d 70 6c 2d 3e 70 6f 6c 6c 69
0x00007f471ec1e61a:   6e 67 00 73 2d 3e 69 6d 70 6c 20 3d 3d 20 6f 62
0x00007f471ec1e62a:   6a 65 63 74 00 25 70 3a 20 75 70 64 61 74 65 20
0x00007f471ec1e63a:   25 30 38 78 20 2d 3e 20 25 30 38 78 00 53 70 61
0x00007f471ec1e64a:   3a 50 6f 69 6e 74 65 72 3a 49 6e 74 65 72 66 61
0x00007f471ec1e65a:   63 65 3a 4c 6f 6f 70 00 74 68 69 73 20 21 3d 20
0x00007f471ec1e66a:   4e 55 4c 4c 00 63 6f 6d 6d 61 6e 64 20 21 3d 20
0x00007f471ec1e67a:   4e 55 4c 4c 00 70 72 6f 63 65 73 73 20 25 64 00
0x00007f471ec1e68a:   53 70 61 3a 50 6f 69 6e 74 65 72 3a 49 6e 74 65
0x00007f471ec1e69a:   72 66 61 63 65 3a 4e 6f 64 65 00 63 70 75 2e 66
0x00007f471ec1e6aa:   6f 72 63 65 00 63 70 75 2e 76 6d 2e 74 79 70 65 


Stack slot to memory mapping:
stack at sp + 0 slots: 0x00007f471de65ed8: <offset 0x0000000000055ed8> in /run/host/usr/lib64/libpipewire-0.3.so.0 at 0x00007f471de10000
stack at sp + 1 slots: 0x00007f47aa6e6f60 is pointing into the stack for thread: 0x00007f47a402ccc0
stack at sp + 2 slots: 0x00007f47a47517b8 points into unknown readable memory: 0x00007f471dea985d | 5d 98 ea 1d 47 7f 00 00
stack at sp + 3 slots: 0x00007f47aa6e6fc0 is pointing into the stack for thread: 0x00007f47a402ccc0
stack at sp + 4 slots: 0x00007f471c21332d: <offset 0x000000000001632d> in /usr/lib64/spa-0.2/audioconvert/libspa-audioconvert.so at 0x00007f471c1fd000
stack at sp + 5 slots: 0x00007f47a4789610 points into unknown readable memory: 0x00007f47a4789668 | 68 96 78 a4 47 7f 00 00
stack at sp + 6 slots: 0x00007f47a4789390 points into unknown readable memory: 0x00007f47a4789610 | 10 96 78 a4 47 7f 00 00
stack at sp + 7 slots: 0x0 is NULL


---------------  P R O C E S S  ---------------

Threads class SMR info:
_java_thread_list=0x00007f46d409d370, length=15, elements={
0x00007f47a402ccc0, 0x00007f47a4169a40, 0x00007f47a416ae20, 0x00007f47a41703c0,
0x00007f47a4171770, 0x00007f47a4172b80, 0x00007f47a41745b0, 0x00007f47a4175ae0,
0x00007f47a4176f50, 0x00007f47a417f690, 0x00007f47a4182740, 0x00007f46f005f360,
0x00007f46d41a9f80, 0x00007f46d409b2f0, 0x00007f46d409c380
}

Java Threads: ( => current thread )
=>0x00007f47a402ccc0 JavaThread "main" [_thread_in_native, id=62084, stack(0x00007f47aa5e9000,0x00007f47aa6e9000)]
  0x00007f47a4169a40 JavaThread "Reference Handler" daemon [_thread_blocked, id=62094, stack(0x00007f47790a3000,0x00007f47791a3000)]
  0x00007f47a416ae20 JavaThread "Finalizer" daemon [_thread_blocked, id=62095, stack(0x00007f4778fa3000,0x00007f47790a3000)]
  0x00007f47a41703c0 JavaThread "Signal Dispatcher" daemon [_thread_blocked, id=62096, stack(0x00007f4778ea3000,0x00007f4778fa3000)]
  0x00007f47a4171770 JavaThread "Service Thread" daemon [_thread_blocked, id=62097, stack(0x00007f4778da3000,0x00007f4778ea3000)]
  0x00007f47a4172b80 JavaThread "Monitor Deflation Thread" daemon [_thread_blocked, id=62098, stack(0x00007f4778ca3000,0x00007f4778da3000)]
  0x00007f47a41745b0 JavaThread "C2 CompilerThread0" daemon [_thread_blocked, id=62099, stack(0x00007f4778ba3000,0x00007f4778ca3000)]
  0x00007f47a4175ae0 JavaThread "C1 CompilerThread0" daemon [_thread_blocked, id=62100, stack(0x00007f4778aa3000,0x00007f4778ba3000)]
  0x00007f47a4176f50 JavaThread "Sweeper thread" daemon [_thread_blocked, id=62101, stack(0x00007f47789a3000,0x00007f4778aa3000)]
  0x00007f47a417f690 JavaThread "Notification Thread" daemon [_thread_blocked, id=62102, stack(0x00007f47788a3000,0x00007f47789a3000)]
  0x00007f47a4182740 JavaThread "Common-Cleaner" daemon [_thread_blocked, id=62104, stack(0x00007f47786a2000,0x00007f47787a2000)]
  0x00007f46f005f360 JavaThread "C1 CompilerThread1" daemon [_thread_blocked, id=62105, stack(0x00007f47785a2000,0x00007f47786a2000)]
  0x00007f46d41a9f80 JavaThread "C2 CompilerThread1" daemon [_thread_blocked, id=62106, stack(0x00007f477842c000,0x00007f477852c000)]
  0x00007f46d409b2f0 JavaThread "C1 CompilerThread2" daemon [_thread_blocked, id=62107, stack(0x00007f471ec54000,0x00007f471ed54000)]
  0x00007f46d409c380 JavaThread "C1 CompilerThread3" daemon [_thread_blocked, id=62108, stack(0x00007f471e300000,0x00007f471e400000)]

Other Threads:
  0x00007f47a4165ab0 VMThread "VM Thread" [stack: 0x00007f47791a4000,0x00007f47792a4000] [id=62093]
  0x00007f47a4180fd0 WatcherThread [stack: 0x00007f47787a3000,0x00007f47788a3000] [id=62103]
  0x00007f47a405bca0 GCTaskThread "GC Thread#0" [stack: 0x00007f47a8535000,0x00007f47a8635000] [id=62088]
  0x00007f47a406c710 ConcurrentGCThread "G1 Main Marker" [stack: 0x00007f47a8434000,0x00007f47a8534000] [id=62089]
  0x00007f47a406d680 ConcurrentGCThread "G1 Conc#0" [stack: 0x00007f47a8333000,0x00007f47a8433000] [id=62090]
  0x00007f47a41354b0 ConcurrentGCThread "G1 Refine#0" [stack: 0x00007f47794f8000,0x00007f47795f8000] [id=62091]
  0x00007f47a41363b0 ConcurrentGCThread "G1 Service" [stack: 0x00007f47793f7000,0x00007f47794f7000] [id=62092]

Threads with active compile tasks:

VM state: not at safepoint (normal execution)

VM Mutex/Monitor currently owned by a thread: None

Heap address: 0x0000000617800000, size: 7816 MB, Compressed Oops mode: Zero based, Oop shift amount: 3

CDS archive(s) mapped at: [0x00007f4723000000-0x00007f4723bc9000-0x00007f4723bc9000), size 12357632, SharedBaseAddress: 0x00007f4723000000, ArchiveRelocationMode: 1.
Compressed class space mapped at: 0x00007f4724000000-0x00007f4764000000, reserved size: 1073741824
Narrow klass base: 0x00007f4723000000, Narrow klass shift: 0, Narrow klass range: 0x100000000

GC Precious Log:
 CPUs: 16 total, 16 available
 Memory: 31252M
 Large Page Support: Disabled
 NUMA Support: Disabled
 Compressed Oops: Enabled (Zero based)
 Heap Region Size: 4M
 Heap Min Capacity: 8M
 Heap Initial Capacity: 492M
 Heap Max Capacity: 7816M
 Pre-touch: Disabled
 Parallel Workers: 13
 Concurrent Workers: 3
 Concurrent Refinement Workers: 13
 Periodic GC: Disabled

Heap:
 garbage-first heap   total 512000K, used 12212K [0x0000000617800000, 0x0000000800000000)
  region size 4096K, 3 young (12288K), 0 survivors (0K)
 Metaspace       used 3279K, committed 3520K, reserved 1114112K
  class space    used 258K, committed 384K, reserved 1048576K

Heap Regions: E=young(eden), S=young(survivor), O=old, HS=humongous(starts), HC=humongous(continues), CS=collection set, F=free, OA=open archive, CA=closed archive, TAMS=top-at-mark-start (previous, next)
|   0|0x0000000617800000, 0x0000000617800000, 0x0000000617c00000|  0%| F|  |TAMS 0x0000000617800000, 0x0000000617800000| Untracked 
|   1|0x0000000617c00000, 0x0000000617c00000, 0x0000000618000000|  0%| F|  |TAMS 0x0000000617c00000, 0x0000000617c00000| Untracked 
|   2|0x0000000618000000, 0x0000000618000000, 0x0000000618400000|  0%| F|  |TAMS 0x0000000618000000, 0x0000000618000000| Untracked 
|   3|0x0000000618400000, 0x0000000618400000, 0x0000000618800000|  0%| F|  |TAMS 0x0000000618400000, 0x0000000618400000| Untracked 
|   4|0x0000000618800000, 0x0000000618800000, 0x0000000618c00000|  0%| F|  |TAMS 0x0000000618800000, 0x0000000618800000| Untracked 
|   5|0x0000000618c00000, 0x0000000618c00000, 0x0000000619000000|  0%| F|  |TAMS 0x0000000618c00000, 0x0000000618c00000| Untracked 
|   6|0x0000000619000000, 0x0000000619000000, 0x0000000619400000|  0%| F|  |TAMS 0x0000000619000000, 0x0000000619000000| Untracked 
|   7|0x0000000619400000, 0x0000000619400000, 0x0000000619800000|  0%| F|  |TAMS 0x0000000619400000, 0x0000000619400000| Untracked 
|   8|0x0000000619800000, 0x0000000619800000, 0x0000000619c00000|  0%| F|  |TAMS 0x0000000619800000, 0x0000000619800000| Untracked 
|   9|0x0000000619c00000, 0x0000000619c00000, 0x000000061a000000|  0%| F|  |TAMS 0x0000000619c00000, 0x0000000619c00000| Untracked 
|  10|0x000000061a000000, 0x000000061a000000, 0x000000061a400000|  0%| F|  |TAMS 0x000000061a000000, 0x000000061a000000| Untracked 
|  11|0x000000061a400000, 0x000000061a400000, 0x000000061a800000|  0%| F|  |TAMS 0x000000061a400000, 0x000000061a400000| Untracked 
|  12|0x000000061a800000, 0x000000061a800000, 0x000000061ac00000|  0%| F|  |TAMS 0x000000061a800000, 0x000000061a800000| Untracked 
|  13|0x000000061ac00000, 0x000000061ac00000, 0x000000061b000000|  0%| F|  |TAMS 0x000000061ac00000, 0x000000061ac00000| Untracked 
|  14|0x000000061b000000, 0x000000061b000000, 0x000000061b400000|  0%| F|  |TAMS 0x000000061b000000, 0x000000061b000000| Untracked 
|  15|0x000000061b400000, 0x000000061b400000, 0x000000061b800000|  0%| F|  |TAMS 0x000000061b400000, 0x000000061b400000| Untracked 
|  16|0x000000061b800000, 0x000000061b800000, 0x000000061bc00000|  0%| F|  |TAMS 0x000000061b800000, 0x000000061b800000| Untracked 
|  17|0x000000061bc00000, 0x000000061bc00000, 0x000000061c000000|  0%| F|  |TAMS 0x000000061bc00000, 0x000000061bc00000| Untracked 
|  18|0x000000061c000000, 0x000000061c000000, 0x000000061c400000|  0%| F|  |TAMS 0x000000061c000000, 0x000000061c000000| Untracked 
|  19|0x000000061c400000, 0x000000061c400000, 0x000000061c800000|  0%| F|  |TAMS 0x000000061c400000, 0x000000061c400000| Untracked 
|  20|0x000000061c800000, 0x000000061c800000, 0x000000061cc00000|  0%| F|  |TAMS 0x000000061c800000, 0x000000061c800000| Untracked 
|  21|0x000000061cc00000, 0x000000061cc00000, 0x000000061d000000|  0%| F|  |TAMS 0x000000061cc00000, 0x000000061cc00000| Untracked 
|  22|0x000000061d000000, 0x000000061d000000, 0x000000061d400000|  0%| F|  |TAMS 0x000000061d000000, 0x000000061d000000| Untracked 
|  23|0x000000061d400000, 0x000000061d400000, 0x000000061d800000|  0%| F|  |TAMS 0x000000061d400000, 0x000000061d400000| Untracked 
|  24|0x000000061d800000, 0x000000061d800000, 0x000000061dc00000|  0%| F|  |TAMS 0x000000061d800000, 0x000000061d800000| Untracked 
|  25|0x000000061dc00000, 0x000000061dc00000, 0x000000061e000000|  0%| F|  |TAMS 0x000000061dc00000, 0x000000061dc00000| Untracked 
|  26|0x000000061e000000, 0x000000061e000000, 0x000000061e400000|  0%| F|  |TAMS 0x000000061e000000, 0x000000061e000000| Untracked 
|  27|0x000000061e400000, 0x000000061e400000, 0x000000061e800000|  0%| F|  |TAMS 0x000000061e400000, 0x000000061e400000| Untracked 
|  28|0x000000061e800000, 0x000000061e800000, 0x000000061ec00000|  0%| F|  |TAMS 0x000000061e800000, 0x000000061e800000| Untracked 
|  29|0x000000061ec00000, 0x000000061ec00000, 0x000000061f000000|  0%| F|  |TAMS 0x000000061ec00000, 0x000000061ec00000| Untracked 
|  30|0x000000061f000000, 0x000000061f000000, 0x000000061f400000|  0%| F|  |TAMS 0x000000061f000000, 0x000000061f000000| Untracked 
|  31|0x000000061f400000, 0x000000061f400000, 0x000000061f800000|  0%| F|  |TAMS 0x000000061f400000, 0x000000061f400000| Untracked 
|  32|0x000000061f800000, 0x000000061f800000, 0x000000061fc00000|  0%| F|  |TAMS 0x000000061f800000, 0x000000061f800000| Untracked 
|  33|0x000000061fc00000, 0x000000061fc00000, 0x0000000620000000|  0%| F|  |TAMS 0x000000061fc00000, 0x000000061fc00000| Untracked 
|  34|0x0000000620000000, 0x0000000620000000, 0x0000000620400000|  0%| F|  |TAMS 0x0000000620000000, 0x0000000620000000| Untracked 
|  35|0x0000000620400000, 0x0000000620400000, 0x0000000620800000|  0%| F|  |TAMS 0x0000000620400000, 0x0000000620400000| Untracked 
|  36|0x0000000620800000, 0x0000000620800000, 0x0000000620c00000|  0%| F|  |TAMS 0x0000000620800000, 0x0000000620800000| Untracked 
|  37|0x0000000620c00000, 0x0000000620c00000, 0x0000000621000000|  0%| F|  |TAMS 0x0000000620c00000, 0x0000000620c00000| Untracked 
|  38|0x0000000621000000, 0x0000000621000000, 0x0000000621400000|  0%| F|  |TAMS 0x0000000621000000, 0x0000000621000000| Untracked 
|  39|0x0000000621400000, 0x0000000621400000, 0x0000000621800000|  0%| F|  |TAMS 0x0000000621400000, 0x0000000621400000| Untracked 
|  40|0x0000000621800000, 0x0000000621800000, 0x0000000621c00000|  0%| F|  |TAMS 0x0000000621800000, 0x0000000621800000| Untracked 
|  41|0x0000000621c00000, 0x0000000621c00000, 0x0000000622000000|  0%| F|  |TAMS 0x0000000621c00000, 0x0000000621c00000| Untracked 
|  42|0x0000000622000000, 0x0000000622000000, 0x0000000622400000|  0%| F|  |TAMS 0x0000000622000000, 0x0000000622000000| Untracked 
|  43|0x0000000622400000, 0x0000000622400000, 0x0000000622800000|  0%| F|  |TAMS 0x0000000622400000, 0x0000000622400000| Untracked 
|  44|0x0000000622800000, 0x0000000622800000, 0x0000000622c00000|  0%| F|  |TAMS 0x0000000622800000, 0x0000000622800000| Untracked 
|  45|0x0000000622c00000, 0x0000000622c00000, 0x0000000623000000|  0%| F|  |TAMS 0x0000000622c00000, 0x0000000622c00000| Untracked 
|  46|0x0000000623000000, 0x0000000623000000, 0x0000000623400000|  0%| F|  |TAMS 0x0000000623000000, 0x0000000623000000| Untracked 
|  47|0x0000000623400000, 0x0000000623400000, 0x0000000623800000|  0%| F|  |TAMS 0x0000000623400000, 0x0000000623400000| Untracked 
|  48|0x0000000623800000, 0x0000000623800000, 0x0000000623c00000|  0%| F|  |TAMS 0x0000000623800000, 0x0000000623800000| Untracked 
|  49|0x0000000623c00000, 0x0000000623c00000, 0x0000000624000000|  0%| F|  |TAMS 0x0000000623c00000, 0x0000000623c00000| Untracked 
|  50|0x0000000624000000, 0x0000000624000000, 0x0000000624400000|  0%| F|  |TAMS 0x0000000624000000, 0x0000000624000000| Untracked 
|  51|0x0000000624400000, 0x0000000624400000, 0x0000000624800000|  0%| F|  |TAMS 0x0000000624400000, 0x0000000624400000| Untracked 
|  52|0x0000000624800000, 0x0000000624800000, 0x0000000624c00000|  0%| F|  |TAMS 0x0000000624800000, 0x0000000624800000| Untracked 
|  53|0x0000000624c00000, 0x0000000624c00000, 0x0000000625000000|  0%| F|  |TAMS 0x0000000624c00000, 0x0000000624c00000| Untracked 
|  54|0x0000000625000000, 0x0000000625000000, 0x0000000625400000|  0%| F|  |TAMS 0x0000000625000000, 0x0000000625000000| Untracked 
|  55|0x0000000625400000, 0x0000000625400000, 0x0000000625800000|  0%| F|  |TAMS 0x0000000625400000, 0x0000000625400000| Untracked 
|  56|0x0000000625800000, 0x0000000625800000, 0x0000000625c00000|  0%| F|  |TAMS 0x0000000625800000, 0x0000000625800000| Untracked 
|  57|0x0000000625c00000, 0x0000000625c00000, 0x0000000626000000|  0%| F|  |TAMS 0x0000000625c00000, 0x0000000625c00000| Untracked 
|  58|0x0000000626000000, 0x0000000626000000, 0x0000000626400000|  0%| F|  |TAMS 0x0000000626000000, 0x0000000626000000| Untracked 
|  59|0x0000000626400000, 0x0000000626400000, 0x0000000626800000|  0%| F|  |TAMS 0x0000000626400000, 0x0000000626400000| Untracked 
|  60|0x0000000626800000, 0x0000000626800000, 0x0000000626c00000|  0%| F|  |TAMS 0x0000000626800000, 0x0000000626800000| Untracked 
|  61|0x0000000626c00000, 0x0000000626c00000, 0x0000000627000000|  0%| F|  |TAMS 0x0000000626c00000, 0x0000000626c00000| Untracked 
|  62|0x0000000627000000, 0x0000000627000000, 0x0000000627400000|  0%| F|  |TAMS 0x0000000627000000, 0x0000000627000000| Untracked 
|  63|0x0000000627400000, 0x0000000627400000, 0x0000000627800000|  0%| F|  |TAMS 0x0000000627400000, 0x0000000627400000| Untracked 
|  64|0x0000000627800000, 0x0000000627800000, 0x0000000627c00000|  0%| F|  |TAMS 0x0000000627800000, 0x0000000627800000| Untracked 
|  65|0x0000000627c00000, 0x0000000627c00000, 0x0000000628000000|  0%| F|  |TAMS 0x0000000627c00000, 0x0000000627c00000| Untracked 
|  66|0x0000000628000000, 0x0000000628000000, 0x0000000628400000|  0%| F|  |TAMS 0x0000000628000000, 0x0000000628000000| Untracked 
|  67|0x0000000628400000, 0x0000000628400000, 0x0000000628800000|  0%| F|  |TAMS 0x0000000628400000, 0x0000000628400000| Untracked 
|  68|0x0000000628800000, 0x0000000628800000, 0x0000000628c00000|  0%| F|  |TAMS 0x0000000628800000, 0x0000000628800000| Untracked 
|  69|0x0000000628c00000, 0x0000000628c00000, 0x0000000629000000|  0%| F|  |TAMS 0x0000000628c00000, 0x0000000628c00000| Untracked 
|  70|0x0000000629000000, 0x0000000629000000, 0x0000000629400000|  0%| F|  |TAMS 0x0000000629000000, 0x0000000629000000| Untracked 
|  71|0x0000000629400000, 0x0000000629400000, 0x0000000629800000|  0%| F|  |TAMS 0x0000000629400000, 0x0000000629400000| Untracked 
|  72|0x0000000629800000, 0x0000000629800000, 0x0000000629c00000|  0%| F|  |TAMS 0x0000000629800000, 0x0000000629800000| Untracked 
|  73|0x0000000629c00000, 0x0000000629c00000, 0x000000062a000000|  0%| F|  |TAMS 0x0000000629c00000, 0x0000000629c00000| Untracked 
|  74|0x000000062a000000, 0x000000062a000000, 0x000000062a400000|  0%| F|  |TAMS 0x000000062a000000, 0x000000062a000000| Untracked 
|  75|0x000000062a400000, 0x000000062a400000, 0x000000062a800000|  0%| F|  |TAMS 0x000000062a400000, 0x000000062a400000| Untracked 
|  76|0x000000062a800000, 0x000000062a800000, 0x000000062ac00000|  0%| F|  |TAMS 0x000000062a800000, 0x000000062a800000| Untracked 
|  77|0x000000062ac00000, 0x000000062ac00000, 0x000000062b000000|  0%| F|  |TAMS 0x000000062ac00000, 0x000000062ac00000| Untracked 
|  78|0x000000062b000000, 0x000000062b000000, 0x000000062b400000|  0%| F|  |TAMS 0x000000062b000000, 0x000000062b000000| Untracked 
|  79|0x000000062b400000, 0x000000062b400000, 0x000000062b800000|  0%| F|  |TAMS 0x000000062b400000, 0x000000062b400000| Untracked 
|  80|0x000000062b800000, 0x000000062b800000, 0x000000062bc00000|  0%| F|  |TAMS 0x000000062b800000, 0x000000062b800000| Untracked 
|  81|0x000000062bc00000, 0x000000062bc00000, 0x000000062c000000|  0%| F|  |TAMS 0x000000062bc00000, 0x000000062bc00000| Untracked 
|  82|0x000000062c000000, 0x000000062c000000, 0x000000062c400000|  0%| F|  |TAMS 0x000000062c000000, 0x000000062c000000| Untracked 
|  83|0x000000062c400000, 0x000000062c400000, 0x000000062c800000|  0%| F|  |TAMS 0x000000062c400000, 0x000000062c400000| Untracked 
|  84|0x000000062c800000, 0x000000062c800000, 0x000000062cc00000|  0%| F|  |TAMS 0x000000062c800000, 0x000000062c800000| Untracked 
|  85|0x000000062cc00000, 0x000000062cc00000, 0x000000062d000000|  0%| F|  |TAMS 0x000000062cc00000, 0x000000062cc00000| Untracked 
|  86|0x000000062d000000, 0x000000062d000000, 0x000000062d400000|  0%| F|  |TAMS 0x000000062d000000, 0x000000062d000000| Untracked 
|  87|0x000000062d400000, 0x000000062d400000, 0x000000062d800000|  0%| F|  |TAMS 0x000000062d400000, 0x000000062d400000| Untracked 
|  88|0x000000062d800000, 0x000000062d800000, 0x000000062dc00000|  0%| F|  |TAMS 0x000000062d800000, 0x000000062d800000| Untracked 
|  89|0x000000062dc00000, 0x000000062dc00000, 0x000000062e000000|  0%| F|  |TAMS 0x000000062dc00000, 0x000000062dc00000| Untracked 
|  90|0x000000062e000000, 0x000000062e000000, 0x000000062e400000|  0%| F|  |TAMS 0x000000062e000000, 0x000000062e000000| Untracked 
|  91|0x000000062e400000, 0x000000062e400000, 0x000000062e800000|  0%| F|  |TAMS 0x000000062e400000, 0x000000062e400000| Untracked 
|  92|0x000000062e800000, 0x000000062e800000, 0x000000062ec00000|  0%| F|  |TAMS 0x000000062e800000, 0x000000062e800000| Untracked 
|  93|0x000000062ec00000, 0x000000062ec00000, 0x000000062f000000|  0%| F|  |TAMS 0x000000062ec00000, 0x000000062ec00000| Untracked 
|  94|0x000000062f000000, 0x000000062f000000, 0x000000062f400000|  0%| F|  |TAMS 0x000000062f000000, 0x000000062f000000| Untracked 
|  95|0x000000062f400000, 0x000000062f400000, 0x000000062f800000|  0%| F|  |TAMS 0x000000062f400000, 0x000000062f400000| Untracked 
|  96|0x000000062f800000, 0x000000062f800000, 0x000000062fc00000|  0%| F|  |TAMS 0x000000062f800000, 0x000000062f800000| Untracked 
|  97|0x000000062fc00000, 0x000000062fc00000, 0x0000000630000000|  0%| F|  |TAMS 0x000000062fc00000, 0x000000062fc00000| Untracked 
|  98|0x0000000630000000, 0x0000000630000000, 0x0000000630400000|  0%| F|  |TAMS 0x0000000630000000, 0x0000000630000000| Untracked 
|  99|0x0000000630400000, 0x0000000630400000, 0x0000000630800000|  0%| F|  |TAMS 0x0000000630400000, 0x0000000630400000| Untracked 
| 100|0x0000000630800000, 0x0000000630800000, 0x0000000630c00000|  0%| F|  |TAMS 0x0000000630800000, 0x0000000630800000| Untracked 
| 101|0x0000000630c00000, 0x0000000630c00000, 0x0000000631000000|  0%| F|  |TAMS 0x0000000630c00000, 0x0000000630c00000| Untracked 
| 102|0x0000000631000000, 0x0000000631000000, 0x0000000631400000|  0%| F|  |TAMS 0x0000000631000000, 0x0000000631000000| Untracked 
| 103|0x0000000631400000, 0x0000000631400000, 0x0000000631800000|  0%| F|  |TAMS 0x0000000631400000, 0x0000000631400000| Untracked 
| 104|0x0000000631800000, 0x0000000631800000, 0x0000000631c00000|  0%| F|  |TAMS 0x0000000631800000, 0x0000000631800000| Untracked 
| 105|0x0000000631c00000, 0x0000000631c00000, 0x0000000632000000|  0%| F|  |TAMS 0x0000000631c00000, 0x0000000631c00000| Untracked 
| 106|0x0000000632000000, 0x0000000632000000, 0x0000000632400000|  0%| F|  |TAMS 0x0000000632000000, 0x0000000632000000| Untracked 
| 107|0x0000000632400000, 0x0000000632400000, 0x0000000632800000|  0%| F|  |TAMS 0x0000000632400000, 0x0000000632400000| Untracked 
| 108|0x0000000632800000, 0x0000000632800000, 0x0000000632c00000|  0%| F|  |TAMS 0x0000000632800000, 0x0000000632800000| Untracked 
| 109|0x0000000632c00000, 0x0000000632c00000, 0x0000000633000000|  0%| F|  |TAMS 0x0000000632c00000, 0x0000000632c00000| Untracked 
| 110|0x0000000633000000, 0x0000000633000000, 0x0000000633400000|  0%| F|  |TAMS 0x0000000633000000, 0x0000000633000000| Untracked 
| 111|0x0000000633400000, 0x0000000633400000, 0x0000000633800000|  0%| F|  |TAMS 0x0000000633400000, 0x0000000633400000| Untracked 
| 112|0x0000000633800000, 0x0000000633800000, 0x0000000633c00000|  0%| F|  |TAMS 0x0000000633800000, 0x0000000633800000| Untracked 
| 113|0x0000000633c00000, 0x0000000633c00000, 0x0000000634000000|  0%| F|  |TAMS 0x0000000633c00000, 0x0000000633c00000| Untracked 
| 114|0x0000000634000000, 0x0000000634000000, 0x0000000634400000|  0%| F|  |TAMS 0x0000000634000000, 0x0000000634000000| Untracked 
| 115|0x0000000634400000, 0x0000000634400000, 0x0000000634800000|  0%| F|  |TAMS 0x0000000634400000, 0x0000000634400000| Untracked 
| 116|0x0000000634800000, 0x0000000634800000, 0x0000000634c00000|  0%| F|  |TAMS 0x0000000634800000, 0x0000000634800000| Untracked 
| 117|0x0000000634c00000, 0x0000000634c00000, 0x0000000635000000|  0%| F|  |TAMS 0x0000000634c00000, 0x0000000634c00000| Untracked 
| 118|0x0000000635000000, 0x0000000635000000, 0x0000000635400000|  0%| F|  |TAMS 0x0000000635000000, 0x0000000635000000| Untracked 
| 119|0x0000000635400000, 0x0000000635400000, 0x0000000635800000|  0%| F|  |TAMS 0x0000000635400000, 0x0000000635400000| Untracked 
| 120|0x0000000635800000, 0x0000000635af8060, 0x0000000635c00000| 74%| E|  |TAMS 0x0000000635800000, 0x0000000635800000| Complete 
| 121|0x0000000635c00000, 0x0000000636000000, 0x0000000636000000|100%| E|CS|TAMS 0x0000000635c00000, 0x0000000635c00000| Complete 
| 122|0x0000000636000000, 0x0000000636400000, 0x0000000636400000|100%| E|CS|TAMS 0x0000000636000000, 0x0000000636000000| Complete 
|1952|0x00000007ff800000, 0x00000007ffb75000, 0x00000007ffc00000| 86%|OA|  |TAMS 0x00000007ff800000, 0x00000007ff800000| Untracked 
|1953|0x00000007ffc00000, 0x00000007ffc78000, 0x0000000800000000| 11%|CA|  |TAMS 0x00000007ffc00000, 0x00000007ffc00000| Untracked 

Card table byte_map: [0x00007f478c2bc000,0x00007f478d200000] _byte_map_base: 0x00007f4789200000

Marking Bits (Prev, Next): (CMBitMap*) 0x00007f47a405c730, (CMBitMap*) 0x00007f47a405c770
 Prev Bits: [0x00007f4783958000, 0x00007f478b378000)
 Next Bits: [0x00007f477bf38000, 0x00007f4783958000)

Polling page: 0x00007f47abb65000

Metaspace:

Usage:
  Non-class:      2.95 MB used.
      Class:    258.32 KB used.
       Both:      3.20 MB used.

Virtual space:
  Non-class space:       64.00 MB reserved,       3.06 MB (  5%) committed,  1 nodes.
      Class space:        1.00 GB reserved,     384.00 KB ( <1%) committed,  1 nodes.
             Both:        1.06 GB reserved,       3.44 MB ( <1%) committed. 

Chunk freelists:
   Non-Class:  10.67 MB
       Class:  15.61 MB
        Both:  26.28 MB

MaxMetaspaceSize: unlimited
CompressedClassSpaceSize: 1.00 GB
Initial GC threshold: 21.00 MB
Current GC threshold: 21.00 MB
CDS: on
MetaspaceReclaimPolicy: balanced
 - commit_granule_bytes: 65536.
 - commit_granule_words: 8192.
 - virtual_space_node_default_size: 8388608.
 - enlarge_chunks_in_place: 1.
 - new_chunks_are_fully_committed: 0.
 - uncommit_free_chunks: 1.
 - use_allocation_guard: 0.
 - handle_deallocations: 1.


Internal statistics:

num_allocs_failed_limit: 0.
num_arena_births: 60.
num_arena_deaths: 0.
num_vsnodes_births: 2.
num_vsnodes_deaths: 0.
num_space_committed: 55.
num_space_uncommitted: 0.
num_chunks_returned_to_freelist: 0.
num_chunks_taken_from_freelist: 134.
num_chunk_merges: 0.
num_chunk_splits: 87.
num_chunks_enlarged: 58.
num_inconsistent_stats: 0.

CodeHeap 'non-profiled nmethods': size=119168Kb used=225Kb max_used=225Kb free=118942Kb
 bounds [0x00007f4794da0000, 0x00007f4795010000, 0x00007f479c200000]
CodeHeap 'profiled nmethods': size=119164Kb used=1338Kb max_used=1338Kb free=117825Kb
 bounds [0x00007f478d200000, 0x00007f478d470000, 0x00007f479465f000]
CodeHeap 'non-nmethods': size=7428Kb used=3260Kb max_used=3280Kb free=4167Kb
 bounds [0x00007f479465f000, 0x00007f479499f000, 0x00007f4794da0000]
 total_blobs=1729 nmethods=741 adapters=899
 compilation: enabled
              stopped_count=0, restarted_count=0
 full_count=0

Compilation events (20 events):
Event: 0.132 Thread 0x00007f46d409c380  732       3       java.nio.ByteOrder::nativeOrder (4 bytes)
Event: 0.132 Thread 0x00007f46d41a9f80 nmethod 731 0x00007f4794dd5190 code [0x00007f4794dd5300, 0x00007f4794dd5378]
Event: 0.132 Thread 0x00007f46d409c380 nmethod 732 0x00007f478d34c710 code [0x00007f478d34c8a0, 0x00007f478d34c990]
Event: 0.133 Thread 0x00007f46f005f360  734       3       java.lang.Number::<init> (5 bytes)
Event: 0.133 Thread 0x00007f46f005f360 nmethod 734 0x00007f478d34ca10 code [0x00007f478d34cbc0, 0x00007f478d34cd10]
Event: 0.133 Thread 0x00007f46d409b2f0  735       3       sun.misc.Unsafe::getLong (9 bytes)
Event: 0.133 Thread 0x00007f46d409b2f0 nmethod 735 0x00007f478d34ce10 code [0x00007f478d34cfa0, 0x00007f478d34d0b0]
Event: 0.133 Thread 0x00007f46d409c380  736  s    3       java.lang.Throwable::fillInStackTrace (29 bytes)
Event: 0.133 Thread 0x00007f46d409c380 nmethod 736 0x00007f478d34d190 code [0x00007f478d34d340, 0x00007f478d34d620]
Event: 0.135 Thread 0x00007f47a41745b0 nmethod 671 0x00007f4794dd5790 code [0x00007f4794dd59e0, 0x00007f4794dd72b0]
Event: 0.140 Thread 0x00007f46d41a9f80  737       4       java.lang.Integer::toUnsignedLong (7 bytes)
Event: 0.140 Thread 0x00007f46f005f360  738       3       sun.misc.Unsafe::putLong (11 bytes)
Event: 0.140 Thread 0x00007f46f005f360 nmethod 738 0x00007f478d34d710 code [0x00007f478d34d8a0, 0x00007f478d34d9b0]
Event: 0.140 Thread 0x00007f46d41a9f80 nmethod 737 0x00007f4794dd8390 code [0x00007f4794dd8500, 0x00007f4794dd8558]
Event: 0.140 Thread 0x00007f46d409b2f0  739       3       org.lwjgl.system.Checks::check (17 bytes)
Event: 0.140 Thread 0x00007f47a4175ae0  740       3       org.lwjgl.system.CheckIntrinsics::checkIndex (6 bytes)
Event: 0.140 Thread 0x00007f47a4175ae0 nmethod 740 0x00007f478d34da90 code [0x00007f478d34dc40, 0x00007f478d34dea0]
Event: 0.140 Thread 0x00007f46d409b2f0 nmethod 739 0x00007f478d34e010 code [0x00007f478d34e1e0, 0x00007f478d34e500]
Event: 0.140 Thread 0x00007f47a4175ae0  741       3       java.lang.ref.SoftReference::get (29 bytes)
Event: 0.140 Thread 0x00007f47a4175ae0 nmethod 741 0x00007f478d34e690 code [0x00007f478d34e840, 0x00007f478d34ea10]

GC Heap History (0 events):
No events

Dll operation events (8 events):
Event: 0.001 Loaded shared library /home/bazzite/.gradle/jdks/eclipse_adoptium-17-amd64-linux.2/lib/libjava.so
Event: 0.009 Loaded shared library /home/bazzite/.gradle/jdks/eclipse_adoptium-17-amd64-linux.2/lib/libjsvml.so
Event: 0.017 Loaded shared library /home/bazzite/.gradle/jdks/eclipse_adoptium-17-amd64-linux.2/lib/libnio.so
Event: 0.018 Loaded shared library /home/bazzite/.gradle/jdks/eclipse_adoptium-17-amd64-linux.2/lib/libzip.so
Event: 0.043 Loaded shared library /home/bazzite/.gradle/jdks/eclipse_adoptium-17-amd64-linux.2/lib/libjimage.so
Event: 0.046 Loaded shared library /tmp/libgdxbazzite/da3a4817/libgdx64.so
Event: 0.065 Loaded shared library /home/bazzite/.gradle/jdks/eclipse_adoptium-17-amd64-linux.2/lib/libnet.so
Event: 0.068 Loaded shared library /tmp/lwjgl_bazzite/3.3.3+5/x64/liblwjgl.so

Deoptimization events (20 events):
Event: 0.038 Thread 0x00007f47a402ccc0 DEOPT PACKING pc=0x00007f478d20363c sp=0x00007f47aa6e33c0
Event: 0.038 Thread 0x00007f47a402ccc0 DEOPT UNPACKING pc=0x00007f47946b964f sp=0x00007f47aa6e2858 mode 0
Event: 0.039 Thread 0x00007f47a402ccc0 DEOPT PACKING pc=0x00007f478d20363c sp=0x00007f47aa6e67e0
Event: 0.039 Thread 0x00007f47a402ccc0 DEOPT UNPACKING pc=0x00007f47946b964f sp=0x00007f47aa6e5c50 mode 0
Event: 0.043 Thread 0x00007f47a402ccc0 Uncommon trap: trap_request=0xffffff45 fr.pc=0x00007f4794dae224 relative=0x0000000000000284
Event: 0.043 Thread 0x00007f47a402ccc0 Uncommon trap: reason=unstable_if action=reinterpret pc=0x00007f4794dae224 method=java.lang.String.startsWith(Ljava/lang/String;I)Z @ 14 c2
Event: 0.043 Thread 0x00007f47a402ccc0 DEOPT PACKING pc=0x00007f4794dae224 sp=0x00007f47aa6e7150
Event: 0.043 Thread 0x00007f47a402ccc0 DEOPT UNPACKING pc=0x00007f47946b8b19 sp=0x00007f47aa6e70d0 mode 2
Event: 0.043 Thread 0x00007f47a402ccc0 Uncommon trap: trap_request=0xffffff6e fr.pc=0x00007f4794dacc40 relative=0x0000000000000420
Event: 0.043 Thread 0x00007f47a402ccc0 Uncommon trap: reason=loop_limit_check action=maybe_recompile pc=0x00007f4794dacc40 method=java.lang.StringLatin1.indexOf([BI[BII)I @ 37 c2
Event: 0.043 Thread 0x00007f47a402ccc0 DEOPT PACKING pc=0x00007f4794dacc40 sp=0x00007f47aa6e5470
Event: 0.043 Thread 0x00007f47a402ccc0 DEOPT UNPACKING pc=0x00007f47946b8b19 sp=0x00007f47aa6e53f0 mode 2
Event: 0.093 Thread 0x00007f47a402ccc0 Uncommon trap: trap_request=0xffffffde fr.pc=0x00007f4794dcbbec relative=0x000000000000042c
Event: 0.093 Thread 0x00007f47a402ccc0 Uncommon trap: reason=class_check action=maybe_recompile pc=0x00007f4794dcbbec method=java.util.HashMap.getNode(Ljava/lang/Object;)Ljava/util/HashMap$Node; @ 128 c2
Event: 0.093 Thread 0x00007f47a402ccc0 DEOPT PACKING pc=0x00007f4794dcbbec sp=0x00007f47aa6e4dd0
Event: 0.093 Thread 0x00007f47a402ccc0 DEOPT UNPACKING pc=0x00007f47946b8b19 sp=0x00007f47aa6e4d08 mode 2
Event: 0.101 Thread 0x00007f47a402ccc0 Uncommon trap: trap_request=0xffffffde fr.pc=0x00007f4794dcbbec relative=0x000000000000042c
Event: 0.101 Thread 0x00007f47a402ccc0 Uncommon trap: reason=class_check action=maybe_recompile pc=0x00007f4794dcbbec method=java.util.HashMap.getNode(Ljava/lang/Object;)Ljava/util/HashMap$Node; @ 128 c2
Event: 0.101 Thread 0x00007f47a402ccc0 DEOPT PACKING pc=0x00007f4794dcbbec sp=0x00007f47aa6e6530
Event: 0.101 Thread 0x00007f47a402ccc0 DEOPT UNPACKING pc=0x00007f47946b8b19 sp=0x00007f47aa6e6468 mode 2

Classes loaded (20 events):
Event: 0.085 Loading class jdk/internal/reflect/UnsafeQualifiedStaticObjectFieldAccessorImpl
Event: 0.085 Loading class jdk/internal/reflect/UnsafeQualifiedStaticFieldAccessorImpl
Event: 0.085 Loading class jdk/internal/reflect/UnsafeQualifiedStaticFieldAccessorImpl done
Event: 0.085 Loading class jdk/internal/reflect/UnsafeQualifiedStaticObjectFieldAccessorImpl done
Event: 0.086 Loading class java/util/function/LongPredicate
Event: 0.086 Loading class java/util/function/LongPredicate done
Event: 0.087 Loading class jdk/internal/access/foreign/MemorySegmentProxy
Event: 0.087 Loading class jdk/internal/access/foreign/MemorySegmentProxy done
Event: 0.089 Loading class java/nio/InvalidMarkException
Event: 0.089 Loading class java/nio/InvalidMarkException done
Event: 0.089 Loading class java/nio/BufferUnderflowException
Event: 0.089 Loading class java/nio/BufferUnderflowException done
Event: 0.095 Loading class java/lang/NoSuchFieldError
Event: 0.095 Loading class java/lang/NoSuchFieldError done
Event: 0.103 Loading class jdk/internal/reflect/UnsafeQualifiedStaticIntegerFieldAccessorImpl
Event: 0.103 Loading class jdk/internal/reflect/UnsafeQualifiedStaticIntegerFieldAccessorImpl done
Event: 0.121 Loading class java/lang/StrictMath
Event: 0.121 Loading class java/lang/StrictMath done
Event: 0.128 Loading class jdk/internal/misc/ScopedMemoryAccess$Scope
Event: 0.128 Loading class jdk/internal/misc/ScopedMemoryAccess$Scope done

Classes unloaded (0 events):
No events

Classes redefined (0 events):
No events

Internal exceptions (16 events):
Event: 0.053 Thread 0x00007f47a402ccc0 Exception <a 'java/lang/NoSuchMethodError'{0x0000000635d70cc8}: 'java.lang.Object java.lang.invoke.DirectMethodHandle$Holder.invokeStaticInit(java.lang.Object)'> (0x0000000635d70cc8) 
thrown [src/hotspot/share/interpreter/linkResolver.cpp, line 758]
Event: 0.058 Thread 0x00007f47a402ccc0 Exception <a 'java/lang/NoSuchMethodError'{0x0000000635de72e0}: 'void java.lang.invoke.DirectMethodHandle$Holder.invokeStatic(java.lang.Object, java.lang.Object)'> (0x0000000635de72e0) 
thrown [src/hotspot/share/interpreter/linkResolver.cpp, line 758]
Event: 0.058 Thread 0x00007f47a402ccc0 Exception <a 'java/lang/NoSuchMethodError'{0x0000000635dec5f0}: 'void java.lang.invoke.DirectMethodHandle$Holder.invokeSpecial(java.lang.Object, java.lang.Object, java.lang.Object)'> (0x0000000635dec5f0) 
thrown [src/hotspot/share/interpreter/linkResolver.cpp, line 758]
Event: 0.060 Thread 0x00007f47a402ccc0 Exception <a 'java/lang/NoSuchMethodError'{0x0000000635dff3f0}: 'java.lang.Object java.lang.invoke.DirectMethodHandle$Holder.invokeStatic(java.lang.Object, java.lang.Object, int)'> (0x0000000635dff3f0) 
thrown [src/hotspot/share/interpreter/linkResolver.cpp, line 758]
Event: 0.060 Thread 0x00007f47a402ccc0 Exception <a 'java/lang/NoSuchMethodError'{0x0000000635e0b128}: 'void java.lang.invoke.DelegatingMethodHandle$Holder.delegate(java.lang.Object, java.lang.Object, int, java.lang.Object)'> (0x0000000635e0b128) 
thrown [src/hotspot/share/interpreter/linkResolver.cpp, line 758]
Event: 0.060 Thread 0x00007f47a402ccc0 Exception <a 'java/lang/NoSuchMethodError'{0x0000000635e0f338}: 'int java.lang.invoke.DirectMethodHandle$Holder.invokeSpecial(java.lang.Object, java.lang.Object, java.lang.Object)'> (0x0000000635e0f338) 
thrown [src/hotspot/share/interpreter/linkResolver.cpp, line 758]
Event: 0.068 Thread 0x00007f47a402ccc0 Exception <a 'sun/nio/fs/UnixException'{0x0000000635e8ada8}> (0x0000000635e8ada8) 
thrown [src/hotspot/share/prims/jni.cpp, line 516]
Event: 0.086 Thread 0x00007f47a402ccc0 Exception <a 'java/lang/NoSuchMethodError'{0x0000000635f581b8}: 'int java.lang.invoke.DirectMethodHandle$Holder.invokeStaticInit(java.lang.Object, java.lang.Object, int, long)'> (0x0000000635f581b8) 
thrown [src/hotspot/share/interpreter/linkResolver.cpp, line 758]
Event: 0.087 Thread 0x00007f47a402ccc0 Exception <a 'java/lang/NoSuchMethodError'{0x0000000635f5da80}: 'java.lang.Object java.lang.invoke.DirectMethodHandle$Holder.newInvokeSpecial(java.lang.Object, java.lang.Object, int)'> (0x0000000635f5da80) 
thrown [src/hotspot/share/interpreter/linkResolver.cpp, line 758]
Event: 0.087 Thread 0x00007f47a402ccc0 Exception <a 'java/lang/NoSuchMethodError'{0x0000000635f72748}: 'int java.lang.invoke.DirectMethodHandle$Holder.invokeStaticInit(java.lang.Object, java.lang.Object, long, long)'> (0x0000000635f72748) 
thrown [src/hotspot/share/interpreter/linkResolver.cpp, line 758]
Event: 0.088 Thread 0x00007f47a402ccc0 Exception <a 'java/lang/NoSuchMethodError'{0x0000000635f78858}: 'java.lang.Object java.lang.invoke.DirectMethodHandle$Holder.newInvokeSpecial(java.lang.Object, java.lang.Object, long)'> (0x0000000635f78858) 
thrown [src/hotspot/share/interpreter/linkResolver.cpp, line 758]
Event: 0.088 Thread 0x00007f47a402ccc0 Exception <a 'java/lang/NoSuchMethodError'{0x0000000635f7c8a0}: 'java.lang.Object java.lang.invoke.Invokers$Holder.linkToTargetMethod(java.lang.Object, long, java.lang.Object)'> (0x0000000635f7c8a0) 
thrown [src/hotspot/share/interpreter/linkResolver.cpp, line 758]
Event: 0.088 Thread 0x00007f47a402ccc0 Exception <a 'java/lang/NoSuchMethodError'{0x0000000635f83fb8}: 'int java.lang.invoke.DirectMethodHandle$Holder.invokeStaticInit(java.lang.Object, java.lang.Object, java.lang.Object, long)'> (0x0000000635f83fb8) 
thrown [src/hotspot/share/interpreter/linkResolver.cpp, line 758]
Event: 0.094 Thread 0x00007f47a402ccc0 Exception <a 'sun/nio/fs/UnixException'{0x0000000635835df0}> (0x0000000635835df0) 
thrown [src/hotspot/share/prims/jni.cpp, line 516]
Event: 0.102 Thread 0x00007f47a402ccc0 Exception <a 'sun/nio/fs/UnixException'{0x00000006358eca70}> (0x00000006358eca70) 
thrown [src/hotspot/share/prims/jni.cpp, line 516]
Event: 0.128 Thread 0x00007f47a402ccc0 Exception <a 'sun/nio/fs/UnixException'{0x00000006359bb2d8}> (0x00000006359bb2d8) 
thrown [src/hotspot/share/prims/jni.cpp, line 516]

VM Operations (8 events):
Event: 0.045 Executing VM operation: HandshakeAllThreads
Event: 0.045 Executing VM operation: HandshakeAllThreads done
Event: 0.054 Executing VM operation: HandshakeAllThreads
Event: 0.054 Executing VM operation: HandshakeAllThreads done
Event: 0.059 Executing VM operation: HandshakeAllThreads
Event: 0.059 Executing VM operation: HandshakeAllThreads done
Event: 0.071 Executing VM operation: HandshakeAllThreads
Event: 0.071 Executing VM operation: HandshakeAllThreads done

Memory protections (15 events):
Event: 0.001 Protecting memory [0x00007f47aa5e9000,0x00007f47aa5ed000] with protection modes 0
Event: 0.010 Protecting memory [0x00007f47790a3000,0x00007f47790a7000] with protection modes 0
Event: 0.011 Protecting memory [0x00007f4778fa3000,0x00007f4778fa7000] with protection modes 0
Event: 0.012 Protecting memory [0x00007f4778ea3000,0x00007f4778ea7000] with protection modes 0
Event: 0.012 Protecting memory [0x00007f4778da3000,0x00007f4778da7000] with protection modes 0
Event: 0.012 Protecting memory [0x00007f4778ca3000,0x00007f4778ca7000] with protection modes 0
Event: 0.012 Protecting memory [0x00007f4778ba3000,0x00007f4778ba7000] with protection modes 0
Event: 0.012 Protecting memory [0x00007f4778aa3000,0x00007f4778aa7000] with protection modes 0
Event: 0.012 Protecting memory [0x00007f47789a3000,0x00007f47789a7000] with protection modes 0
Event: 0.016 Protecting memory [0x00007f47788a3000,0x00007f47788a7000] with protection modes 0
Event: 0.016 Protecting memory [0x00007f47786a2000,0x00007f47786a6000] with protection modes 0
Event: 0.027 Protecting memory [0x00007f47785a2000,0x00007f47785a6000] with protection modes 0
Event: 0.084 Protecting memory [0x00007f477842c000,0x00007f4778430000] with protection modes 0
Event: 0.128 Protecting memory [0x00007f471ec54000,0x00007f471ec58000] with protection modes 0
Event: 0.128 Protecting memory [0x00007f471e300000,0x00007f471e304000] with protection modes 0

Nmethod flushes (0 events):
No events

Events (15 events):
Event: 0.009 Thread 0x00007f47a402ccc0 Thread added: 0x00007f47a402ccc0
Event: 0.010 Thread 0x00007f47a402ccc0 Thread added: 0x00007f47a4169a40
Event: 0.011 Thread 0x00007f47a402ccc0 Thread added: 0x00007f47a416ae20
Event: 0.012 Thread 0x00007f47a402ccc0 Thread added: 0x00007f47a41703c0
Event: 0.012 Thread 0x00007f47a402ccc0 Thread added: 0x00007f47a4171770
Event: 0.012 Thread 0x00007f47a402ccc0 Thread added: 0x00007f47a4172b80
Event: 0.012 Thread 0x00007f47a402ccc0 Thread added: 0x00007f47a41745b0
Event: 0.012 Thread 0x00007f47a402ccc0 Thread added: 0x00007f47a4175ae0
Event: 0.012 Thread 0x00007f47a402ccc0 Thread added: 0x00007f47a4176f50
Event: 0.016 Thread 0x00007f47a402ccc0 Thread added: 0x00007f47a417f690
Event: 0.016 Thread 0x00007f47a402ccc0 Thread added: 0x00007f47a4182740
Event: 0.027 Thread 0x00007f47a4175ae0 Thread added: 0x00007f46f005f360
Event: 0.084 Thread 0x00007f46f005f360 Thread added: 0x00007f46d41a9f80
Event: 0.128 Thread 0x00007f46f005f360 Thread added: 0x00007f46d409b2f0
Event: 0.128 Thread 0x00007f46f005f360 Thread added: 0x00007f46d409c380


Dynamic libraries:
617800000-636400000 rw-p 00000000 00:00 0 
636400000-7ff800000 ---p 00000000 00:00 0 
7ff800000-7ffb00000 rw-p 00000000 00:00 0 
7ffb00000-7ffb75000 rw-p 00c79000 00:22 4015135                          /home/bazzite/.gradle/jdks/eclipse_adoptium-17-amd64-linux.2/lib/server/classes.jsa
7ffb75000-7ffc00000 rw-p 00000000 00:00 0 
7ffc00000-7ffc78000 rw-p 00c01000 00:22 4015135                          /home/bazzite/.gradle/jdks/eclipse_adoptium-17-amd64-linux.2/lib/server/classes.jsa
7ffc78000-800000000 rw-p 00000000 00:00 0 
564823d83000-564823d84000 r--p 00000000 00:22 4015283                    /home/bazzite/.gradle/jdks/eclipse_adoptium-17-amd64-linux.2/bin/java
564823d84000-564823d85000 r-xp 00001000 00:22 4015283                    /home/bazzite/.gradle/jdks/eclipse_adoptium-17-amd64-linux.2/bin/java
564823d85000-564823d86000 r--p 00002000 00:22 4015283                    /home/bazzite/.gradle/jdks/eclipse_adoptium-17-amd64-linux.2/bin/java
564823d86000-564823d87000 r--p 00002000 00:22 4015283                    /home/bazzite/.gradle/jdks/eclipse_adoptium-17-amd64-linux.2/bin/java
564823d87000-564823d88000 rw-p 00003000 00:22 4015283                    /home/bazzite/.gradle/jdks/eclipse_adoptium-17-amd64-linux.2/bin/java
5648531d3000-56485321e000 rw-p 00000000 00:00 0                          [heap]
7f46bc000000-7f46bc021000 rw-p 00000000 00:00 0 
7f46bc021000-7f46c0000000 ---p 00000000 00:00 0 
7f46c0000000-7f46c0022000 rw-p 00000000 00:00 0 
7f46c0022000-7f46c4000000 ---p 00000000 00:00 0 
7f46c4000000-7f46c4021000 rw-p 00000000 00:00 0 
7f46c4021000-7f46c8000000 ---p 00000000 00:00 0 
7f46c8000000-7f46c8022000 rw-p 00000000 00:00 0 
7f46c8022000-7f46cc000000 ---p 00000000 00:00 0 
7f46cc000000-7f46cc021000 rw-p 00000000 00:00 0 
7f46cc021000-7f46d0000000 ---p 00000000 00:00 0 
7f46d0000000-7f46d0021000 rw-p 00000000 00:00 0 
7f46d0021000-7f46d4000000 ---p 00000000 00:00 0 
7f46d4000000-7f46d41e3000 rw-p 00000000 00:00 0 
7f46d41e3000-7f46d8000000 ---p 00000000 00:00 0 
7f46d8000000-7f46d8071000 rw-p 00000000 00:00 0 
7f46d8071000-7f46dc000000 ---p 00000000 00:00 0 
7f46dc000000-7f46dc021000 rw-p 00000000 00:00 0 
7f46dc021000-7f46e0000000 ---p 00000000 00:00 0 
7f46e0000000-7f46e0021000 rw-p 00000000 00:00 0 
7f46e0021000-7f46e4000000 ---p 00000000 00:00 0 
7f46e4000000-7f46e4021000 rw-p 00000000 00:00 0 
7f46e4021000-7f46e8000000 ---p 00000000 00:00 0 
7f46e8000000-7f46e8021000 rw-p 00000000 00:00 0 
7f46e8021000-7f46ec000000 ---p 00000000 00:00 0 
7f46ec000000-7f46ec363000 rw-p 00000000 00:00 0 
7f46ec363000-7f46f0000000 ---p 00000000 00:00 0 
7f46f0000000-7f46f0194000 rw-p 00000000 00:00 0 
7f46f0194000-7f46f4000000 ---p 00000000 00:00 0 
7f46f4000000-7f46f4021000 rw-p 00000000 00:00 0 
7f46f4021000-7f46f8000000 ---p 00000000 00:00 0 
7f46f8000000-7f46f8021000 rw-p 00000000 00:00 0 
7f46f8021000-7f46fc000000 ---p 00000000 00:00 0 
7f46fc000000-7f46fc021000 rw-p 00000000 00:00 0 
7f46fc021000-7f4700000000 ---p 00000000 00:00 0 
7f470118e000-7f4702190000 -wxp 00000000 00:00 0 
7f4702190000-7f4710000000 r--p 00000000 00:79 7173786                    /usr/lib/locale/locale-archive
7f4710000000-7f4710021000 rw-p 00000000 00:00 0 
7f4710021000-7f4714000000 ---p 00000000 00:00 0 
7f4714000000-7f4714021000 rw-p 00000000 00:00 0 
7f4714021000-7f4718000000 ---p 00000000 00:00 0 
7f4718000000-7f4718021000 rw-p 00000000 00:00 0 
7f4718021000-7f471c000000 ---p 00000000 00:00 0 
7f471c1fd000-7f471c255000 r-xp 00000000 00:79 7156432                    /usr/lib64/spa-0.2/audioconvert/libspa-audioconvert.so
7f471c255000-7f471c2bd000 r--p 00058000 00:79 7156432                    /usr/lib64/spa-0.2/audioconvert/libspa-audioconvert.so
7f471c2bd000-7f471c2c4000 r--p 000c0000 00:79 7156432                    /usr/lib64/spa-0.2/audioconvert/libspa-audioconvert.so
7f471c2c4000-7f471c2c7000 rw-p 000c7000 00:79 7156432                    /usr/lib64/spa-0.2/audioconvert/libspa-audioconvert.so
7f471c2c7000-7f471d2c9000 -wxp 00000000 00:00 0 
7f471d2c9000-7f471d2e7000 r-xp 00000000 00:79 7156420                    /usr/lib64/pipewire-0.3/libpipewire-module-session-manager.so
7f471d2e7000-7f471d2ed000 r--p 0001e000 00:79 7156420                    /usr/lib64/pipewire-0.3/libpipewire-module-session-manager.so
7f471d2ed000-7f471d2ef000 r--p 00024000 00:79 7156420                    /usr/lib64/pipewire-0.3/libpipewire-module-session-manager.so
7f471d2ef000-7f471d2f0000 rw-p 00000000 00:00 0 
7f471d2f0000-7f471d2fa000 r-xp 00000000 00:79 7156402                    /usr/lib64/pipewire-0.3/libpipewire-module-metadata.so
7f471d2fa000-7f471d2fd000 r--p 0000a000 00:79 7156402                    /usr/lib64/pipewire-0.3/libpipewire-module-metadata.so
7f471d2fd000-7f471d2fe000 r--p 0000d000 00:79 7156402                    /usr/lib64/pipewire-0.3/libpipewire-module-metadata.so
7f471d2fe000-7f471d2ff000 rw-p 0000e000 00:79 7156402                    /usr/lib64/pipewire-0.3/libpipewire-module-metadata.so
7f471d2ff000-7f471d303000 r-xp 00000000 00:79 7156392                    /usr/lib64/pipewire-0.3/libpipewire-module-adapter.so
7f471d303000-7f471d306000 r--p 00004000 00:79 7156392                    /usr/lib64/pipewire-0.3/libpipewire-module-adapter.so
7f471d306000-7f471d307000 r--p 00007000 00:79 7156392                    /usr/lib64/pipewire-0.3/libpipewire-module-adapter.so
7f471d307000-7f471d308000 rw-p 00008000 00:79 7156392                    /usr/lib64/pipewire-0.3/libpipewire-module-adapter.so
7f471d308000-7f471d314000 r-xp 00000000 00:79 7156394                    /usr/lib64/pipewire-0.3/libpipewire-module-client-device.so
7f471d314000-7f471d317000 r--p 0000c000 00:79 7156394                    /usr/lib64/pipewire-0.3/libpipewire-module-client-device.so
7f471d317000-7f471d318000 r--p 0000e000 00:79 7156394                    /usr/lib64/pipewire-0.3/libpipewire-module-client-device.so
7f471d318000-7f471d319000 rw-p 0000f000 00:79 7156394                    /usr/lib64/pipewire-0.3/libpipewire-module-client-device.so
7f471d319000-7f471d33d000 r-xp 00000000 00:79 7156395                    /usr/lib64/pipewire-0.3/libpipewire-module-client-node.so
7f471d33d000-7f471d345000 r--p 00024000 00:79 7156395                    /usr/lib64/pipewire-0.3/libpipewire-module-client-node.so
7f471d345000-7f471d347000 r--p 0002c000 00:79 7156395                    /usr/lib64/pipewire-0.3/libpipewire-module-client-node.so
7f471d347000-7f471d348000 rw-p 0002e000 00:79 7156395                    /usr/lib64/pipewire-0.3/libpipewire-module-client-node.so
7f471d348000-7f471d3c9000 r-xp 00000000 00:26 31668                      /run/host/usr/lib64/libpcre2-8.so.0.15.0
7f471d3c9000-7f471d3f7000 r--p 00081000 00:26 31668                      /run/host/usr/lib64/libpcre2-8.so.0.15.0
7f471d3f7000-7f471d3f8000 r--p 000ae000 00:26 31668                      /run/host/usr/lib64/libpcre2-8.so.0.15.0
7f471d3f8000-7f471d3f9000 rw-p 000af000 00:26 31668                      /run/host/usr/lib64/libpcre2-8.so.0.15.0
7f471d3f9000-7f471d41a000 r-xp 00000000 00:26 32619                      /run/host/usr/lib64/libselinux.so.1
7f471d41a000-7f471d428000 r--p 00021000 00:26 32619                      /run/host/usr/lib64/libselinux.so.1
7f471d428000-7f471d429000 r--p 0002f000 00:26 32619                      /run/host/usr/lib64/libselinux.so.1
7f471d429000-7f471d42a000 rw-p 00030000 00:26 32619                      /run/host/usr/lib64/libselinux.so.1
7f471d42a000-7f471d42c000 rw-p 00000000 00:00 0 
7f471d42c000-7f471d44f000 r-xp 00000000 00:79 7156409                    /usr/lib64/pipewire-0.3/libpipewire-module-protocol-native.so
7f471d44f000-7f471d45e000 r--p 00023000 00:79 7156409                    /usr/lib64/pipewire-0.3/libpipewire-module-protocol-native.so
7f471d45e000-7f471d46e000 r--p 00031000 00:79 7156409                    /usr/lib64/pipewire-0.3/libpipewire-module-protocol-native.so
7f471d46e000-7f471d46f000 rw-p 00041000 00:79 7156409                    /usr/lib64/pipewire-0.3/libpipewire-module-protocol-native.so
7f471d46f000-7f471dc70000 -wxp 00000000 00:00 0 
7f471dc70000-7f471dc74000 r-xp 00000000 00:79 7156414                    /usr/lib64/pipewire-0.3/libpipewire-module-rt.so
7f471dc74000-7f471dc77000 r--p 00004000 00:79 7156414                    /usr/lib64/pipewire-0.3/libpipewire-module-rt.so
7f471dc77000-7f471dc78000 r--p 00007000 00:79 7156414                    /usr/lib64/pipewire-0.3/libpipewire-module-rt.so
7f471dc78000-7f471dc79000 rw-p 00008000 00:79 7156414                    /usr/lib64/pipewire-0.3/libpipewire-module-rt.so
7f471dc79000-7f471dc80000 r--s 00000000 00:79 7176855                    /usr/lib64/gconv/gconv-modules.cache
7f471dc80000-7f471dcb6000 r-xp 00000000 00:26 26855                      /run/host/usr/lib64/libdbus-1.so.3.38.3
7f471dcb6000-7f471dcd5000 r--p 00036000 00:26 26855                      /run/host/usr/lib64/libdbus-1.so.3.38.3
7f471dcd5000-7f471dcd7000 r--p 00054000 00:26 26855                      /run/host/usr/lib64/libdbus-1.so.3.38.3
7f471dcd7000-7f471dcd8000 rw-p 00056000 00:26 26855                      /run/host/usr/lib64/libdbus-1.so.3.38.3
7f471dcd8000-7f471dda8000 r-xp 00000000 00:26 33097                      /run/host/usr/lib64/libsystemd.so.0.42.0
7f471dda8000-7f471de05000 r--p 000d0000 00:26 33097                      /run/host/usr/lib64/libsystemd.so.0.42.0
7f471de05000-7f471de0e000 r--p 0012d000 00:26 33097                      /run/host/usr/lib64/libsystemd.so.0.42.0
7f471de0e000-7f471de0f000 rw-p 00136000 00:26 33097                      /run/host/usr/lib64/libsystemd.so.0.42.0
7f471de0f000-7f471de10000 rw-p 00000000 00:00 0 
7f471de10000-7f471de9a000 r-xp 00000000 00:26 31771                      /run/host/usr/lib64/libpipewire-0.3.so.0.1604.0
7f471de9a000-7f471dec4000 r--p 0008a000 00:26 31771                      /run/host/usr/lib64/libpipewire-0.3.so.0.1604.0
7f471dec4000-7f471dee0000 r--p 000b3000 00:26 31771                      /run/host/usr/lib64/libpipewire-0.3.so.0.1604.0
7f471dee0000-7f471dee1000 rw-p 000cf000 00:26 31771                      /run/host/usr/lib64/libpipewire-0.3.so.0.1604.0
7f471dee1000-7f471dee2000 rw-p 00000000 00:00 0 
7f471dee2000-7f471e034000 r-xp 00000000 00:26 33036                      /run/host/usr/lib64/libstdc++.so.6.0.35
7f471e034000-7f471e153000 r--p 00152000 00:26 33036                      /run/host/usr/lib64/libstdc++.so.6.0.35
7f471e153000-7f471e164000 r--p 00271000 00:26 33036                      /run/host/usr/lib64/libstdc++.so.6.0.35
7f471e164000-7f471e165000 rw-p 00282000 00:26 33036                      /run/host/usr/lib64/libstdc++.so.6.0.35
7f471e165000-7f471e169000 rw-p 00000000 00:00 0 
7f471e169000-7f471e17c000 r--p 00000000 00:37 397                        /tmp/lwjgl_bazzite/3.3.3+5/x64/libopenal.so
7f471e17c000-7f471e21c000 r-xp 00013000 00:37 397                        /tmp/lwjgl_bazzite/3.3.3+5/x64/libopenal.so
7f471e21c000-7f471e27e000 r--p 000b3000 00:37 397                        /tmp/lwjgl_bazzite/3.3.3+5/x64/libopenal.so
7f471e27e000-7f471e27f000 ---p 00115000 00:37 397                        /tmp/lwjgl_bazzite/3.3.3+5/x64/libopenal.so
7f471e27f000-7f471e284000 r--p 00115000 00:37 397                        /tmp/lwjgl_bazzite/3.3.3+5/x64/libopenal.so
7f471e284000-7f471e285000 rw-p 0011a000 00:37 397                        /tmp/lwjgl_bazzite/3.3.3+5/x64/libopenal.so
7f471e285000-7f471e300000 rw-p 00000000 00:00 0 
7f471e300000-7f471e304000 ---p 00000000 00:00 0 
7f471e304000-7f471e400000 -wxp 00000000 00:00 0 
7f471e400000-7f471ec00000 rw-p 00000000 00:00 0 
7f471ec04000-7f471ec1d000 r-xp 00000000 00:79 7156452                    /usr/lib64/spa-0.2/support/libspa-support.so
7f471ec1d000-7f471ec24000 r--p 00019000 00:79 7156452                    /usr/lib64/spa-0.2/support/libspa-support.so
7f471ec24000-7f471ec26000 r--p 0001f000 00:79 7156452                    /usr/lib64/spa-0.2/support/libspa-support.so
7f471ec26000-7f471ec27000 rw-p 00021000 00:79 7156452                    /usr/lib64/spa-0.2/support/libspa-support.so
7f471ec27000-7f471ec4b000 r-xp 00000000 00:26 27953                      /run/host/usr/lib64/libgcc_s-16-20260321.so.1
7f471ec4b000-7f471ec52000 r--p 00024000 00:26 27953                      /run/host/usr/lib64/libgcc_s-16-20260321.so.1
7f471ec52000-7f471ec53000 r--p 0002b000 00:26 27953                      /run/host/usr/lib64/libgcc_s-16-20260321.so.1
7f471ec53000-7f471ec54000 rw-p 00000000 00:00 0 
7f471ec54000-7f471ec58000 ---p 00000000 00:00 0 
7f471ec58000-7f471ed54000 -wxp 00000000 00:00 0 
7f471ed54000-7f471ed5b000 r-xp 00000000 00:26 24958                      /run/host/usr/lib64/libXcursor.so.1.0.2
7f471ed5b000-7f471ed5f000 r--p 00007000 00:26 24958                      /run/host/usr/lib64/libXcursor.so.1.0.2
7f471ed5f000-7f471ed60000 r--p 0000b000 00:26 24958                      /run/host/usr/lib64/libXcursor.so.1.0.2
7f471ed60000-7f471ed61000 rw-p 00000000 00:00 0 
7f471ed61000-7f471ed69000 r-xp 00000000 00:26 25056                      /run/host/usr/lib64/libXrender.so.1.3.0
7f471ed69000-7f471ed6c000 r--p 00008000 00:26 25056                      /run/host/usr/lib64/libXrender.so.1.3.0
7f471ed6c000-7f471ed6d000 r--p 0000a000 00:26 25056                      /run/host/usr/lib64/libXrender.so.1.3.0
7f471ed6d000-7f471ed6e000 rw-p 0000b000 00:26 25056                      /run/host/usr/lib64/libXrender.so.1.3.0
7f471ed6e000-7f471ed7b000 r-xp 00000000 00:26 25011                      /run/host/usr/lib64/libXi.so.6.1.0
7f471ed7b000-7f471ed7f000 r--p 0000d000 00:26 25011                      /run/host/usr/lib64/libXi.so.6.1.0
7f471ed7f000-7f471ed80000 r--p 00011000 00:26 25011                      /run/host/usr/lib64/libXi.so.6.1.0
7f471ed80000-7f471ed81000 rw-p 00012000 00:26 25011                      /run/host/usr/lib64/libXi.so.6.1.0
7f471ed81000-7f471ed89000 r--p 00000000 00:37 395                        /tmp/lwjgl_bazzite/3.3.3+5/x64/libjemalloc.so
7f471ed89000-7f471edde000 r-xp 00008000 00:37 395                        /tmp/lwjgl_bazzite/3.3.3+5/x64/libjemalloc.so
7f471edde000-7f471edee000 r--p 0005d000 00:37 395                        /tmp/lwjgl_bazzite/3.3.3+5/x64/libjemalloc.so
7f471edee000-7f471edef000 ---p 0006d000 00:37 395                        /tmp/lwjgl_bazzite/3.3.3+5/x64/libjemalloc.so
7f471edef000-7f471edf5000 r--p 0006d000 00:37 395                        /tmp/lwjgl_bazzite/3.3.3+5/x64/libjemalloc.so
7f471edf5000-7f471edf6000 rw-p 00073000 00:37 395                        /tmp/lwjgl_bazzite/3.3.3+5/x64/libjemalloc.so
7f471edf6000-7f471f1b0000 rw-p 00000000 00:00 0 
7f471f1b0000-7f471f400000 ---p 00000000 00:00 0 
7f471f400000-7f471f560000 rw-p 00000000 00:00 0 
7f471f560000-7f4723000000 ---p 00000000 00:00 0 
7f4723000000-7f4723bc9000 rw-p 00001000 00:22 4015135                    /home/bazzite/.gradle/jdks/eclipse_adoptium-17-amd64-linux.2/lib/server/classes.jsa
7f4723bc9000-7f4724000000 ---p 00000000 00:00 0 
7f4724000000-7f4724030000 rw-p 00000000 00:00 0 
7f4724030000-7f4724040000 ---p 00000000 00:00 0 
7f4724040000-7f4724070000 rw-p 00000000 00:00 0 
7f4724070000-7f4764000000 ---p 00000000 00:00 0 
7f4764000000-7f4764021000 rw-p 00000000 00:00 0 
7f4764021000-7f4768000000 ---p 00000000 00:00 0 
7f4768000000-7f4768021000 rw-p 00000000 00:00 0 
7f4768021000-7f476c000000 ---p 00000000 00:00 0 
7f476c000000-7f476c021000 rw-p 00000000 00:00 0 
7f476c021000-7f4770000000 ---p 00000000 00:00 0 
7f4770000000-7f4770021000 rw-p 00000000 00:00 0 
7f4770021000-7f4774000000 ---p 00000000 00:00 0 
7f4774000000-7f4774021000 rw-p 00000000 00:00 0 
7f4774021000-7f4778000000 ---p 00000000 00:00 0 
7f4778000000-7f4778003000 r-xp 00000000 00:79 7156450                    /usr/lib64/spa-0.2/support/libspa-dbus.so
7f4778003000-7f4778005000 r--p 00003000 00:79 7156450                    /usr/lib64/spa-0.2/support/libspa-dbus.so
7f4778005000-7f4778006000 r--p 00004000 00:79 7156450                    /usr/lib64/spa-0.2/support/libspa-dbus.so
7f4778006000-7f4778007000 rw-p 00005000 00:79 7156450                    /usr/lib64/spa-0.2/support/libspa-dbus.so
7f4778007000-7f4778009000 r-xp 00000000 00:79 7156451                    /usr/lib64/spa-0.2/support/libspa-journal.so
7f4778009000-7f477800a000 r--p 00002000 00:79 7156451                    /usr/lib64/spa-0.2/support/libspa-journal.so
7f477800a000-7f477800b000 r--p 00002000 00:79 7156451                    /usr/lib64/spa-0.2/support/libspa-journal.so
7f477800b000-7f477800c000 rw-p 00003000 00:79 7156451                    /usr/lib64/spa-0.2/support/libspa-journal.so
7f477800c000-7f4778018000 r-xp 00000000 00:26 24981                      /run/host/usr/lib64/libXext.so.6.4.0
7f4778018000-7f477801e000 r--p 0000c000 00:26 24981                      /run/host/usr/lib64/libXext.so.6.4.0
7f477801e000-7f477801f000 r--p 00011000 00:26 24981                      /run/host/usr/lib64/libXext.so.6.4.0
7f477801f000-7f4778020000 rw-p 00012000 00:26 24981                      /run/host/usr/lib64/libXext.so.6.4.0
7f4778020000-7f47780c6000 r-xp 00000000 00:26 24911                      /run/host/usr/lib64/libX11.so.6.4.0
7f47780c6000-7f477816f000 r--p 000a6000 00:26 24911                      /run/host/usr/lib64/libX11.so.6.4.0
7f477816f000-7f4778172000 r--p 0014e000 00:26 24911                      /run/host/usr/lib64/libX11.so.6.4.0
7f4778172000-7f4778176000 rw-p 00151000 00:26 24911                      /run/host/usr/lib64/libX11.so.6.4.0
7f4778176000-7f4778184000 r--p 00000000 00:37 396                        /tmp/lwjgl_bazzite/3.3.3+5/x64/libglfw.so
7f4778184000-7f47781a3000 r-xp 0000e000 00:37 396                        /tmp/lwjgl_bazzite/3.3.3+5/x64/libglfw.so
7f47781a3000-7f47781d6000 r--p 0002d000 00:37 396                        /tmp/lwjgl_bazzite/3.3.3+5/x64/libglfw.so
7f47781d6000-7f47781d7000 ---p 00060000 00:37 396                        /tmp/lwjgl_bazzite/3.3.3+5/x64/libglfw.so
7f47781d7000-7f47781da000 r--p 00060000 00:37 396                        /tmp/lwjgl_bazzite/3.3.3+5/x64/libglfw.so
7f47781da000-7f47781dd000 rw-p 00063000 00:37 396                        /tmp/lwjgl_bazzite/3.3.3+5/x64/libglfw.so
7f47781dd000-7f4778200000 rw-p 00000000 00:00 0 
7f4778200000-7f4778220000 r-xp 00000000 00:37 389                        /tmp/libgdxbazzite/da3a4817/libgdx64.so
7f4778220000-7f4778420000 ---p 00020000 00:37 389                        /tmp/libgdxbazzite/da3a4817/libgdx64.so
7f4778420000-7f4778421000 r--p 00020000 00:37 389                        /tmp/libgdxbazzite/da3a4817/libgdx64.so
7f4778421000-7f4778422000 rw-p 00021000 00:37 389                        /tmp/libgdxbazzite/da3a4817/libgdx64.so
7f4778424000-7f4778428000 r-xp 00000000 00:26 24989                      /run/host/usr/lib64/libXfixes.so.3.1.0
7f4778428000-7f477842a000 r--p 00004000 00:26 24989                      /run/host/usr/lib64/libXfixes.so.3.1.0
7f477842a000-7f477842b000 r--p 00006000 00:26 24989                      /run/host/usr/lib64/libXfixes.so.3.1.0
7f477842b000-7f477842c000 rw-p 00007000 00:26 24989                      /run/host/usr/lib64/libXfixes.so.3.1.0
7f477842c000-7f4778430000 ---p 00000000 00:00 0 
7f4778430000-7f477852c000 -wxp 00000000 00:00 0 
7f477852c000-7f4778555000 r--p 00000000 00:37 394                        /tmp/lwjgl_bazzite/3.3.3+5/x64/liblwjgl.so
7f4778555000-7f4778587000 r-xp 00029000 00:37 394                        /tmp/lwjgl_bazzite/3.3.3+5/x64/liblwjgl.so
7f4778587000-7f47785a0000 r--p 0005b000 00:37 394                        /tmp/lwjgl_bazzite/3.3.3+5/x64/liblwjgl.so
7f47785a0000-7f47785a1000 r--p 00073000 00:37 394                        /tmp/lwjgl_bazzite/3.3.3+5/x64/liblwjgl.so
7f47785a1000-7f47785a2000 rw-p 00074000 00:37 394                        /tmp/lwjgl_bazzite/3.3.3+5/x64/liblwjgl.so
7f47785a2000-7f47785a6000 ---p 00000000 00:00 0 
7f47785a6000-7f47786a2000 -wxp 00000000 00:00 0 
7f47786a2000-7f47786a6000 ---p 00000000 00:00 0 
7f47786a6000-7f47788a3000 -wxp 00000000 00:00 0 
7f47788a3000-7f47788a7000 ---p 00000000 00:00 0 
7f47788a7000-7f47789a3000 -wxp 00000000 00:00 0 
7f47789a3000-7f47789a7000 ---p 00000000 00:00 0 
7f47789a7000-7f4778aa3000 -wxp 00000000 00:00 0 
7f4778aa3000-7f4778aa7000 ---p 00000000 00:00 0 
7f4778aa7000-7f4778ba3000 -wxp 00000000 00:00 0 
7f4778ba3000-7f4778ba7000 ---p 00000000 00:00 0 
7f4778ba7000-7f4778ca3000 -wxp 00000000 00:00 0 
7f4778ca3000-7f4778ca7000 ---p 00000000 00:00 0 
7f4778ca7000-7f4778da3000 -wxp 00000000 00:00 0 
7f4778da3000-7f4778da7000 ---p 00000000 00:00 0 
7f4778da7000-7f4778ea3000 -wxp 00000000 00:00 0 
7f4778ea3000-7f4778ea7000 ---p 00000000 00:00 0 
7f4778ea7000-7f4778fa3000 -wxp 00000000 00:00 0 
7f4778fa3000-7f4778fa7000 ---p 00000000 00:00 0 
7f4778fa7000-7f47790a3000 -wxp 00000000 00:00 0 
7f47790a3000-7f47790a7000 ---p 00000000 00:00 0 
7f47790a7000-7f47792a4000 -wxp 00000000 00:00 0 
7f47792a4000-7f47792a9000 r--p 00000000 00:22 4015116                    /home/bazzite/.gradle/jdks/eclipse_adoptium-17-amd64-linux.2/lib/libjsvml.so
7f47792a9000-7f47792ea000 r-xp 00005000 00:22 4015116                    /home/bazzite/.gradle/jdks/eclipse_adoptium-17-amd64-linux.2/lib/libjsvml.so
7f47792ea000-7f4779373000 r--p 00046000 00:22 4015116                    /home/bazzite/.gradle/jdks/eclipse_adoptium-17-amd64-linux.2/lib/libjsvml.so
7f4779373000-7f4779374000 r--p 000ce000 00:22 4015116                    /home/bazzite/.gradle/jdks/eclipse_adoptium-17-amd64-linux.2/lib/libjsvml.so
7f4779374000-7f4779375000 rw-p 000cf000 00:22 4015116                    /home/bazzite/.gradle/jdks/eclipse_adoptium-17-amd64-linux.2/lib/libjsvml.so
7f4779375000-7f47793f6000 rw-p 00000000 00:00 0 
7f47793f6000-7f47795f8000 -wxp 00000000 00:00 0 
7f47795f8000-7f477be00000 rw-p 00000000 00:00 0 
7f477be00000-7f477be08000 r-xp 00000000 00:26 25048                      /run/host/usr/lib64/libXrandr.so.2.2.0
7f477be08000-7f477be0b000 r--p 00008000 00:26 25048                      /run/host/usr/lib64/libXrandr.so.2.2.0
7f477be0b000-7f477be0c000 r--p 0000b000 00:26 25048                      /run/host/usr/lib64/libXrandr.so.2.2.0
7f477be0c000-7f477be0d000 rw-p 0000c000 00:26 25048                      /run/host/usr/lib64/libXrandr.so.2.2.0
7f477be0d000-7f477be21000 r-xp 00000000 00:26 34583                      /run/host/usr/lib64/libxcb.so.1.1.0
7f477be21000-7f477be35000 r--p 00014000 00:26 34583                      /run/host/usr/lib64/libxcb.so.1.1.0
7f477be35000-7f477be36000 r--p 00028000 00:26 34583                      /run/host/usr/lib64/libxcb.so.1.1.0
7f477be36000-7f477be37000 rw-p 00029000 00:26 34583                      /run/host/usr/lib64/libxcb.so.1.1.0
7f477be37000-7f477c6e8000 rw-p 00000000 00:00 0 
7f477c6e8000-7f4783938000 ---p 00000000 00:00 0 
7f4783938000-7f4784108000 rw-p 00000000 00:00 0 
7f4784108000-7f478b358000 ---p 00000000 00:00 0 
7f478b358000-7f478b46e000 rw-p 00000000 00:00 0 
7f478b46e000-7f478c2b8000 ---p 00000000 00:00 0 
7f478c2b8000-7f478c3b2000 rw-p 00000000 00:00 0 
7f478c3b2000-7f478d1fc000 ---p 00000000 00:00 0 
7f478d1fc000-7f478d200000 rw-p 00000000 00:00 0 
7f478d200000-7f478d470000 rwxp 00000000 00:00 0 
7f478d470000-7f479465f000 ---p 00000000 00:00 0 
7f479465f000-7f479499f000 rwxp 00000000 00:00 0 
7f479499f000-7f4794da0000 ---p 00000000 00:00 0 
7f4794da0000-7f4795010000 rwxp 00000000 00:00 0 
7f4795010000-7f479c200000 ---p 00000000 00:00 0 
7f479c200000-7f47a3e02000 r--s 00000000 00:22 4015084                    /home/bazzite/.gradle/jdks/eclipse_adoptium-17-amd64-linux.2/lib/modules
7f47a3e03000-7f47a3e04000 r-xp 00000000 00:26 24904                      /run/host/usr/lib64/libX11-xcb.so.1.0.0
7f47a3e04000-7f47a3e05000 r--p 00001000 00:26 24904                      /run/host/usr/lib64/libX11-xcb.so.1.0.0
7f47a3e05000-7f47a3e06000 r--p 00001000 00:26 24904                      /run/host/usr/lib64/libX11-xcb.so.1.0.0
7f47a3e06000-7f47a3e07000 rw-p 00000000 00:00 0 
7f47a3e07000-7f47a3e0a000 r-xp 00000000 00:26 25100                      /run/host/usr/lib64/libXxf86vm.so.1.0.0
7f47a3e0a000-7f47a3e0c000 r--p 00003000 00:26 25100                      /run/host/usr/lib64/libXxf86vm.so.1.0.0
7f47a3e0c000-7f47a3e0d000 r--p 00004000 00:26 25100                      /run/host/usr/lib64/libXxf86vm.so.1.0.0
7f47a3e0d000-7f47a3e0e000 rw-p 00005000 00:26 25100                      /run/host/usr/lib64/libXxf86vm.so.1.0.0
7f47a3e0e000-7f47a3e10000 r--p 00000000 00:22 4015085                    /home/bazzite/.gradle/jdks/eclipse_adoptium-17-amd64-linux.2/lib/libzip.so
7f47a3e10000-7f47a3e22000 r-xp 00002000 00:22 4015085                    /home/bazzite/.gradle/jdks/eclipse_adoptium-17-amd64-linux.2/lib/libzip.so
7f47a3e22000-7f47a3e2a000 r--p 00014000 00:22 4015085                    /home/bazzite/.gradle/jdks/eclipse_adoptium-17-amd64-linux.2/lib/libzip.so
7f47a3e2a000-7f47a3e2b000 r--p 0001b000 00:22 4015085                    /home/bazzite/.gradle/jdks/eclipse_adoptium-17-amd64-linux.2/lib/libzip.so
7f47a3e2b000-7f47a3e2c000 rw-p 0001c000 00:22 4015085                    /home/bazzite/.gradle/jdks/eclipse_adoptium-17-amd64-linux.2/lib/libzip.so
7f47a3e2c000-7f47a3ec8000 rw-p 00000000 00:00 0 
7f47a3ec9000-7f47a3eca000 rw-s 00000000 00:01 3556                       /memfd:pipewire-memfd:flags=0x0000000f,type=2,size=2312 (deleted)
7f47a3eca000-7f47a3ecb000 r-xp 00000000 00:26 25019                      /run/host/usr/lib64/libXinerama.so.1.0.0
7f47a3ecb000-7f47a3ecc000 r--p 00001000 00:26 25019                      /run/host/usr/lib64/libXinerama.so.1.0.0
7f47a3ecc000-7f47a3ecd000 r--p 00001000 00:26 25019                      /run/host/usr/lib64/libXinerama.so.1.0.0
7f47a3ecd000-7f47a3ece000 rw-p 00002000 00:26 25019                      /run/host/usr/lib64/libXinerama.so.1.0.0
7f47a3ece000-7f47a4795000 rw-p 00000000 00:00 0 
7f47a4795000-7f47a8000000 ---p 00000000 00:00 0 
7f47a8000000-7f47a8004000 r--p 00000000 00:22 4015129                    /home/bazzite/.gradle/jdks/eclipse_adoptium-17-amd64-linux.2/lib/libnet.so
7f47a8004000-7f47a8012000 r-xp 00004000 00:22 4015129                    /home/bazzite/.gradle/jdks/eclipse_adoptium-17-amd64-linux.2/lib/libnet.so
7f47a8012000-7f47a8016000 r--p 00012000 00:22 4015129                    /home/bazzite/.gradle/jdks/eclipse_adoptium-17-amd64-linux.2/lib/libnet.so
7f47a8016000-7f47a8017000 r--p 00015000 00:22 4015129                    /home/bazzite/.gradle/jdks/eclipse_adoptium-17-amd64-linux.2/lib/libnet.so
7f47a8017000-7f47a8018000 rw-p 00016000 00:22 4015129                    /home/bazzite/.gradle/jdks/eclipse_adoptium-17-amd64-linux.2/lib/libnet.so
7f47a8018000-7f47a801f000 r--p 00000000 00:22 4015138                    /home/bazzite/.gradle/jdks/eclipse_adoptium-17-amd64-linux.2/lib/libnio.so
7f47a801f000-7f47a8028000 r-xp 00007000 00:22 4015138                    /home/bazzite/.gradle/jdks/eclipse_adoptium-17-amd64-linux.2/lib/libnio.so
7f47a8028000-7f47a802c000 r--p 00010000 00:22 4015138                    /home/bazzite/.gradle/jdks/eclipse_adoptium-17-amd64-linux.2/lib/libnio.so
7f47a802c000-7f47a802d000 ---p 00014000 00:22 4015138                    /home/bazzite/.gradle/jdks/eclipse_adoptium-17-amd64-linux.2/lib/libnio.so
7f47a802d000-7f47a802e000 r--p 00014000 00:22 4015138                    /home/bazzite/.gradle/jdks/eclipse_adoptium-17-amd64-linux.2/lib/libnio.so
7f47a802e000-7f47a802f000 rw-p 00015000 00:22 4015138                    /home/bazzite/.gradle/jdks/eclipse_adoptium-17-amd64-linux.2/lib/libnio.so
7f47a802f000-7f47a8332000 rw-p 00000000 00:00 0 
7f47a8332000-7f47a8635000 -wxp 00000000 00:00 0 
7f47a8635000-7f47a8825000 rw-p 00000000 00:00 0 
7f47a8825000-7f47a966f000 ---p 00000000 00:00 0 
7f47a966f000-7f47aa3c3000 rw-p 00000000 00:00 0 
7f47aa3c3000-7f47aa4a7000 ---p 00000000 00:00 0 
7f47aa4a7000-7f47aa4ac000 rw-p 00000000 00:00 0 
7f47aa4ac000-7f47aa590000 ---p 00000000 00:00 0 
7f47aa590000-7f47aa597000 rw-p 00000000 00:00 0 
7f47aa597000-7f47aa59f000 ---p 00000000 00:00 0 
7f47aa59f000-7f47aa5ad000 r--p 00000000 00:22 4015088                    /home/bazzite/.gradle/jdks/eclipse_adoptium-17-amd64-linux.2/lib/libjava.so
7f47aa5ad000-7f47aa5bf000 r-xp 0000e000 00:22 4015088                    /home/bazzite/.gradle/jdks/eclipse_adoptium-17-amd64-linux.2/lib/libjava.so
7f47aa5bf000-7f47aa5c5000 r--p 00020000 00:22 4015088                    /home/bazzite/.gradle/jdks/eclipse_adoptium-17-amd64-linux.2/lib/libjava.so
7f47aa5c5000-7f47aa5c6000 ---p 00026000 00:22 4015088                    /home/bazzite/.gradle/jdks/eclipse_adoptium-17-amd64-linux.2/lib/libjava.so
7f47aa5c6000-7f47aa5c7000 r--p 00026000 00:22 4015088                    /home/bazzite/.gradle/jdks/eclipse_adoptium-17-amd64-linux.2/lib/libjava.so
7f47aa5c7000-7f47aa5c8000 rw-p 00027000 00:22 4015088                    /home/bazzite/.gradle/jdks/eclipse_adoptium-17-amd64-linux.2/lib/libjava.so
7f47aa5c8000-7f47aa5c9000 rw-p 00000000 00:00 0 
7f47aa5c9000-7f47aa5cd000 r--p 00000000 00:22 4015120                    /home/bazzite/.gradle/jdks/eclipse_adoptium-17-amd64-linux.2/lib/libjimage.so
7f47aa5cd000-7f47aa5e0000 r-xp 00004000 00:22 4015120                    /home/bazzite/.gradle/jdks/eclipse_adoptium-17-amd64-linux.2/lib/libjimage.so
7f47aa5e0000-7f47aa5e6000 r--p 00017000 00:22 4015120                    /home/bazzite/.gradle/jdks/eclipse_adoptium-17-amd64-linux.2/lib/libjimage.so
7f47aa5e6000-7f47aa5e8000 r--p 0001c000 00:22 4015120                    /home/bazzite/.gradle/jdks/eclipse_adoptium-17-amd64-linux.2/lib/libjimage.so
7f47aa5e8000-7f47aa5e9000 rw-p 0001e000 00:22 4015120                    /home/bazzite/.gradle/jdks/eclipse_adoptium-17-amd64-linux.2/lib/libjimage.so
7f47aa5e9000-7f47aa5ed000 ---p 00000000 00:00 0 
7f47aa5ed000-7f47aa6e9000 -wxp 00000000 00:00 0 
7f47aa6e9000-7f47aa778000 r-xp 00000000 00:26 30195                      /run/host/usr/lib64/libm.so.6
7f47aa778000-7f47aa7fe000 r--p 0008f000 00:26 30195                      /run/host/usr/lib64/libm.so.6
7f47aa7fe000-7f47aa7ff000 r--p 00114000 00:26 30195                      /run/host/usr/lib64/libm.so.6
7f47aa7ff000-7f47aa800000 rw-p 00115000 00:26 30195                      /run/host/usr/lib64/libm.so.6
7f47aa800000-7f47aaa53000 r--p 00000000 00:22 4015137                    /home/bazzite/.gradle/jdks/eclipse_adoptium-17-amd64-linux.2/lib/server/libjvm.so
7f47aaa53000-7f47ab77c000 r-xp 00253000 00:22 4015137                    /home/bazzite/.gradle/jdks/eclipse_adoptium-17-amd64-linux.2/lib/server/libjvm.so
7f47ab77c000-7f47aba09000 r--p 00f7c000 00:22 4015137                    /home/bazzite/.gradle/jdks/eclipse_adoptium-17-amd64-linux.2/lib/server/libjvm.so
7f47aba09000-7f47aba0a000 ---p 01209000 00:22 4015137                    /home/bazzite/.gradle/jdks/eclipse_adoptium-17-amd64-linux.2/lib/server/libjvm.so
7f47aba0a000-7f47abac3000 r--p 01209000 00:22 4015137                    /home/bazzite/.gradle/jdks/eclipse_adoptium-17-amd64-linux.2/lib/server/libjvm.so
7f47abac3000-7f47abaf8000 rw-p 012c2000 00:22 4015137                    /home/bazzite/.gradle/jdks/eclipse_adoptium-17-amd64-linux.2/lib/server/libjvm.so
7f47abaf8000-7f47abb54000 rw-p 00000000 00:00 0 
7f47abb54000-7f47abb55000 rw-p 00000000 00:00 0 
7f47abb55000-7f47abb57000 r-xp 00000000 00:26 24933                      /run/host/usr/lib64/libXau.so.6.0.0
7f47abb57000-7f47abb58000 r--p 00002000 00:26 24933                      /run/host/usr/lib64/libXau.so.6.0.0
7f47abb58000-7f47abb59000 r--p 00003000 00:26 24933                      /run/host/usr/lib64/libXau.so.6.0.0
7f47abb59000-7f47abb5b000 rw-p 00000000 00:00 0 
7f47abb5b000-7f47abb5c000 r-xp 00059000 00:37 394                        /tmp/lwjgl_bazzite/3.3.3+5/x64/liblwjgl.so
7f47abb5c000-7f47abb5d000 rw-p 00000000 00:00 0 
7f47abb5d000-7f47abb65000 rw-s 00000000 00:37 699                        /tmp/hsperfdata_bazzite/62083
7f47abb65000-7f47abb66000 ---p 00000000 00:00 0 
7f47abb66000-7f47abb67000 r--p 00000000 00:00 0 
7f47abb67000-7f47abb68000 ---p 00000000 00:00 0 
7f47abb68000-7f47abb69000 r-xp 00000000 00:26 32469                      /run/host/usr/lib64/librt.so.1
7f47abb69000-7f47abb6a000 r--p 00001000 00:26 32469                      /run/host/usr/lib64/librt.so.1
7f47abb6a000-7f47abb6b000 r--p 00001000 00:26 32469                      /run/host/usr/lib64/librt.so.1
7f47abb6b000-7f47abb6e000 rw-p 00000000 00:00 0 
7f47abb6e000-7f47abce2000 r-xp 00000000 00:26 26352                      /run/host/usr/lib64/libc.so.6
7f47abce2000-7f47abd5b000 r--p 00174000 00:26 26352                      /run/host/usr/lib64/libc.so.6
7f47abd5b000-7f47abd5f000 r--p 001ed000 00:26 26352                      /run/host/usr/lib64/libc.so.6
7f47abd5f000-7f47abd61000 rw-p 001f1000 00:26 26352                      /run/host/usr/lib64/libc.so.6
7f47abd61000-7f47abd69000 rw-p 00000000 00:00 0 
7f47abd69000-7f47abd6a000 r-xp 00000000 00:26 27028                      /run/host/usr/lib64/libdl.so.2
7f47abd6a000-7f47abd6b000 r--p 00001000 00:26 27028                      /run/host/usr/lib64/libdl.so.2
7f47abd6b000-7f47abd6c000 r--p 00001000 00:26 27028                      /run/host/usr/lib64/libdl.so.2
7f47abd6c000-7f47abd6d000 rw-p 00000000 00:00 0 
7f47abd6d000-7f47abd6e000 r-xp 00000000 00:26 32154                      /run/host/usr/lib64/libpthread.so.0
7f47abd6e000-7f47abd6f000 r--p 00001000 00:26 32154                      /run/host/usr/lib64/libpthread.so.0
7f47abd6f000-7f47abd70000 r--p 00001000 00:26 32154                      /run/host/usr/lib64/libpthread.so.0
7f47abd70000-7f47abd71000 rw-p 00000000 00:00 0 
7f47abd71000-7f47abd74000 r--p 00000000 00:22 4015093                    /home/bazzite/.gradle/jdks/eclipse_adoptium-17-amd64-linux.2/lib/libjli.so
7f47abd74000-7f47abd84000 r-xp 00003000 00:22 4015093                    /home/bazzite/.gradle/jdks/eclipse_adoptium-17-amd64-linux.2/lib/libjli.so
7f47abd84000-7f47abd8b000 r--p 00013000 00:22 4015093                    /home/bazzite/.gradle/jdks/eclipse_adoptium-17-amd64-linux.2/lib/libjli.so
7f47abd8b000-7f47abd8c000 r--p 00019000 00:22 4015093                    /home/bazzite/.gradle/jdks/eclipse_adoptium-17-amd64-linux.2/lib/libjli.so
7f47abd8c000-7f47abd8d000 rw-p 0001a000 00:22 4015093                    /home/bazzite/.gradle/jdks/eclipse_adoptium-17-amd64-linux.2/lib/libjli.so
7f47abd8d000-7f47abd8f000 rw-p 00000000 00:00 0 
7f47abd8f000-7f47abd93000 r--p 00000000 00:00 0                          [vvar]
7f47abd93000-7f47abd95000 r--p 00000000 00:00 0                          [vvar_vclock]
7f47abd95000-7f47abd97000 r-xp 00000000 00:00 0                          [vdso]
7f47abd97000-7f47abdc1000 r-xp 00000000 00:79 7150409                    /usr/lib64/ld-linux-x86-64.so.2
7f47abdc1000-7f47abdcd000 r--p 0002a000 00:79 7150409                    /usr/lib64/ld-linux-x86-64.so.2
7f47abdcd000-7f47abdcf000 r--p 00035000 00:79 7150409                    /usr/lib64/ld-linux-x86-64.so.2
7f47abdcf000-7f47abdd0000 rw-p 00037000 00:79 7150409                    /usr/lib64/ld-linux-x86-64.so.2
7f47abdd0000-7f47abdd1000 rw-p 00000000 00:00 0 
7ffe5e2f2000-7ffe5e316000 rw-p 00000000 00:00 0                          [stack]
ffffffffff600000-ffffffffff601000 --xp 00000000 00:00 0                  [vsyscall]


VM Arguments:
jvm_args: -Dfile.encoding=UTF-8 -Duser.country=US -Duser.language=en -Duser.variant 
java_command: dungeon.crawler.lwjgl3.Lwjgl3Launcher
java_class_path (initial): /home/bazzite/code/java/LibGDXDungeonCrawler/lwjgl3/build/classes/java/main:/home/bazzite/code/java/LibGDXDungeonCrawler/lwjgl3/build/resources/main:/home/bazzite/.gradle/caches/modules-2/files-2.1/com.badlogicgames.gdx-controllers/gdx-controllers-desktop/2.2.3/f496535b094461487a71b3f23a17cd7d524de0f5/gdx-controllers-desktop-2.2.3.jar:/home/bazzite/.gradle/caches/modules-2/files-2.1/com.badlogicgames.gdx/gdx-backend-lwjgl3/1.13.1/c8d8f1c3ccd17fe2202a1d581e179c4ba0ccc45d/gdx-backend-lwjgl3-1.13.1.jar:/home/bazzite/.gradle/caches/modules-2/files-2.1/com.badlogicgames.gdx/gdx-platform/1.13.1/8493b7d917097a6d091db2554bf0056881f96738/gdx-platform-1.13.1-natives-desktop.jar:/home/bazzite/code/java/LibGDXDungeonCrawler/core/build/libs/core-1.0.0.jar:/home/bazzite/.gradle/caches/modules-2/files-2.1/com.badlogicgames.gdx/gdx-tools/1.13.1/1b046c9f556bc2287384a379c867721196cb42a8/gdx-tools-1.13.1.jar:/home/bazzite/.gradle/caches/modules-2/files-2.1/de.golfgl.gdxcontrollerutils/gdx-controllerutils-mapping/2.3.0/4f0651c569245a0fcc2eb3a51f3d64cba33ab943/gdx-controllerutils-mapping-2.3.0.jar:/home/bazzite/.gradle/caches/modules-2/files-2.1/com.badlogicgames.gdx-controllers/gdx-controllers-core/2.2.3/82b77d6cb6394420cdd480fc2ab373f7ba5e0e45/gdx-controllers-core-2.2.3.jar:/home/bazzite/.gradle/caches/modules-2/files-2.1/com.badlogicgames.jamepad/jamepad/2.0.20.0/55eb0007fd55c9914d106dac3387b9d444572cab/jamepad-2.0.20.0.jar:/home/bazzite/.gradle/caches/modules-2/files-2.1/com.badlogicgames.ashley/ashley/1.7.4/21a3a8932919099c4e5006a7d8378dcbe76ef8a5/ashley-1.7.4.jar:/home/bazzite/.gradle/caches/modules-2/files-2.1/com.github.tommyettinger/anim8-gdx/0.5.4/81d81cf0f6e0b9ec11072e0118a2fff0e5dcc3b5/anim8-gdx-0.5.4.jar:/home/bazzite/.gradle/caches/modules-2/files-2.1/com.badlogicgames.gdx/gdx-freetype/1.13.1/a386c9b7a10b28f91b2de47f66b12c23a2c3abc2/gdx-freetype-1.13.1.jar:/home/bazzite/.gradle/caches/modules-2/files-2.1/com.badlogicgames.gdx/gdx-backend-headle
Launcher Type: SUN_STANDARD

[Global flags]
     intx CICompilerCount                          = 12                                        {product} {ergonomic}
     uint ConcGCThreads                            = 3                                         {product} {ergonomic}
     uint G1ConcRefinementThreads                  = 13                                        {product} {ergonomic}
   size_t G1HeapRegionSize                         = 4194304                                   {product} {ergonomic}
    uintx GCDrainStackTargetSize                   = 64                                        {product} {ergonomic}
   size_t InitialHeapSize                          = 515899392                                 {product} {ergonomic}
   size_t MarkStackSize                            = 4194304                                   {product} {ergonomic}
   size_t MaxHeapSize                              = 8195670016                                {product} {ergonomic}
   size_t MaxNewSize                               = 4915724288                                {product} {ergonomic}
   size_t MinHeapDeltaBytes                        = 4194304                                   {product} {ergonomic}
   size_t MinHeapSize                              = 8388608                                   {product} {ergonomic}
    uintx NonNMethodCodeHeapSize                   = 7602480                                {pd product} {ergonomic}
    uintx NonProfiledCodeHeapSize                  = 122027880                              {pd product} {ergonomic}
    uintx ProfiledCodeHeapSize                     = 122027880                              {pd product} {ergonomic}
    uintx ReservedCodeCacheSize                    = 251658240                              {pd product} {ergonomic}
     bool SegmentedCodeCache                       = true                                      {product} {ergonomic}
   size_t SoftMaxHeapSize                          = 8195670016                             {manageable} {ergonomic}
     bool UseCompressedClassPointers               = true                           {product lp64_product} {ergonomic}
     bool UseCompressedOops                        = true                           {product lp64_product} {ergonomic}
     bool UseG1GC                                  = true                                      {product} {ergonomic}

Logging:
Log output configuration:
 #0: stdout all=warning uptime,level,tags
 #1: stderr all=off uptime,level,tags

Environment Variables:
PATH=/home/bazzite/.local/share/../bin:/home/bazzite/.local/bin:/home/bazzite/bin:/usr/local/bin:/usr/bin:/bin:/usr/local/sbin:/home/bazzite/.local/share/yabridge:/usr/local/bin:/usr/bin:/usr/sbin:/sbin:/home/bazzite/.local/share/yabridge
XDG_CACHE_HOME=/home/bazzite/.cache
XDG_CONFIG_HOME=/home/bazzite/.config
LD_LIBRARY_PATH=/run/host/usr/lib64:
SHELL=/usr/bin/bash
DISPLAY=:0
LANG=en_US.UTF-8
TERM=xterm-256color

Active Locale:
LC_ALL=en_US.UTF-8
LC_COLLATE=en_US.UTF-8
LC_CTYPE=en_US.UTF-8
LC_MESSAGES=en_US.UTF-8
LC_MONETARY=en_US.UTF-8
LC_NUMERIC=en_US.UTF-8
LC_TIME=en_US.UTF-8

Signal Handlers:
   SIGSEGV: crash_handler in libjvm.so, mask=11100100010111111101111111111110, flags=SA_RESTART|SA_SIGINFO, unblocked
    SIGBUS: crash_handler in libjvm.so, mask=11100100010111111101111111111110, flags=SA_RESTART|SA_SIGINFO, unblocked
    SIGFPE: crash_handler in libjvm.so, mask=11100100010111111101111111111110, flags=SA_RESTART|SA_SIGINFO, unblocked
   SIGPIPE: javaSignalHandler in libjvm.so, mask=11100100010111111101111111111110, flags=SA_RESTART|SA_SIGINFO, blocked
   SIGXFSZ: javaSignalHandler in libjvm.so, mask=11100100010111111101111111111110, flags=SA_RESTART|SA_SIGINFO, blocked
    SIGILL: crash_handler in libjvm.so, mask=11100100010111111101111111111110, flags=SA_RESTART|SA_SIGINFO, unblocked
   SIGUSR2: SR_handler in libjvm.so, mask=00100000000000000000000000000000, flags=SA_RESTART|SA_SIGINFO, blocked
    SIGHUP: UserHandler in libjvm.so, mask=11100100010111111101111111111110, flags=SA_RESTART|SA_SIGINFO, blocked
    SIGINT: UserHandler in libjvm.so, mask=11100100010111111101111111111110, flags=SA_RESTART|SA_SIGINFO, blocked
   SIGTERM: UserHandler in libjvm.so, mask=11100100010111111101111111111110, flags=SA_RESTART|SA_SIGINFO, blocked
   SIGQUIT: UserHandler in libjvm.so, mask=11100100010111111101111111111110, flags=SA_RESTART|SA_SIGINFO, blocked
   SIGTRAP: crash_handler in libjvm.so, mask=11100100010111111101111111111110, flags=SA_RESTART|SA_SIGINFO, unblocked


Periodic native trim disabled


---------------  S Y S T E M  ---------------

OS:
Fedora release 43 (Forty Three)
uname: Linux 6.19.14-ogc1.1.fc44.x86_64 #1 SMP PREEMPT_DYNAMIC Fri May  1 20:37:39 UTC 2026 x86_64
OS uptime: 0 days 0:41 hours
libc: glibc 2.43 NPTL 2.43 
rlimit (soft/hard): STACK 8192k/infinity , CORE infinity/infinity , NPROC 123793/123793 , NOFILE 1048576/1048576 , AS infinity/infinity , CPU infinity/infinity , DATA infinity/infinity , FSIZE infinity/infinity , MEMLOCK 2147484k/2147484k
load average: 0.89 0.90 0.92

/proc/meminfo:
MemTotal:       32002216 kB
MemFree:         3000940 kB
MemAvailable:   21507712 kB
Buffers:            7384 kB
Cached:         20361196 kB
SwapCached:            0 kB
Active:         14668384 kB
Inactive:       11407380 kB
Active(anon):    6036116 kB
Inactive(anon):        0 kB
Active(file):    8632268 kB
Inactive(file): 11407380 kB
Unevictable:         404 kB
Mlocked:             404 kB
SwapTotal:      16001020 kB
SwapFree:       16001020 kB
Zswap:                 0 kB
Zswapped:              0 kB
Dirty:             10880 kB
Writeback:             0 kB
AnonPages:       5708272 kB
Mapped:          2301196 kB
Shmem:            329284 kB
KReclaimable:     872620 kB
Slab:            1437024 kB
SReclaimable:     872620 kB
SUnreclaim:       564404 kB
KernelStack:       28512 kB
PageTables:        93360 kB
SecPageTables:      4896 kB
NFS_Unstable:          0 kB
Bounce:                0 kB
WritebackTmp:          0 kB
CommitLimit:    32002128 kB
Committed_AS:   28319524 kB
VmallocTotal:   34359738367 kB
VmallocUsed:      357812 kB
VmallocChunk:          0 kB
Percpu:            22272 kB
HardwareCorrupted:     0 kB
AnonHugePages:         0 kB
ShmemHugePages:        0 kB
ShmemPmdMapped:        0 kB
FileHugePages:     12288 kB
FilePmdMapped:     12288 kB
CmaTotal:              0 kB
CmaFree:               0 kB
Unaccepted:            0 kB
Balloon:               0 kB
HugePages_Total:       0
HugePages_Free:        0
HugePages_Rsvd:        0
HugePages_Surp:        0
Hugepagesize:       2048 kB
Hugetlb:               0 kB
DirectMap4k:     4719532 kB
DirectMap2M:    22738944 kB
DirectMap1G:     6291456 kB

/sys/kernel/mm/transparent_hugepage/enabled: always [madvise] never
/sys/kernel/mm/transparent_hugepage/hpage_pmd_size: 2097152
/sys/kernel/mm/transparent_hugepage/defrag (defrag/compaction efforts parameter): always defer defer+madvise [madvise] never

Process Memory:
Virtual Size: 11917928K (peak: 11917928K)
Resident Set Size: 78972K (peak: 78972K) (anon: 48992K, file: 27776K, shmem: 2204K)
Swapped out: 0K
C-Heap outstanding allocations: 46217K, retained: 3786K
glibc malloc tunables: (default)

/proc/sys/kernel/threads-max (system-wide limit on the number of threads): 247587
/proc/sys/vm/max_map_count (maximum number of memory map areas a process may have): 2147483642
/proc/sys/vm/swappiness (control to define how aggressively the kernel swaps out anonymous memory): 180
/proc/sys/kernel/pid_max (system-wide limit on number of process identifiers): 4194304

container information not found.
Steal ticks since vm start: 0
Steal ticks percentage since vm start:  0.000

CPU: total 16 (initial active 16) (16 cores per cpu, 2 threads per core) family 25 model 97 stepping 2 microcode 0xa60120a, cx8, cmov, fxsr, ht, mmx, 3dnowpref, sse, sse2, sse3, ssse3, sse4a, sse4.1, sse4.2, popcnt, lzcnt, tsc, tscinvbit, avx, avx2, aes, erms, clmul, bmi1, bmi2, adx, avx512f, avx512dq, avx512cd, avx512bw, avx512vl, sha, fma, vzeroupper, avx512_vpopcntdq, avx512_vpclmulqdq, avx512_vaes, avx512_vnni, clflush, clflushopt, avx512_vbmi2, avx512_vbmi
CPU Model and flags from /proc/cpuinfo:
model name	: AMD Ryzen 7 7700X 8-Core Processor
flags		: fpu vme de pse tsc msr pae mce cx8 apic sep mtrr pge mca cmov pat pse36 clflush mmx fxsr sse sse2 ht syscall nx mmxext fxsr_opt pdpe1gb rdtscp lm constant_tsc rep_good amd_lbr_v2 nopl xtopology nonstop_tsc cpuid extd_apicid aperfmperf rapl pni pclmulqdq monitor ssse3 fma cx16 sse4_1 sse4_2 movbe popcnt aes xsave avx f16c rdrand lahf_lm cmp_legacy svm extapic cr8_legacy abm sse4a misalignsse 3dnowprefetch osvw ibs skinit wdt tce topoext perfctr_core perfctr_nb bpext perfctr_llc mwaitx cpuid_fault cpb cat_l3 cdp_l3 hw_pstate ssbd mba perfmon_v2 ibrs ibpb stibp ibrs_enhanced vmmcall fsgsbase bmi1 avx2 smep bmi2 erms invpcid cqm rdt_a avx512f avx512dq rdseed adx smap avx512ifma clflushopt clwb avx512cd sha_ni avx512bw avx512vl xsaveopt xsavec xgetbv1 xsaves cqm_llc cqm_occup_llc cqm_mbm_total cqm_mbm_local user_shstk avx512_bf16 clzero irperf xsaveerptr rdpru wbnoinvd cppc arat npt lbrv svm_lock nrip_save tsc_scale vmcb_clean flushbyasid decodeassists pausefilter pfthreshold avic vgif x2avic v_spec_ctrl vnmi avx512vbmi umip pku ospke avx512_vbmi2 gfni vaes vpclmulqdq avx512_vnni avx512_bitalg avx512_vpopcntdq rdpid overflow_recov succor smca fsrm flush_l1d amd_lbr_pmc_freeze

Online cpus: 0-15
Offline cpus: 
BIOS frequency limitation: <Not Available>
Frequency switch latency (ns): 0
Available cpu frequencies: <Not Available>
Current governor: performance
Core performance/turbo boost: 1

Memory: 4k page, physical 32002216k(3000940k free), swap 16001020k(16001020k free)
Page Sizes: 4k

vm_info: OpenJDK 64-Bit Server VM (17.0.15+6) for linux-amd64 JRE (17.0.15+6), built on Apr 15 2025 00:00:00 by "admin" with gcc 10.3.0

END.
