#
# A fatal error has been detected by the Java Runtime Environment:
#
#  SIGSEGV (0xb) at pc=0x00007fe18e4a35ba, pid=21867, tid=21868
#
# JRE version: OpenJDK Runtime Environment Temurin-17.0.15+6 (17.0.15+6) (build 17.0.15+6)
# Java VM: OpenJDK 64-Bit Server VM Temurin-17.0.15+6 (17.0.15+6, mixed mode, sharing, tiered, compressed oops, compressed class ptrs, g1 gc, linux-amd64)
# Problematic frame:
# C  [libspa-support.so+0x1a5ba]
#
# Core dump will be written. Default location: Core dumps may be processed with "/usr/lib/systemd/systemd-coredump %P %u %g %s %t %c %h %d %F" (or dumping to /home/bazzite/code/java/LibGDXDungeonCrawler/assets/core.21867)
#
# If you would like to submit a bug report, please visit:
#   https://github.com/adoptium/adoptium-support/issues
# The crash happened outside the Java Virtual Machine in native code.
# See problematic frame for where to report the bug.
#

---------------  S U M M A R Y ------------

Command Line: -Dfile.encoding=UTF-8 -Duser.country=US -Duser.language=en -Duser.variant dungeon.crawler.lwjgl3.Lwjgl3Launcher

Host: AMD Ryzen 7 7700X 8-Core Processor, 16 cores, 30G, Fedora release 43 (Forty Three)
Time: Sun May  3 10:52:18 2026 EDT elapsed time: 0.175318 seconds (0d 0h 0m 0s)

---------------  T H R E A D  ---------------

Current thread (0x00007fe21402ccc0):  JavaThread "main" [_thread_in_native, id=21868, stack(0x00007fe21a9e9000,0x00007fe21aae9000)]

Stack: [0x00007fe21a9e9000,0x00007fe21aae9000],  sp=0x00007fe21aae6f08,  free space=1015k
Native frames: (J=compiled Java code, j=interpreted, Vv=VM code, C=native code)
C  [libspa-support.so+0x1a5ba]
C  [libpipewire-0.3.so.0+0x5618f]  pw_impl_node_initialized+0xef
C  [libpipewire-module-adapter.so+0x3518]
C  [libpipewire-0.3.so.0+0x85b9c]  pw_stream_connect+0xc7c
C  [libopenal.so+0x72f86]
C  [libopenal.so+0x49d4b]

Java frames: (J=compiled Java code, j=interpreted, Vv=VM code)
j  org.lwjgl.system.JNI.invokePPP(JJJ)J+0
j  org.lwjgl.openal.ALC10.nalcCreateContext(JJ)J+23
j  org.lwjgl.openal.ALC10.alcCreateContext(JLjava/nio/IntBuffer;)J+15
j  com.badlogic.gdx.backends.lwjgl3.audio.OpenALLwjgl3Audio.<init>(III)V+163
j  com.badlogic.gdx.backends.lwjgl3.Lwjgl3Application.createAudio(Lcom/badlogic/gdx/backends/lwjgl3/Lwjgl3ApplicationConfiguration;)Lcom/badlogic/gdx/backends/lwjgl3/audio/Lwjgl3Audio;+16
j  com.badlogic.gdx.backends.lwjgl3.Lwjgl3Application.<init>(Lcom/badlogic/gdx/ApplicationListener;Lcom/badlogic/gdx/backends/lwjgl3/Lwjgl3ApplicationConfiguration;)V+138
j  dungeon.crawler.lwjgl3.Lwjgl3Launcher.createApplication()Lcom/badlogic/gdx/backends/lwjgl3/Lwjgl3Application;+14
j  dungeon.crawler.lwjgl3.Lwjgl3Launcher.main([Ljava/lang/String;)V+7
v  ~StubRoutines::call_stub

siginfo: si_signo: 11 (SIGSEGV), si_code: 2 (SEGV_ACCERR), si_addr: 0x00007fe18e4a35ba

Registers:
RAX=0x00007fe18e4a35ba, RBX=0x0000000000000000, RCX=0x0000000000000000, RDX=0x0000000000000001
RSP=0x00007fe21aae6f08, RBP=0x00007fe21aae6fa0, RSI=0x00007fe18e4ff9f0, RDI=0x00007fe21466c878
R8 =0x0000000000000000, R9 =0x00007fe2147096d0, R10=0x0000000000000000, R11=0x0000000000000000
R12=0x0000000000000000, R13=0x0000000000000001, R14=0x0000000000000001, R15=0x00007fe2147096d0
RIP=0x00007fe18e4a35ba, EFLAGS=0x0000000000010246, CSGSFS=0x002b000000000033, ERR=0x0000000000000015
  TRAPNO=0x000000000000000e

XMM[0]=0x0000000000000000 0x0000000000000000
XMM[1]=0x0000000000000000 0x0000000000000001
XMM[2]=0x0000000000000000 0x0000000000001000
XMM[3]=0x0000000000000000 0x0000000000000000
XMM[4]=0x0000000000000000 0x0000000000001000
XMM[5]=0x00007fe21aae6020 0x00007fe21aae5fa0
XMM[6]=0x0000000000000000 0x0000000000000090
XMM[7]=0x0000000000000000 0x00007fe18e57ad20
XMM[8]=0x0000000028a105af 0xc99ffe2500b22ace
XMM[9]=0x0000000000000000 0x0000000000000001
XMM[10]=0x00000001db710640 0x00000001f7011640
XMM[11]=0x000000003db1ecdc 0x0000000174359406
XMM[12]=0x0000000000000000 0x0000000000000000
XMM[13]=0x0000000000000000 0xbc620396851a8212
XMM[14]=0x0000000000000000 0x3eb20b09dfb435b3
XMM[15]=0x0000000000000000 0x0000000000000000
  MXCSR=0x00001fa0


Register to memory mapping:

RAX=0x00007fe18e4a35ba: <offset 0x000000000001a5ba> in /usr/lib64/spa-0.2/support/libspa-support.so at 0x00007fe18e489000
RBX=0x0 is NULL
RCX=0x0 is NULL
RDX=0x0000000000000001 is an unknown value
RSP=0x00007fe21aae6f08 is pointing into the stack for thread: 0x00007fe21402ccc0
RBP=0x00007fe21aae6fa0 is pointing into the stack for thread: 0x00007fe21402ccc0
RSI=0x00007fe18e4ff9f0: <offset 0x00000000000539f0> in /run/host/usr/lib64/libpipewire-0.3.so.0 at 0x00007fe18e4ac000
RDI=0x00007fe21466c878 points into unknown readable memory: 0x0000000000000000 | 00 00 00 00 00 00 00 00
R8 =0x0 is NULL
R9 =0x00007fe2147096d0 points into unknown readable memory: 0x00007fe2146687d0 | d0 87 66 14 e2 7f 00 00
R10=0x0 is NULL
R11=0x0 is NULL
R12=0x0 is NULL
R13=0x0000000000000001 is an unknown value
R14=0x0000000000000001 is an unknown value
R15=0x00007fe2147096d0 points into unknown readable memory: 0x00007fe2146687d0 | d0 87 66 14 e2 7f 00 00


Top of Stack: (sp=0x00007fe21aae6f08)
0x00007fe21aae6f08:   00007fe18e501ed8 00007fe21aae6f60
0x00007fe21aae6f18:   00007fe2146d21c8 00007fe21aae6fc0
0x00007fe21aae6f28:   00007fe18c07f32d 00007fe214709f40
0x00007fe21aae6f38:   00007fe214709cc0 0000000000000000
0x00007fe21aae6f48:   0000000000000000 0000000000000000
0x00007fe21aae6f58:   0000000000000000 00007fe2146e3ed8
0x00007fe21aae6f68:   2d10b31d4a4ab000 00007fe18c12d660
0x00007fe21aae6f78:   00007fe2147096d0 00007fe214709cc0
0x00007fe21aae6f88:   00007fe2146b7dd8 0000000000000000
0x00007fe21aae6f98:   00007fe2146d21c8 00007fe21aae7000
0x00007fe21aae6fa8:   00007fe18e50218f 00007fe214709f40
0x00007fe21aae6fb8:   00007fe214709cc0 0000000000000000
0x00007fe21aae6fc8:   0000000000000000 0000000000000000
0x00007fe21aae6fd8:   0000000000000000 00007fe2146d3960
0x00007fe21aae6fe8:   2d10b31d4a4ab000 00007fe2146d3960
0x00007fe21aae6ff8:   00007fe2147096d0 00007fe21aae7110
0x00007fe21aae7008:   00007fe18d96f518 00007fe214709f20
0x00007fe21aae7018:   00007fe2146e1150 00007fe214709f20
0x00007fe21aae7028:   00007fe2147096d0 0000000100000110
0x00007fe21aae7038:   0000000000000000 00007fe2146687d0
0x00007fe21aae7048:   0000000000003f40 0000000100000001
0x00007fe21aae7058:   00007fe2146d21c8 0000000000000000
0x00007fe21aae7068:   00007fe2146e1150 00007fe2146d40c0
0x00007fe21aae7078:   0000000000000000 00007fe2146d2268
0x00007fe21aae7088:   00007fe2146d2268 00007fe18d973aa0
0x00007fe21aae7098:   00007fe21aae7080 0000000000000000
0x00007fe21aae70a8:   0000000000000000 00007fe2146d21c8
0x00007fe21aae70b8:   00007fe2146d3960 0000000000000000
0x00007fe21aae70c8:   0000000100000001 00007fe2146d17e0
0x00007fe21aae70d8:   2d10b31d4a4ab000 00007fe21aae7110
0x00007fe21aae70e8:   0000000000000000 00007fe2146d3960
0x00007fe21aae70f8:   00007fe18e545e62 00007fe2146d2070 

Instructions: (pc=0x00007fe18e4a35ba)
0x00007fe18e4a34ba:   24 49 92 24 49 92 49 92 24 49 92 24 49 c2 08 20
0x00007fe18e4a34ca:   02 00 00 00 00 00 11 11 13 fd 00 00 00 00 00 00
0x00007fe18e4a34da:   00 00 00 00 00 00 6f 66 66 00 25 70 3a 20 7a 65
0x00007fe18e4a34ea:   72 6f 2d 64 65 6e 6f 72 6d 61 6c 73 3a 25 73 00
0x00007fe18e4a34fa:   73 65 74 20 74 69 6d 65 6f 75 74 20 25 6c 75 00
0x00007fe18e4a350a:   25 70 20 6e 6f 77 3a 25 6c 75 00 70 72 65 66 69
0x00007fe18e4a351a:   78 00 27 25 73 27 20 66 61 69 6c 65 64 20 61 74
0x00007fe18e4a352a:   20 25 73 3a 25 75 20 25 73 28 29 0a 00 2e 2e 2f
0x00007fe18e4a353a:   73 70 61 2f 70 6c 75 67 69 6e 73 2f 73 75 70 70
0x00007fe18e4a354a:   6f 72 74 2f 63 70 75 2e 63 00 68 61 6e 64 6c 65
0x00007fe18e4a355a:   20 21 3d 20 4e 55 4c 4c 00 69 6e 74 65 72 66 61
0x00007fe18e4a356a:   63 65 20 21 3d 20 4e 55 4c 4c 00 53 70 61 3a 50
0x00007fe18e4a357a:   6f 69 6e 74 65 72 3a 49 6e 74 65 72 66 61 63 65
0x00007fe18e4a358a:   3a 43 50 55 00 66 61 63 74 6f 72 79 20 21 3d 20
0x00007fe18e4a359a:   4e 55 4c 4c 00 69 6e 66 6f 20 21 3d 20 4e 55 4c
0x00007fe18e4a35aa:   4c 00 69 6e 64 65 78 20 21 3d 20 4e 55 4c 4c 00
0x00007fe18e4a35ba:   53 70 61 3a 50 6f 69 6e 74 65 72 3a 49 6e 74 65
0x00007fe18e4a35ca:   72 66 61 63 65 3a 4c 6f 67 00 2e 2e 2f 73 70 61
0x00007fe18e4a35da:   2f 70 6c 75 67 69 6e 73 2f 73 75 70 70 6f 72 74
0x00007fe18e4a35ea:   2f 6c 6f 6f 70 2e 63 00 73 6f 75 72 63 65 2d 3e
0x00007fe18e4a35fa:   6c 6f 6f 70 20 3d 3d 20 26 69 6d 70 6c 2d 3e 6c
0x00007fe18e4a360a:   6f 6f 70 00 21 69 6d 70 6c 2d 3e 70 6f 6c 6c 69
0x00007fe18e4a361a:   6e 67 00 73 2d 3e 69 6d 70 6c 20 3d 3d 20 6f 62
0x00007fe18e4a362a:   6a 65 63 74 00 25 70 3a 20 75 70 64 61 74 65 20
0x00007fe18e4a363a:   25 30 38 78 20 2d 3e 20 25 30 38 78 00 53 70 61
0x00007fe18e4a364a:   3a 50 6f 69 6e 74 65 72 3a 49 6e 74 65 72 66 61
0x00007fe18e4a365a:   63 65 3a 4c 6f 6f 70 00 74 68 69 73 20 21 3d 20
0x00007fe18e4a366a:   4e 55 4c 4c 00 63 6f 6d 6d 61 6e 64 20 21 3d 20
0x00007fe18e4a367a:   4e 55 4c 4c 00 70 72 6f 63 65 73 73 20 25 64 00
0x00007fe18e4a368a:   53 70 61 3a 50 6f 69 6e 74 65 72 3a 49 6e 74 65
0x00007fe18e4a369a:   72 66 61 63 65 3a 4e 6f 64 65 00 63 70 75 2e 66
0x00007fe18e4a36aa:   6f 72 63 65 00 63 70 75 2e 76 6d 2e 74 79 70 65 


Stack slot to memory mapping:
stack at sp + 0 slots: 0x00007fe18e501ed8: <offset 0x0000000000055ed8> in /run/host/usr/lib64/libpipewire-0.3.so.0 at 0x00007fe18e4ac000
stack at sp + 1 slots: 0x00007fe21aae6f60 is pointing into the stack for thread: 0x00007fe21402ccc0
stack at sp + 2 slots: 0x00007fe2146d21c8 points into unknown readable memory: 0x00007fe18e54585d | 5d 58 54 8e e1 7f 00 00
stack at sp + 3 slots: 0x00007fe21aae6fc0 is pointing into the stack for thread: 0x00007fe21402ccc0
stack at sp + 4 slots: 0x00007fe18c07f32d: <offset 0x000000000001632d> in /usr/lib64/spa-0.2/audioconvert/libspa-audioconvert.so at 0x00007fe18c069000
stack at sp + 5 slots: 0x00007fe214709f40 points into unknown readable memory: 0x00007fe214709f98 | 98 9f 70 14 e2 7f 00 00
stack at sp + 6 slots: 0x00007fe214709cc0 points into unknown readable memory: 0x00007fe214709f40 | 40 9f 70 14 e2 7f 00 00
stack at sp + 7 slots: 0x0 is NULL


---------------  P R O C E S S  ---------------

Threads class SMR info:
_java_thread_list=0x00007fe144158e20, length=13, elements={
0x00007fe21402ccc0, 0x00007fe214169a40, 0x00007fe21416ae20, 0x00007fe2141703c0,
0x00007fe214171770, 0x00007fe214172b80, 0x00007fe2141745b0, 0x00007fe214175ae0,
0x00007fe214176f50, 0x00007fe21417f690, 0x00007fe214182740, 0x00007fe15c06e1b0,
0x00007fe144157df0
}

Java Threads: ( => current thread )
=>0x00007fe21402ccc0 JavaThread "main" [_thread_in_native, id=21868, stack(0x00007fe21a9e9000,0x00007fe21aae9000)]
  0x00007fe214169a40 JavaThread "Reference Handler" daemon [_thread_blocked, id=21878, stack(0x00007fe1e9528000,0x00007fe1e9628000)]
  0x00007fe21416ae20 JavaThread "Finalizer" daemon [_thread_blocked, id=21879, stack(0x00007fe1e9428000,0x00007fe1e9528000)]
  0x00007fe2141703c0 JavaThread "Signal Dispatcher" daemon [_thread_blocked, id=21880, stack(0x00007fe1e9328000,0x00007fe1e9428000)]
  0x00007fe214171770 JavaThread "Service Thread" daemon [_thread_blocked, id=21881, stack(0x00007fe1e9228000,0x00007fe1e9328000)]
  0x00007fe214172b80 JavaThread "Monitor Deflation Thread" daemon [_thread_blocked, id=21882, stack(0x00007fe1e9128000,0x00007fe1e9228000)]
  0x00007fe2141745b0 JavaThread "C2 CompilerThread0" daemon [_thread_blocked, id=21883, stack(0x00007fe1e9028000,0x00007fe1e9128000)]
  0x00007fe214175ae0 JavaThread "C1 CompilerThread0" daemon [_thread_blocked, id=21884, stack(0x00007fe1e8f28000,0x00007fe1e9028000)]
  0x00007fe214176f50 JavaThread "Sweeper thread" daemon [_thread_blocked, id=21885, stack(0x00007fe1e8e28000,0x00007fe1e8f28000)]
  0x00007fe21417f690 JavaThread "Notification Thread" daemon [_thread_blocked, id=21886, stack(0x00007fe1e8d28000,0x00007fe1e8e28000)]
  0x00007fe214182740 JavaThread "Common-Cleaner" daemon [_thread_blocked, id=21888, stack(0x00007fe1e8b27000,0x00007fe1e8c27000)]
  0x00007fe15c06e1b0 JavaThread "C1 CompilerThread1" daemon [_thread_blocked, id=21889, stack(0x00007fe1e8a27000,0x00007fe1e8b27000)]
  0x00007fe144157df0 JavaThread "C2 CompilerThread1" daemon [_thread_blocked, id=21890, stack(0x00007fe1e868a000,0x00007fe1e878a000)]

Other Threads:
  0x00007fe214165ab0 VMThread "VM Thread" [stack: 0x00007fe1e9629000,0x00007fe1e9729000] [id=21877]
  0x00007fe214180fd0 WatcherThread [stack: 0x00007fe1e8c28000,0x00007fe1e8d28000] [id=21887]
  0x00007fe21405bca0 GCTaskThread "GC Thread#0" [stack: 0x00007fe21898e000,0x00007fe218a8e000] [id=21872]
  0x00007fe21406c710 ConcurrentGCThread "G1 Main Marker" [stack: 0x00007fe21888d000,0x00007fe21898d000] [id=21873]
  0x00007fe21406d680 ConcurrentGCThread "G1 Conc#0" [stack: 0x00007fe21878c000,0x00007fe21888c000] [id=21874]
  0x00007fe2141354b0 ConcurrentGCThread "G1 Refine#0" [stack: 0x00007fe1e98fc000,0x00007fe1e99fc000] [id=21875]
  0x00007fe2141363b0 ConcurrentGCThread "G1 Service" [stack: 0x00007fe1e97fb000,0x00007fe1e98fb000] [id=21876]

Threads with active compile tasks:

VM state: not at safepoint (normal execution)

VM Mutex/Monitor currently owned by a thread: None

Heap address: 0x0000000617800000, size: 7816 MB, Compressed Oops mode: Zero based, Oop shift amount: 3

CDS archive(s) mapped at: [0x00007fe193000000-0x00007fe193bc9000-0x00007fe193bc9000), size 12357632, SharedBaseAddress: 0x00007fe193000000, ArchiveRelocationMode: 1.
Compressed class space mapped at: 0x00007fe194000000-0x00007fe1d4000000, reserved size: 1073741824
Narrow klass base: 0x00007fe193000000, Narrow klass shift: 0, Narrow klass range: 0x100000000

GC Precious Log:
 CPUs: 16 total, 16 available
 Memory: 31252M
 Large Page Support: Disabled
 NUMA Support: Disabled
 Compressed Oops: Enabled (Zero based)
 Heap Region Size: 4M
 Heap Min Capacity: 8M
 Heap Initial Capacity: 492M
 Heap Max Capacity: 7816M
 Pre-touch: Disabled
 Parallel Workers: 13
 Concurrent Workers: 3
 Concurrent Refinement Workers: 13
 Periodic GC: Disabled

Heap:
 garbage-first heap   total 512000K, used 12212K [0x0000000617800000, 0x0000000800000000)
  region size 4096K, 3 young (12288K), 0 survivors (0K)
 Metaspace       used 3287K, committed 3520K, reserved 1114112K
  class space    used 261K, committed 384K, reserved 1048576K

Heap Regions: E=young(eden), S=young(survivor), O=old, HS=humongous(starts), HC=humongous(continues), CS=collection set, F=free, OA=open archive, CA=closed archive, TAMS=top-at-mark-start (previous, next)
|   0|0x0000000617800000, 0x0000000617800000, 0x0000000617c00000|  0%| F|  |TAMS 0x0000000617800000, 0x0000000617800000| Untracked 
|   1|0x0000000617c00000, 0x0000000617c00000, 0x0000000618000000|  0%| F|  |TAMS 0x0000000617c00000, 0x0000000617c00000| Untracked 
|   2|0x0000000618000000, 0x0000000618000000, 0x0000000618400000|  0%| F|  |TAMS 0x0000000618000000, 0x0000000618000000| Untracked 
|   3|0x0000000618400000, 0x0000000618400000, 0x0000000618800000|  0%| F|  |TAMS 0x0000000618400000, 0x0000000618400000| Untracked 
|   4|0x0000000618800000, 0x0000000618800000, 0x0000000618c00000|  0%| F|  |TAMS 0x0000000618800000, 0x0000000618800000| Untracked 
|   5|0x0000000618c00000, 0x0000000618c00000, 0x0000000619000000|  0%| F|  |TAMS 0x0000000618c00000, 0x0000000618c00000| Untracked 
|   6|0x0000000619000000, 0x0000000619000000, 0x0000000619400000|  0%| F|  |TAMS 0x0000000619000000, 0x0000000619000000| Untracked 
|   7|0x0000000619400000, 0x0000000619400000, 0x0000000619800000|  0%| F|  |TAMS 0x0000000619400000, 0x0000000619400000| Untracked 
|   8|0x0000000619800000, 0x0000000619800000, 0x0000000619c00000|  0%| F|  |TAMS 0x0000000619800000, 0x0000000619800000| Untracked 
|   9|0x0000000619c00000, 0x0000000619c00000, 0x000000061a000000|  0%| F|  |TAMS 0x0000000619c00000, 0x0000000619c00000| Untracked 
|  10|0x000000061a000000, 0x000000061a000000, 0x000000061a400000|  0%| F|  |TAMS 0x000000061a000000, 0x000000061a000000| Untracked 
|  11|0x000000061a400000, 0x000000061a400000, 0x000000061a800000|  0%| F|  |TAMS 0x000000061a400000, 0x000000061a400000| Untracked 
|  12|0x000000061a800000, 0x000000061a800000, 0x000000061ac00000|  0%| F|  |TAMS 0x000000061a800000, 0x000000061a800000| Untracked 
|  13|0x000000061ac00000, 0x000000061ac00000, 0x000000061b000000|  0%| F|  |TAMS 0x000000061ac00000, 0x000000061ac00000| Untracked 
|  14|0x000000061b000000, 0x000000061b000000, 0x000000061b400000|  0%| F|  |TAMS 0x000000061b000000, 0x000000061b000000| Untracked 
|  15|0x000000061b400000, 0x000000061b400000, 0x000000061b800000|  0%| F|  |TAMS 0x000000061b400000, 0x000000061b400000| Untracked 
|  16|0x000000061b800000, 0x000000061b800000, 0x000000061bc00000|  0%| F|  |TAMS 0x000000061b800000, 0x000000061b800000| Untracked 
|  17|0x000000061bc00000, 0x000000061bc00000, 0x000000061c000000|  0%| F|  |TAMS 0x000000061bc00000, 0x000000061bc00000| Untracked 
|  18|0x000000061c000000, 0x000000061c000000, 0x000000061c400000|  0%| F|  |TAMS 0x000000061c000000, 0x000000061c000000| Untracked 
|  19|0x000000061c400000, 0x000000061c400000, 0x000000061c800000|  0%| F|  |TAMS 0x000000061c400000, 0x000000061c400000| Untracked 
|  20|0x000000061c800000, 0x000000061c800000, 0x000000061cc00000|  0%| F|  |TAMS 0x000000061c800000, 0x000000061c800000| Untracked 
|  21|0x000000061cc00000, 0x000000061cc00000, 0x000000061d000000|  0%| F|  |TAMS 0x000000061cc00000, 0x000000061cc00000| Untracked 
|  22|0x000000061d000000, 0x000000061d000000, 0x000000061d400000|  0%| F|  |TAMS 0x000000061d000000, 0x000000061d000000| Untracked 
|  23|0x000000061d400000, 0x000000061d400000, 0x000000061d800000|  0%| F|  |TAMS 0x000000061d400000, 0x000000061d400000| Untracked 
|  24|0x000000061d800000, 0x000000061d800000, 0x000000061dc00000|  0%| F|  |TAMS 0x000000061d800000, 0x000000061d800000| Untracked 
|  25|0x000000061dc00000, 0x000000061dc00000, 0x000000061e000000|  0%| F|  |TAMS 0x000000061dc00000, 0x000000061dc00000| Untracked 
|  26|0x000000061e000000, 0x000000061e000000, 0x000000061e400000|  0%| F|  |TAMS 0x000000061e000000, 0x000000061e000000| Untracked 
|  27|0x000000061e400000, 0x000000061e400000, 0x000000061e800000|  0%| F|  |TAMS 0x000000061e400000, 0x000000061e400000| Untracked 
|  28|0x000000061e800000, 0x000000061e800000, 0x000000061ec00000|  0%| F|  |TAMS 0x000000061e800000, 0x000000061e800000| Untracked 
|  29|0x000000061ec00000, 0x000000061ec00000, 0x000000061f000000|  0%| F|  |TAMS 0x000000061ec00000, 0x000000061ec00000| Untracked 
|  30|0x000000061f000000, 0x000000061f000000, 0x000000061f400000|  0%| F|  |TAMS 0x000000061f000000, 0x000000061f000000| Untracked 
|  31|0x000000061f400000, 0x000000061f400000, 0x000000061f800000|  0%| F|  |TAMS 0x000000061f400000, 0x000000061f400000| Untracked 
|  32|0x000000061f800000, 0x000000061f800000, 0x000000061fc00000|  0%| F|  |TAMS 0x000000061f800000, 0x000000061f800000| Untracked 
|  33|0x000000061fc00000, 0x000000061fc00000, 0x0000000620000000|  0%| F|  |TAMS 0x000000061fc00000, 0x000000061fc00000| Untracked 
|  34|0x0000000620000000, 0x0000000620000000, 0x0000000620400000|  0%| F|  |TAMS 0x0000000620000000, 0x0000000620000000| Untracked 
|  35|0x0000000620400000, 0x0000000620400000, 0x0000000620800000|  0%| F|  |TAMS 0x0000000620400000, 0x0000000620400000| Untracked 
|  36|0x0000000620800000, 0x0000000620800000, 0x0000000620c00000|  0%| F|  |TAMS 0x0000000620800000, 0x0000000620800000| Untracked 
|  37|0x0000000620c00000, 0x0000000620c00000, 0x0000000621000000|  0%| F|  |TAMS 0x0000000620c00000, 0x0000000620c00000| Untracked 
|  38|0x0000000621000000, 0x0000000621000000, 0x0000000621400000|  0%| F|  |TAMS 0x0000000621000000, 0x0000000621000000| Untracked 
|  39|0x0000000621400000, 0x0000000621400000, 0x0000000621800000|  0%| F|  |TAMS 0x0000000621400000, 0x0000000621400000| Untracked 
|  40|0x0000000621800000, 0x0000000621800000, 0x0000000621c00000|  0%| F|  |TAMS 0x0000000621800000, 0x0000000621800000| Untracked 
|  41|0x0000000621c00000, 0x0000000621c00000, 0x0000000622000000|  0%| F|  |TAMS 0x0000000621c00000, 0x0000000621c00000| Untracked 
|  42|0x0000000622000000, 0x0000000622000000, 0x0000000622400000|  0%| F|  |TAMS 0x0000000622000000, 0x0000000622000000| Untracked 
|  43|0x0000000622400000, 0x0000000622400000, 0x0000000622800000|  0%| F|  |TAMS 0x0000000622400000, 0x0000000622400000| Untracked 
|  44|0x0000000622800000, 0x0000000622800000, 0x0000000622c00000|  0%| F|  |TAMS 0x0000000622800000, 0x0000000622800000| Untracked 
|  45|0x0000000622c00000, 0x0000000622c00000, 0x0000000623000000|  0%| F|  |TAMS 0x0000000622c00000, 0x0000000622c00000| Untracked 
|  46|0x0000000623000000, 0x0000000623000000, 0x0000000623400000|  0%| F|  |TAMS 0x0000000623000000, 0x0000000623000000| Untracked 
|  47|0x0000000623400000, 0x0000000623400000, 0x0000000623800000|  0%| F|  |TAMS 0x0000000623400000, 0x0000000623400000| Untracked 
|  48|0x0000000623800000, 0x0000000623800000, 0x0000000623c00000|  0%| F|  |TAMS 0x0000000623800000, 0x0000000623800000| Untracked 
|  49|0x0000000623c00000, 0x0000000623c00000, 0x0000000624000000|  0%| F|  |TAMS 0x0000000623c00000, 0x0000000623c00000| Untracked 
|  50|0x0000000624000000, 0x0000000624000000, 0x0000000624400000|  0%| F|  |TAMS 0x0000000624000000, 0x0000000624000000| Untracked 
|  51|0x0000000624400000, 0x0000000624400000, 0x0000000624800000|  0%| F|  |TAMS 0x0000000624400000, 0x0000000624400000| Untracked 
|  52|0x0000000624800000, 0x0000000624800000, 0x0000000624c00000|  0%| F|  |TAMS 0x0000000624800000, 0x0000000624800000| Untracked 
|  53|0x0000000624c00000, 0x0000000624c00000, 0x0000000625000000|  0%| F|  |TAMS 0x0000000624c00000, 0x0000000624c00000| Untracked 
|  54|0x0000000625000000, 0x0000000625000000, 0x0000000625400000|  0%| F|  |TAMS 0x0000000625000000, 0x0000000625000000| Untracked 
|  55|0x0000000625400000, 0x0000000625400000, 0x0000000625800000|  0%| F|  |TAMS 0x0000000625400000, 0x0000000625400000| Untracked 
|  56|0x0000000625800000, 0x0000000625800000, 0x0000000625c00000|  0%| F|  |TAMS 0x0000000625800000, 0x0000000625800000| Untracked 
|  57|0x0000000625c00000, 0x0000000625c00000, 0x0000000626000000|  0%| F|  |TAMS 0x0000000625c00000, 0x0000000625c00000| Untracked 
|  58|0x0000000626000000, 0x0000000626000000, 0x0000000626400000|  0%| F|  |TAMS 0x0000000626000000, 0x0000000626000000| Untracked 
|  59|0x0000000626400000, 0x0000000626400000, 0x0000000626800000|  0%| F|  |TAMS 0x0000000626400000, 0x0000000626400000| Untracked 
|  60|0x0000000626800000, 0x0000000626800000, 0x0000000626c00000|  0%| F|  |TAMS 0x0000000626800000, 0x0000000626800000| Untracked 
|  61|0x0000000626c00000, 0x0000000626c00000, 0x0000000627000000|  0%| F|  |TAMS 0x0000000626c00000, 0x0000000626c00000| Untracked 
|  62|0x0000000627000000, 0x0000000627000000, 0x0000000627400000|  0%| F|  |TAMS 0x0000000627000000, 0x0000000627000000| Untracked 
|  63|0x0000000627400000, 0x0000000627400000, 0x0000000627800000|  0%| F|  |TAMS 0x0000000627400000, 0x0000000627400000| Untracked 
|  64|0x0000000627800000, 0x0000000627800000, 0x0000000627c00000|  0%| F|  |TAMS 0x0000000627800000, 0x0000000627800000| Untracked 
|  65|0x0000000627c00000, 0x0000000627c00000, 0x0000000628000000|  0%| F|  |TAMS 0x0000000627c00000, 0x0000000627c00000| Untracked 
|  66|0x0000000628000000, 0x0000000628000000, 0x0000000628400000|  0%| F|  |TAMS 0x0000000628000000, 0x0000000628000000| Untracked 
|  67|0x0000000628400000, 0x0000000628400000, 0x0000000628800000|  0%| F|  |TAMS 0x0000000628400000, 0x0000000628400000| Untracked 
|  68|0x0000000628800000, 0x0000000628800000, 0x0000000628c00000|  0%| F|  |TAMS 0x0000000628800000, 0x0000000628800000| Untracked 
|  69|0x0000000628c00000, 0x0000000628c00000, 0x0000000629000000|  0%| F|  |TAMS 0x0000000628c00000, 0x0000000628c00000| Untracked 
|  70|0x0000000629000000, 0x0000000629000000, 0x0000000629400000|  0%| F|  |TAMS 0x0000000629000000, 0x0000000629000000| Untracked 
|  71|0x0000000629400000, 0x0000000629400000, 0x0000000629800000|  0%| F|  |TAMS 0x0000000629400000, 0x0000000629400000| Untracked 
|  72|0x0000000629800000, 0x0000000629800000, 0x0000000629c00000|  0%| F|  |TAMS 0x0000000629800000, 0x0000000629800000| Untracked 
|  73|0x0000000629c00000, 0x0000000629c00000, 0x000000062a000000|  0%| F|  |TAMS 0x0000000629c00000, 0x0000000629c00000| Untracked 
|  74|0x000000062a000000, 0x000000062a000000, 0x000000062a400000|  0%| F|  |TAMS 0x000000062a000000, 0x000000062a000000| Untracked 
|  75|0x000000062a400000, 0x000000062a400000, 0x000000062a800000|  0%| F|  |TAMS 0x000000062a400000, 0x000000062a400000| Untracked 
|  76|0x000000062a800000, 0x000000062a800000, 0x000000062ac00000|  0%| F|  |TAMS 0x000000062a800000, 0x000000062a800000| Untracked 
|  77|0x000000062ac00000, 0x000000062ac00000, 0x000000062b000000|  0%| F|  |TAMS 0x000000062ac00000, 0x000000062ac00000| Untracked 
|  78|0x000000062b000000, 0x000000062b000000, 0x000000062b400000|  0%| F|  |TAMS 0x000000062b000000, 0x000000062b000000| Untracked 
|  79|0x000000062b400000, 0x000000062b400000, 0x000000062b800000|  0%| F|  |TAMS 0x000000062b400000, 0x000000062b400000| Untracked 
|  80|0x000000062b800000, 0x000000062b800000, 0x000000062bc00000|  0%| F|  |TAMS 0x000000062b800000, 0x000000062b800000| Untracked 
|  81|0x000000062bc00000, 0x000000062bc00000, 0x000000062c000000|  0%| F|  |TAMS 0x000000062bc00000, 0x000000062bc00000| Untracked 
|  82|0x000000062c000000, 0x000000062c000000, 0x000000062c400000|  0%| F|  |TAMS 0x000000062c000000, 0x000000062c000000| Untracked 
|  83|0x000000062c400000, 0x000000062c400000, 0x000000062c800000|  0%| F|  |TAMS 0x000000062c400000, 0x000000062c400000| Untracked 
|  84|0x000000062c800000, 0x000000062c800000, 0x000000062cc00000|  0%| F|  |TAMS 0x000000062c800000, 0x000000062c800000| Untracked 
|  85|0x000000062cc00000, 0x000000062cc00000, 0x000000062d000000|  0%| F|  |TAMS 0x000000062cc00000, 0x000000062cc00000| Untracked 
|  86|0x000000062d000000, 0x000000062d000000, 0x000000062d400000|  0%| F|  |TAMS 0x000000062d000000, 0x000000062d000000| Untracked 
|  87|0x000000062d400000, 0x000000062d400000, 0x000000062d800000|  0%| F|  |TAMS 0x000000062d400000, 0x000000062d400000| Untracked 
|  88|0x000000062d800000, 0x000000062d800000, 0x000000062dc00000|  0%| F|  |TAMS 0x000000062d800000, 0x000000062d800000| Untracked 
|  89|0x000000062dc00000, 0x000000062dc00000, 0x000000062e000000|  0%| F|  |TAMS 0x000000062dc00000, 0x000000062dc00000| Untracked 
|  90|0x000000062e000000, 0x000000062e000000, 0x000000062e400000|  0%| F|  |TAMS 0x000000062e000000, 0x000000062e000000| Untracked 
|  91|0x000000062e400000, 0x000000062e400000, 0x000000062e800000|  0%| F|  |TAMS 0x000000062e400000, 0x000000062e400000| Untracked 
|  92|0x000000062e800000, 0x000000062e800000, 0x000000062ec00000|  0%| F|  |TAMS 0x000000062e800000, 0x000000062e800000| Untracked 
|  93|0x000000062ec00000, 0x000000062ec00000, 0x000000062f000000|  0%| F|  |TAMS 0x000000062ec00000, 0x000000062ec00000| Untracked 
|  94|0x000000062f000000, 0x000000062f000000, 0x000000062f400000|  0%| F|  |TAMS 0x000000062f000000, 0x000000062f000000| Untracked 
|  95|0x000000062f400000, 0x000000062f400000, 0x000000062f800000|  0%| F|  |TAMS 0x000000062f400000, 0x000000062f400000| Untracked 
|  96|0x000000062f800000, 0x000000062f800000, 0x000000062fc00000|  0%| F|  |TAMS 0x000000062f800000, 0x000000062f800000| Untracked 
|  97|0x000000062fc00000, 0x000000062fc00000, 0x0000000630000000|  0%| F|  |TAMS 0x000000062fc00000, 0x000000062fc00000| Untracked 
|  98|0x0000000630000000, 0x0000000630000000, 0x0000000630400000|  0%| F|  |TAMS 0x0000000630000000, 0x0000000630000000| Untracked 
|  99|0x0000000630400000, 0x0000000630400000, 0x0000000630800000|  0%| F|  |TAMS 0x0000000630400000, 0x0000000630400000| Untracked 
| 100|0x0000000630800000, 0x0000000630800000, 0x0000000630c00000|  0%| F|  |TAMS 0x0000000630800000, 0x0000000630800000| Untracked 
| 101|0x0000000630c00000, 0x0000000630c00000, 0x0000000631000000|  0%| F|  |TAMS 0x0000000630c00000, 0x0000000630c00000| Untracked 
| 102|0x0000000631000000, 0x0000000631000000, 0x0000000631400000|  0%| F|  |TAMS 0x0000000631000000, 0x0000000631000000| Untracked 
| 103|0x0000000631400000, 0x0000000631400000, 0x0000000631800000|  0%| F|  |TAMS 0x0000000631400000, 0x0000000631400000| Untracked 
| 104|0x0000000631800000, 0x0000000631800000, 0x0000000631c00000|  0%| F|  |TAMS 0x0000000631800000, 0x0000000631800000| Untracked 
| 105|0x0000000631c00000, 0x0000000631c00000, 0x0000000632000000|  0%| F|  |TAMS 0x0000000631c00000, 0x0000000631c00000| Untracked 
| 106|0x0000000632000000, 0x0000000632000000, 0x0000000632400000|  0%| F|  |TAMS 0x0000000632000000, 0x0000000632000000| Untracked 
| 107|0x0000000632400000, 0x0000000632400000, 0x0000000632800000|  0%| F|  |TAMS 0x0000000632400000, 0x0000000632400000| Untracked 
| 108|0x0000000632800000, 0x0000000632800000, 0x0000000632c00000|  0%| F|  |TAMS 0x0000000632800000, 0x0000000632800000| Untracked 
| 109|0x0000000632c00000, 0x0000000632c00000, 0x0000000633000000|  0%| F|  |TAMS 0x0000000632c00000, 0x0000000632c00000| Untracked 
| 110|0x0000000633000000, 0x0000000633000000, 0x0000000633400000|  0%| F|  |TAMS 0x0000000633000000, 0x0000000633000000| Untracked 
| 111|0x0000000633400000, 0x0000000633400000, 0x0000000633800000|  0%| F|  |TAMS 0x0000000633400000, 0x0000000633400000| Untracked 
| 112|0x0000000633800000, 0x0000000633800000, 0x0000000633c00000|  0%| F|  |TAMS 0x0000000633800000, 0x0000000633800000| Untracked 
| 113|0x0000000633c00000, 0x0000000633c00000, 0x0000000634000000|  0%| F|  |TAMS 0x0000000633c00000, 0x0000000633c00000| Untracked 
| 114|0x0000000634000000, 0x0000000634000000, 0x0000000634400000|  0%| F|  |TAMS 0x0000000634000000, 0x0000000634000000| Untracked 
| 115|0x0000000634400000, 0x0000000634400000, 0x0000000634800000|  0%| F|  |TAMS 0x0000000634400000, 0x0000000634400000| Untracked 
| 116|0x0000000634800000, 0x0000000634800000, 0x0000000634c00000|  0%| F|  |TAMS 0x0000000634800000, 0x0000000634800000| Untracked 
| 117|0x0000000634c00000, 0x0000000634c00000, 0x0000000635000000|  0%| F|  |TAMS 0x0000000634c00000, 0x0000000634c00000| Untracked 
| 118|0x0000000635000000, 0x0000000635000000, 0x0000000635400000|  0%| F|  |TAMS 0x0000000635000000, 0x0000000635000000| Untracked 
| 119|0x0000000635400000, 0x0000000635400000, 0x0000000635800000|  0%| F|  |TAMS 0x0000000635400000, 0x0000000635400000| Untracked 
| 120|0x0000000635800000, 0x0000000635ae7680, 0x0000000635c00000| 72%| E|  |TAMS 0x0000000635800000, 0x0000000635800000| Complete 
| 121|0x0000000635c00000, 0x0000000636000000, 0x0000000636000000|100%| E|CS|TAMS 0x0000000635c00000, 0x0000000635c00000| Complete 
| 122|0x0000000636000000, 0x0000000636400000, 0x0000000636400000|100%| E|CS|TAMS 0x0000000636000000, 0x0000000636000000| Complete 
|1952|0x00000007ff800000, 0x00000007ffb75000, 0x00000007ffc00000| 86%|OA|  |TAMS 0x00000007ff800000, 0x00000007ff800000| Untracked 
|1953|0x00000007ffc00000, 0x00000007ffc78000, 0x0000000800000000| 11%|CA|  |TAMS 0x00000007ffc00000, 0x00000007ffc00000| Untracked 

Card table byte_map: [0x00007fe1fc2bc000,0x00007fe1fd200000] _byte_map_base: 0x00007fe1f9200000

Marking Bits (Prev, Next): (CMBitMap*) 0x00007fe21405c730, (CMBitMap*) 0x00007fe21405c770
 Prev Bits: [0x00007fe1f3958000, 0x00007fe1fb378000)
 Next Bits: [0x00007fe1ebf38000, 0x00007fe1f3958000)

Polling page: 0x00007fe21bfae000

Metaspace:

Usage:
  Non-class:      2.96 MB used.
      Class:    261.17 KB used.
       Both:      3.21 MB used.

Virtual space:
  Non-class space:       64.00 MB reserved,       3.06 MB (  5%) committed,  1 nodes.
      Class space:        1.00 GB reserved,     384.00 KB ( <1%) committed,  1 nodes.
             Both:        1.06 GB reserved,       3.44 MB ( <1%) committed. 

Chunk freelists:
   Non-Class:  10.67 MB
       Class:  15.61 MB
        Both:  26.28 MB

MaxMetaspaceSize: unlimited
CompressedClassSpaceSize: 1.00 GB
Initial GC threshold: 21.00 MB
Current GC threshold: 21.00 MB
CDS: on
MetaspaceReclaimPolicy: balanced
 - commit_granule_bytes: 65536.
 - commit_granule_words: 8192.
 - virtual_space_node_default_size: 8388608.
 - enlarge_chunks_in_place: 1.
 - new_chunks_are_fully_committed: 0.
 - uncommit_free_chunks: 1.
 - use_allocation_guard: 0.
 - handle_deallocations: 1.


Internal statistics:

num_allocs_failed_limit: 0.
num_arena_births: 60.
num_arena_deaths: 0.
num_vsnodes_births: 2.
num_vsnodes_deaths: 0.
num_space_committed: 55.
num_space_uncommitted: 0.
num_chunks_returned_to_freelist: 0.
num_chunks_taken_from_freelist: 134.
num_chunk_merges: 0.
num_chunk_splits: 87.
num_chunks_enlarged: 58.
num_inconsistent_stats: 0.

CodeHeap 'non-profiled nmethods': size=119168Kb used=236Kb max_used=236Kb free=118931Kb
 bounds [0x00007fe204da0000, 0x00007fe205010000, 0x00007fe20c200000]
CodeHeap 'profiled nmethods': size=119164Kb used=1349Kb max_used=1349Kb free=117814Kb
 bounds [0x00007fe1fd200000, 0x00007fe1fd470000, 0x00007fe20465f000]
CodeHeap 'non-nmethods': size=7428Kb used=2134Kb max_used=2154Kb free=5293Kb
 bounds [0x00007fe20465f000, 0x00007fe2048cf000, 0x00007fe204da0000]
 total_blobs=1734 nmethods=748 adapters=899
 compilation: enabled
              stopped_count=0, restarted_count=0
 full_count=0

Compilation events (20 events):
Event: 0.158 Thread 0x00007fe15c06e1b0  739       3       java.nio.HeapByteBuffer::put (12 bytes)
Event: 0.158 Thread 0x00007fe214175ae0 nmethod 736 0x00007fe1fd34d290 code [0x00007fe1fd34d5a0, 0x00007fe1fd34e4e0]
Event: 0.158 Thread 0x00007fe214175ae0  740  s    3       java.lang.Throwable::fillInStackTrace (29 bytes)
Event: 0.158 Thread 0x00007fe214175ae0 nmethod 740 0x00007fe1fd34ec90 code [0x00007fe1fd34ee40, 0x00007fe1fd34f120]
Event: 0.158 Thread 0x00007fe15c06e1b0 nmethod 739 0x00007fe1fd34f210 code [0x00007fe1fd34f400, 0x00007fe1fd34f820]
Event: 0.158 Thread 0x00007fe214175ae0  741       3       java.nio.ByteOrder::nativeOrder (4 bytes)
Event: 0.158 Thread 0x00007fe214175ae0 nmethod 741 0x00007fe1fd34f990 code [0x00007fe1fd34fb20, 0x00007fe1fd34fc10]
Event: 0.159 Thread 0x00007fe2141745b0 nmethod 681 0x00007fe204dd8510 code [0x00007fe204dd8760, 0x00007fe204dda010]
Event: 0.159 Thread 0x00007fe15c06e1b0  743       3       java.lang.Number::<init> (5 bytes)
Event: 0.159 Thread 0x00007fe15c06e1b0 nmethod 743 0x00007fe1fd34fc90 code [0x00007fe1fd34fe40, 0x00007fe1fd34ff90]
Event: 0.159 Thread 0x00007fe214175ae0  744       3       sun.misc.Unsafe::getLong (9 bytes)
Event: 0.159 Thread 0x00007fe214175ae0 nmethod 744 0x00007fe1fd350090 code [0x00007fe1fd350220, 0x00007fe1fd350330]
Event: 0.159 Thread 0x00007fe15c06e1b0  745       3       java.lang.ref.SoftReference::get (29 bytes)
Event: 0.160 Thread 0x00007fe15c06e1b0 nmethod 745 0x00007fe1fd350410 code [0x00007fe1fd3505c0, 0x00007fe1fd350790]
Event: 0.172 Thread 0x00007fe15c06e1b0  746       3       sun.misc.Unsafe::putLong (11 bytes)
Event: 0.172 Thread 0x00007fe15c06e1b0 nmethod 746 0x00007fe1fd350810 code [0x00007fe1fd3509a0, 0x00007fe1fd350ab0]
Event: 0.172 Thread 0x00007fe214175ae0  747       3       org.lwjgl.system.Checks::check (17 bytes)
Event: 0.172 Thread 0x00007fe15c06e1b0  748       3       org.lwjgl.system.CheckIntrinsics::checkIndex (6 bytes)
Event: 0.172 Thread 0x00007fe15c06e1b0 nmethod 748 0x00007fe1fd350b90 code [0x00007fe1fd350d40, 0x00007fe1fd350fa0]
Event: 0.172 Thread 0x00007fe214175ae0 nmethod 747 0x00007fe1fd351110 code [0x00007fe1fd3512e0, 0x00007fe1fd351600]

GC Heap History (0 events):
No events

Dll operation events (8 events):
Event: 0.001 Loaded shared library /home/bazzite/.gradle/jdks/eclipse_adoptium-17-amd64-linux.2/lib/libjava.so
Event: 0.011 Loaded shared library /home/bazzite/.gradle/jdks/eclipse_adoptium-17-amd64-linux.2/lib/libjsvml.so
Event: 0.021 Loaded shared library /home/bazzite/.gradle/jdks/eclipse_adoptium-17-amd64-linux.2/lib/libnio.so
Event: 0.022 Loaded shared library /home/bazzite/.gradle/jdks/eclipse_adoptium-17-amd64-linux.2/lib/libzip.so
Event: 0.056 Loaded shared library /home/bazzite/.gradle/jdks/eclipse_adoptium-17-amd64-linux.2/lib/libjimage.so
Event: 0.060 Loaded shared library /tmp/libgdxbazzite/da3a4817/libgdx64.so
Event: 0.084 Loaded shared library /home/bazzite/.gradle/jdks/eclipse_adoptium-17-amd64-linux.2/lib/libnet.so
Event: 0.089 Loaded shared library /tmp/lwjgl_bazzite/3.3.3+5/x64/liblwjgl.so

Deoptimization events (20 events):
Event: 0.047 Thread 0x00007fe21402ccc0 DEOPT PACKING pc=0x00007fe1fd2032bc sp=0x00007fe21aae3500
Event: 0.047 Thread 0x00007fe21402ccc0 DEOPT UNPACKING pc=0x00007fe2046b964f sp=0x00007fe21aae2970 mode 0
Event: 0.049 Thread 0x00007fe21402ccc0 DEOPT PACKING pc=0x00007fe1fd2032bc sp=0x00007fe21aae3480
Event: 0.049 Thread 0x00007fe21402ccc0 DEOPT UNPACKING pc=0x00007fe2046b964f sp=0x00007fe21aae28f0 mode 0
Event: 0.055 Thread 0x00007fe21402ccc0 Uncommon trap: trap_request=0xffffff45 fr.pc=0x00007fe204dad424 relative=0x0000000000000284
Event: 0.055 Thread 0x00007fe21402ccc0 Uncommon trap: reason=unstable_if action=reinterpret pc=0x00007fe204dad424 method=java.lang.String.startsWith(Ljava/lang/String;I)Z @ 14 c2
Event: 0.055 Thread 0x00007fe21402ccc0 DEOPT PACKING pc=0x00007fe204dad424 sp=0x00007fe21aae7150
Event: 0.055 Thread 0x00007fe21402ccc0 DEOPT UNPACKING pc=0x00007fe2046b8b19 sp=0x00007fe21aae70d0 mode 2
Event: 0.056 Thread 0x00007fe21402ccc0 Uncommon trap: trap_request=0xffffff6e fr.pc=0x00007fe204dac940 relative=0x0000000000000420
Event: 0.056 Thread 0x00007fe21402ccc0 Uncommon trap: reason=loop_limit_check action=maybe_recompile pc=0x00007fe204dac940 method=java.lang.StringLatin1.indexOf([BI[BII)I @ 37 c2
Event: 0.056 Thread 0x00007fe21402ccc0 DEOPT PACKING pc=0x00007fe204dac940 sp=0x00007fe21aae5470
Event: 0.056 Thread 0x00007fe21402ccc0 DEOPT UNPACKING pc=0x00007fe2046b8b19 sp=0x00007fe21aae53f0 mode 2
Event: 0.114 Thread 0x00007fe21402ccc0 Uncommon trap: trap_request=0xffffffde fr.pc=0x00007fe204dcd7ec relative=0x000000000000042c
Event: 0.114 Thread 0x00007fe21402ccc0 Uncommon trap: reason=class_check action=maybe_recompile pc=0x00007fe204dcd7ec method=java.util.HashMap.getNode(Ljava/lang/Object;)Ljava/util/HashMap$Node; @ 128 c2
Event: 0.114 Thread 0x00007fe21402ccc0 DEOPT PACKING pc=0x00007fe204dcd7ec sp=0x00007fe21aae4dd0
Event: 0.114 Thread 0x00007fe21402ccc0 DEOPT UNPACKING pc=0x00007fe2046b8b19 sp=0x00007fe21aae4d08 mode 2
Event: 0.124 Thread 0x00007fe21402ccc0 Uncommon trap: trap_request=0xffffffde fr.pc=0x00007fe204dcd7ec relative=0x000000000000042c
Event: 0.124 Thread 0x00007fe21402ccc0 Uncommon trap: reason=class_check action=maybe_recompile pc=0x00007fe204dcd7ec method=java.util.HashMap.getNode(Ljava/lang/Object;)Ljava/util/HashMap$Node; @ 128 c2
Event: 0.124 Thread 0x00007fe21402ccc0 DEOPT PACKING pc=0x00007fe204dcd7ec sp=0x00007fe21aae6530
Event: 0.124 Thread 0x00007fe21402ccc0 DEOPT UNPACKING pc=0x00007fe2046b8b19 sp=0x00007fe21aae6468 mode 2

Classes loaded (20 events):
Event: 0.105 Loading class jdk/internal/reflect/UnsafeQualifiedStaticObjectFieldAccessorImpl
Event: 0.105 Loading class jdk/internal/reflect/UnsafeQualifiedStaticFieldAccessorImpl
Event: 0.105 Loading class jdk/internal/reflect/UnsafeQualifiedStaticFieldAccessorImpl done
Event: 0.105 Loading class jdk/internal/reflect/UnsafeQualifiedStaticObjectFieldAccessorImpl done
Event: 0.106 Loading class java/util/function/LongPredicate
Event: 0.106 Loading class java/util/function/LongPredicate done
Event: 0.107 Loading class jdk/internal/access/foreign/MemorySegmentProxy
Event: 0.107 Loading class jdk/internal/access/foreign/MemorySegmentProxy done
Event: 0.109 Loading class java/nio/InvalidMarkException
Event: 0.110 Loading class java/nio/InvalidMarkException done
Event: 0.110 Loading class java/nio/BufferUnderflowException
Event: 0.110 Loading class java/nio/BufferUnderflowException done
Event: 0.117 Loading class java/lang/NoSuchFieldError
Event: 0.117 Loading class java/lang/NoSuchFieldError done
Event: 0.126 Loading class jdk/internal/reflect/UnsafeQualifiedStaticIntegerFieldAccessorImpl
Event: 0.126 Loading class jdk/internal/reflect/UnsafeQualifiedStaticIntegerFieldAccessorImpl done
Event: 0.145 Loading class java/lang/StrictMath
Event: 0.145 Loading class java/lang/StrictMath done
Event: 0.156 Loading class jdk/internal/misc/ScopedMemoryAccess$Scope
Event: 0.156 Loading class jdk/internal/misc/ScopedMemoryAccess$Scope done

Classes unloaded (0 events):
No events

Classes redefined (0 events):
No events

Internal exceptions (20 events):
Event: 0.084 Thread 0x00007fe21402ccc0 Exception <a 'sun/nio/fs/UnixException'{0x0000000635e802c8}> (0x0000000635e802c8) 
thrown [src/hotspot/share/prims/jni.cpp, line 516]
Event: 0.084 Thread 0x00007fe21402ccc0 Exception <a 'sun/nio/fs/UnixException'{0x0000000635e80690}> (0x0000000635e80690) 
thrown [src/hotspot/share/prims/jni.cpp, line 516]
Event: 0.086 Thread 0x00007fe21402ccc0 Exception <a 'sun/nio/fs/UnixException'{0x0000000635eb0550}> (0x0000000635eb0550) 
thrown [src/hotspot/share/prims/jni.cpp, line 516]
Event: 0.087 Thread 0x00007fe21402ccc0 Exception <a 'sun/nio/fs/UnixException'{0x0000000635eb6fc8}> (0x0000000635eb6fc8) 
thrown [src/hotspot/share/prims/jni.cpp, line 516]
Event: 0.089 Thread 0x00007fe21402ccc0 Exception <a 'sun/nio/fs/UnixException'{0x0000000635ebb9b0}> (0x0000000635ebb9b0) 
thrown [src/hotspot/share/prims/jni.cpp, line 516]
Event: 0.107 Thread 0x00007fe21402ccc0 Exception <a 'java/lang/NoSuchMethodError'{0x0000000635f5b580}: 'int java.lang.invoke.DirectMethodHandle$Holder.invokeStaticInit(java.lang.Object, java.lang.Object, int, long)'> (0x0000000635f5b580) 
thrown [src/hotspot/share/interpreter/linkResolver.cpp, line 758]
Event: 0.107 Thread 0x00007fe21402ccc0 Exception <a 'java/lang/NoSuchMethodError'{0x0000000635f60e48}: 'java.lang.Object java.lang.invoke.DirectMethodHandle$Holder.newInvokeSpecial(java.lang.Object, java.lang.Object, int)'> (0x0000000635f60e48) 
thrown [src/hotspot/share/interpreter/linkResolver.cpp, line 758]
Event: 0.108 Thread 0x00007fe21402ccc0 Exception <a 'java/lang/NoSuchMethodError'{0x0000000635ff09b0}: 'int java.lang.invoke.DirectMethodHandle$Holder.invokeStaticInit(java.lang.Object, java.lang.Object, long, long)'> (0x0000000635ff09b0) 
thrown [src/hotspot/share/interpreter/linkResolver.cpp, line 758]
Event: 0.108 Thread 0x00007fe21402ccc0 Exception <a 'java/lang/NoSuchMethodError'{0x0000000635ff6ac0}: 'java.lang.Object java.lang.invoke.DirectMethodHandle$Holder.newInvokeSpecial(java.lang.Object, java.lang.Object, long)'> (0x0000000635ff6ac0) 
thrown [src/hotspot/share/interpreter/linkResolver.cpp, line 758]
Event: 0.108 Thread 0x00007fe21402ccc0 Exception <a 'java/lang/NoSuchMethodError'{0x0000000635ffab08}: 'java.lang.Object java.lang.invoke.Invokers$Holder.linkToTargetMethod(java.lang.Object, long, java.lang.Object)'> (0x0000000635ffab08) 
thrown [src/hotspot/share/interpreter/linkResolver.cpp, line 758]
Event: 0.109 Thread 0x00007fe21402ccc0 Exception <a 'java/lang/NoSuchMethodError'{0x0000000635802588}: 'int java.lang.invoke.DirectMethodHandle$Holder.invokeStaticInit(java.lang.Object, java.lang.Object, java.lang.Object, long)'> (0x0000000635802588) 
thrown [src/hotspot/share/interpreter/linkResolver.cpp, line 758]
Event: 0.114 Thread 0x00007fe21402ccc0 Exception <a 'sun/nio/fs/UnixException'{0x00000006358a97a8}> (0x00000006358a97a8) 
thrown [src/hotspot/share/prims/jni.cpp, line 516]
Event: 0.114 Thread 0x00007fe21402ccc0 Exception <a 'sun/nio/fs/UnixException'{0x00000006358afe20}> (0x00000006358afe20) 
thrown [src/hotspot/share/prims/jni.cpp, line 516]
Event: 0.116 Thread 0x00007fe21402ccc0 Exception <a 'sun/nio/fs/UnixException'{0x00000006358b28f0}> (0x00000006358b28f0) 
thrown [src/hotspot/share/prims/jni.cpp, line 516]
Event: 0.123 Thread 0x00007fe21402ccc0 Exception <a 'sun/nio/fs/UnixException'{0x000000063595fa58}> (0x000000063595fa58) 
thrown [src/hotspot/share/prims/jni.cpp, line 516]
Event: 0.124 Thread 0x00007fe21402ccc0 Exception <a 'sun/nio/fs/UnixException'{0x0000000635966080}> (0x0000000635966080) 
thrown [src/hotspot/share/prims/jni.cpp, line 516]
Event: 0.125 Thread 0x00007fe21402ccc0 Exception <a 'sun/nio/fs/UnixException'{0x0000000635968b20}> (0x0000000635968b20) 
thrown [src/hotspot/share/prims/jni.cpp, line 516]
Event: 0.150 Thread 0x00007fe21402ccc0 Exception <a 'sun/nio/fs/UnixException'{0x0000000635a2db88}> (0x0000000635a2db88) 
thrown [src/hotspot/share/prims/jni.cpp, line 516]
Event: 0.150 Thread 0x00007fe21402ccc0 Exception <a 'sun/nio/fs/UnixException'{0x0000000635a341e0}> (0x0000000635a341e0) 
thrown [src/hotspot/share/prims/jni.cpp, line 516]
Event: 0.154 Thread 0x00007fe21402ccc0 Exception <a 'sun/nio/fs/UnixException'{0x0000000635a36c80}> (0x0000000635a36c80) 
thrown [src/hotspot/share/prims/jni.cpp, line 516]

VM Operations (8 events):
Event: 0.058 Executing VM operation: HandshakeAllThreads
Event: 0.058 Executing VM operation: HandshakeAllThreads done
Event: 0.073 Executing VM operation: HandshakeAllThreads
Event: 0.073 Executing VM operation: HandshakeAllThreads done
Event: 0.079 Executing VM operation: HandshakeAllThreads
Event: 0.079 Executing VM operation: HandshakeAllThreads done
Event: 0.090 Executing VM operation: HandshakeAllThreads
Event: 0.090 Executing VM operation: HandshakeAllThreads done

Memory protections (13 events):
Event: 0.001 Protecting memory [0x00007fe21a9e9000,0x00007fe21a9ed000] with protection modes 0
Event: 0.012 Protecting memory [0x00007fe1e9528000,0x00007fe1e952c000] with protection modes 0
Event: 0.013 Protecting memory [0x00007fe1e9428000,0x00007fe1e942c000] with protection modes 0
Event: 0.014 Protecting memory [0x00007fe1e9328000,0x00007fe1e932c000] with protection modes 0
Event: 0.014 Protecting memory [0x00007fe1e9228000,0x00007fe1e922c000] with protection modes 0
Event: 0.014 Protecting memory [0x00007fe1e9128000,0x00007fe1e912c000] with protection modes 0
Event: 0.014 Protecting memory [0x00007fe1e9028000,0x00007fe1e902c000] with protection modes 0
Event: 0.015 Protecting memory [0x00007fe1e8f28000,0x00007fe1e8f2c000] with protection modes 0
Event: 0.015 Protecting memory [0x00007fe1e8e28000,0x00007fe1e8e2c000] with protection modes 0
Event: 0.019 Protecting memory [0x00007fe1e8d28000,0x00007fe1e8d2c000] with protection modes 0
Event: 0.020 Protecting memory [0x00007fe1e8b27000,0x00007fe1e8b2b000] with protection modes 0
Event: 0.025 Protecting memory [0x00007fe1e8a27000,0x00007fe1e8a2b000] with protection modes 0
Event: 0.104 Protecting memory [0x00007fe1e868a000,0x00007fe1e868e000] with protection modes 0

Nmethod flushes (0 events):
No events

Events (13 events):
Event: 0.011 Thread 0x00007fe21402ccc0 Thread added: 0x00007fe21402ccc0
Event: 0.012 Thread 0x00007fe21402ccc0 Thread added: 0x00007fe214169a40
Event: 0.012 Thread 0x00007fe21402ccc0 Thread added: 0x00007fe21416ae20
Event: 0.014 Thread 0x00007fe21402ccc0 Thread added: 0x00007fe2141703c0
Event: 0.014 Thread 0x00007fe21402ccc0 Thread added: 0x00007fe214171770
Event: 0.014 Thread 0x00007fe21402ccc0 Thread added: 0x00007fe214172b80
Event: 0.014 Thread 0x00007fe21402ccc0 Thread added: 0x00007fe2141745b0
Event: 0.015 Thread 0x00007fe21402ccc0 Thread added: 0x00007fe214175ae0
Event: 0.015 Thread 0x00007fe21402ccc0 Thread added: 0x00007fe214176f50
Event: 0.019 Thread 0x00007fe21402ccc0 Thread added: 0x00007fe21417f690
Event: 0.020 Thread 0x00007fe21402ccc0 Thread added: 0x00007fe214182740
Event: 0.025 Thread 0x00007fe2141745b0 Thread added: 0x00007fe15c06e1b0
Event: 0.104 Thread 0x00007fe15c06e1b0 Thread added: 0x00007fe144157df0


Dynamic libraries:
617800000-636400000 rw-p 00000000 00:00 0 
636400000-7ff800000 ---p 00000000 00:00 0 
7ff800000-7ffb00000 rw-p 00000000 00:00 0 
7ffb00000-7ffb75000 rw-p 00c79000 00:22 4015135                          /home/bazzite/.gradle/jdks/eclipse_adoptium-17-amd64-linux.2/lib/server/classes.jsa
7ffb75000-7ffc00000 rw-p 00000000 00:00 0 
7ffc00000-7ffc78000 rw-p 00c01000 00:22 4015135                          /home/bazzite/.gradle/jdks/eclipse_adoptium-17-amd64-linux.2/lib/server/classes.jsa
7ffc78000-800000000 rw-p 00000000 00:00 0 
55623f082000-55623f083000 r--p 00000000 00:22 4015283                    /home/bazzite/.gradle/jdks/eclipse_adoptium-17-amd64-linux.2/bin/java
55623f083000-55623f084000 r-xp 00001000 00:22 4015283                    /home/bazzite/.gradle/jdks/eclipse_adoptium-17-amd64-linux.2/bin/java
55623f084000-55623f085000 r--p 00002000 00:22 4015283                    /home/bazzite/.gradle/jdks/eclipse_adoptium-17-amd64-linux.2/bin/java
55623f085000-55623f086000 r--p 00002000 00:22 4015283                    /home/bazzite/.gradle/jdks/eclipse_adoptium-17-amd64-linux.2/bin/java
55623f086000-55623f087000 rw-p 00003000 00:22 4015283                    /home/bazzite/.gradle/jdks/eclipse_adoptium-17-amd64-linux.2/bin/java
5562592fc000-556259347000 rw-p 00000000 00:00 0                          [heap]
7fe134000000-7fe134021000 rw-p 00000000 00:00 0 
7fe134021000-7fe138000000 ---p 00000000 00:00 0 
7fe138000000-7fe138022000 rw-p 00000000 00:00 0 
7fe138022000-7fe13c000000 ---p 00000000 00:00 0 
7fe13c000000-7fe13c021000 rw-p 00000000 00:00 0 
7fe13c021000-7fe140000000 ---p 00000000 00:00 0 
7fe140000000-7fe140022000 rw-p 00000000 00:00 0 
7fe140022000-7fe144000000 ---p 00000000 00:00 0 
7fe144000000-7fe144160000 rw-p 00000000 00:00 0 
7fe144160000-7fe148000000 ---p 00000000 00:00 0 
7fe148000000-7fe148029000 rw-p 00000000 00:00 0 
7fe148029000-7fe14c000000 ---p 00000000 00:00 0 
7fe14c000000-7fe14c021000 rw-p 00000000 00:00 0 
7fe14c021000-7fe150000000 ---p 00000000 00:00 0 
7fe150000000-7fe150021000 rw-p 00000000 00:00 0 
7fe150021000-7fe154000000 ---p 00000000 00:00 0 
7fe154000000-7fe154021000 rw-p 00000000 00:00 0 
7fe154021000-7fe158000000 ---p 00000000 00:00 0 
7fe158000000-7fe158021000 rw-p 00000000 00:00 0 
7fe158021000-7fe15c000000 ---p 00000000 00:00 0 
7fe15c000000-7fe15c2e9000 rw-p 00000000 00:00 0 
7fe15c2e9000-7fe160000000 ---p 00000000 00:00 0 
7fe160000000-7fe1602cd000 rw-p 00000000 00:00 0 
7fe1602cd000-7fe164000000 ---p 00000000 00:00 0 
7fe164000000-7fe164021000 rw-p 00000000 00:00 0 
7fe164021000-7fe168000000 ---p 00000000 00:00 0 
7fe168000000-7fe168021000 rw-p 00000000 00:00 0 
7fe168021000-7fe16c000000 ---p 00000000 00:00 0 
7fe16c000000-7fe16c021000 rw-p 00000000 00:00 0 
7fe16c021000-7fe170000000 ---p 00000000 00:00 0 
7fe17198f000-7fe172190000 -wxp 00000000 00:00 0 
7fe172190000-7fe180000000 r--p 00000000 00:79 6198342                    /usr/lib/locale/locale-archive
7fe180000000-7fe180021000 rw-p 00000000 00:00 0 
7fe180021000-7fe184000000 ---p 00000000 00:00 0 
7fe184000000-7fe184021000 rw-p 00000000 00:00 0 
7fe184021000-7fe188000000 ---p 00000000 00:00 0 
7fe188000000-7fe188021000 rw-p 00000000 00:00 0 
7fe188021000-7fe18c000000 ---p 00000000 00:00 0 
7fe18c069000-7fe18c0c1000 r-xp 00000000 00:79 1076224                    /usr/lib64/spa-0.2/audioconvert/libspa-audioconvert.so
7fe18c0c1000-7fe18c129000 r--p 00058000 00:79 1076224                    /usr/lib64/spa-0.2/audioconvert/libspa-audioconvert.so
7fe18c129000-7fe18c130000 r--p 000c0000 00:79 1076224                    /usr/lib64/spa-0.2/audioconvert/libspa-audioconvert.so
7fe18c130000-7fe18c133000 rw-p 000c7000 00:79 1076224                    /usr/lib64/spa-0.2/audioconvert/libspa-audioconvert.so
7fe18c133000-7fe18d936000 -wxp 00000000 00:00 0 
7fe18d936000-7fe18d954000 r-xp 00000000 00:79 1076208                    /usr/lib64/pipewire-0.3/libpipewire-module-session-manager.so
7fe18d954000-7fe18d95a000 r--p 0001e000 00:79 1076208                    /usr/lib64/pipewire-0.3/libpipewire-module-session-manager.so
7fe18d95a000-7fe18d95c000 r--p 00024000 00:79 1076208                    /usr/lib64/pipewire-0.3/libpipewire-module-session-manager.so
7fe18d95c000-7fe18d95d000 rw-p 00000000 00:00 0 
7fe18d95d000-7fe18d967000 r-xp 00000000 00:79 1076190                    /usr/lib64/pipewire-0.3/libpipewire-module-metadata.so
7fe18d967000-7fe18d96a000 r--p 0000a000 00:79 1076190                    /usr/lib64/pipewire-0.3/libpipewire-module-metadata.so
7fe18d96a000-7fe18d96b000 r--p 0000d000 00:79 1076190                    /usr/lib64/pipewire-0.3/libpipewire-module-metadata.so
7fe18d96b000-7fe18d96c000 rw-p 0000e000 00:79 1076190                    /usr/lib64/pipewire-0.3/libpipewire-module-metadata.so
7fe18d96c000-7fe18d970000 r-xp 00000000 00:79 1076180                    /usr/lib64/pipewire-0.3/libpipewire-module-adapter.so
7fe18d970000-7fe18d973000 r--p 00004000 00:79 1076180                    /usr/lib64/pipewire-0.3/libpipewire-module-adapter.so
7fe18d973000-7fe18d974000 r--p 00007000 00:79 1076180                    /usr/lib64/pipewire-0.3/libpipewire-module-adapter.so
7fe18d974000-7fe18d975000 rw-p 00008000 00:79 1076180                    /usr/lib64/pipewire-0.3/libpipewire-module-adapter.so
7fe18d975000-7fe18d981000 r-xp 00000000 00:79 1076182                    /usr/lib64/pipewire-0.3/libpipewire-module-client-device.so
7fe18d981000-7fe18d984000 r--p 0000c000 00:79 1076182                    /usr/lib64/pipewire-0.3/libpipewire-module-client-device.so
7fe18d984000-7fe18d985000 r--p 0000e000 00:79 1076182                    /usr/lib64/pipewire-0.3/libpipewire-module-client-device.so
7fe18d985000-7fe18d986000 rw-p 0000f000 00:79 1076182                    /usr/lib64/pipewire-0.3/libpipewire-module-client-device.so
7fe18d986000-7fe18d9aa000 r-xp 00000000 00:79 1076183                    /usr/lib64/pipewire-0.3/libpipewire-module-client-node.so
7fe18d9aa000-7fe18d9b2000 r--p 00024000 00:79 1076183                    /usr/lib64/pipewire-0.3/libpipewire-module-client-node.so
7fe18d9b2000-7fe18d9b4000 r--p 0002c000 00:79 1076183                    /usr/lib64/pipewire-0.3/libpipewire-module-client-node.so
7fe18d9b4000-7fe18d9b5000 rw-p 0002e000 00:79 1076183                    /usr/lib64/pipewire-0.3/libpipewire-module-client-node.so
7fe18d9b5000-7fe18da36000 r-xp 00000000 00:26 31668                      /run/host/usr/lib64/libpcre2-8.so.0.15.0
7fe18da36000-7fe18da64000 r--p 00081000 00:26 31668                      /run/host/usr/lib64/libpcre2-8.so.0.15.0
7fe18da64000-7fe18da65000 r--p 000ae000 00:26 31668                      /run/host/usr/lib64/libpcre2-8.so.0.15.0
7fe18da65000-7fe18da66000 rw-p 000af000 00:26 31668                      /run/host/usr/lib64/libpcre2-8.so.0.15.0
7fe18da66000-7fe18da87000 r-xp 00000000 00:26 32619                      /run/host/usr/lib64/libselinux.so.1
7fe18da87000-7fe18da95000 r--p 00021000 00:26 32619                      /run/host/usr/lib64/libselinux.so.1
7fe18da95000-7fe18da96000 r--p 0002f000 00:26 32619                      /run/host/usr/lib64/libselinux.so.1
7fe18da96000-7fe18da97000 rw-p 00030000 00:26 32619                      /run/host/usr/lib64/libselinux.so.1
7fe18da97000-7fe18da99000 rw-p 00000000 00:00 0 
7fe18da99000-7fe18dabc000 r-xp 00000000 00:79 1076197                    /usr/lib64/pipewire-0.3/libpipewire-module-protocol-native.so
7fe18dabc000-7fe18dacb000 r--p 00023000 00:79 1076197                    /usr/lib64/pipewire-0.3/libpipewire-module-protocol-native.so
7fe18dacb000-7fe18dadb000 r--p 00031000 00:79 1076197                    /usr/lib64/pipewire-0.3/libpipewire-module-protocol-native.so
7fe18dadb000-7fe18dadc000 rw-p 00041000 00:79 1076197                    /usr/lib64/pipewire-0.3/libpipewire-module-protocol-native.so
7fe18dadc000-7fe18e2dd000 -wxp 00000000 00:00 0 
7fe18e2dd000-7fe18e2e1000 r-xp 00000000 00:79 1076202                    /usr/lib64/pipewire-0.3/libpipewire-module-rt.so
7fe18e2e1000-7fe18e2e4000 r--p 00004000 00:79 1076202                    /usr/lib64/pipewire-0.3/libpipewire-module-rt.so
7fe18e2e4000-7fe18e2e5000 r--p 00007000 00:79 1076202                    /usr/lib64/pipewire-0.3/libpipewire-module-rt.so
7fe18e2e5000-7fe18e2e6000 rw-p 00008000 00:79 1076202                    /usr/lib64/pipewire-0.3/libpipewire-module-rt.so
7fe18e2e6000-7fe18e2ed000 r--s 00000000 00:79 6199512                    /usr/lib64/gconv/gconv-modules.cache
7fe18e2ed000-7fe18e323000 r-xp 00000000 00:26 26855                      /run/host/usr/lib64/libdbus-1.so.3.38.3
7fe18e323000-7fe18e342000 r--p 00036000 00:26 26855                      /run/host/usr/lib64/libdbus-1.so.3.38.3
7fe18e342000-7fe18e344000 r--p 00054000 00:26 26855                      /run/host/usr/lib64/libdbus-1.so.3.38.3
7fe18e344000-7fe18e345000 rw-p 00056000 00:26 26855                      /run/host/usr/lib64/libdbus-1.so.3.38.3
7fe18e345000-7fe18e348000 r-xp 00000000 00:79 1076248                    /usr/lib64/spa-0.2/support/libspa-dbus.so
7fe18e348000-7fe18e34a000 r--p 00003000 00:79 1076248                    /usr/lib64/spa-0.2/support/libspa-dbus.so
7fe18e34a000-7fe18e34b000 r--p 00004000 00:79 1076248                    /usr/lib64/spa-0.2/support/libspa-dbus.so
7fe18e34b000-7fe18e34c000 rw-p 00005000 00:79 1076248                    /usr/lib64/spa-0.2/support/libspa-dbus.so
7fe18e34c000-7fe18e41c000 r-xp 00000000 00:26 33097                      /run/host/usr/lib64/libsystemd.so.0.42.0
7fe18e41c000-7fe18e479000 r--p 000d0000 00:26 33097                      /run/host/usr/lib64/libsystemd.so.0.42.0
7fe18e479000-7fe18e482000 r--p 0012d000 00:26 33097                      /run/host/usr/lib64/libsystemd.so.0.42.0
7fe18e482000-7fe18e483000 rw-p 00136000 00:26 33097                      /run/host/usr/lib64/libsystemd.so.0.42.0
7fe18e483000-7fe18e484000 rw-p 00000000 00:00 0 
7fe18e484000-7fe18e486000 r-xp 00000000 00:79 1076249                    /usr/lib64/spa-0.2/support/libspa-journal.so
7fe18e486000-7fe18e487000 r--p 00002000 00:79 1076249                    /usr/lib64/spa-0.2/support/libspa-journal.so
7fe18e487000-7fe18e488000 r--p 00002000 00:79 1076249                    /usr/lib64/spa-0.2/support/libspa-journal.so
7fe18e488000-7fe18e489000 rw-p 00003000 00:79 1076249                    /usr/lib64/spa-0.2/support/libspa-journal.so
7fe18e489000-7fe18e4a2000 r-xp 00000000 00:79 1076250                    /usr/lib64/spa-0.2/support/libspa-support.so
7fe18e4a2000-7fe18e4a9000 r--p 00019000 00:79 1076250                    /usr/lib64/spa-0.2/support/libspa-support.so
7fe18e4a9000-7fe18e4ab000 r--p 0001f000 00:79 1076250                    /usr/lib64/spa-0.2/support/libspa-support.so
7fe18e4ab000-7fe18e4ac000 rw-p 00021000 00:79 1076250                    /usr/lib64/spa-0.2/support/libspa-support.so
7fe18e4ac000-7fe18e536000 r-xp 00000000 00:26 31771                      /run/host/usr/lib64/libpipewire-0.3.so.0.1604.0
7fe18e536000-7fe18e560000 r--p 0008a000 00:26 31771                      /run/host/usr/lib64/libpipewire-0.3.so.0.1604.0
7fe18e560000-7fe18e57c000 r--p 000b3000 00:26 31771                      /run/host/usr/lib64/libpipewire-0.3.so.0.1604.0
7fe18e57c000-7fe18e57d000 rw-p 000cf000 00:26 31771                      /run/host/usr/lib64/libpipewire-0.3.so.0.1604.0
7fe18e57d000-7fe18e57e000 rw-p 00000000 00:00 0 
7fe18e57e000-7fe18e5a2000 r-xp 00000000 00:26 27953                      /run/host/usr/lib64/libgcc_s-16-20260321.so.1
7fe18e5a2000-7fe18e5a9000 r--p 00024000 00:26 27953                      /run/host/usr/lib64/libgcc_s-16-20260321.so.1
7fe18e5a9000-7fe18e5aa000 r--p 0002b000 00:26 27953                      /run/host/usr/lib64/libgcc_s-16-20260321.so.1
7fe18e5aa000-7fe18e5ab000 rw-p 00000000 00:00 0 
7fe18e5ab000-7fe18e6fd000 r-xp 00000000 00:26 33036                      /run/host/usr/lib64/libstdc++.so.6.0.35
7fe18e6fd000-7fe18e81c000 r--p 00152000 00:26 33036                      /run/host/usr/lib64/libstdc++.so.6.0.35
7fe18e81c000-7fe18e82d000 r--p 00271000 00:26 33036                      /run/host/usr/lib64/libstdc++.so.6.0.35
7fe18e82d000-7fe18e82e000 rw-p 00282000 00:26 33036                      /run/host/usr/lib64/libstdc++.so.6.0.35
7fe18e82e000-7fe18e832000 rw-p 00000000 00:00 0 
7fe18e832000-7fe18e845000 r--p 00000000 00:37 397                        /tmp/lwjgl_bazzite/3.3.3+5/x64/libopenal.so
7fe18e845000-7fe18e8e5000 r-xp 00013000 00:37 397                        /tmp/lwjgl_bazzite/3.3.3+5/x64/libopenal.so
7fe18e8e5000-7fe18e947000 r--p 000b3000 00:37 397                        /tmp/lwjgl_bazzite/3.3.3+5/x64/libopenal.so
7fe18e947000-7fe18e948000 ---p 00115000 00:37 397                        /tmp/lwjgl_bazzite/3.3.3+5/x64/libopenal.so
7fe18e948000-7fe18e94d000 r--p 00115000 00:37 397                        /tmp/lwjgl_bazzite/3.3.3+5/x64/libopenal.so
7fe18e94d000-7fe18e94e000 rw-p 0011a000 00:37 397                        /tmp/lwjgl_bazzite/3.3.3+5/x64/libopenal.so
7fe18e94e000-7fe18e9c9000 rw-p 00000000 00:00 0 
7fe18e9c9000-7fe18e9d0000 r-xp 00000000 00:26 24958                      /run/host/usr/lib64/libXcursor.so.1.0.2
7fe18e9d0000-7fe18e9d4000 r--p 00007000 00:26 24958                      /run/host/usr/lib64/libXcursor.so.1.0.2
7fe18e9d4000-7fe18e9d5000 r--p 0000b000 00:26 24958                      /run/host/usr/lib64/libXcursor.so.1.0.2
7fe18e9d5000-7fe18e9d6000 rw-p 00000000 00:00 0 
7fe18e9d6000-7fe18e9ea000 r-xp 00000000 00:26 34583                      /run/host/usr/lib64/libxcb.so.1.1.0
7fe18e9ea000-7fe18e9fe000 r--p 00014000 00:26 34583                      /run/host/usr/lib64/libxcb.so.1.1.0
7fe18e9fe000-7fe18e9ff000 r--p 00028000 00:26 34583                      /run/host/usr/lib64/libxcb.so.1.1.0
7fe18e9ff000-7fe18ea00000 rw-p 00029000 00:26 34583                      /run/host/usr/lib64/libxcb.so.1.1.0
7fe18ea00000-7fe18f000000 rw-p 00000000 00:00 0 
7fe18f000000-7fe18f1b0000 rw-p 00000000 00:00 0 
7fe18f1b0000-7fe18f400000 ---p 00000000 00:00 0 
7fe18f400000-7fe18f560000 rw-p 00000000 00:00 0 
7fe18f560000-7fe193000000 ---p 00000000 00:00 0 
7fe193000000-7fe193bc9000 rw-p 00001000 00:22 4015135                    /home/bazzite/.gradle/jdks/eclipse_adoptium-17-amd64-linux.2/lib/server/classes.jsa
7fe193bc9000-7fe194000000 ---p 00000000 00:00 0 
7fe194000000-7fe194030000 rw-p 00000000 00:00 0 
7fe194030000-7fe194040000 ---p 00000000 00:00 0 
7fe194040000-7fe194070000 rw-p 00000000 00:00 0 
7fe194070000-7fe1d4000000 ---p 00000000 00:00 0 
7fe1d4000000-7fe1d4021000 rw-p 00000000 00:00 0 
7fe1d4021000-7fe1d8000000 ---p 00000000 00:00 0 
7fe1d8000000-7fe1d8021000 rw-p 00000000 00:00 0 
7fe1d8021000-7fe1dc000000 ---p 00000000 00:00 0 
7fe1dc000000-7fe1dc021000 rw-p 00000000 00:00 0 
7fe1dc021000-7fe1e0000000 ---p 00000000 00:00 0 
7fe1e0000000-7fe1e0021000 rw-p 00000000 00:00 0 
7fe1e0021000-7fe1e4000000 ---p 00000000 00:00 0 
7fe1e4000000-7fe1e4021000 rw-p 00000000 00:00 0 
7fe1e4021000-7fe1e8000000 ---p 00000000 00:00 0 
7fe1e8000000-7fe1e8008000 r-xp 00000000 00:26 25056                      /run/host/usr/lib64/libXrender.so.1.3.0
7fe1e8008000-7fe1e800b000 r--p 00008000 00:26 25056                      /run/host/usr/lib64/libXrender.so.1.3.0
7fe1e800b000-7fe1e800c000 r--p 0000a000 00:26 25056                      /run/host/usr/lib64/libXrender.so.1.3.0
7fe1e800c000-7fe1e800d000 rw-p 0000b000 00:26 25056                      /run/host/usr/lib64/libXrender.so.1.3.0
7fe1e800d000-7fe1e801a000 r-xp 00000000 00:26 25011                      /run/host/usr/lib64/libXi.so.6.1.0
7fe1e801a000-7fe1e801e000 r--p 0000d000 00:26 25011                      /run/host/usr/lib64/libXi.so.6.1.0
7fe1e801e000-7fe1e801f000 r--p 00011000 00:26 25011                      /run/host/usr/lib64/libXi.so.6.1.0
7fe1e801f000-7fe1e8020000 rw-p 00012000 00:26 25011                      /run/host/usr/lib64/libXi.so.6.1.0
7fe1e8020000-7fe1e80c6000 r-xp 00000000 00:26 24911                      /run/host/usr/lib64/libX11.so.6.4.0
7fe1e80c6000-7fe1e816f000 r--p 000a6000 00:26 24911                      /run/host/usr/lib64/libX11.so.6.4.0
7fe1e816f000-7fe1e8172000 r--p 0014e000 00:26 24911                      /run/host/usr/lib64/libX11.so.6.4.0
7fe1e8172000-7fe1e8176000 rw-p 00151000 00:26 24911                      /run/host/usr/lib64/libX11.so.6.4.0
7fe1e8176000-7fe1e8184000 r--p 00000000 00:37 396                        /tmp/lwjgl_bazzite/3.3.3+5/x64/libglfw.so
7fe1e8184000-7fe1e81a3000 r-xp 0000e000 00:37 396                        /tmp/lwjgl_bazzite/3.3.3+5/x64/libglfw.so
7fe1e81a3000-7fe1e81d6000 r--p 0002d000 00:37 396                        /tmp/lwjgl_bazzite/3.3.3+5/x64/libglfw.so
7fe1e81d6000-7fe1e81d7000 ---p 00060000 00:37 396                        /tmp/lwjgl_bazzite/3.3.3+5/x64/libglfw.so
7fe1e81d7000-7fe1e81da000 r--p 00060000 00:37 396                        /tmp/lwjgl_bazzite/3.3.3+5/x64/libglfw.so
7fe1e81da000-7fe1e81dd000 rw-p 00063000 00:37 396                        /tmp/lwjgl_bazzite/3.3.3+5/x64/libglfw.so
7fe1e81dd000-7fe1e8200000 rw-p 00000000 00:00 0 
7fe1e8200000-7fe1e8400000 rw-p 00000000 00:00 0 
7fe1e8403000-7fe1e8407000 r-xp 00000000 00:26 24989                      /run/host/usr/lib64/libXfixes.so.3.1.0
7fe1e8407000-7fe1e8409000 r--p 00004000 00:26 24989                      /run/host/usr/lib64/libXfixes.so.3.1.0
7fe1e8409000-7fe1e840a000 r--p 00006000 00:26 24989                      /run/host/usr/lib64/libXfixes.so.3.1.0
7fe1e840a000-7fe1e840b000 rw-p 00007000 00:26 24989                      /run/host/usr/lib64/libXfixes.so.3.1.0
7fe1e840b000-7fe1e8413000 r--p 00000000 00:37 395                        /tmp/lwjgl_bazzite/3.3.3+5/x64/libjemalloc.so
7fe1e8413000-7fe1e8468000 r-xp 00008000 00:37 395                        /tmp/lwjgl_bazzite/3.3.3+5/x64/libjemalloc.so
7fe1e8468000-7fe1e8478000 r--p 0005d000 00:37 395                        /tmp/lwjgl_bazzite/3.3.3+5/x64/libjemalloc.so
7fe1e8478000-7fe1e8479000 ---p 0006d000 00:37 395                        /tmp/lwjgl_bazzite/3.3.3+5/x64/libjemalloc.so
7fe1e8479000-7fe1e847f000 r--p 0006d000 00:37 395                        /tmp/lwjgl_bazzite/3.3.3+5/x64/libjemalloc.so
7fe1e847f000-7fe1e8480000 rw-p 00073000 00:37 395                        /tmp/lwjgl_bazzite/3.3.3+5/x64/libjemalloc.so
7fe1e8480000-7fe1e868a000 rw-p 00000000 00:00 0 
7fe1e868a000-7fe1e868e000 ---p 00000000 00:00 0 
7fe1e868e000-7fe1e878a000 -wxp 00000000 00:00 0 
7fe1e878a000-7fe1e87b3000 r--p 00000000 00:37 394                        /tmp/lwjgl_bazzite/3.3.3+5/x64/liblwjgl.so
7fe1e87b3000-7fe1e87e5000 r-xp 00029000 00:37 394                        /tmp/lwjgl_bazzite/3.3.3+5/x64/liblwjgl.so
7fe1e87e5000-7fe1e87fe000 r--p 0005b000 00:37 394                        /tmp/lwjgl_bazzite/3.3.3+5/x64/liblwjgl.so
7fe1e87fe000-7fe1e87ff000 r--p 00073000 00:37 394                        /tmp/lwjgl_bazzite/3.3.3+5/x64/liblwjgl.so
7fe1e87ff000-7fe1e8800000 rw-p 00074000 00:37 394                        /tmp/lwjgl_bazzite/3.3.3+5/x64/liblwjgl.so
7fe1e8800000-7fe1e8820000 r-xp 00000000 00:37 389                        /tmp/libgdxbazzite/da3a4817/libgdx64.so
7fe1e8820000-7fe1e8a20000 ---p 00020000 00:37 389                        /tmp/libgdxbazzite/da3a4817/libgdx64.so
7fe1e8a20000-7fe1e8a21000 r--p 00020000 00:37 389                        /tmp/libgdxbazzite/da3a4817/libgdx64.so
7fe1e8a21000-7fe1e8a22000 rw-p 00021000 00:37 389                        /tmp/libgdxbazzite/da3a4817/libgdx64.so
7fe1e8a23000-7fe1e8a24000 r-xp 00000000 00:26 24904                      /run/host/usr/lib64/libX11-xcb.so.1.0.0
7fe1e8a24000-7fe1e8a25000 r--p 00001000 00:26 24904                      /run/host/usr/lib64/libX11-xcb.so.1.0.0
7fe1e8a25000-7fe1e8a26000 r--p 00001000 00:26 24904                      /run/host/usr/lib64/libX11-xcb.so.1.0.0
7fe1e8a26000-7fe1e8a27000 rw-p 00000000 00:00 0 
7fe1e8a27000-7fe1e8a2b000 ---p 00000000 00:00 0 
7fe1e8a2b000-7fe1e8b27000 -wxp 00000000 00:00 0 
7fe1e8b27000-7fe1e8b2b000 ---p 00000000 00:00 0 
7fe1e8b2b000-7fe1e8d28000 -wxp 00000000 00:00 0 
7fe1e8d28000-7fe1e8d2c000 ---p 00000000 00:00 0 
7fe1e8d2c000-7fe1e8e28000 -wxp 00000000 00:00 0 
7fe1e8e28000-7fe1e8e2c000 ---p 00000000 00:00 0 
7fe1e8e2c000-7fe1e8f28000 -wxp 00000000 00:00 0 
7fe1e8f28000-7fe1e8f2c000 ---p 00000000 00:00 0 
7fe1e8f2c000-7fe1e9028000 -wxp 00000000 00:00 0 
7fe1e9028000-7fe1e902c000 ---p 00000000 00:00 0 
7fe1e902c000-7fe1e9128000 -wxp 00000000 00:00 0 
7fe1e9128000-7fe1e912c000 ---p 00000000 00:00 0 
7fe1e912c000-7fe1e9228000 -wxp 00000000 00:00 0 
7fe1e9228000-7fe1e922c000 ---p 00000000 00:00 0 
7fe1e922c000-7fe1e9328000 -wxp 00000000 00:00 0 
7fe1e9328000-7fe1e932c000 ---p 00000000 00:00 0 
7fe1e932c000-7fe1e9428000 -wxp 00000000 00:00 0 
7fe1e9428000-7fe1e942c000 ---p 00000000 00:00 0 
7fe1e942c000-7fe1e9528000 -wxp 00000000 00:00 0 
7fe1e9528000-7fe1e952c000 ---p 00000000 00:00 0 
7fe1e952c000-7fe1e9729000 -wxp 00000000 00:00 0 
7fe1e9729000-7fe1e972e000 r--p 00000000 00:22 4015116                    /home/bazzite/.gradle/jdks/eclipse_adoptium-17-amd64-linux.2/lib/libjsvml.so
7fe1e972e000-7fe1e976f000 r-xp 00005000 00:22 4015116                    /home/bazzite/.gradle/jdks/eclipse_adoptium-17-amd64-linux.2/lib/libjsvml.so
7fe1e976f000-7fe1e97f8000 r--p 00046000 00:22 4015116                    /home/bazzite/.gradle/jdks/eclipse_adoptium-17-amd64-linux.2/lib/libjsvml.so
7fe1e97f8000-7fe1e97f9000 r--p 000ce000 00:22 4015116                    /home/bazzite/.gradle/jdks/eclipse_adoptium-17-amd64-linux.2/lib/libjsvml.so
7fe1e97f9000-7fe1e97fa000 rw-p 000cf000 00:22 4015116                    /home/bazzite/.gradle/jdks/eclipse_adoptium-17-amd64-linux.2/lib/libjsvml.so
7fe1e97fa000-7fe1e99fc000 -wxp 00000000 00:00 0 
7fe1e99fc000-7fe1ebe00000 rw-p 00000000 00:00 0 
7fe1ebe00000-7fe1ebe01000 rw-s 00000000 00:01 11577                      /memfd:pipewire-memfd:flags=0x0000000f,type=2,size=2312 (deleted)
7fe1ebe01000-7fe1ebe02000 rw-p 00000000 00:00 0 
7fe1ebe02000-7fe1ebe03000 r-xp 00000000 00:26 25019                      /run/host/usr/lib64/libXinerama.so.1.0.0
7fe1ebe03000-7fe1ebe04000 r--p 00001000 00:26 25019                      /run/host/usr/lib64/libXinerama.so.1.0.0
7fe1ebe04000-7fe1ebe05000 r--p 00001000 00:26 25019                      /run/host/usr/lib64/libXinerama.so.1.0.0
7fe1ebe05000-7fe1ebe06000 rw-p 00002000 00:26 25019                      /run/host/usr/lib64/libXinerama.so.1.0.0
7fe1ebe06000-7fe1ec6e8000 rw-p 00000000 00:00 0 
7fe1ec6e8000-7fe1f3938000 ---p 00000000 00:00 0 
7fe1f3938000-7fe1f4108000 rw-p 00000000 00:00 0 
7fe1f4108000-7fe1fb358000 ---p 00000000 00:00 0 
7fe1fb358000-7fe1fb46e000 rw-p 00000000 00:00 0 
7fe1fb46e000-7fe1fc2b8000 ---p 00000000 00:00 0 
7fe1fc2b8000-7fe1fc3b2000 rw-p 00000000 00:00 0 
7fe1fc3b2000-7fe1fd1fc000 ---p 00000000 00:00 0 
7fe1fd1fc000-7fe1fd200000 rw-p 00000000 00:00 0 
7fe1fd200000-7fe1fd470000 rwxp 00000000 00:00 0 
7fe1fd470000-7fe20465f000 ---p 00000000 00:00 0 
7fe20465f000-7fe2048cf000 rwxp 00000000 00:00 0 
7fe2048cf000-7fe204da0000 ---p 00000000 00:00 0 
7fe204da0000-7fe205010000 rwxp 00000000 00:00 0 
7fe205010000-7fe20c200000 ---p 00000000 00:00 0 
7fe20c200000-7fe213e02000 r--s 00000000 00:22 4015084                    /home/bazzite/.gradle/jdks/eclipse_adoptium-17-amd64-linux.2/lib/modules
7fe213e02000-7fe213e0a000 r-xp 00000000 00:26 25048                      /run/host/usr/lib64/libXrandr.so.2.2.0
7fe213e0a000-7fe213e0d000 r--p 00008000 00:26 25048                      /run/host/usr/lib64/libXrandr.so.2.2.0
7fe213e0d000-7fe213e0e000 r--p 0000b000 00:26 25048                      /run/host/usr/lib64/libXrandr.so.2.2.0
7fe213e0e000-7fe213e0f000 rw-p 0000c000 00:26 25048                      /run/host/usr/lib64/libXrandr.so.2.2.0
7fe213e0f000-7fe213e1b000 r-xp 00000000 00:26 24981                      /run/host/usr/lib64/libXext.so.6.4.0
7fe213e1b000-7fe213e21000 r--p 0000c000 00:26 24981                      /run/host/usr/lib64/libXext.so.6.4.0
7fe213e21000-7fe213e22000 r--p 00011000 00:26 24981                      /run/host/usr/lib64/libXext.so.6.4.0
7fe213e22000-7fe213e23000 rw-p 00012000 00:26 24981                      /run/host/usr/lib64/libXext.so.6.4.0
7fe213e23000-7fe214715000 rw-p 00000000 00:00 0 
7fe214715000-7fe218000000 ---p 00000000 00:00 0 
7fe218000000-7fe218003000 r-xp 00000000 00:26 25100                      /run/host/usr/lib64/libXxf86vm.so.1.0.0
7fe218003000-7fe218005000 r--p 00003000 00:26 25100                      /run/host/usr/lib64/libXxf86vm.so.1.0.0
7fe218005000-7fe218006000 r--p 00004000 00:26 25100                      /run/host/usr/lib64/libXxf86vm.so.1.0.0
7fe218006000-7fe218007000 rw-p 00005000 00:26 25100                      /run/host/usr/lib64/libXxf86vm.so.1.0.0
7fe218007000-7fe218009000 r-xp 00000000 00:26 24933                      /run/host/usr/lib64/libXau.so.6.0.0
7fe218009000-7fe21800a000 r--p 00002000 00:26 24933                      /run/host/usr/lib64/libXau.so.6.0.0
7fe21800a000-7fe21800b000 r--p 00003000 00:26 24933                      /run/host/usr/lib64/libXau.so.6.0.0
7fe21800b000-7fe21804d000 rw-p 00000000 00:00 0 
7fe21804d000-7fe21804e000 rw-p 00000000 00:00 0 
7fe21804e000-7fe218050000 r--p 00000000 00:22 4015085                    /home/bazzite/.gradle/jdks/eclipse_adoptium-17-amd64-linux.2/lib/libzip.so
7fe218050000-7fe218062000 r-xp 00002000 00:22 4015085                    /home/bazzite/.gradle/jdks/eclipse_adoptium-17-amd64-linux.2/lib/libzip.so
7fe218062000-7fe21806a000 r--p 00014000 00:22 4015085                    /home/bazzite/.gradle/jdks/eclipse_adoptium-17-amd64-linux.2/lib/libzip.so
7fe21806a000-7fe21806b000 r--p 0001b000 00:22 4015085                    /home/bazzite/.gradle/jdks/eclipse_adoptium-17-amd64-linux.2/lib/libzip.so
7fe21806b000-7fe21806c000 rw-p 0001c000 00:22 4015085                    /home/bazzite/.gradle/jdks/eclipse_adoptium-17-amd64-linux.2/lib/libzip.so
7fe21806c000-7fe218070000 r--p 00000000 00:22 4015129                    /home/bazzite/.gradle/jdks/eclipse_adoptium-17-amd64-linux.2/lib/libnet.so
7fe218070000-7fe21807e000 r-xp 00004000 00:22 4015129                    /home/bazzite/.gradle/jdks/eclipse_adoptium-17-amd64-linux.2/lib/libnet.so
7fe21807e000-7fe218082000 r--p 00012000 00:22 4015129                    /home/bazzite/.gradle/jdks/eclipse_adoptium-17-amd64-linux.2/lib/libnet.so
7fe218082000-7fe218083000 r--p 00015000 00:22 4015129                    /home/bazzite/.gradle/jdks/eclipse_adoptium-17-amd64-linux.2/lib/libnet.so
7fe218083000-7fe218084000 rw-p 00016000 00:22 4015129                    /home/bazzite/.gradle/jdks/eclipse_adoptium-17-amd64-linux.2/lib/libnet.so
7fe218084000-7fe21878b000 rw-p 00000000 00:00 0 
7fe21878b000-7fe218a8e000 -wxp 00000000 00:00 0 
7fe218a8e000-7fe218c7e000 rw-p 00000000 00:00 0 
7fe218c7e000-7fe219ac8000 ---p 00000000 00:00 0 
7fe219ac8000-7fe21a81c000 rw-p 00000000 00:00 0 
7fe21a81c000-7fe21a900000 ---p 00000000 00:00 0 
7fe21a900000-7fe21a905000 rw-p 00000000 00:00 0 
7fe21a905000-7fe21a9e9000 ---p 00000000 00:00 0 
7fe21a9e9000-7fe21a9ed000 ---p 00000000 00:00 0 
7fe21a9ed000-7fe21aae9000 -wxp 00000000 00:00 0 
7fe21aae9000-7fe21ab78000 r-xp 00000000 00:26 30195                      /run/host/usr/lib64/libm.so.6
7fe21ab78000-7fe21abfe000 r--p 0008f000 00:26 30195                      /run/host/usr/lib64/libm.so.6
7fe21abfe000-7fe21abff000 r--p 00114000 00:26 30195                      /run/host/usr/lib64/libm.so.6
7fe21abff000-7fe21ac00000 rw-p 00115000 00:26 30195                      /run/host/usr/lib64/libm.so.6
7fe21ac00000-7fe21ae53000 r--p 00000000 00:22 4015137                    /home/bazzite/.gradle/jdks/eclipse_adoptium-17-amd64-linux.2/lib/server/libjvm.so
7fe21ae53000-7fe21bb7c000 r-xp 00253000 00:22 4015137                    /home/bazzite/.gradle/jdks/eclipse_adoptium-17-amd64-linux.2/lib/server/libjvm.so
7fe21bb7c000-7fe21be09000 r--p 00f7c000 00:22 4015137                    /home/bazzite/.gradle/jdks/eclipse_adoptium-17-amd64-linux.2/lib/server/libjvm.so
7fe21be09000-7fe21be0a000 ---p 01209000 00:22 4015137                    /home/bazzite/.gradle/jdks/eclipse_adoptium-17-amd64-linux.2/lib/server/libjvm.so
7fe21be0a000-7fe21bec3000 r--p 01209000 00:22 4015137                    /home/bazzite/.gradle/jdks/eclipse_adoptium-17-amd64-linux.2/lib/server/libjvm.so
7fe21bec3000-7fe21bef8000 rw-p 012c2000 00:22 4015137                    /home/bazzite/.gradle/jdks/eclipse_adoptium-17-amd64-linux.2/lib/server/libjvm.so
7fe21bef8000-7fe21bf54000 rw-p 00000000 00:00 0 
7fe21bf54000-7fe21bf55000 r-xp 00059000 00:37 394                        /tmp/lwjgl_bazzite/3.3.3+5/x64/liblwjgl.so
7fe21bf55000-7fe21bf56000 rw-p 00000000 00:00 0 
7fe21bf56000-7fe21bf5d000 r--p 00000000 00:22 4015138                    /home/bazzite/.gradle/jdks/eclipse_adoptium-17-amd64-linux.2/lib/libnio.so
7fe21bf5d000-7fe21bf66000 r-xp 00007000 00:22 4015138                    /home/bazzite/.gradle/jdks/eclipse_adoptium-17-amd64-linux.2/lib/libnio.so
7fe21bf66000-7fe21bf6a000 r--p 00010000 00:22 4015138                    /home/bazzite/.gradle/jdks/eclipse_adoptium-17-amd64-linux.2/lib/libnio.so
7fe21bf6a000-7fe21bf6b000 ---p 00014000 00:22 4015138                    /home/bazzite/.gradle/jdks/eclipse_adoptium-17-amd64-linux.2/lib/libnio.so
7fe21bf6b000-7fe21bf6c000 r--p 00014000 00:22 4015138                    /home/bazzite/.gradle/jdks/eclipse_adoptium-17-amd64-linux.2/lib/libnio.so
7fe21bf6c000-7fe21bf6d000 rw-p 00015000 00:22 4015138                    /home/bazzite/.gradle/jdks/eclipse_adoptium-17-amd64-linux.2/lib/libnio.so
7fe21bf6d000-7fe21bf72000 rw-p 00000000 00:00 0 
7fe21bf72000-7fe21bf7c000 ---p 00000000 00:00 0 
7fe21bf7c000-7fe21bf8a000 r--p 00000000 00:22 4015088                    /home/bazzite/.gradle/jdks/eclipse_adoptium-17-amd64-linux.2/lib/libjava.so
7fe21bf8a000-7fe21bf9c000 r-xp 0000e000 00:22 4015088                    /home/bazzite/.gradle/jdks/eclipse_adoptium-17-amd64-linux.2/lib/libjava.so
7fe21bf9c000-7fe21bfa2000 r--p 00020000 00:22 4015088                    /home/bazzite/.gradle/jdks/eclipse_adoptium-17-amd64-linux.2/lib/libjava.so
7fe21bfa2000-7fe21bfa3000 ---p 00026000 00:22 4015088                    /home/bazzite/.gradle/jdks/eclipse_adoptium-17-amd64-linux.2/lib/libjava.so
7fe21bfa3000-7fe21bfa4000 r--p 00026000 00:22 4015088                    /home/bazzite/.gradle/jdks/eclipse_adoptium-17-amd64-linux.2/lib/libjava.so
7fe21bfa4000-7fe21bfa5000 rw-p 00027000 00:22 4015088                    /home/bazzite/.gradle/jdks/eclipse_adoptium-17-amd64-linux.2/lib/libjava.so
7fe21bfa5000-7fe21bfa6000 rw-p 00000000 00:00 0 
7fe21bfa6000-7fe21bfae000 rw-s 00000000 00:37 386                        /tmp/hsperfdata_bazzite/21867
7fe21bfae000-7fe21bfaf000 ---p 00000000 00:00 0 
7fe21bfaf000-7fe21bfb0000 r--p 00000000 00:00 0 
7fe21bfb0000-7fe21bfb1000 ---p 00000000 00:00 0 
7fe21bfb1000-7fe21bfb5000 r--p 00000000 00:22 4015120                    /home/bazzite/.gradle/jdks/eclipse_adoptium-17-amd64-linux.2/lib/libjimage.so
7fe21bfb5000-7fe21bfc8000 r-xp 00004000 00:22 4015120                    /home/bazzite/.gradle/jdks/eclipse_adoptium-17-amd64-linux.2/lib/libjimage.so
7fe21bfc8000-7fe21bfce000 r--p 00017000 00:22 4015120                    /home/bazzite/.gradle/jdks/eclipse_adoptium-17-amd64-linux.2/lib/libjimage.so
7fe21bfce000-7fe21bfd0000 r--p 0001c000 00:22 4015120                    /home/bazzite/.gradle/jdks/eclipse_adoptium-17-amd64-linux.2/lib/libjimage.so
7fe21bfd0000-7fe21bfd1000 rw-p 0001e000 00:22 4015120                    /home/bazzite/.gradle/jdks/eclipse_adoptium-17-amd64-linux.2/lib/libjimage.so
7fe21bfd1000-7fe21bfd2000 r-xp 00000000 00:26 32469                      /run/host/usr/lib64/librt.so.1
7fe21bfd2000-7fe21bfd3000 r--p 00001000 00:26 32469                      /run/host/usr/lib64/librt.so.1
7fe21bfd3000-7fe21bfd4000 r--p 00001000 00:26 32469                      /run/host/usr/lib64/librt.so.1
7fe21bfd4000-7fe21bfd7000 rw-p 00000000 00:00 0 
7fe21bfd7000-7fe21c14b000 r-xp 00000000 00:26 26352                      /run/host/usr/lib64/libc.so.6
7fe21c14b000-7fe21c1c4000 r--p 00174000 00:26 26352                      /run/host/usr/lib64/libc.so.6
7fe21c1c4000-7fe21c1c8000 r--p 001ed000 00:26 26352                      /run/host/usr/lib64/libc.so.6
7fe21c1c8000-7fe21c1ca000 rw-p 001f1000 00:26 26352                      /run/host/usr/lib64/libc.so.6
7fe21c1ca000-7fe21c1d2000 rw-p 00000000 00:00 0 
7fe21c1d2000-7fe21c1d3000 r-xp 00000000 00:26 27028                      /run/host/usr/lib64/libdl.so.2
7fe21c1d3000-7fe21c1d4000 r--p 00001000 00:26 27028                      /run/host/usr/lib64/libdl.so.2
7fe21c1d4000-7fe21c1d5000 r--p 00001000 00:26 27028                      /run/host/usr/lib64/libdl.so.2
7fe21c1d5000-7fe21c1d6000 rw-p 00000000 00:00 0 
7fe21c1d6000-7fe21c1d7000 r-xp 00000000 00:26 32154                      /run/host/usr/lib64/libpthread.so.0
7fe21c1d7000-7fe21c1d8000 r--p 00001000 00:26 32154                      /run/host/usr/lib64/libpthread.so.0
7fe21c1d8000-7fe21c1d9000 r--p 00001000 00:26 32154                      /run/host/usr/lib64/libpthread.so.0
7fe21c1d9000-7fe21c1da000 rw-p 00000000 00:00 0 
7fe21c1da000-7fe21c1dd000 r--p 00000000 00:22 4015093                    /home/bazzite/.gradle/jdks/eclipse_adoptium-17-amd64-linux.2/lib/libjli.so
7fe21c1dd000-7fe21c1ed000 r-xp 00003000 00:22 4015093                    /home/bazzite/.gradle/jdks/eclipse_adoptium-17-amd64-linux.2/lib/libjli.so
7fe21c1ed000-7fe21c1f4000 r--p 00013000 00:22 4015093                    /home/bazzite/.gradle/jdks/eclipse_adoptium-17-amd64-linux.2/lib/libjli.so
7fe21c1f4000-7fe21c1f5000 r--p 00019000 00:22 4015093                    /home/bazzite/.gradle/jdks/eclipse_adoptium-17-amd64-linux.2/lib/libjli.so
7fe21c1f5000-7fe21c1f6000 rw-p 0001a000 00:22 4015093                    /home/bazzite/.gradle/jdks/eclipse_adoptium-17-amd64-linux.2/lib/libjli.so
7fe21c1f6000-7fe21c1f8000 rw-p 00000000 00:00 0 
7fe21c1f8000-7fe21c1fc000 r--p 00000000 00:00 0                          [vvar]
7fe21c1fc000-7fe21c1fe000 r--p 00000000 00:00 0                          [vvar_vclock]
7fe21c1fe000-7fe21c200000 r-xp 00000000 00:00 0                          [vdso]
7fe21c200000-7fe21c22a000 r-xp 00000000 00:79 6195668                    /usr/lib64/ld-linux-x86-64.so.2
7fe21c22a000-7fe21c236000 r--p 0002a000 00:79 6195668                    /usr/lib64/ld-linux-x86-64.so.2
7fe21c236000-7fe21c238000 r--p 00035000 00:79 6195668                    /usr/lib64/ld-linux-x86-64.so.2
7fe21c238000-7fe21c239000 rw-p 00037000 00:79 6195668                    /usr/lib64/ld-linux-x86-64.so.2
7fe21c239000-7fe21c23a000 rw-p 00000000 00:00 0 
7ffc3b99d000-7ffc3b9c2000 rw-p 00000000 00:00 0                          [stack]
ffffffffff600000-ffffffffff601000 --xp 00000000 00:00 0                  [vsyscall]


VM Arguments:
jvm_args: -Dfile.encoding=UTF-8 -Duser.country=US -Duser.language=en -Duser.variant 
java_command: dungeon.crawler.lwjgl3.Lwjgl3Launcher
java_class_path (initial): /home/bazzite/code/java/LibGDXDungeonCrawler/lwjgl3/build/classes/java/main:/home/bazzite/code/java/LibGDXDungeonCrawler/lwjgl3/build/resources/main:/home/bazzite/.gradle/caches/modules-2/files-2.1/com.badlogicgames.gdx-controllers/gdx-controllers-desktop/2.2.3/f496535b094461487a71b3f23a17cd7d524de0f5/gdx-controllers-desktop-2.2.3.jar:/home/bazzite/.gradle/caches/modules-2/files-2.1/com.badlogicgames.gdx/gdx-backend-lwjgl3/1.13.1/c8d8f1c3ccd17fe2202a1d581e179c4ba0ccc45d/gdx-backend-lwjgl3-1.13.1.jar:/home/bazzite/.gradle/caches/modules-2/files-2.1/com.badlogicgames.gdx/gdx-platform/1.13.1/8493b7d917097a6d091db2554bf0056881f96738/gdx-platform-1.13.1-natives-desktop.jar:/home/bazzite/code/java/LibGDXDungeonCrawler/core/build/libs/core-1.0.0.jar:/home/bazzite/.gradle/caches/modules-2/files-2.1/com.badlogicgames.gdx/gdx-tools/1.13.1/1b046c9f556bc2287384a379c867721196cb42a8/gdx-tools-1.13.1.jar:/home/bazzite/.gradle/caches/modules-2/files-2.1/de.golfgl.gdxcontrollerutils/gdx-controllerutils-mapping/2.3.0/4f0651c569245a0fcc2eb3a51f3d64cba33ab943/gdx-controllerutils-mapping-2.3.0.jar:/home/bazzite/.gradle/caches/modules-2/files-2.1/com.badlogicgames.gdx-controllers/gdx-controllers-core/2.2.3/82b77d6cb6394420cdd480fc2ab373f7ba5e0e45/gdx-controllers-core-2.2.3.jar:/home/bazzite/.gradle/caches/modules-2/files-2.1/com.badlogicgames.jamepad/jamepad/2.0.20.0/55eb0007fd55c9914d106dac3387b9d444572cab/jamepad-2.0.20.0.jar:/home/bazzite/.gradle/caches/modules-2/files-2.1/com.badlogicgames.ashley/ashley/1.7.4/21a3a8932919099c4e5006a7d8378dcbe76ef8a5/ashley-1.7.4.jar:/home/bazzite/.gradle/caches/modules-2/files-2.1/com.github.tommyettinger/anim8-gdx/0.5.4/81d81cf0f6e0b9ec11072e0118a2fff0e5dcc3b5/anim8-gdx-0.5.4.jar:/home/bazzite/.gradle/caches/modules-2/files-2.1/com.badlogicgames.gdx/gdx-freetype/1.13.1/a386c9b7a10b28f91b2de47f66b12c23a2c3abc2/gdx-freetype-1.13.1.jar:/home/bazzite/.gradle/caches/modules-2/files-2.1/com.badlogicgames.gdx/gdx-backend-headle
Launcher Type: SUN_STANDARD

[Global flags]
     intx CICompilerCount                          = 12                                        {product} {ergonomic}
     uint ConcGCThreads                            = 3                                         {product} {ergonomic}
     uint G1ConcRefinementThreads                  = 13                                        {product} {ergonomic}
   size_t G1HeapRegionSize                         = 4194304                                   {product} {ergonomic}
    uintx GCDrainStackTargetSize                   = 64                                        {product} {ergonomic}
   size_t InitialHeapSize                          = 515899392                                 {product} {ergonomic}
   size_t MarkStackSize                            = 4194304                                   {product} {ergonomic}
   size_t MaxHeapSize                              = 8195670016                                {product} {ergonomic}
   size_t MaxNewSize                               = 4915724288                                {product} {ergonomic}
   size_t MinHeapDeltaBytes                        = 4194304                                   {product} {ergonomic}
   size_t MinHeapSize                              = 8388608                                   {product} {ergonomic}
    uintx NonNMethodCodeHeapSize                   = 7602480                                {pd product} {ergonomic}
    uintx NonProfiledCodeHeapSize                  = 122027880                              {pd product} {ergonomic}
    uintx ProfiledCodeHeapSize                     = 122027880                              {pd product} {ergonomic}
    uintx ReservedCodeCacheSize                    = 251658240                              {pd product} {ergonomic}
     bool SegmentedCodeCache                       = true                                      {product} {ergonomic}
   size_t SoftMaxHeapSize                          = 8195670016                             {manageable} {ergonomic}
     bool UseCompressedClassPointers               = true                           {product lp64_product} {ergonomic}
     bool UseCompressedOops                        = true                           {product lp64_product} {ergonomic}
     bool UseG1GC                                  = true                                      {product} {ergonomic}

Logging:
Log output configuration:
 #0: stdout all=warning uptime,level,tags
 #1: stderr all=off uptime,level,tags

Environment Variables:
PATH=/home/bazzite/.local/share/../bin:/home/bazzite/.local/bin:/home/bazzite/bin:/usr/local/bin:/usr/bin:/bin:/usr/local/sbin:/home/bazzite/.local/share/yabridge:/usr/local/bin:/usr/bin:/usr/sbin:/sbin:/home/bazzite/.local/share/yabridge
XDG_CACHE_HOME=/home/bazzite/.cache
XDG_CONFIG_HOME=/home/bazzite/.config
LD_LIBRARY_PATH=/run/host/usr/lib64:
SHELL=/usr/bin/bash
DISPLAY=:0
LANG=en_US.UTF-8
TERM=xterm-256color

Active Locale:
LC_ALL=en_US.UTF-8
LC_COLLATE=en_US.UTF-8
LC_CTYPE=en_US.UTF-8
LC_MESSAGES=en_US.UTF-8
LC_MONETARY=en_US.UTF-8
LC_NUMERIC=en_US.UTF-8
LC_TIME=en_US.UTF-8

Signal Handlers:
   SIGSEGV: crash_handler in libjvm.so, mask=11100100010111111101111111111110, flags=SA_RESTART|SA_SIGINFO, unblocked
    SIGBUS: crash_handler in libjvm.so, mask=11100100010111111101111111111110, flags=SA_RESTART|SA_SIGINFO, unblocked
    SIGFPE: crash_handler in libjvm.so, mask=11100100010111111101111111111110, flags=SA_RESTART|SA_SIGINFO, unblocked
   SIGPIPE: javaSignalHandler in libjvm.so, mask=11100100010111111101111111111110, flags=SA_RESTART|SA_SIGINFO, blocked
   SIGXFSZ: javaSignalHandler in libjvm.so, mask=11100100010111111101111111111110, flags=SA_RESTART|SA_SIGINFO, blocked
    SIGILL: crash_handler in libjvm.so, mask=11100100010111111101111111111110, flags=SA_RESTART|SA_SIGINFO, unblocked
   SIGUSR2: SR_handler in libjvm.so, mask=00100000000000000000000000000000, flags=SA_RESTART|SA_SIGINFO, blocked
    SIGHUP: UserHandler in libjvm.so, mask=11100100010111111101111111111110, flags=SA_RESTART|SA_SIGINFO, blocked
    SIGINT: UserHandler in libjvm.so, mask=11100100010111111101111111111110, flags=SA_RESTART|SA_SIGINFO, blocked
   SIGTERM: UserHandler in libjvm.so, mask=11100100010111111101111111111110, flags=SA_RESTART|SA_SIGINFO, blocked
   SIGQUIT: UserHandler in libjvm.so, mask=11100100010111111101111111111110, flags=SA_RESTART|SA_SIGINFO, blocked
   SIGTRAP: crash_handler in libjvm.so, mask=11100100010111111101111111111110, flags=SA_RESTART|SA_SIGINFO, unblocked


Periodic native trim disabled


---------------  S Y S T E M  ---------------

OS:
Fedora release 43 (Forty Three)
uname: Linux 6.19.14-ogc1.1.fc44.x86_64 #1 SMP PREEMPT_DYNAMIC Fri May  1 20:37:39 UTC 2026 x86_64
OS uptime: 0 days 0:22 hours
libc: glibc 2.43 NPTL 2.43 
rlimit (soft/hard): STACK 8192k/infinity , CORE infinity/infinity , NPROC 123793/123793 , NOFILE 1048576/1048576 , AS infinity/infinity , CPU infinity/infinity , DATA infinity/infinity , FSIZE infinity/infinity , MEMLOCK 2147484k/2147484k
load average: 1.48 1.03 0.80

/proc/meminfo:
MemTotal:       32002216 kB
MemFree:         6921400 kB
MemAvailable:   19682204 kB
Buffers:            7384 kB
Cached:         14921696 kB
SwapCached:            0 kB
Active:         16652004 kB
Inactive:        6014816 kB
Active(anon):    8192608 kB
Inactive(anon):        0 kB
Active(file):    8459396 kB
Inactive(file):  6014816 kB
Unevictable:         268 kB
Mlocked:             268 kB
SwapTotal:      16001020 kB
SwapFree:       16001020 kB
Zswap:                 0 kB
Zswapped:              0 kB
Dirty:              3408 kB
Writeback:             0 kB
AnonPages:       7738856 kB
Mapped:          2555768 kB
Shmem:            455012 kB
KReclaimable:     511556 kB
Slab:             969744 kB
SReclaimable:     511556 kB
SUnreclaim:       458188 kB
KernelStack:       33600 kB
PageTables:       103076 kB
SecPageTables:      4640 kB
NFS_Unstable:          0 kB
Bounce:                0 kB
WritebackTmp:          0 kB
CommitLimit:    32002128 kB
Committed_AS:   35924528 kB
VmallocTotal:   34359738367 kB
VmallocUsed:      361160 kB
VmallocChunk:          0 kB
Percpu:            20736 kB
HardwareCorrupted:     0 kB
AnonHugePages:         0 kB
ShmemHugePages:        0 kB
ShmemPmdMapped:        0 kB
FileHugePages:     12288 kB
FilePmdMapped:     10240 kB
CmaTotal:              0 kB
CmaFree:               0 kB
Unaccepted:            0 kB
Balloon:               0 kB
HugePages_Total:       0
HugePages_Free:        0
HugePages_Rsvd:        0
HugePages_Surp:        0
Hugepagesize:       2048 kB
Hugetlb:               0 kB
DirectMap4k:     3361708 kB
DirectMap2M:    20951040 kB
DirectMap1G:     9437184 kB

/sys/kernel/mm/transparent_hugepage/enabled: always [madvise] never
/sys/kernel/mm/transparent_hugepage/hpage_pmd_size: 2097152
/sys/kernel/mm/transparent_hugepage/defrag (defrag/compaction efforts parameter): always defer defer+madvise [madvise] never

Process Memory:
Virtual Size: 11784812K (peak: 11784812K)
Resident Set Size: 77984K (peak: 77984K) (anon: 48236K, file: 27672K, shmem: 2076K)
Swapped out: 0K
C-Heap outstanding allocations: 45944K, retained: 3015K
glibc malloc tunables: (default)

/proc/sys/kernel/threads-max (system-wide limit on the number of threads): 247587
/proc/sys/vm/max_map_count (maximum number of memory map areas a process may have): 2147483642
/proc/sys/vm/swappiness (control to define how aggressively the kernel swaps out anonymous memory): 180
/proc/sys/kernel/pid_max (system-wide limit on number of process identifiers): 4194304

container information not found.
Steal ticks since vm start: 0
Steal ticks percentage since vm start:  0.000

CPU: total 16 (initial active 16) (16 cores per cpu, 2 threads per core) family 25 model 97 stepping 2 microcode 0xa60120a, cx8, cmov, fxsr, ht, mmx, 3dnowpref, sse, sse2, sse3, ssse3, sse4a, sse4.1, sse4.2, popcnt, lzcnt, tsc, tscinvbit, avx, avx2, aes, erms, clmul, bmi1, bmi2, adx, avx512f, avx512dq, avx512cd, avx512bw, avx512vl, sha, fma, vzeroupper, avx512_vpopcntdq, avx512_vpclmulqdq, avx512_vaes, avx512_vnni, clflush, clflushopt, avx512_vbmi2, avx512_vbmi
CPU Model and flags from /proc/cpuinfo:
model name	: AMD Ryzen 7 7700X 8-Core Processor
flags		: fpu vme de pse tsc msr pae mce cx8 apic sep mtrr pge mca cmov pat pse36 clflush mmx fxsr sse sse2 ht syscall nx mmxext fxsr_opt pdpe1gb rdtscp lm constant_tsc rep_good amd_lbr_v2 nopl xtopology nonstop_tsc cpuid extd_apicid aperfmperf rapl pni pclmulqdq monitor ssse3 fma cx16 sse4_1 sse4_2 movbe popcnt aes xsave avx f16c rdrand lahf_lm cmp_legacy svm extapic cr8_legacy abm sse4a misalignsse 3dnowprefetch osvw ibs skinit wdt tce topoext perfctr_core perfctr_nb bpext perfctr_llc mwaitx cpuid_fault cpb cat_l3 cdp_l3 hw_pstate ssbd mba perfmon_v2 ibrs ibpb stibp ibrs_enhanced vmmcall fsgsbase bmi1 avx2 smep bmi2 erms invpcid cqm rdt_a avx512f avx512dq rdseed adx smap avx512ifma clflushopt clwb avx512cd sha_ni avx512bw avx512vl xsaveopt xsavec xgetbv1 xsaves cqm_llc cqm_occup_llc cqm_mbm_total cqm_mbm_local user_shstk avx512_bf16 clzero irperf xsaveerptr rdpru wbnoinvd cppc arat npt lbrv svm_lock nrip_save tsc_scale vmcb_clean flushbyasid decodeassists pausefilter pfthreshold avic vgif x2avic v_spec_ctrl vnmi avx512vbmi umip pku ospke avx512_vbmi2 gfni vaes vpclmulqdq avx512_vnni avx512_bitalg avx512_vpopcntdq rdpid overflow_recov succor smca fsrm flush_l1d amd_lbr_pmc_freeze

Online cpus: 0-15
Offline cpus: 
BIOS frequency limitation: <Not Available>
Frequency switch latency (ns): 0
Available cpu frequencies: <Not Available>
Current governor: performance
Core performance/turbo boost: 1

Memory: 4k page, physical 32002216k(6921400k free), swap 16001020k(16001020k free)
Page Sizes: 4k

vm_info: OpenJDK 64-Bit Server VM (17.0.15+6) for linux-amd64 JRE (17.0.15+6), built on Apr 15 2025 00:00:00 by "admin" with gcc 10.3.0

END.
