#
# A fatal error has been detected by the Java Runtime Environment:
#
#  SIGSEGV (0xb) at pc=0x00007f66280a95ba, pid=32995, tid=32999
#
# JRE version: OpenJDK Runtime Environment Temurin-17.0.15+6 (17.0.15+6) (build 17.0.15+6)
# Java VM: OpenJDK 64-Bit Server VM Temurin-17.0.15+6 (17.0.15+6, mixed mode, sharing, tiered, compressed oops, compressed class ptrs, g1 gc, linux-amd64)
# Problematic frame:
# C  [libspa-support.so+0x1a5ba]
#
# Core dump will be written. Default location: Core dumps may be processed with "/usr/lib/systemd/systemd-coredump %P %u %g %s %t %c %h %d %F" (or dumping to /home/bazzite/code/java/LibGDXDungeonCrawler/assets/core.32995)
#
# If you would like to submit a bug report, please visit:
#   https://github.com/adoptium/adoptium-support/issues
# The crash happened outside the Java Virtual Machine in native code.
# See problematic frame for where to report the bug.
#

---------------  S U M M A R Y ------------

Command Line: -Dfile.encoding=UTF-8 -Duser.country=US -Duser.language=en -Duser.variant dungeon.crawler.lwjgl3.Lwjgl3Launcher

Host: AMD Ryzen 7 7700X 8-Core Processor, 16 cores, 30G, Fedora release 43 (Forty Three)
Time: Sun May  3 11:01:22 2026 EDT elapsed time: 0.137493 seconds (0d 0h 0m 0s)

---------------  T H R E A D  ---------------

Current thread (0x00007f666002ccc0):  JavaThread "main" [_thread_in_native, id=32999, stack(0x00007f6666de9000,0x00007f6666ee9000)]

Stack: [0x00007f6666de9000,0x00007f6666ee9000],  sp=0x00007f6666ee6f08,  free space=1015k
Native frames: (J=compiled Java code, j=interpreted, Vv=VM code, C=native code)
C  [libspa-support.so+0x1a5ba]
C  [libpipewire-0.3.so.0+0x5618f]  pw_impl_node_initialized+0xef
C  [libpipewire-module-adapter.so+0x3518]
C  [libpipewire-0.3.so.0+0x85b9c]  pw_stream_connect+0xc7c
C  [libopenal.so+0x72f86]
C  [libopenal.so+0x49d4b]

Java frames: (J=compiled Java code, j=interpreted, Vv=VM code)
j  org.lwjgl.system.JNI.invokePPP(JJJ)J+0
j  org.lwjgl.openal.ALC10.nalcCreateContext(JJ)J+23
j  org.lwjgl.openal.ALC10.alcCreateContext(JLjava/nio/IntBuffer;)J+15
j  com.badlogic.gdx.backends.lwjgl3.audio.OpenALLwjgl3Audio.<init>(III)V+163
j  com.badlogic.gdx.backends.lwjgl3.Lwjgl3Application.createAudio(Lcom/badlogic/gdx/backends/lwjgl3/Lwjgl3ApplicationConfiguration;)Lcom/badlogic/gdx/backends/lwjgl3/audio/Lwjgl3Audio;+16
j  com.badlogic.gdx.backends.lwjgl3.Lwjgl3Application.<init>(Lcom/badlogic/gdx/ApplicationListener;Lcom/badlogic/gdx/backends/lwjgl3/Lwjgl3ApplicationConfiguration;)V+138
j  dungeon.crawler.lwjgl3.Lwjgl3Launcher.createApplication()Lcom/badlogic/gdx/backends/lwjgl3/Lwjgl3Application;+14
j  dungeon.crawler.lwjgl3.Lwjgl3Launcher.main([Ljava/lang/String;)V+7
v  ~StubRoutines::call_stub

siginfo: si_signo: 11 (SIGSEGV), si_code: 2 (SEGV_ACCERR), si_addr: 0x00007f66280a95ba

Registers:
RAX=0x00007f66280a95ba, RBX=0x0000000000000000, RCX=0x0000000000000000, RDX=0x0000000000000001
RSP=0x00007f6666ee6f08, RBP=0x00007f6666ee6fa0, RSI=0x00007f65d66639f0, RDI=0x00007f66606f3cd8
R8 =0x0000000000000000, R9 =0x00007f6660790c10, R10=0x0000000000000000, R11=0x0000000000000000
R12=0x0000000000000000, R13=0x0000000000000001, R14=0x0000000000000001, R15=0x00007f6660790c10
RIP=0x00007f66280a95ba, EFLAGS=0x0000000000010246, CSGSFS=0x002b000000000033, ERR=0x0000000000000015
  TRAPNO=0x000000000000000e

XMM[0]=0x0000000000000000 0x0000000000000000
XMM[1]=0x0000000000000000 0x0000000000000001
XMM[2]=0x0000000000000000 0x0000000000001000
XMM[3]=0x0000000000000000 0x0000000000000000
XMM[4]=0x0000000000000000 0x0000000000001000
XMM[5]=0x00007f6666ee6020 0x00007f6666ee5fa0
XMM[6]=0x0000000000000000 0x0000000000000090
XMM[7]=0x0000000000000000 0x00007f65d66ded20
XMM[8]=0x0000000028a105af 0xc99ffe2500b22ace
XMM[9]=0x0000000000000000 0x0000000000000001
XMM[10]=0x00000001db710640 0x00000001f7011640
XMM[11]=0x000000003db1ecdc 0x0000000174359406
XMM[12]=0x0000000000000000 0x0000000000000000
XMM[13]=0x0000000000000000 0xbc620396851a8212
XMM[14]=0x0000000000000000 0x3eb20b09dfb435b3
XMM[15]=0x0000000000000000 0x0000000000000000
  MXCSR=0x00001fa0


Register to memory mapping:

RAX=0x00007f66280a95ba: <offset 0x000000000001a5ba> in /usr/lib64/spa-0.2/support/libspa-support.so at 0x00007f662808f000
RBX=0x0 is NULL
RCX=0x0 is NULL
RDX=0x0000000000000001 is an unknown value
RSP=0x00007f6666ee6f08 is pointing into the stack for thread: 0x00007f666002ccc0
RBP=0x00007f6666ee6fa0 is pointing into the stack for thread: 0x00007f666002ccc0
RSI=0x00007f65d66639f0: <offset 0x00000000000539f0> in /run/host/usr/lib64/libpipewire-0.3.so.0 at 0x00007f65d6610000
RDI=0x00007f66606f3cd8 points into unknown readable memory: 0x0000000000000000 | 00 00 00 00 00 00 00 00
R8 =0x0 is NULL
R9 =0x00007f6660790c10 points into unknown readable memory: 0x00007f66606efc30 | 30 fc 6e 60 66 7f 00 00
R10=0x0 is NULL
R11=0x0 is NULL
R12=0x0 is NULL
R13=0x0000000000000001 is an unknown value
R14=0x0000000000000001 is an unknown value
R15=0x00007f6660790c10 points into unknown readable memory: 0x00007f66606efc30 | 30 fc 6e 60 66 7f 00 00


Top of Stack: (sp=0x00007f6666ee6f08)
0x00007f6666ee6f08:   00007f65d6665ed8 00007f6666ee6f60
0x00007f6666ee6f18:   00007f6660759628 00007f6666ee6fc0
0x00007f6666ee6f28:   00007f65d429432d 00007f6660791480
0x00007f6666ee6f38:   00007f6660791200 0000000000000000
0x00007f6666ee6f48:   0000000000000000 0000000000000000
0x00007f6666ee6f58:   0000000000000000 00007f666076b418
0x00007f6666ee6f68:   74edd2757243b200 00007f65d4342660
0x00007f6666ee6f78:   00007f6660790c10 00007f6660791200
0x00007f6666ee6f88:   00007f666073f238 0000000000000000
0x00007f6666ee6f98:   00007f6660759628 00007f6666ee7000
0x00007f6666ee6fa8:   00007f65d666618f 00007f6660791480
0x00007f6666ee6fb8:   00007f6660791200 0000000000000000
0x00007f6666ee6fc8:   0000000000000000 0000000000000000
0x00007f6666ee6fd8:   0000000000000000 00007f666075adc0
0x00007f6666ee6fe8:   74edd2757243b200 00007f666075adc0
0x00007f6666ee6ff8:   00007f6660790c10 00007f6666ee7110
0x00007f6666ee7008:   00007f6628009518 00007f6660791460
0x00007f6666ee7018:   00007f6660768690 00007f6660791460
0x00007f6666ee7028:   00007f6660790c10 0000000100000110
0x00007f6666ee7038:   0000000000000000 00007f66606efc30
0x00007f6666ee7048:   000000000000b480 0000000100000001
0x00007f6666ee7058:   00007f6660759628 0000000000000000
0x00007f6666ee7068:   00007f6660768690 00007f666075b600
0x00007f6666ee7078:   0000000000000000 00007f66607596c8
0x00007f6666ee7088:   00007f66607596c8 00007f662800daa0
0x00007f6666ee7098:   00007f6666ee7080 0000000000000000
0x00007f6666ee70a8:   0000000000000000 00007f6660759628
0x00007f6666ee70b8:   00007f666075adc0 0000000000000000
0x00007f6666ee70c8:   0000000100000001 00007f6660758c10
0x00007f6666ee70d8:   74edd2757243b200 00007f6666ee7110
0x00007f6666ee70e8:   0000000000000000 00007f666075adc0
0x00007f6666ee70f8:   00007f65d66a9e62 00007f66607594d0 

Instructions: (pc=0x00007f66280a95ba)
0x00007f66280a94ba:   24 49 92 24 49 92 49 92 24 49 92 24 49 c2 08 20
0x00007f66280a94ca:   02 00 00 00 00 00 11 11 13 fd 00 00 00 00 00 00
0x00007f66280a94da:   00 00 00 00 00 00 6f 66 66 00 25 70 3a 20 7a 65
0x00007f66280a94ea:   72 6f 2d 64 65 6e 6f 72 6d 61 6c 73 3a 25 73 00
0x00007f66280a94fa:   73 65 74 20 74 69 6d 65 6f 75 74 20 25 6c 75 00
0x00007f66280a950a:   25 70 20 6e 6f 77 3a 25 6c 75 00 70 72 65 66 69
0x00007f66280a951a:   78 00 27 25 73 27 20 66 61 69 6c 65 64 20 61 74
0x00007f66280a952a:   20 25 73 3a 25 75 20 25 73 28 29 0a 00 2e 2e 2f
0x00007f66280a953a:   73 70 61 2f 70 6c 75 67 69 6e 73 2f 73 75 70 70
0x00007f66280a954a:   6f 72 74 2f 63 70 75 2e 63 00 68 61 6e 64 6c 65
0x00007f66280a955a:   20 21 3d 20 4e 55 4c 4c 00 69 6e 74 65 72 66 61
0x00007f66280a956a:   63 65 20 21 3d 20 4e 55 4c 4c 00 53 70 61 3a 50
0x00007f66280a957a:   6f 69 6e 74 65 72 3a 49 6e 74 65 72 66 61 63 65
0x00007f66280a958a:   3a 43 50 55 00 66 61 63 74 6f 72 79 20 21 3d 20
0x00007f66280a959a:   4e 55 4c 4c 00 69 6e 66 6f 20 21 3d 20 4e 55 4c
0x00007f66280a95aa:   4c 00 69 6e 64 65 78 20 21 3d 20 4e 55 4c 4c 00
0x00007f66280a95ba:   53 70 61 3a 50 6f 69 6e 74 65 72 3a 49 6e 74 65
0x00007f66280a95ca:   72 66 61 63 65 3a 4c 6f 67 00 2e 2e 2f 73 70 61
0x00007f66280a95da:   2f 70 6c 75 67 69 6e 73 2f 73 75 70 70 6f 72 74
0x00007f66280a95ea:   2f 6c 6f 6f 70 2e 63 00 73 6f 75 72 63 65 2d 3e
0x00007f66280a95fa:   6c 6f 6f 70 20 3d 3d 20 26 69 6d 70 6c 2d 3e 6c
0x00007f66280a960a:   6f 6f 70 00 21 69 6d 70 6c 2d 3e 70 6f 6c 6c 69
0x00007f66280a961a:   6e 67 00 73 2d 3e 69 6d 70 6c 20 3d 3d 20 6f 62
0x00007f66280a962a:   6a 65 63 74 00 25 70 3a 20 75 70 64 61 74 65 20
0x00007f66280a963a:   25 30 38 78 20 2d 3e 20 25 30 38 78 00 53 70 61
0x00007f66280a964a:   3a 50 6f 69 6e 74 65 72 3a 49 6e 74 65 72 66 61
0x00007f66280a965a:   63 65 3a 4c 6f 6f 70 00 74 68 69 73 20 21 3d 20
0x00007f66280a966a:   4e 55 4c 4c 00 63 6f 6d 6d 61 6e 64 20 21 3d 20
0x00007f66280a967a:   4e 55 4c 4c 00 70 72 6f 63 65 73 73 20 25 64 00
0x00007f66280a968a:   53 70 61 3a 50 6f 69 6e 74 65 72 3a 49 6e 74 65
0x00007f66280a969a:   72 66 61 63 65 3a 4e 6f 64 65 00 63 70 75 2e 66
0x00007f66280a96aa:   6f 72 63 65 00 63 70 75 2e 76 6d 2e 74 79 70 65 


Stack slot to memory mapping:
stack at sp + 0 slots: 0x00007f65d6665ed8: <offset 0x0000000000055ed8> in /run/host/usr/lib64/libpipewire-0.3.so.0 at 0x00007f65d6610000
stack at sp + 1 slots: 0x00007f6666ee6f60 is pointing into the stack for thread: 0x00007f666002ccc0
stack at sp + 2 slots: 0x00007f6660759628 points into unknown readable memory: 0x00007f65d66a985d | 5d 98 6a d6 65 7f 00 00
stack at sp + 3 slots: 0x00007f6666ee6fc0 is pointing into the stack for thread: 0x00007f666002ccc0
stack at sp + 4 slots: 0x00007f65d429432d: <offset 0x000000000001632d> in /usr/lib64/spa-0.2/audioconvert/libspa-audioconvert.so at 0x00007f65d427e000
stack at sp + 5 slots: 0x00007f6660791480 points into unknown readable memory: 0x00007f66607914d8 | d8 14 79 60 66 7f 00 00
stack at sp + 6 slots: 0x00007f6660791200 points into unknown readable memory: 0x00007f6660791480 | 80 14 79 60 66 7f 00 00
stack at sp + 7 slots: 0x0 is NULL


---------------  P R O C E S S  ---------------

Threads class SMR info:
_java_thread_list=0x00007f65a41e51c0, length=15, elements={
0x00007f666002ccc0, 0x00007f6660169a40, 0x00007f666016ae20, 0x00007f66601703c0,
0x00007f6660171770, 0x00007f6660172b80, 0x00007f66601745b0, 0x00007f6660175ae0,
0x00007f6660176f50, 0x00007f666017f690, 0x00007f6660182740, 0x00007f65a4024ae0,
0x00007f65a40df240, 0x00007f65a40e4c00, 0x00007f65a41e4480
}

Java Threads: ( => current thread )
=>0x00007f666002ccc0 JavaThread "main" [_thread_in_native, id=32999, stack(0x00007f6666de9000,0x00007f6666ee9000)]
  0x00007f6660169a40 JavaThread "Reference Handler" daemon [_thread_blocked, id=33006, stack(0x00007f66299aa000,0x00007f6629aaa000)]
  0x00007f666016ae20 JavaThread "Finalizer" daemon [_thread_blocked, id=33007, stack(0x00007f66298aa000,0x00007f66299aa000)]
  0x00007f66601703c0 JavaThread "Signal Dispatcher" daemon [_thread_blocked, id=33008, stack(0x00007f66297aa000,0x00007f66298aa000)]
  0x00007f6660171770 JavaThread "Service Thread" daemon [_thread_blocked, id=33009, stack(0x00007f66296aa000,0x00007f66297aa000)]
  0x00007f6660172b80 JavaThread "Monitor Deflation Thread" daemon [_thread_blocked, id=33010, stack(0x00007f66295aa000,0x00007f66296aa000)]
  0x00007f66601745b0 JavaThread "C2 CompilerThread0" daemon [_thread_blocked, id=33011, stack(0x00007f66294aa000,0x00007f66295aa000)]
  0x00007f6660175ae0 JavaThread "C1 CompilerThread0" daemon [_thread_blocked, id=33012, stack(0x00007f66293aa000,0x00007f66294aa000)]
  0x00007f6660176f50 JavaThread "Sweeper thread" daemon [_thread_blocked, id=33013, stack(0x00007f66292aa000,0x00007f66293aa000)]
  0x00007f666017f690 JavaThread "Notification Thread" daemon [_thread_blocked, id=33014, stack(0x00007f66291aa000,0x00007f66292aa000)]
  0x00007f6660182740 JavaThread "Common-Cleaner" daemon [_thread_blocked, id=33016, stack(0x00007f6628fa9000,0x00007f66290a9000)]
  0x00007f65a4024ae0 JavaThread "C1 CompilerThread1" daemon [_thread_blocked, id=33017, stack(0x00007f6628e5a000,0x00007f6628f5a000)]
  0x00007f65a40df240 JavaThread "C2 CompilerThread1" daemon [_thread_blocked, id=33018, stack(0x00007f6628a8a000,0x00007f6628b8a000)]
  0x00007f65a40e4c00 JavaThread "C1 CompilerThread2" daemon [_thread_blocked, id=33019, stack(0x00007f66280df000,0x00007f66281df000)]
  0x00007f65a41e4480 JavaThread "C1 CompilerThread3" daemon [_thread_blocked, id=33020, stack(0x00007f65d6b00000,0x00007f65d6c00000)]

Other Threads:
  0x00007f6660165ab0 VMThread "VM Thread" [stack: 0x00007f6629aab000,0x00007f6629bab000] [id=33005]
  0x00007f6660180fd0 WatcherThread [stack: 0x00007f66290aa000,0x00007f66291aa000] [id=33015]
  0x00007f666005bca0 GCTaskThread "GC Thread#0" [stack: 0x00007f665fe44000,0x00007f665ff44000] [id=33000]
  0x00007f666006c710 ConcurrentGCThread "G1 Main Marker" [stack: 0x00007f6638d7c000,0x00007f6638e7c000] [id=33001]
  0x00007f666006d680 ConcurrentGCThread "G1 Conc#0" [stack: 0x00007f6638c7b000,0x00007f6638d7b000] [id=33002]
  0x00007f66601354b0 ConcurrentGCThread "G1 Refine#0" [stack: 0x00007f6629dff000,0x00007f6629eff000] [id=33003]
  0x00007f66601363b0 ConcurrentGCThread "G1 Service" [stack: 0x00007f6629cfe000,0x00007f6629dfe000] [id=33004]

Threads with active compile tasks:

VM state: not at safepoint (normal execution)

VM Mutex/Monitor currently owned by a thread: None

Heap address: 0x0000000617800000, size: 7816 MB, Compressed Oops mode: Zero based, Oop shift amount: 3

CDS archive(s) mapped at: [0x00007f65db000000-0x00007f65dbbc9000-0x00007f65dbbc9000), size 12357632, SharedBaseAddress: 0x00007f65db000000, ArchiveRelocationMode: 1.
Compressed class space mapped at: 0x00007f65dc000000-0x00007f661c000000, reserved size: 1073741824
Narrow klass base: 0x00007f65db000000, Narrow klass shift: 0, Narrow klass range: 0x100000000

GC Precious Log:
 CPUs: 16 total, 16 available
 Memory: 31252M
 Large Page Support: Disabled
 NUMA Support: Disabled
 Compressed Oops: Enabled (Zero based)
 Heap Region Size: 4M
 Heap Min Capacity: 8M
 Heap Initial Capacity: 492M
 Heap Max Capacity: 7816M
 Pre-touch: Disabled
 Parallel Workers: 13
 Concurrent Workers: 3
 Concurrent Refinement Workers: 13
 Periodic GC: Disabled

Heap:
 garbage-first heap   total 512000K, used 12212K [0x0000000617800000, 0x0000000800000000)
  region size 4096K, 3 young (12288K), 0 survivors (0K)
 Metaspace       used 3274K, committed 3520K, reserved 1114112K
  class space    used 258K, committed 384K, reserved 1048576K

Heap Regions: E=young(eden), S=young(survivor), O=old, HS=humongous(starts), HC=humongous(continues), CS=collection set, F=free, OA=open archive, CA=closed archive, TAMS=top-at-mark-start (previous, next)
|   0|0x0000000617800000, 0x0000000617800000, 0x0000000617c00000|  0%| F|  |TAMS 0x0000000617800000, 0x0000000617800000| Untracked 
|   1|0x0000000617c00000, 0x0000000617c00000, 0x0000000618000000|  0%| F|  |TAMS 0x0000000617c00000, 0x0000000617c00000| Untracked 
|   2|0x0000000618000000, 0x0000000618000000, 0x0000000618400000|  0%| F|  |TAMS 0x0000000618000000, 0x0000000618000000| Untracked 
|   3|0x0000000618400000, 0x0000000618400000, 0x0000000618800000|  0%| F|  |TAMS 0x0000000618400000, 0x0000000618400000| Untracked 
|   4|0x0000000618800000, 0x0000000618800000, 0x0000000618c00000|  0%| F|  |TAMS 0x0000000618800000, 0x0000000618800000| Untracked 
|   5|0x0000000618c00000, 0x0000000618c00000, 0x0000000619000000|  0%| F|  |TAMS 0x0000000618c00000, 0x0000000618c00000| Untracked 
|   6|0x0000000619000000, 0x0000000619000000, 0x0000000619400000|  0%| F|  |TAMS 0x0000000619000000, 0x0000000619000000| Untracked 
|   7|0x0000000619400000, 0x0000000619400000, 0x0000000619800000|  0%| F|  |TAMS 0x0000000619400000, 0x0000000619400000| Untracked 
|   8|0x0000000619800000, 0x0000000619800000, 0x0000000619c00000|  0%| F|  |TAMS 0x0000000619800000, 0x0000000619800000| Untracked 
|   9|0x0000000619c00000, 0x0000000619c00000, 0x000000061a000000|  0%| F|  |TAMS 0x0000000619c00000, 0x0000000619c00000| Untracked 
|  10|0x000000061a000000, 0x000000061a000000, 0x000000061a400000|  0%| F|  |TAMS 0x000000061a000000, 0x000000061a000000| Untracked 
|  11|0x000000061a400000, 0x000000061a400000, 0x000000061a800000|  0%| F|  |TAMS 0x000000061a400000, 0x000000061a400000| Untracked 
|  12|0x000000061a800000, 0x000000061a800000, 0x000000061ac00000|  0%| F|  |TAMS 0x000000061a800000, 0x000000061a800000| Untracked 
|  13|0x000000061ac00000, 0x000000061ac00000, 0x000000061b000000|  0%| F|  |TAMS 0x000000061ac00000, 0x000000061ac00000| Untracked 
|  14|0x000000061b000000, 0x000000061b000000, 0x000000061b400000|  0%| F|  |TAMS 0x000000061b000000, 0x000000061b000000| Untracked 
|  15|0x000000061b400000, 0x000000061b400000, 0x000000061b800000|  0%| F|  |TAMS 0x000000061b400000, 0x000000061b400000| Untracked 
|  16|0x000000061b800000, 0x000000061b800000, 0x000000061bc00000|  0%| F|  |TAMS 0x000000061b800000, 0x000000061b800000| Untracked 
|  17|0x000000061bc00000, 0x000000061bc00000, 0x000000061c000000|  0%| F|  |TAMS 0x000000061bc00000, 0x000000061bc00000| Untracked 
|  18|0x000000061c000000, 0x000000061c000000, 0x000000061c400000|  0%| F|  |TAMS 0x000000061c000000, 0x000000061c000000| Untracked 
|  19|0x000000061c400000, 0x000000061c400000, 0x000000061c800000|  0%| F|  |TAMS 0x000000061c400000, 0x000000061c400000| Untracked 
|  20|0x000000061c800000, 0x000000061c800000, 0x000000061cc00000|  0%| F|  |TAMS 0x000000061c800000, 0x000000061c800000| Untracked 
|  21|0x000000061cc00000, 0x000000061cc00000, 0x000000061d000000|  0%| F|  |TAMS 0x000000061cc00000, 0x000000061cc00000| Untracked 
|  22|0x000000061d000000, 0x000000061d000000, 0x000000061d400000|  0%| F|  |TAMS 0x000000061d000000, 0x000000061d000000| Untracked 
|  23|0x000000061d400000, 0x000000061d400000, 0x000000061d800000|  0%| F|  |TAMS 0x000000061d400000, 0x000000061d400000| Untracked 
|  24|0x000000061d800000, 0x000000061d800000, 0x000000061dc00000|  0%| F|  |TAMS 0x000000061d800000, 0x000000061d800000| Untracked 
|  25|0x000000061dc00000, 0x000000061dc00000, 0x000000061e000000|  0%| F|  |TAMS 0x000000061dc00000, 0x000000061dc00000| Untracked 
|  26|0x000000061e000000, 0x000000061e000000, 0x000000061e400000|  0%| F|  |TAMS 0x000000061e000000, 0x000000061e000000| Untracked 
|  27|0x000000061e400000, 0x000000061e400000, 0x000000061e800000|  0%| F|  |TAMS 0x000000061e400000, 0x000000061e400000| Untracked 
|  28|0x000000061e800000, 0x000000061e800000, 0x000000061ec00000|  0%| F|  |TAMS 0x000000061e800000, 0x000000061e800000| Untracked 
|  29|0x000000061ec00000, 0x000000061ec00000, 0x000000061f000000|  0%| F|  |TAMS 0x000000061ec00000, 0x000000061ec00000| Untracked 
|  30|0x000000061f000000, 0x000000061f000000, 0x000000061f400000|  0%| F|  |TAMS 0x000000061f000000, 0x000000061f000000| Untracked 
|  31|0x000000061f400000, 0x000000061f400000, 0x000000061f800000|  0%| F|  |TAMS 0x000000061f400000, 0x000000061f400000| Untracked 
|  32|0x000000061f800000, 0x000000061f800000, 0x000000061fc00000|  0%| F|  |TAMS 0x000000061f800000, 0x000000061f800000| Untracked 
|  33|0x000000061fc00000, 0x000000061fc00000, 0x0000000620000000|  0%| F|  |TAMS 0x000000061fc00000, 0x000000061fc00000| Untracked 
|  34|0x0000000620000000, 0x0000000620000000, 0x0000000620400000|  0%| F|  |TAMS 0x0000000620000000, 0x0000000620000000| Untracked 
|  35|0x0000000620400000, 0x0000000620400000, 0x0000000620800000|  0%| F|  |TAMS 0x0000000620400000, 0x0000000620400000| Untracked 
|  36|0x0000000620800000, 0x0000000620800000, 0x0000000620c00000|  0%| F|  |TAMS 0x0000000620800000, 0x0000000620800000| Untracked 
|  37|0x0000000620c00000, 0x0000000620c00000, 0x0000000621000000|  0%| F|  |TAMS 0x0000000620c00000, 0x0000000620c00000| Untracked 
|  38|0x0000000621000000, 0x0000000621000000, 0x0000000621400000|  0%| F|  |TAMS 0x0000000621000000, 0x0000000621000000| Untracked 
|  39|0x0000000621400000, 0x0000000621400000, 0x0000000621800000|  0%| F|  |TAMS 0x0000000621400000, 0x0000000621400000| Untracked 
|  40|0x0000000621800000, 0x0000000621800000, 0x0000000621c00000|  0%| F|  |TAMS 0x0000000621800000, 0x0000000621800000| Untracked 
|  41|0x0000000621c00000, 0x0000000621c00000, 0x0000000622000000|  0%| F|  |TAMS 0x0000000621c00000, 0x0000000621c00000| Untracked 
|  42|0x0000000622000000, 0x0000000622000000, 0x0000000622400000|  0%| F|  |TAMS 0x0000000622000000, 0x0000000622000000| Untracked 
|  43|0x0000000622400000, 0x0000000622400000, 0x0000000622800000|  0%| F|  |TAMS 0x0000000622400000, 0x0000000622400000| Untracked 
|  44|0x0000000622800000, 0x0000000622800000, 0x0000000622c00000|  0%| F|  |TAMS 0x0000000622800000, 0x0000000622800000| Untracked 
|  45|0x0000000622c00000, 0x0000000622c00000, 0x0000000623000000|  0%| F|  |TAMS 0x0000000622c00000, 0x0000000622c00000| Untracked 
|  46|0x0000000623000000, 0x0000000623000000, 0x0000000623400000|  0%| F|  |TAMS 0x0000000623000000, 0x0000000623000000| Untracked 
|  47|0x0000000623400000, 0x0000000623400000, 0x0000000623800000|  0%| F|  |TAMS 0x0000000623400000, 0x0000000623400000| Untracked 
|  48|0x0000000623800000, 0x0000000623800000, 0x0000000623c00000|  0%| F|  |TAMS 0x0000000623800000, 0x0000000623800000| Untracked 
|  49|0x0000000623c00000, 0x0000000623c00000, 0x0000000624000000|  0%| F|  |TAMS 0x0000000623c00000, 0x0000000623c00000| Untracked 
|  50|0x0000000624000000, 0x0000000624000000, 0x0000000624400000|  0%| F|  |TAMS 0x0000000624000000, 0x0000000624000000| Untracked 
|  51|0x0000000624400000, 0x0000000624400000, 0x0000000624800000|  0%| F|  |TAMS 0x0000000624400000, 0x0000000624400000| Untracked 
|  52|0x0000000624800000, 0x0000000624800000, 0x0000000624c00000|  0%| F|  |TAMS 0x0000000624800000, 0x0000000624800000| Untracked 
|  53|0x0000000624c00000, 0x0000000624c00000, 0x0000000625000000|  0%| F|  |TAMS 0x0000000624c00000, 0x0000000624c00000| Untracked 
|  54|0x0000000625000000, 0x0000000625000000, 0x0000000625400000|  0%| F|  |TAMS 0x0000000625000000, 0x0000000625000000| Untracked 
|  55|0x0000000625400000, 0x0000000625400000, 0x0000000625800000|  0%| F|  |TAMS 0x0000000625400000, 0x0000000625400000| Untracked 
|  56|0x0000000625800000, 0x0000000625800000, 0x0000000625c00000|  0%| F|  |TAMS 0x0000000625800000, 0x0000000625800000| Untracked 
|  57|0x0000000625c00000, 0x0000000625c00000, 0x0000000626000000|  0%| F|  |TAMS 0x0000000625c00000, 0x0000000625c00000| Untracked 
|  58|0x0000000626000000, 0x0000000626000000, 0x0000000626400000|  0%| F|  |TAMS 0x0000000626000000, 0x0000000626000000| Untracked 
|  59|0x0000000626400000, 0x0000000626400000, 0x0000000626800000|  0%| F|  |TAMS 0x0000000626400000, 0x0000000626400000| Untracked 
|  60|0x0000000626800000, 0x0000000626800000, 0x0000000626c00000|  0%| F|  |TAMS 0x0000000626800000, 0x0000000626800000| Untracked 
|  61|0x0000000626c00000, 0x0000000626c00000, 0x0000000627000000|  0%| F|  |TAMS 0x0000000626c00000, 0x0000000626c00000| Untracked 
|  62|0x0000000627000000, 0x0000000627000000, 0x0000000627400000|  0%| F|  |TAMS 0x0000000627000000, 0x0000000627000000| Untracked 
|  63|0x0000000627400000, 0x0000000627400000, 0x0000000627800000|  0%| F|  |TAMS 0x0000000627400000, 0x0000000627400000| Untracked 
|  64|0x0000000627800000, 0x0000000627800000, 0x0000000627c00000|  0%| F|  |TAMS 0x0000000627800000, 0x0000000627800000| Untracked 
|  65|0x0000000627c00000, 0x0000000627c00000, 0x0000000628000000|  0%| F|  |TAMS 0x0000000627c00000, 0x0000000627c00000| Untracked 
|  66|0x0000000628000000, 0x0000000628000000, 0x0000000628400000|  0%| F|  |TAMS 0x0000000628000000, 0x0000000628000000| Untracked 
|  67|0x0000000628400000, 0x0000000628400000, 0x0000000628800000|  0%| F|  |TAMS 0x0000000628400000, 0x0000000628400000| Untracked 
|  68|0x0000000628800000, 0x0000000628800000, 0x0000000628c00000|  0%| F|  |TAMS 0x0000000628800000, 0x0000000628800000| Untracked 
|  69|0x0000000628c00000, 0x0000000628c00000, 0x0000000629000000|  0%| F|  |TAMS 0x0000000628c00000, 0x0000000628c00000| Untracked 
|  70|0x0000000629000000, 0x0000000629000000, 0x0000000629400000|  0%| F|  |TAMS 0x0000000629000000, 0x0000000629000000| Untracked 
|  71|0x0000000629400000, 0x0000000629400000, 0x0000000629800000|  0%| F|  |TAMS 0x0000000629400000, 0x0000000629400000| Untracked 
|  72|0x0000000629800000, 0x0000000629800000, 0x0000000629c00000|  0%| F|  |TAMS 0x0000000629800000, 0x0000000629800000| Untracked 
|  73|0x0000000629c00000, 0x0000000629c00000, 0x000000062a000000|  0%| F|  |TAMS 0x0000000629c00000, 0x0000000629c00000| Untracked 
|  74|0x000000062a000000, 0x000000062a000000, 0x000000062a400000|  0%| F|  |TAMS 0x000000062a000000, 0x000000062a000000| Untracked 
|  75|0x000000062a400000, 0x000000062a400000, 0x000000062a800000|  0%| F|  |TAMS 0x000000062a400000, 0x000000062a400000| Untracked 
|  76|0x000000062a800000, 0x000000062a800000, 0x000000062ac00000|  0%| F|  |TAMS 0x000000062a800000, 0x000000062a800000| Untracked 
|  77|0x000000062ac00000, 0x000000062ac00000, 0x000000062b000000|  0%| F|  |TAMS 0x000000062ac00000, 0x000000062ac00000| Untracked 
|  78|0x000000062b000000, 0x000000062b000000, 0x000000062b400000|  0%| F|  |TAMS 0x000000062b000000, 0x000000062b000000| Untracked 
|  79|0x000000062b400000, 0x000000062b400000, 0x000000062b800000|  0%| F|  |TAMS 0x000000062b400000, 0x000000062b400000| Untracked 
|  80|0x000000062b800000, 0x000000062b800000, 0x000000062bc00000|  0%| F|  |TAMS 0x000000062b800000, 0x000000062b800000| Untracked 
|  81|0x000000062bc00000, 0x000000062bc00000, 0x000000062c000000|  0%| F|  |TAMS 0x000000062bc00000, 0x000000062bc00000| Untracked 
|  82|0x000000062c000000, 0x000000062c000000, 0x000000062c400000|  0%| F|  |TAMS 0x000000062c000000, 0x000000062c000000| Untracked 
|  83|0x000000062c400000, 0x000000062c400000, 0x000000062c800000|  0%| F|  |TAMS 0x000000062c400000, 0x000000062c400000| Untracked 
|  84|0x000000062c800000, 0x000000062c800000, 0x000000062cc00000|  0%| F|  |TAMS 0x000000062c800000, 0x000000062c800000| Untracked 
|  85|0x000000062cc00000, 0x000000062cc00000, 0x000000062d000000|  0%| F|  |TAMS 0x000000062cc00000, 0x000000062cc00000| Untracked 
|  86|0x000000062d000000, 0x000000062d000000, 0x000000062d400000|  0%| F|  |TAMS 0x000000062d000000, 0x000000062d000000| Untracked 
|  87|0x000000062d400000, 0x000000062d400000, 0x000000062d800000|  0%| F|  |TAMS 0x000000062d400000, 0x000000062d400000| Untracked 
|  88|0x000000062d800000, 0x000000062d800000, 0x000000062dc00000|  0%| F|  |TAMS 0x000000062d800000, 0x000000062d800000| Untracked 
|  89|0x000000062dc00000, 0x000000062dc00000, 0x000000062e000000|  0%| F|  |TAMS 0x000000062dc00000, 0x000000062dc00000| Untracked 
|  90|0x000000062e000000, 0x000000062e000000, 0x000000062e400000|  0%| F|  |TAMS 0x000000062e000000, 0x000000062e000000| Untracked 
|  91|0x000000062e400000, 0x000000062e400000, 0x000000062e800000|  0%| F|  |TAMS 0x000000062e400000, 0x000000062e400000| Untracked 
|  92|0x000000062e800000, 0x000000062e800000, 0x000000062ec00000|  0%| F|  |TAMS 0x000000062e800000, 0x000000062e800000| Untracked 
|  93|0x000000062ec00000, 0x000000062ec00000, 0x000000062f000000|  0%| F|  |TAMS 0x000000062ec00000, 0x000000062ec00000| Untracked 
|  94|0x000000062f000000, 0x000000062f000000, 0x000000062f400000|  0%| F|  |TAMS 0x000000062f000000, 0x000000062f000000| Untracked 
|  95|0x000000062f400000, 0x000000062f400000, 0x000000062f800000|  0%| F|  |TAMS 0x000000062f400000, 0x000000062f400000| Untracked 
|  96|0x000000062f800000, 0x000000062f800000, 0x000000062fc00000|  0%| F|  |TAMS 0x000000062f800000, 0x000000062f800000| Untracked 
|  97|0x000000062fc00000, 0x000000062fc00000, 0x0000000630000000|  0%| F|  |TAMS 0x000000062fc00000, 0x000000062fc00000| Untracked 
|  98|0x0000000630000000, 0x0000000630000000, 0x0000000630400000|  0%| F|  |TAMS 0x0000000630000000, 0x0000000630000000| Untracked 
|  99|0x0000000630400000, 0x0000000630400000, 0x0000000630800000|  0%| F|  |TAMS 0x0000000630400000, 0x0000000630400000| Untracked 
| 100|0x0000000630800000, 0x0000000630800000, 0x0000000630c00000|  0%| F|  |TAMS 0x0000000630800000, 0x0000000630800000| Untracked 
| 101|0x0000000630c00000, 0x0000000630c00000, 0x0000000631000000|  0%| F|  |TAMS 0x0000000630c00000, 0x0000000630c00000| Untracked 
| 102|0x0000000631000000, 0x0000000631000000, 0x0000000631400000|  0%| F|  |TAMS 0x0000000631000000, 0x0000000631000000| Untracked 
| 103|0x0000000631400000, 0x0000000631400000, 0x0000000631800000|  0%| F|  |TAMS 0x0000000631400000, 0x0000000631400000| Untracked 
| 104|0x0000000631800000, 0x0000000631800000, 0x0000000631c00000|  0%| F|  |TAMS 0x0000000631800000, 0x0000000631800000| Untracked 
| 105|0x0000000631c00000, 0x0000000631c00000, 0x0000000632000000|  0%| F|  |TAMS 0x0000000631c00000, 0x0000000631c00000| Untracked 
| 106|0x0000000632000000, 0x0000000632000000, 0x0000000632400000|  0%| F|  |TAMS 0x0000000632000000, 0x0000000632000000| Untracked 
| 107|0x0000000632400000, 0x0000000632400000, 0x0000000632800000|  0%| F|  |TAMS 0x0000000632400000, 0x0000000632400000| Untracked 
| 108|0x0000000632800000, 0x0000000632800000, 0x0000000632c00000|  0%| F|  |TAMS 0x0000000632800000, 0x0000000632800000| Untracked 
| 109|0x0000000632c00000, 0x0000000632c00000, 0x0000000633000000|  0%| F|  |TAMS 0x0000000632c00000, 0x0000000632c00000| Untracked 
| 110|0x0000000633000000, 0x0000000633000000, 0x0000000633400000|  0%| F|  |TAMS 0x0000000633000000, 0x0000000633000000| Untracked 
| 111|0x0000000633400000, 0x0000000633400000, 0x0000000633800000|  0%| F|  |TAMS 0x0000000633400000, 0x0000000633400000| Untracked 
| 112|0x0000000633800000, 0x0000000633800000, 0x0000000633c00000|  0%| F|  |TAMS 0x0000000633800000, 0x0000000633800000| Untracked 
| 113|0x0000000633c00000, 0x0000000633c00000, 0x0000000634000000|  0%| F|  |TAMS 0x0000000633c00000, 0x0000000633c00000| Untracked 
| 114|0x0000000634000000, 0x0000000634000000, 0x0000000634400000|  0%| F|  |TAMS 0x0000000634000000, 0x0000000634000000| Untracked 
| 115|0x0000000634400000, 0x0000000634400000, 0x0000000634800000|  0%| F|  |TAMS 0x0000000634400000, 0x0000000634400000| Untracked 
| 116|0x0000000634800000, 0x0000000634800000, 0x0000000634c00000|  0%| F|  |TAMS 0x0000000634800000, 0x0000000634800000| Untracked 
| 117|0x0000000634c00000, 0x0000000634c00000, 0x0000000635000000|  0%| F|  |TAMS 0x0000000634c00000, 0x0000000634c00000| Untracked 
| 118|0x0000000635000000, 0x0000000635000000, 0x0000000635400000|  0%| F|  |TAMS 0x0000000635000000, 0x0000000635000000| Untracked 
| 119|0x0000000635400000, 0x0000000635400000, 0x0000000635800000|  0%| F|  |TAMS 0x0000000635400000, 0x0000000635400000| Untracked 
| 120|0x0000000635800000, 0x0000000635b72e58, 0x0000000635c00000| 86%| E|  |TAMS 0x0000000635800000, 0x0000000635800000| Complete 
| 121|0x0000000635c00000, 0x0000000636000000, 0x0000000636000000|100%| E|CS|TAMS 0x0000000635c00000, 0x0000000635c00000| Complete 
| 122|0x0000000636000000, 0x0000000636400000, 0x0000000636400000|100%| E|CS|TAMS 0x0000000636000000, 0x0000000636000000| Complete 
|1952|0x00000007ff800000, 0x00000007ffb75000, 0x00000007ffc00000| 86%|OA|  |TAMS 0x00000007ff800000, 0x00000007ff800000| Untracked 
|1953|0x00000007ffc00000, 0x00000007ffc78000, 0x0000000800000000| 11%|CA|  |TAMS 0x00000007ffc00000, 0x00000007ffc00000| Untracked 

Card table byte_map: [0x00007f6664044000,0x00007f6664f88000] _byte_map_base: 0x00007f6660f88000

Marking Bits (Prev, Next): (CMBitMap*) 0x00007f666005c730, (CMBitMap*) 0x00007f666005c770
 Prev Bits: [0x00007f664089c000, 0x00007f66482bc000)
 Next Bits: [0x00007f6638e7c000, 0x00007f664089c000)

Polling page: 0x00007f66683ce000

Metaspace:

Usage:
  Non-class:      2.95 MB used.
      Class:    258.32 KB used.
       Both:      3.20 MB used.

Virtual space:
  Non-class space:       64.00 MB reserved,       3.06 MB (  5%) committed,  1 nodes.
      Class space:        1.00 GB reserved,     384.00 KB ( <1%) committed,  1 nodes.
             Both:        1.06 GB reserved,       3.44 MB ( <1%) committed. 

Chunk freelists:
   Non-Class:  10.67 MB
       Class:  15.61 MB
        Both:  26.28 MB

MaxMetaspaceSize: unlimited
CompressedClassSpaceSize: 1.00 GB
Initial GC threshold: 21.00 MB
Current GC threshold: 21.00 MB
CDS: on
MetaspaceReclaimPolicy: balanced
 - commit_granule_bytes: 65536.
 - commit_granule_words: 8192.
 - virtual_space_node_default_size: 8388608.
 - enlarge_chunks_in_place: 1.
 - new_chunks_are_fully_committed: 0.
 - uncommit_free_chunks: 1.
 - use_allocation_guard: 0.
 - handle_deallocations: 1.


Internal statistics:

num_allocs_failed_limit: 0.
num_arena_births: 60.
num_arena_deaths: 0.
num_vsnodes_births: 2.
num_vsnodes_deaths: 0.
num_space_committed: 55.
num_space_uncommitted: 0.
num_chunks_returned_to_freelist: 0.
num_chunks_taken_from_freelist: 134.
num_chunk_merges: 0.
num_chunk_splits: 87.
num_chunks_enlarged: 58.
num_inconsistent_stats: 0.

CodeHeap 'non-profiled nmethods': size=119168Kb used=227Kb max_used=227Kb free=118940Kb
 bounds [0x00007f6650da0000, 0x00007f6651010000, 0x00007f6658200000]
CodeHeap 'profiled nmethods': size=119164Kb used=1328Kb max_used=1328Kb free=117835Kb
 bounds [0x00007f6649200000, 0x00007f6649470000, 0x00007f665065f000]
CodeHeap 'non-nmethods': size=7428Kb used=3260Kb max_used=3280Kb free=4167Kb
 bounds [0x00007f665065f000, 0x00007f665099f000, 0x00007f6650da0000]
 total_blobs=1735 nmethods=747 adapters=899
 compilation: enabled
              stopped_count=0, restarted_count=0
 full_count=0

Compilation events (20 events):
Event: 0.130 Thread 0x00007f65a41e4480 nmethod 733 0x00007f6649348c10 code [0x00007f6649348e80, 0x00007f6649349af0]
Event: 0.130 Thread 0x00007f66601745b0  738       4       java.lang.AbstractStringBuilder::<init> (39 bytes)
Event: 0.131 Thread 0x00007f65a41e4480  739       3       java.nio.ByteOrder::nativeOrder (4 bytes)
Event: 0.131 Thread 0x00007f65a41e4480 nmethod 739 0x00007f6649349e90 code [0x00007f664934a020, 0x00007f664934a110]
Event: 0.131 Thread 0x00007f66601745b0 nmethod 738 0x00007f6650dd5b10 code [0x00007f6650dd5ca0, 0x00007f6650dd5ef8]
Event: 0.131 Thread 0x00007f65a40e4c00  741       3       java.lang.Number::<init> (5 bytes)
Event: 0.131 Thread 0x00007f65a40e4c00 nmethod 741 0x00007f664934a190 code [0x00007f664934a340, 0x00007f664934a490]
Event: 0.131 Thread 0x00007f65a4024ae0  742       3       sun.misc.Unsafe::getLong (9 bytes)
Event: 0.131 Thread 0x00007f65a4024ae0 nmethod 742 0x00007f664934a590 code [0x00007f664934a720, 0x00007f664934a830]
Event: 0.131 Thread 0x00007f6660175ae0  743  s    3       java.lang.Throwable::fillInStackTrace (29 bytes)
Event: 0.132 Thread 0x00007f6660175ae0 nmethod 743 0x00007f664934a910 code [0x00007f664934aac0, 0x00007f664934ada0]
Event: 0.133 Thread 0x00007f65a40df240 nmethod 675 0x00007f6650dd6290 code [0x00007f6650dd64e0, 0x00007f6650dd7d90]
Event: 0.136 Thread 0x00007f65a41e4480  744       3       sun.misc.Unsafe::putLong (11 bytes)
Event: 0.136 Thread 0x00007f65a41e4480 nmethod 744 0x00007f664934ae90 code [0x00007f664934b020, 0x00007f664934b130]
Event: 0.136 Thread 0x00007f6660175ae0  745       3       org.lwjgl.system.Checks::check (17 bytes)
Event: 0.136 Thread 0x00007f65a4024ae0  746       3       org.lwjgl.system.CheckIntrinsics::checkIndex (6 bytes)
Event: 0.137 Thread 0x00007f65a40e4c00  747       3       java.lang.ref.SoftReference::get (29 bytes)
Event: 0.137 Thread 0x00007f65a4024ae0 nmethod 746 0x00007f664934b210 code [0x00007f664934b3c0, 0x00007f664934b620]
Event: 0.137 Thread 0x00007f6660175ae0 nmethod 745 0x00007f664934b790 code [0x00007f664934b960, 0x00007f664934bc80]
Event: 0.137 Thread 0x00007f65a40e4c00 nmethod 747 0x00007f664934be10 code [0x00007f664934bfc0, 0x00007f664934c190]

GC Heap History (0 events):
No events

Dll operation events (8 events):
Event: 0.001 Loaded shared library /home/bazzite/.gradle/jdks/eclipse_adoptium-17-amd64-linux.2/lib/libjava.so
Event: 0.009 Loaded shared library /home/bazzite/.gradle/jdks/eclipse_adoptium-17-amd64-linux.2/lib/libjsvml.so
Event: 0.017 Loaded shared library /home/bazzite/.gradle/jdks/eclipse_adoptium-17-amd64-linux.2/lib/libnio.so
Event: 0.018 Loaded shared library /home/bazzite/.gradle/jdks/eclipse_adoptium-17-amd64-linux.2/lib/libzip.so
Event: 0.043 Loaded shared library /home/bazzite/.gradle/jdks/eclipse_adoptium-17-amd64-linux.2/lib/libjimage.so
Event: 0.045 Loaded shared library /tmp/libgdxbazzite/da3a4817/libgdx64.so
Event: 0.064 Loaded shared library /home/bazzite/.gradle/jdks/eclipse_adoptium-17-amd64-linux.2/lib/libnet.so
Event: 0.066 Loaded shared library /tmp/lwjgl_bazzite/3.3.3+5/x64/liblwjgl.so

Deoptimization events (20 events):
Event: 0.034 Thread 0x00007f666002ccc0 DEOPT PACKING pc=0x00007f6649201d42 sp=0x00007f6666ee1940
Event: 0.034 Thread 0x00007f666002ccc0 DEOPT UNPACKING pc=0x00007f66506b964f sp=0x00007f6666ee0dd8 mode 0
Event: 0.038 Thread 0x00007f666002ccc0 DEOPT PACKING pc=0x00007f664920363c sp=0x00007f6666ee3480
Event: 0.038 Thread 0x00007f666002ccc0 DEOPT UNPACKING pc=0x00007f66506b964f sp=0x00007f6666ee28f0 mode 0
Event: 0.043 Thread 0x00007f666002ccc0 Uncommon trap: trap_request=0xffffff6e fr.pc=0x00007f6650dac940 relative=0x0000000000000420
Event: 0.043 Thread 0x00007f666002ccc0 Uncommon trap: reason=loop_limit_check action=maybe_recompile pc=0x00007f6650dac940 method=java.lang.StringLatin1.indexOf([BI[BII)I @ 37 c2
Event: 0.043 Thread 0x00007f666002ccc0 DEOPT PACKING pc=0x00007f6650dac940 sp=0x00007f6666ee5470
Event: 0.043 Thread 0x00007f666002ccc0 DEOPT UNPACKING pc=0x00007f66506b8b19 sp=0x00007f6666ee53f0 mode 2
Event: 0.055 Thread 0x00007f666002ccc0 Uncommon trap: trap_request=0xffffff45 fr.pc=0x00007f6650dadf24 relative=0x0000000000000284
Event: 0.055 Thread 0x00007f666002ccc0 Uncommon trap: reason=unstable_if action=reinterpret pc=0x00007f6650dadf24 method=java.lang.String.startsWith(Ljava/lang/String;I)Z @ 14 c2
Event: 0.055 Thread 0x00007f666002ccc0 DEOPT PACKING pc=0x00007f6650dadf24 sp=0x00007f6666ee4d10
Event: 0.055 Thread 0x00007f666002ccc0 DEOPT UNPACKING pc=0x00007f66506b8b19 sp=0x00007f6666ee4c90 mode 2
Event: 0.092 Thread 0x00007f666002ccc0 Uncommon trap: trap_request=0xffffffde fr.pc=0x00007f6650dcbf6c relative=0x000000000000042c
Event: 0.092 Thread 0x00007f666002ccc0 Uncommon trap: reason=class_check action=maybe_recompile pc=0x00007f6650dcbf6c method=java.util.HashMap.getNode(Ljava/lang/Object;)Ljava/util/HashMap$Node; @ 128 c2
Event: 0.092 Thread 0x00007f666002ccc0 DEOPT PACKING pc=0x00007f6650dcbf6c sp=0x00007f6666ee4dd0
Event: 0.092 Thread 0x00007f666002ccc0 DEOPT UNPACKING pc=0x00007f66506b8b19 sp=0x00007f6666ee4d08 mode 2
Event: 0.100 Thread 0x00007f666002ccc0 Uncommon trap: trap_request=0xffffffde fr.pc=0x00007f6650dcbf6c relative=0x000000000000042c
Event: 0.100 Thread 0x00007f666002ccc0 Uncommon trap: reason=class_check action=maybe_recompile pc=0x00007f6650dcbf6c method=java.util.HashMap.getNode(Ljava/lang/Object;)Ljava/util/HashMap$Node; @ 128 c2
Event: 0.100 Thread 0x00007f666002ccc0 DEOPT PACKING pc=0x00007f6650dcbf6c sp=0x00007f6666ee6530
Event: 0.100 Thread 0x00007f666002ccc0 DEOPT UNPACKING pc=0x00007f66506b8b19 sp=0x00007f6666ee6468 mode 2

Classes loaded (20 events):
Event: 0.084 Loading class jdk/internal/reflect/UnsafeQualifiedStaticObjectFieldAccessorImpl
Event: 0.084 Loading class jdk/internal/reflect/UnsafeQualifiedStaticFieldAccessorImpl
Event: 0.084 Loading class jdk/internal/reflect/UnsafeQualifiedStaticFieldAccessorImpl done
Event: 0.084 Loading class jdk/internal/reflect/UnsafeQualifiedStaticObjectFieldAccessorImpl done
Event: 0.085 Loading class java/util/function/LongPredicate
Event: 0.085 Loading class java/util/function/LongPredicate done
Event: 0.086 Loading class jdk/internal/access/foreign/MemorySegmentProxy
Event: 0.086 Loading class jdk/internal/access/foreign/MemorySegmentProxy done
Event: 0.088 Loading class java/nio/InvalidMarkException
Event: 0.088 Loading class java/nio/InvalidMarkException done
Event: 0.088 Loading class java/nio/BufferUnderflowException
Event: 0.088 Loading class java/nio/BufferUnderflowException done
Event: 0.094 Loading class java/lang/NoSuchFieldError
Event: 0.094 Loading class java/lang/NoSuchFieldError done
Event: 0.102 Loading class jdk/internal/reflect/UnsafeQualifiedStaticIntegerFieldAccessorImpl
Event: 0.103 Loading class jdk/internal/reflect/UnsafeQualifiedStaticIntegerFieldAccessorImpl done
Event: 0.119 Loading class java/lang/StrictMath
Event: 0.119 Loading class java/lang/StrictMath done
Event: 0.126 Loading class jdk/internal/misc/ScopedMemoryAccess$Scope
Event: 0.126 Loading class jdk/internal/misc/ScopedMemoryAccess$Scope done

Classes unloaded (0 events):
No events

Classes redefined (0 events):
No events

Internal exceptions (16 events):
Event: 0.052 Thread 0x00007f666002ccc0 Exception <a 'java/lang/NoSuchMethodError'{0x0000000635d70cc8}: 'java.lang.Object java.lang.invoke.DirectMethodHandle$Holder.invokeStaticInit(java.lang.Object)'> (0x0000000635d70cc8) 
thrown [src/hotspot/share/interpreter/linkResolver.cpp, line 758]
Event: 0.056 Thread 0x00007f666002ccc0 Exception <a 'java/lang/NoSuchMethodError'{0x0000000635de72e0}: 'void java.lang.invoke.DirectMethodHandle$Holder.invokeStatic(java.lang.Object, java.lang.Object)'> (0x0000000635de72e0) 
thrown [src/hotspot/share/interpreter/linkResolver.cpp, line 758]
Event: 0.057 Thread 0x00007f666002ccc0 Exception <a 'java/lang/NoSuchMethodError'{0x0000000635dec5f0}: 'void java.lang.invoke.DirectMethodHandle$Holder.invokeSpecial(java.lang.Object, java.lang.Object, java.lang.Object)'> (0x0000000635dec5f0) 
thrown [src/hotspot/share/interpreter/linkResolver.cpp, line 758]
Event: 0.058 Thread 0x00007f666002ccc0 Exception <a 'java/lang/NoSuchMethodError'{0x0000000635dff3f0}: 'java.lang.Object java.lang.invoke.DirectMethodHandle$Holder.invokeStatic(java.lang.Object, java.lang.Object, int)'> (0x0000000635dff3f0) 
thrown [src/hotspot/share/interpreter/linkResolver.cpp, line 758]
Event: 0.059 Thread 0x00007f666002ccc0 Exception <a 'java/lang/NoSuchMethodError'{0x0000000635e0b128}: 'void java.lang.invoke.DelegatingMethodHandle$Holder.delegate(java.lang.Object, java.lang.Object, int, java.lang.Object)'> (0x0000000635e0b128) 
thrown [src/hotspot/share/interpreter/linkResolver.cpp, line 758]
Event: 0.059 Thread 0x00007f666002ccc0 Exception <a 'java/lang/NoSuchMethodError'{0x0000000635e0f338}: 'int java.lang.invoke.DirectMethodHandle$Holder.invokeSpecial(java.lang.Object, java.lang.Object, java.lang.Object)'> (0x0000000635e0f338) 
thrown [src/hotspot/share/interpreter/linkResolver.cpp, line 758]
Event: 0.066 Thread 0x00007f666002ccc0 Exception <a 'sun/nio/fs/UnixException'{0x0000000635e8ada8}> (0x0000000635e8ada8) 
thrown [src/hotspot/share/prims/jni.cpp, line 516]
Event: 0.086 Thread 0x00007f666002ccc0 Exception <a 'java/lang/NoSuchMethodError'{0x0000000635fd2fe0}: 'int java.lang.invoke.DirectMethodHandle$Holder.invokeStaticInit(java.lang.Object, java.lang.Object, int, long)'> (0x0000000635fd2fe0) 
thrown [src/hotspot/share/interpreter/linkResolver.cpp, line 758]
Event: 0.086 Thread 0x00007f666002ccc0 Exception <a 'java/lang/NoSuchMethodError'{0x0000000635fd88a8}: 'java.lang.Object java.lang.invoke.DirectMethodHandle$Holder.newInvokeSpecial(java.lang.Object, java.lang.Object, int)'> (0x0000000635fd88a8) 
thrown [src/hotspot/share/interpreter/linkResolver.cpp, line 758]
Event: 0.087 Thread 0x00007f666002ccc0 Exception <a 'java/lang/NoSuchMethodError'{0x0000000635fed570}: 'int java.lang.invoke.DirectMethodHandle$Holder.invokeStaticInit(java.lang.Object, java.lang.Object, long, long)'> (0x0000000635fed570) 
thrown [src/hotspot/share/interpreter/linkResolver.cpp, line 758]
Event: 0.087 Thread 0x00007f666002ccc0 Exception <a 'java/lang/NoSuchMethodError'{0x0000000635ff3680}: 'java.lang.Object java.lang.invoke.DirectMethodHandle$Holder.newInvokeSpecial(java.lang.Object, java.lang.Object, long)'> (0x0000000635ff3680) 
thrown [src/hotspot/share/interpreter/linkResolver.cpp, line 758]
Event: 0.087 Thread 0x00007f666002ccc0 Exception <a 'java/lang/NoSuchMethodError'{0x0000000635ff76c8}: 'java.lang.Object java.lang.invoke.Invokers$Holder.linkToTargetMethod(java.lang.Object, long, java.lang.Object)'> (0x0000000635ff76c8) 
thrown [src/hotspot/share/interpreter/linkResolver.cpp, line 758]
Event: 0.087 Thread 0x00007f666002ccc0 Exception <a 'java/lang/NoSuchMethodError'{0x0000000635ffede0}: 'int java.lang.invoke.DirectMethodHandle$Holder.invokeStaticInit(java.lang.Object, java.lang.Object, java.lang.Object, long)'> (0x0000000635ffede0) 
thrown [src/hotspot/share/interpreter/linkResolver.cpp, line 758]
Event: 0.094 Thread 0x00007f666002ccc0 Exception <a 'sun/nio/fs/UnixException'{0x00000006358b0ba0}> (0x00000006358b0ba0) 
thrown [src/hotspot/share/prims/jni.cpp, line 516]
Event: 0.102 Thread 0x00007f666002ccc0 Exception <a 'sun/nio/fs/UnixException'{0x0000000635967828}> (0x0000000635967828) 
thrown [src/hotspot/share/prims/jni.cpp, line 516]
Event: 0.127 Thread 0x00007f666002ccc0 Exception <a 'sun/nio/fs/UnixException'{0x0000000635a360d0}> (0x0000000635a360d0) 
thrown [src/hotspot/share/prims/jni.cpp, line 516]

VM Operations (8 events):
Event: 0.044 Executing VM operation: HandshakeAllThreads
Event: 0.044 Executing VM operation: HandshakeAllThreads done
Event: 0.053 Executing VM operation: HandshakeAllThreads
Event: 0.053 Executing VM operation: HandshakeAllThreads done
Event: 0.058 Executing VM operation: HandshakeAllThreads
Event: 0.058 Executing VM operation: HandshakeAllThreads done
Event: 0.070 Executing VM operation: HandshakeAllThreads
Event: 0.070 Executing VM operation: HandshakeAllThreads done

Memory protections (15 events):
Event: 0.001 Protecting memory [0x00007f6666de9000,0x00007f6666ded000] with protection modes 0
Event: 0.010 Protecting memory [0x00007f66299aa000,0x00007f66299ae000] with protection modes 0
Event: 0.010 Protecting memory [0x00007f66298aa000,0x00007f66298ae000] with protection modes 0
Event: 0.011 Protecting memory [0x00007f66297aa000,0x00007f66297ae000] with protection modes 0
Event: 0.011 Protecting memory [0x00007f66296aa000,0x00007f66296ae000] with protection modes 0
Event: 0.011 Protecting memory [0x00007f66295aa000,0x00007f66295ae000] with protection modes 0
Event: 0.011 Protecting memory [0x00007f66294aa000,0x00007f66294ae000] with protection modes 0
Event: 0.011 Protecting memory [0x00007f66293aa000,0x00007f66293ae000] with protection modes 0
Event: 0.011 Protecting memory [0x00007f66292aa000,0x00007f66292ae000] with protection modes 0
Event: 0.015 Protecting memory [0x00007f66291aa000,0x00007f66291ae000] with protection modes 0
Event: 0.016 Protecting memory [0x00007f6628fa9000,0x00007f6628fad000] with protection modes 0
Event: 0.019 Protecting memory [0x00007f6628e5a000,0x00007f6628e5e000] with protection modes 0
Event: 0.083 Protecting memory [0x00007f6628a8a000,0x00007f6628a8e000] with protection modes 0
Event: 0.126 Protecting memory [0x00007f66280df000,0x00007f66280e3000] with protection modes 0
Event: 0.126 Protecting memory [0x00007f65d6b00000,0x00007f65d6b04000] with protection modes 0

Nmethod flushes (0 events):
No events

Events (15 events):
Event: 0.009 Thread 0x00007f666002ccc0 Thread added: 0x00007f666002ccc0
Event: 0.010 Thread 0x00007f666002ccc0 Thread added: 0x00007f6660169a40
Event: 0.010 Thread 0x00007f666002ccc0 Thread added: 0x00007f666016ae20
Event: 0.011 Thread 0x00007f666002ccc0 Thread added: 0x00007f66601703c0
Event: 0.011 Thread 0x00007f666002ccc0 Thread added: 0x00007f6660171770
Event: 0.011 Thread 0x00007f666002ccc0 Thread added: 0x00007f6660172b80
Event: 0.011 Thread 0x00007f666002ccc0 Thread added: 0x00007f66601745b0
Event: 0.011 Thread 0x00007f666002ccc0 Thread added: 0x00007f6660175ae0
Event: 0.011 Thread 0x00007f666002ccc0 Thread added: 0x00007f6660176f50
Event: 0.015 Thread 0x00007f666002ccc0 Thread added: 0x00007f666017f690
Event: 0.016 Thread 0x00007f666002ccc0 Thread added: 0x00007f6660182740
Event: 0.019 Thread 0x00007f6660175ae0 Thread added: 0x00007f65a4024ae0
Event: 0.083 Thread 0x00007f6660175ae0 Thread added: 0x00007f65a40df240
Event: 0.126 Thread 0x00007f6660175ae0 Thread added: 0x00007f65a40e4c00
Event: 0.126 Thread 0x00007f6660175ae0 Thread added: 0x00007f65a41e4480


Dynamic libraries:
617800000-636400000 rw-p 00000000 00:00 0 
636400000-7ff800000 ---p 00000000 00:00 0 
7ff800000-7ffb00000 rw-p 00000000 00:00 0 
7ffb00000-7ffb75000 rw-p 00c79000 00:22 4015135                          /home/bazzite/.gradle/jdks/eclipse_adoptium-17-amd64-linux.2/lib/server/classes.jsa
7ffb75000-7ffc00000 rw-p 00000000 00:00 0 
7ffc00000-7ffc78000 rw-p 00c01000 00:22 4015135                          /home/bazzite/.gradle/jdks/eclipse_adoptium-17-amd64-linux.2/lib/server/classes.jsa
7ffc78000-800000000 rw-p 00000000 00:00 0 
55f41031b000-55f41031c000 r--p 00000000 00:22 4015283                    /home/bazzite/.gradle/jdks/eclipse_adoptium-17-amd64-linux.2/bin/java
55f41031c000-55f41031d000 r-xp 00001000 00:22 4015283                    /home/bazzite/.gradle/jdks/eclipse_adoptium-17-amd64-linux.2/bin/java
55f41031d000-55f41031e000 r--p 00002000 00:22 4015283                    /home/bazzite/.gradle/jdks/eclipse_adoptium-17-amd64-linux.2/bin/java
55f41031e000-55f41031f000 r--p 00002000 00:22 4015283                    /home/bazzite/.gradle/jdks/eclipse_adoptium-17-amd64-linux.2/bin/java
55f41031f000-55f410320000 rw-p 00003000 00:22 4015283                    /home/bazzite/.gradle/jdks/eclipse_adoptium-17-amd64-linux.2/bin/java
55f42ad1a000-55f42ad65000 rw-p 00000000 00:00 0                          [heap]
7f6574000000-7f6574022000 rw-p 00000000 00:00 0 
7f6574022000-7f6578000000 ---p 00000000 00:00 0 
7f657c000000-7f657c022000 rw-p 00000000 00:00 0 
7f657c022000-7f6580000000 ---p 00000000 00:00 0 
7f6580000000-7f6580021000 rw-p 00000000 00:00 0 
7f6580021000-7f6584000000 ---p 00000000 00:00 0 
7f6584000000-7f6584021000 rw-p 00000000 00:00 0 
7f6584021000-7f6588000000 ---p 00000000 00:00 0 
7f6588000000-7f6588021000 rw-p 00000000 00:00 0 
7f6588021000-7f658c000000 ---p 00000000 00:00 0 
7f658c000000-7f658c14c000 rw-p 00000000 00:00 0 
7f658c14c000-7f6590000000 ---p 00000000 00:00 0 
7f6590000000-7f6590021000 rw-p 00000000 00:00 0 
7f6590021000-7f6594000000 ---p 00000000 00:00 0 
7f6594000000-7f6594021000 rw-p 00000000 00:00 0 
7f6594021000-7f6598000000 ---p 00000000 00:00 0 
7f6598000000-7f6598131000 rw-p 00000000 00:00 0 
7f6598131000-7f659c000000 ---p 00000000 00:00 0 
7f659c000000-7f659c021000 rw-p 00000000 00:00 0 
7f659c021000-7f65a0000000 ---p 00000000 00:00 0 
7f65a0000000-7f65a0021000 rw-p 00000000 00:00 0 
7f65a0021000-7f65a4000000 ---p 00000000 00:00 0 
7f65a4000000-7f65a41ff000 rw-p 00000000 00:00 0 
7f65a41ff000-7f65a8000000 ---p 00000000 00:00 0 
7f65a8000000-7f65a8021000 rw-p 00000000 00:00 0 
7f65a8021000-7f65ac000000 ---p 00000000 00:00 0 
7f65ac000000-7f65ac021000 rw-p 00000000 00:00 0 
7f65ac021000-7f65b0000000 ---p 00000000 00:00 0 
7f65b0000000-7f65b02a0000 rw-p 00000000 00:00 0 
7f65b02a0000-7f65b4000000 ---p 00000000 00:00 0 
7f65b4000000-7f65b4021000 rw-p 00000000 00:00 0 
7f65b4021000-7f65b8000000 ---p 00000000 00:00 0 
7f65b998f000-7f65ba190000 -wxp 00000000 00:00 0 
7f65ba190000-7f65c8000000 r--p 00000000 00:79 6198342                    /usr/lib/locale/locale-archive
7f65c8000000-7f65c8021000 rw-p 00000000 00:00 0 
7f65c8021000-7f65cc000000 ---p 00000000 00:00 0 
7f65cc000000-7f65cc021000 rw-p 00000000 00:00 0 
7f65cc021000-7f65d0000000 ---p 00000000 00:00 0 
7f65d0000000-7f65d0021000 rw-p 00000000 00:00 0 
7f65d0021000-7f65d4000000 ---p 00000000 00:00 0 
7f65d427e000-7f65d42d6000 r-xp 00000000 00:79 1076224                    /usr/lib64/spa-0.2/audioconvert/libspa-audioconvert.so
7f65d42d6000-7f65d433e000 r--p 00058000 00:79 1076224                    /usr/lib64/spa-0.2/audioconvert/libspa-audioconvert.so
7f65d433e000-7f65d4345000 r--p 000c0000 00:79 1076224                    /usr/lib64/spa-0.2/audioconvert/libspa-audioconvert.so
7f65d4345000-7f65d4348000 rw-p 000c7000 00:79 1076224                    /usr/lib64/spa-0.2/audioconvert/libspa-audioconvert.so
7f65d4348000-7f65d5b4b000 -wxp 00000000 00:00 0 
7f65d5b4b000-7f65d5b69000 r-xp 00000000 00:79 1076208                    /usr/lib64/pipewire-0.3/libpipewire-module-session-manager.so
7f65d5b69000-7f65d5b6f000 r--p 0001e000 00:79 1076208                    /usr/lib64/pipewire-0.3/libpipewire-module-session-manager.so
7f65d5b6f000-7f65d5b71000 r--p 00024000 00:79 1076208                    /usr/lib64/pipewire-0.3/libpipewire-module-session-manager.so
7f65d5b71000-7f65d5b72000 rw-p 00000000 00:00 0 
7f65d5b72000-7f65d5b7c000 r-xp 00000000 00:79 1076190                    /usr/lib64/pipewire-0.3/libpipewire-module-metadata.so
7f65d5b7c000-7f65d5b7f000 r--p 0000a000 00:79 1076190                    /usr/lib64/pipewire-0.3/libpipewire-module-metadata.so
7f65d5b7f000-7f65d5b80000 r--p 0000d000 00:79 1076190                    /usr/lib64/pipewire-0.3/libpipewire-module-metadata.so
7f65d5b80000-7f65d5b81000 rw-p 0000e000 00:79 1076190                    /usr/lib64/pipewire-0.3/libpipewire-module-metadata.so
7f65d5b81000-7f65d5ba5000 r-xp 00000000 00:79 1076183                    /usr/lib64/pipewire-0.3/libpipewire-module-client-node.so
7f65d5ba5000-7f65d5bad000 r--p 00024000 00:79 1076183                    /usr/lib64/pipewire-0.3/libpipewire-module-client-node.so
7f65d5bad000-7f65d5baf000 r--p 0002c000 00:79 1076183                    /usr/lib64/pipewire-0.3/libpipewire-module-client-node.so
7f65d5baf000-7f65d5bb0000 rw-p 0002e000 00:79 1076183                    /usr/lib64/pipewire-0.3/libpipewire-module-client-node.so
7f65d5bb0000-7f65d5c31000 r-xp 00000000 00:26 31668                      /run/host/usr/lib64/libpcre2-8.so.0.15.0
7f65d5c31000-7f65d5c5f000 r--p 00081000 00:26 31668                      /run/host/usr/lib64/libpcre2-8.so.0.15.0
7f65d5c5f000-7f65d5c60000 r--p 000ae000 00:26 31668                      /run/host/usr/lib64/libpcre2-8.so.0.15.0
7f65d5c60000-7f65d5c61000 rw-p 000af000 00:26 31668                      /run/host/usr/lib64/libpcre2-8.so.0.15.0
7f65d5c61000-7f65d5c82000 r-xp 00000000 00:26 32619                      /run/host/usr/lib64/libselinux.so.1
7f65d5c82000-7f65d5c90000 r--p 00021000 00:26 32619                      /run/host/usr/lib64/libselinux.so.1
7f65d5c90000-7f65d5c91000 r--p 0002f000 00:26 32619                      /run/host/usr/lib64/libselinux.so.1
7f65d5c91000-7f65d5c92000 rw-p 00030000 00:26 32619                      /run/host/usr/lib64/libselinux.so.1
7f65d5c92000-7f65d5c94000 rw-p 00000000 00:00 0 
7f65d5c94000-7f65d5cb7000 r-xp 00000000 00:79 1076197                    /usr/lib64/pipewire-0.3/libpipewire-module-protocol-native.so
7f65d5cb7000-7f65d5cc6000 r--p 00023000 00:79 1076197                    /usr/lib64/pipewire-0.3/libpipewire-module-protocol-native.so
7f65d5cc6000-7f65d5cd6000 r--p 00031000 00:79 1076197                    /usr/lib64/pipewire-0.3/libpipewire-module-protocol-native.so
7f65d5cd6000-7f65d5cd7000 rw-p 00041000 00:79 1076197                    /usr/lib64/pipewire-0.3/libpipewire-module-protocol-native.so
7f65d5cd7000-7f65d64d8000 -wxp 00000000 00:00 0 
7f65d64d8000-7f65d65a8000 r-xp 00000000 00:26 33097                      /run/host/usr/lib64/libsystemd.so.0.42.0
7f65d65a8000-7f65d6605000 r--p 000d0000 00:26 33097                      /run/host/usr/lib64/libsystemd.so.0.42.0
7f65d6605000-7f65d660e000 r--p 0012d000 00:26 33097                      /run/host/usr/lib64/libsystemd.so.0.42.0
7f65d660e000-7f65d660f000 rw-p 00136000 00:26 33097                      /run/host/usr/lib64/libsystemd.so.0.42.0
7f65d660f000-7f65d6610000 rw-p 00000000 00:00 0 
7f65d6610000-7f65d669a000 r-xp 00000000 00:26 31771                      /run/host/usr/lib64/libpipewire-0.3.so.0.1604.0
7f65d669a000-7f65d66c4000 r--p 0008a000 00:26 31771                      /run/host/usr/lib64/libpipewire-0.3.so.0.1604.0
7f65d66c4000-7f65d66e0000 r--p 000b3000 00:26 31771                      /run/host/usr/lib64/libpipewire-0.3.so.0.1604.0
7f65d66e0000-7f65d66e1000 rw-p 000cf000 00:26 31771                      /run/host/usr/lib64/libpipewire-0.3.so.0.1604.0
7f65d66e1000-7f65d66e2000 rw-p 00000000 00:00 0 
7f65d66e2000-7f65d6834000 r-xp 00000000 00:26 33036                      /run/host/usr/lib64/libstdc++.so.6.0.35
7f65d6834000-7f65d6953000 r--p 00152000 00:26 33036                      /run/host/usr/lib64/libstdc++.so.6.0.35
7f65d6953000-7f65d6964000 r--p 00271000 00:26 33036                      /run/host/usr/lib64/libstdc++.so.6.0.35
7f65d6964000-7f65d6965000 rw-p 00282000 00:26 33036                      /run/host/usr/lib64/libstdc++.so.6.0.35
7f65d6965000-7f65d6969000 rw-p 00000000 00:00 0 
7f65d6969000-7f65d697c000 r--p 00000000 00:37 397                        /tmp/lwjgl_bazzite/3.3.3+5/x64/libopenal.so
7f65d697c000-7f65d6a1c000 r-xp 00013000 00:37 397                        /tmp/lwjgl_bazzite/3.3.3+5/x64/libopenal.so
7f65d6a1c000-7f65d6a7e000 r--p 000b3000 00:37 397                        /tmp/lwjgl_bazzite/3.3.3+5/x64/libopenal.so
7f65d6a7e000-7f65d6a7f000 ---p 00115000 00:37 397                        /tmp/lwjgl_bazzite/3.3.3+5/x64/libopenal.so
7f65d6a7f000-7f65d6a84000 r--p 00115000 00:37 397                        /tmp/lwjgl_bazzite/3.3.3+5/x64/libopenal.so
7f65d6a84000-7f65d6a85000 rw-p 0011a000 00:37 397                        /tmp/lwjgl_bazzite/3.3.3+5/x64/libopenal.so
7f65d6a85000-7f65d6b00000 rw-p 00000000 00:00 0 
7f65d6b00000-7f65d6b04000 ---p 00000000 00:00 0 
7f65d6b04000-7f65d6c00000 -wxp 00000000 00:00 0 
7f65d6c00000-7f65d7000000 rw-p 00000000 00:00 0 
7f65d7000000-7f65d71b0000 rw-p 00000000 00:00 0 
7f65d71b0000-7f65d7400000 ---p 00000000 00:00 0 
7f65d7400000-7f65d7560000 rw-p 00000000 00:00 0 
7f65d7560000-7f65db000000 ---p 00000000 00:00 0 
7f65db000000-7f65dbbc9000 rw-p 00001000 00:22 4015135                    /home/bazzite/.gradle/jdks/eclipse_adoptium-17-amd64-linux.2/lib/server/classes.jsa
7f65dbbc9000-7f65dc000000 ---p 00000000 00:00 0 
7f65dc000000-7f65dc030000 rw-p 00000000 00:00 0 
7f65dc030000-7f65dc040000 ---p 00000000 00:00 0 
7f65dc040000-7f65dc070000 rw-p 00000000 00:00 0 
7f65dc070000-7f661c000000 ---p 00000000 00:00 0 
7f661c000000-7f661c021000 rw-p 00000000 00:00 0 
7f661c021000-7f6620000000 ---p 00000000 00:00 0 
7f6620000000-7f6620021000 rw-p 00000000 00:00 0 
7f6620021000-7f6624000000 ---p 00000000 00:00 0 
7f6624000000-7f6624021000 rw-p 00000000 00:00 0 
7f6624021000-7f6628000000 ---p 00000000 00:00 0 
7f6628006000-7f662800a000 r-xp 00000000 00:79 1076180                    /usr/lib64/pipewire-0.3/libpipewire-module-adapter.so
7f662800a000-7f662800d000 r--p 00004000 00:79 1076180                    /usr/lib64/pipewire-0.3/libpipewire-module-adapter.so
7f662800d000-7f662800e000 r--p 00007000 00:79 1076180                    /usr/lib64/pipewire-0.3/libpipewire-module-adapter.so
7f662800e000-7f662800f000 rw-p 00008000 00:79 1076180                    /usr/lib64/pipewire-0.3/libpipewire-module-adapter.so
7f662800f000-7f662801b000 r-xp 00000000 00:79 1076182                    /usr/lib64/pipewire-0.3/libpipewire-module-client-device.so
7f662801b000-7f662801e000 r--p 0000c000 00:79 1076182                    /usr/lib64/pipewire-0.3/libpipewire-module-client-device.so
7f662801e000-7f662801f000 r--p 0000e000 00:79 1076182                    /usr/lib64/pipewire-0.3/libpipewire-module-client-device.so
7f662801f000-7f6628020000 rw-p 0000f000 00:79 1076182                    /usr/lib64/pipewire-0.3/libpipewire-module-client-device.so
7f6628020000-7f6628024000 r-xp 00000000 00:79 1076202                    /usr/lib64/pipewire-0.3/libpipewire-module-rt.so
7f6628024000-7f6628027000 r--p 00004000 00:79 1076202                    /usr/lib64/pipewire-0.3/libpipewire-module-rt.so
7f6628027000-7f6628028000 r--p 00007000 00:79 1076202                    /usr/lib64/pipewire-0.3/libpipewire-module-rt.so
7f6628028000-7f6628029000 rw-p 00008000 00:79 1076202                    /usr/lib64/pipewire-0.3/libpipewire-module-rt.so
7f6628029000-7f6628030000 r--s 00000000 00:79 6199512                    /usr/lib64/gconv/gconv-modules.cache
7f6628030000-7f6628066000 r-xp 00000000 00:26 26855                      /run/host/usr/lib64/libdbus-1.so.3.38.3
7f6628066000-7f6628085000 r--p 00036000 00:26 26855                      /run/host/usr/lib64/libdbus-1.so.3.38.3
7f6628085000-7f6628087000 r--p 00054000 00:26 26855                      /run/host/usr/lib64/libdbus-1.so.3.38.3
7f6628087000-7f6628088000 rw-p 00056000 00:26 26855                      /run/host/usr/lib64/libdbus-1.so.3.38.3
7f6628088000-7f662808b000 r-xp 00000000 00:79 1076248                    /usr/lib64/spa-0.2/support/libspa-dbus.so
7f662808b000-7f662808d000 r--p 00003000 00:79 1076248                    /usr/lib64/spa-0.2/support/libspa-dbus.so
7f662808d000-7f662808e000 r--p 00004000 00:79 1076248                    /usr/lib64/spa-0.2/support/libspa-dbus.so
7f662808e000-7f662808f000 rw-p 00005000 00:79 1076248                    /usr/lib64/spa-0.2/support/libspa-dbus.so
7f662808f000-7f66280a8000 r-xp 00000000 00:79 1076250                    /usr/lib64/spa-0.2/support/libspa-support.so
7f66280a8000-7f66280af000 r--p 00019000 00:79 1076250                    /usr/lib64/spa-0.2/support/libspa-support.so
7f66280af000-7f66280b1000 r--p 0001f000 00:79 1076250                    /usr/lib64/spa-0.2/support/libspa-support.so
7f66280b1000-7f66280b2000 rw-p 00021000 00:79 1076250                    /usr/lib64/spa-0.2/support/libspa-support.so
7f66280b2000-7f66280d6000 r-xp 00000000 00:26 27953                      /run/host/usr/lib64/libgcc_s-16-20260321.so.1
7f66280d6000-7f66280dd000 r--p 00024000 00:26 27953                      /run/host/usr/lib64/libgcc_s-16-20260321.so.1
7f66280dd000-7f66280de000 r--p 0002b000 00:26 27953                      /run/host/usr/lib64/libgcc_s-16-20260321.so.1
7f66280de000-7f66280df000 rw-p 00000000 00:00 0 
7f66280df000-7f66280e3000 ---p 00000000 00:00 0 
7f66280e3000-7f66281df000 -wxp 00000000 00:00 0 
7f66281df000-7f66281e6000 r-xp 00000000 00:26 24958                      /run/host/usr/lib64/libXcursor.so.1.0.2
7f66281e6000-7f66281ea000 r--p 00007000 00:26 24958                      /run/host/usr/lib64/libXcursor.so.1.0.2
7f66281ea000-7f66281eb000 r--p 0000b000 00:26 24958                      /run/host/usr/lib64/libXcursor.so.1.0.2
7f66281eb000-7f66281ec000 rw-p 00000000 00:00 0 
7f66281ec000-7f66281f4000 r-xp 00000000 00:26 25056                      /run/host/usr/lib64/libXrender.so.1.3.0
7f66281f4000-7f66281f7000 r--p 00008000 00:26 25056                      /run/host/usr/lib64/libXrender.so.1.3.0
7f66281f7000-7f66281f8000 r--p 0000a000 00:26 25056                      /run/host/usr/lib64/libXrender.so.1.3.0
7f66281f8000-7f66281f9000 rw-p 0000b000 00:26 25056                      /run/host/usr/lib64/libXrender.so.1.3.0
7f66281f9000-7f6628206000 r-xp 00000000 00:26 25011                      /run/host/usr/lib64/libXi.so.6.1.0
7f6628206000-7f662820a000 r--p 0000d000 00:26 25011                      /run/host/usr/lib64/libXi.so.6.1.0
7f662820a000-7f662820b000 r--p 00011000 00:26 25011                      /run/host/usr/lib64/libXi.so.6.1.0
7f662820b000-7f662820c000 rw-p 00012000 00:26 25011                      /run/host/usr/lib64/libXi.so.6.1.0
7f662820c000-7f6628218000 r-xp 00000000 00:26 24981                      /run/host/usr/lib64/libXext.so.6.4.0
7f6628218000-7f662821e000 r--p 0000c000 00:26 24981                      /run/host/usr/lib64/libXext.so.6.4.0
7f662821e000-7f662821f000 r--p 00011000 00:26 24981                      /run/host/usr/lib64/libXext.so.6.4.0
7f662821f000-7f6628220000 rw-p 00012000 00:26 24981                      /run/host/usr/lib64/libXext.so.6.4.0
7f6628220000-7f66282c6000 r-xp 00000000 00:26 24911                      /run/host/usr/lib64/libX11.so.6.4.0
7f66282c6000-7f662836f000 r--p 000a6000 00:26 24911                      /run/host/usr/lib64/libX11.so.6.4.0
7f662836f000-7f6628372000 r--p 0014e000 00:26 24911                      /run/host/usr/lib64/libX11.so.6.4.0
7f6628372000-7f6628376000 rw-p 00151000 00:26 24911                      /run/host/usr/lib64/libX11.so.6.4.0
7f6628376000-7f6628384000 r--p 00000000 00:37 396                        /tmp/lwjgl_bazzite/3.3.3+5/x64/libglfw.so
7f6628384000-7f66283a3000 r-xp 0000e000 00:37 396                        /tmp/lwjgl_bazzite/3.3.3+5/x64/libglfw.so
7f66283a3000-7f66283d6000 r--p 0002d000 00:37 396                        /tmp/lwjgl_bazzite/3.3.3+5/x64/libglfw.so
7f66283d6000-7f66283d7000 ---p 00060000 00:37 396                        /tmp/lwjgl_bazzite/3.3.3+5/x64/libglfw.so
7f66283d7000-7f66283da000 r--p 00060000 00:37 396                        /tmp/lwjgl_bazzite/3.3.3+5/x64/libglfw.so
7f66283da000-7f66283dd000 rw-p 00063000 00:37 396                        /tmp/lwjgl_bazzite/3.3.3+5/x64/libglfw.so
7f66283dd000-7f6628400000 rw-p 00000000 00:00 0 
7f6628400000-7f6628800000 rw-p 00000000 00:00 0 
7f6628806000-7f6628808000 r-xp 00000000 00:79 1076249                    /usr/lib64/spa-0.2/support/libspa-journal.so
7f6628808000-7f6628809000 r--p 00002000 00:79 1076249                    /usr/lib64/spa-0.2/support/libspa-journal.so
7f6628809000-7f662880a000 r--p 00002000 00:79 1076249                    /usr/lib64/spa-0.2/support/libspa-journal.so
7f662880a000-7f662880b000 rw-p 00003000 00:79 1076249                    /usr/lib64/spa-0.2/support/libspa-journal.so
7f662880b000-7f6628813000 r--p 00000000 00:37 395                        /tmp/lwjgl_bazzite/3.3.3+5/x64/libjemalloc.so
7f6628813000-7f6628868000 r-xp 00008000 00:37 395                        /tmp/lwjgl_bazzite/3.3.3+5/x64/libjemalloc.so
7f6628868000-7f6628878000 r--p 0005d000 00:37 395                        /tmp/lwjgl_bazzite/3.3.3+5/x64/libjemalloc.so
7f6628878000-7f6628879000 ---p 0006d000 00:37 395                        /tmp/lwjgl_bazzite/3.3.3+5/x64/libjemalloc.so
7f6628879000-7f662887f000 r--p 0006d000 00:37 395                        /tmp/lwjgl_bazzite/3.3.3+5/x64/libjemalloc.so
7f662887f000-7f6628880000 rw-p 00073000 00:37 395                        /tmp/lwjgl_bazzite/3.3.3+5/x64/libjemalloc.so
7f6628880000-7f6628a8a000 rw-p 00000000 00:00 0 
7f6628a8a000-7f6628a8e000 ---p 00000000 00:00 0 
7f6628a8e000-7f6628b8a000 -wxp 00000000 00:00 0 
7f6628b8a000-7f6628bb3000 r--p 00000000 00:37 394                        /tmp/lwjgl_bazzite/3.3.3+5/x64/liblwjgl.so
7f6628bb3000-7f6628be5000 r-xp 00029000 00:37 394                        /tmp/lwjgl_bazzite/3.3.3+5/x64/liblwjgl.so
7f6628be5000-7f6628bfe000 r--p 0005b000 00:37 394                        /tmp/lwjgl_bazzite/3.3.3+5/x64/liblwjgl.so
7f6628bfe000-7f6628bff000 r--p 00073000 00:37 394                        /tmp/lwjgl_bazzite/3.3.3+5/x64/liblwjgl.so
7f6628bff000-7f6628c00000 rw-p 00074000 00:37 394                        /tmp/lwjgl_bazzite/3.3.3+5/x64/liblwjgl.so
7f6628c00000-7f6628c20000 r-xp 00000000 00:37 389                        /tmp/libgdxbazzite/da3a4817/libgdx64.so
7f6628c20000-7f6628e20000 ---p 00020000 00:37 389                        /tmp/libgdxbazzite/da3a4817/libgdx64.so
7f6628e20000-7f6628e21000 r--p 00020000 00:37 389                        /tmp/libgdxbazzite/da3a4817/libgdx64.so
7f6628e21000-7f6628e22000 rw-p 00021000 00:37 389                        /tmp/libgdxbazzite/da3a4817/libgdx64.so
7f6628e23000-7f6628e2b000 r-xp 00000000 00:26 25048                      /run/host/usr/lib64/libXrandr.so.2.2.0
7f6628e2b000-7f6628e2e000 r--p 00008000 00:26 25048                      /run/host/usr/lib64/libXrandr.so.2.2.0
7f6628e2e000-7f6628e2f000 r--p 0000b000 00:26 25048                      /run/host/usr/lib64/libXrandr.so.2.2.0
7f6628e2f000-7f6628e30000 rw-p 0000c000 00:26 25048                      /run/host/usr/lib64/libXrandr.so.2.2.0
7f6628e30000-7f6628e44000 r-xp 00000000 00:26 34583                      /run/host/usr/lib64/libxcb.so.1.1.0
7f6628e44000-7f6628e58000 r--p 00014000 00:26 34583                      /run/host/usr/lib64/libxcb.so.1.1.0
7f6628e58000-7f6628e59000 r--p 00028000 00:26 34583                      /run/host/usr/lib64/libxcb.so.1.1.0
7f6628e59000-7f6628e5a000 rw-p 00029000 00:26 34583                      /run/host/usr/lib64/libxcb.so.1.1.0
7f6628e5a000-7f6628e5e000 ---p 00000000 00:00 0 
7f6628e5e000-7f6628f5a000 -wxp 00000000 00:00 0 
7f6628f5a000-7f6628f5c000 r--p 00000000 00:22 4015085                    /home/bazzite/.gradle/jdks/eclipse_adoptium-17-amd64-linux.2/lib/libzip.so
7f6628f5c000-7f6628f6e000 r-xp 00002000 00:22 4015085                    /home/bazzite/.gradle/jdks/eclipse_adoptium-17-amd64-linux.2/lib/libzip.so
7f6628f6e000-7f6628f76000 r--p 00014000 00:22 4015085                    /home/bazzite/.gradle/jdks/eclipse_adoptium-17-amd64-linux.2/lib/libzip.so
7f6628f76000-7f6628f77000 r--p 0001b000 00:22 4015085                    /home/bazzite/.gradle/jdks/eclipse_adoptium-17-amd64-linux.2/lib/libzip.so
7f6628f77000-7f6628f78000 rw-p 0001c000 00:22 4015085                    /home/bazzite/.gradle/jdks/eclipse_adoptium-17-amd64-linux.2/lib/libzip.so
7f6628f78000-7f6628fa9000 rw-p 00000000 00:00 0 
7f6628fa9000-7f6628fad000 ---p 00000000 00:00 0 
7f6628fad000-7f66291aa000 -wxp 00000000 00:00 0 
7f66291aa000-7f66291ae000 ---p 00000000 00:00 0 
7f66291ae000-7f66292aa000 -wxp 00000000 00:00 0 
7f66292aa000-7f66292ae000 ---p 00000000 00:00 0 
7f66292ae000-7f66293aa000 -wxp 00000000 00:00 0 
7f66293aa000-7f66293ae000 ---p 00000000 00:00 0 
7f66293ae000-7f66294aa000 -wxp 00000000 00:00 0 
7f66294aa000-7f66294ae000 ---p 00000000 00:00 0 
7f66294ae000-7f66295aa000 -wxp 00000000 00:00 0 
7f66295aa000-7f66295ae000 ---p 00000000 00:00 0 
7f66295ae000-7f66296aa000 -wxp 00000000 00:00 0 
7f66296aa000-7f66296ae000 ---p 00000000 00:00 0 
7f66296ae000-7f66297aa000 -wxp 00000000 00:00 0 
7f66297aa000-7f66297ae000 ---p 00000000 00:00 0 
7f66297ae000-7f66298aa000 -wxp 00000000 00:00 0 
7f66298aa000-7f66298ae000 ---p 00000000 00:00 0 
7f66298ae000-7f66299aa000 -wxp 00000000 00:00 0 
7f66299aa000-7f66299ae000 ---p 00000000 00:00 0 
7f66299ae000-7f6629bab000 -wxp 00000000 00:00 0 
7f6629bab000-7f6629bb0000 r--p 00000000 00:22 4015116                    /home/bazzite/.gradle/jdks/eclipse_adoptium-17-amd64-linux.2/lib/libjsvml.so
7f6629bb0000-7f6629bf1000 r-xp 00005000 00:22 4015116                    /home/bazzite/.gradle/jdks/eclipse_adoptium-17-amd64-linux.2/lib/libjsvml.so
7f6629bf1000-7f6629c7a000 r--p 00046000 00:22 4015116                    /home/bazzite/.gradle/jdks/eclipse_adoptium-17-amd64-linux.2/lib/libjsvml.so
7f6629c7a000-7f6629c7b000 r--p 000ce000 00:22 4015116                    /home/bazzite/.gradle/jdks/eclipse_adoptium-17-amd64-linux.2/lib/libjsvml.so
7f6629c7b000-7f6629c7c000 rw-p 000cf000 00:22 4015116                    /home/bazzite/.gradle/jdks/eclipse_adoptium-17-amd64-linux.2/lib/libjsvml.so
7f6629c7c000-7f6629cfd000 rw-p 00000000 00:00 0 
7f6629cfd000-7f6629eff000 -wxp 00000000 00:00 0 
7f6629eff000-7f662c021000 rw-p 00000000 00:00 0 
7f662c021000-7f6630000000 ---p 00000000 00:00 0 
7f6630000000-7f6630021000 rw-p 00000000 00:00 0 
7f6630021000-7f6634000000 ---p 00000000 00:00 0 
7f6634000000-7f6634021000 rw-p 00000000 00:00 0 
7f6634021000-7f6638000000 ---p 00000000 00:00 0 
7f6638000000-7f6638001000 r-xp 00000000 00:26 24904                      /run/host/usr/lib64/libX11-xcb.so.1.0.0
7f6638001000-7f6638002000 r--p 00001000 00:26 24904                      /run/host/usr/lib64/libX11-xcb.so.1.0.0
7f6638002000-7f6638003000 r--p 00001000 00:26 24904                      /run/host/usr/lib64/libX11-xcb.so.1.0.0
7f6638003000-7f6638004000 rw-p 00000000 00:00 0 
7f6638004000-7f6638008000 r-xp 00000000 00:26 24989                      /run/host/usr/lib64/libXfixes.so.3.1.0
7f6638008000-7f663800a000 r--p 00004000 00:26 24989                      /run/host/usr/lib64/libXfixes.so.3.1.0
7f663800a000-7f663800b000 r--p 00006000 00:26 24989                      /run/host/usr/lib64/libXfixes.so.3.1.0
7f663800b000-7f663800c000 rw-p 00007000 00:26 24989                      /run/host/usr/lib64/libXfixes.so.3.1.0
7f663800c000-7f663800f000 r-xp 00000000 00:26 25100                      /run/host/usr/lib64/libXxf86vm.so.1.0.0
7f663800f000-7f6638011000 r--p 00003000 00:26 25100                      /run/host/usr/lib64/libXxf86vm.so.1.0.0
7f6638011000-7f6638012000 r--p 00004000 00:26 25100                      /run/host/usr/lib64/libXxf86vm.so.1.0.0
7f6638012000-7f6638013000 rw-p 00005000 00:26 25100                      /run/host/usr/lib64/libXxf86vm.so.1.0.0
7f6638013000-7f6638c7a000 rw-p 00000000 00:00 0 
7f6638c7a000-7f6638e7c000 -wxp 00000000 00:00 0 
7f6638e7c000-7f663962c000 rw-p 00000000 00:00 0 
7f663962c000-7f664087c000 ---p 00000000 00:00 0 
7f664087c000-7f664104c000 rw-p 00000000 00:00 0 
7f664104c000-7f664829c000 ---p 00000000 00:00 0 
7f664829c000-7f66483b2000 rw-p 00000000 00:00 0 
7f66483b2000-7f66491fc000 ---p 00000000 00:00 0 
7f66491fc000-7f6649200000 rw-p 00000000 00:00 0 
7f6649200000-7f6649470000 rwxp 00000000 00:00 0 
7f6649470000-7f665065f000 ---p 00000000 00:00 0 
7f665065f000-7f665099f000 rwxp 00000000 00:00 0 
7f665099f000-7f6650da0000 ---p 00000000 00:00 0 
7f6650da0000-7f6651010000 rwxp 00000000 00:00 0 
7f6651010000-7f6658200000 ---p 00000000 00:00 0 
7f6658200000-7f665fe02000 r--s 00000000 00:22 4015084                    /home/bazzite/.gradle/jdks/eclipse_adoptium-17-amd64-linux.2/lib/modules
7f665fe02000-7f665fe43000 rw-p 00000000 00:00 0 
7f665fe43000-7f665ff44000 -wxp 00000000 00:00 0 
7f665ff44000-7f666079d000 rw-p 00000000 00:00 0 
7f666079d000-7f6664000000 ---p 00000000 00:00 0 
7f6664002000-7f6664003000 r-xp 00000000 00:26 25019                      /run/host/usr/lib64/libXinerama.so.1.0.0
7f6664003000-7f6664004000 r--p 00001000 00:26 25019                      /run/host/usr/lib64/libXinerama.so.1.0.0
7f6664004000-7f6664005000 r--p 00001000 00:26 25019                      /run/host/usr/lib64/libXinerama.so.1.0.0
7f6664005000-7f6664006000 rw-p 00002000 00:26 25019                      /run/host/usr/lib64/libXinerama.so.1.0.0
7f6664006000-7f666413a000 rw-p 00000000 00:00 0 
7f666413a000-7f6664f84000 ---p 00000000 00:00 0 
7f6664f84000-7f666507e000 rw-p 00000000 00:00 0 
7f666507e000-7f6665ec8000 ---p 00000000 00:00 0 
7f6665ec8000-7f6666c1c000 rw-p 00000000 00:00 0 
7f6666c1c000-7f6666d00000 ---p 00000000 00:00 0 
7f6666d00000-7f6666d05000 rw-p 00000000 00:00 0 
7f6666d05000-7f6666de9000 ---p 00000000 00:00 0 
7f6666de9000-7f6666ded000 ---p 00000000 00:00 0 
7f6666ded000-7f6666ee9000 -wxp 00000000 00:00 0 
7f6666ee9000-7f6666f78000 r-xp 00000000 00:26 30195                      /run/host/usr/lib64/libm.so.6
7f6666f78000-7f6666ffe000 r--p 0008f000 00:26 30195                      /run/host/usr/lib64/libm.so.6
7f6666ffe000-7f6666fff000 r--p 00114000 00:26 30195                      /run/host/usr/lib64/libm.so.6
7f6666fff000-7f6667000000 rw-p 00115000 00:26 30195                      /run/host/usr/lib64/libm.so.6
7f6667000000-7f6667253000 r--p 00000000 00:22 4015137                    /home/bazzite/.gradle/jdks/eclipse_adoptium-17-amd64-linux.2/lib/server/libjvm.so
7f6667253000-7f6667f7c000 r-xp 00253000 00:22 4015137                    /home/bazzite/.gradle/jdks/eclipse_adoptium-17-amd64-linux.2/lib/server/libjvm.so
7f6667f7c000-7f6668209000 r--p 00f7c000 00:22 4015137                    /home/bazzite/.gradle/jdks/eclipse_adoptium-17-amd64-linux.2/lib/server/libjvm.so
7f6668209000-7f666820a000 ---p 01209000 00:22 4015137                    /home/bazzite/.gradle/jdks/eclipse_adoptium-17-amd64-linux.2/lib/server/libjvm.so
7f666820a000-7f66682c3000 r--p 01209000 00:22 4015137                    /home/bazzite/.gradle/jdks/eclipse_adoptium-17-amd64-linux.2/lib/server/libjvm.so
7f66682c3000-7f66682f8000 rw-p 012c2000 00:22 4015137                    /home/bazzite/.gradle/jdks/eclipse_adoptium-17-amd64-linux.2/lib/server/libjvm.so
7f66682f8000-7f6668353000 rw-p 00000000 00:00 0 
7f6668353000-7f6668354000 rw-s 00000000 00:01 3384                       /memfd:pipewire-memfd:flags=0x0000000f,type=2,size=2312 (deleted)
7f6668354000-7f6668355000 rw-p 00000000 00:00 0 
7f6668355000-7f6668356000 rw-p 00000000 00:00 0 
7f6668356000-7f6668358000 r-xp 00000000 00:26 24933                      /run/host/usr/lib64/libXau.so.6.0.0
7f6668358000-7f6668359000 r--p 00002000 00:26 24933                      /run/host/usr/lib64/libXau.so.6.0.0
7f6668359000-7f666835a000 r--p 00003000 00:26 24933                      /run/host/usr/lib64/libXau.so.6.0.0
7f666835a000-7f666835c000 rw-p 00000000 00:00 0 
7f666835c000-7f666835d000 r-xp 00059000 00:37 394                        /tmp/lwjgl_bazzite/3.3.3+5/x64/liblwjgl.so
7f666835d000-7f666835e000 rw-p 00000000 00:00 0 
7f666835e000-7f6668362000 r--p 00000000 00:22 4015129                    /home/bazzite/.gradle/jdks/eclipse_adoptium-17-amd64-linux.2/lib/libnet.so
7f6668362000-7f6668370000 r-xp 00004000 00:22 4015129                    /home/bazzite/.gradle/jdks/eclipse_adoptium-17-amd64-linux.2/lib/libnet.so
7f6668370000-7f6668374000 r--p 00012000 00:22 4015129                    /home/bazzite/.gradle/jdks/eclipse_adoptium-17-amd64-linux.2/lib/libnet.so
7f6668374000-7f6668375000 r--p 00015000 00:22 4015129                    /home/bazzite/.gradle/jdks/eclipse_adoptium-17-amd64-linux.2/lib/libnet.so
7f6668375000-7f6668376000 rw-p 00016000 00:22 4015129                    /home/bazzite/.gradle/jdks/eclipse_adoptium-17-amd64-linux.2/lib/libnet.so
7f6668376000-7f666837d000 r--p 00000000 00:22 4015138                    /home/bazzite/.gradle/jdks/eclipse_adoptium-17-amd64-linux.2/lib/libnio.so
7f666837d000-7f6668386000 r-xp 00007000 00:22 4015138                    /home/bazzite/.gradle/jdks/eclipse_adoptium-17-amd64-linux.2/lib/libnio.so
7f6668386000-7f666838a000 r--p 00010000 00:22 4015138                    /home/bazzite/.gradle/jdks/eclipse_adoptium-17-amd64-linux.2/lib/libnio.so
7f666838a000-7f666838b000 ---p 00014000 00:22 4015138                    /home/bazzite/.gradle/jdks/eclipse_adoptium-17-amd64-linux.2/lib/libnio.so
7f666838b000-7f666838c000 r--p 00014000 00:22 4015138                    /home/bazzite/.gradle/jdks/eclipse_adoptium-17-amd64-linux.2/lib/libnio.so
7f666838c000-7f666838d000 rw-p 00015000 00:22 4015138                    /home/bazzite/.gradle/jdks/eclipse_adoptium-17-amd64-linux.2/lib/libnio.so
7f666838d000-7f6668394000 rw-p 00000000 00:00 0 
7f6668394000-7f666839c000 ---p 00000000 00:00 0 
7f666839c000-7f66683aa000 r--p 00000000 00:22 4015088                    /home/bazzite/.gradle/jdks/eclipse_adoptium-17-amd64-linux.2/lib/libjava.so
7f66683aa000-7f66683bc000 r-xp 0000e000 00:22 4015088                    /home/bazzite/.gradle/jdks/eclipse_adoptium-17-amd64-linux.2/lib/libjava.so
7f66683bc000-7f66683c2000 r--p 00020000 00:22 4015088                    /home/bazzite/.gradle/jdks/eclipse_adoptium-17-amd64-linux.2/lib/libjava.so
7f66683c2000-7f66683c3000 ---p 00026000 00:22 4015088                    /home/bazzite/.gradle/jdks/eclipse_adoptium-17-amd64-linux.2/lib/libjava.so
7f66683c3000-7f66683c4000 r--p 00026000 00:22 4015088                    /home/bazzite/.gradle/jdks/eclipse_adoptium-17-amd64-linux.2/lib/libjava.so
7f66683c4000-7f66683c5000 rw-p 00027000 00:22 4015088                    /home/bazzite/.gradle/jdks/eclipse_adoptium-17-amd64-linux.2/lib/libjava.so
7f66683c5000-7f66683c6000 rw-p 00000000 00:00 0 
7f66683c6000-7f66683ce000 rw-s 00000000 00:37 414                        /tmp/hsperfdata_bazzite/32995
7f66683ce000-7f66683cf000 ---p 00000000 00:00 0 
7f66683cf000-7f66683d0000 r--p 00000000 00:00 0 
7f66683d0000-7f66683d1000 ---p 00000000 00:00 0 
7f66683d1000-7f66683d5000 r--p 00000000 00:22 4015120                    /home/bazzite/.gradle/jdks/eclipse_adoptium-17-amd64-linux.2/lib/libjimage.so
7f66683d5000-7f66683e8000 r-xp 00004000 00:22 4015120                    /home/bazzite/.gradle/jdks/eclipse_adoptium-17-amd64-linux.2/lib/libjimage.so
7f66683e8000-7f66683ee000 r--p 00017000 00:22 4015120                    /home/bazzite/.gradle/jdks/eclipse_adoptium-17-amd64-linux.2/lib/libjimage.so
7f66683ee000-7f66683f0000 r--p 0001c000 00:22 4015120                    /home/bazzite/.gradle/jdks/eclipse_adoptium-17-amd64-linux.2/lib/libjimage.so
7f66683f0000-7f66683f1000 rw-p 0001e000 00:22 4015120                    /home/bazzite/.gradle/jdks/eclipse_adoptium-17-amd64-linux.2/lib/libjimage.so
7f66683f1000-7f66683f2000 r-xp 00000000 00:26 32469                      /run/host/usr/lib64/librt.so.1
7f66683f2000-7f66683f3000 r--p 00001000 00:26 32469                      /run/host/usr/lib64/librt.so.1
7f66683f3000-7f66683f4000 r--p 00001000 00:26 32469                      /run/host/usr/lib64/librt.so.1
7f66683f4000-7f66683f7000 rw-p 00000000 00:00 0 
7f66683f7000-7f666856b000 r-xp 00000000 00:26 26352                      /run/host/usr/lib64/libc.so.6
7f666856b000-7f66685e4000 r--p 00174000 00:26 26352                      /run/host/usr/lib64/libc.so.6
7f66685e4000-7f66685e8000 r--p 001ed000 00:26 26352                      /run/host/usr/lib64/libc.so.6
7f66685e8000-7f66685ea000 rw-p 001f1000 00:26 26352                      /run/host/usr/lib64/libc.so.6
7f66685ea000-7f66685f2000 rw-p 00000000 00:00 0 
7f66685f2000-7f66685f3000 r-xp 00000000 00:26 27028                      /run/host/usr/lib64/libdl.so.2
7f66685f3000-7f66685f4000 r--p 00001000 00:26 27028                      /run/host/usr/lib64/libdl.so.2
7f66685f4000-7f66685f5000 r--p 00001000 00:26 27028                      /run/host/usr/lib64/libdl.so.2
7f66685f5000-7f66685f6000 rw-p 00000000 00:00 0 
7f66685f6000-7f66685f7000 r-xp 00000000 00:26 32154                      /run/host/usr/lib64/libpthread.so.0
7f66685f7000-7f66685f8000 r--p 00001000 00:26 32154                      /run/host/usr/lib64/libpthread.so.0
7f66685f8000-7f66685f9000 r--p 00001000 00:26 32154                      /run/host/usr/lib64/libpthread.so.0
7f66685f9000-7f66685fa000 rw-p 00000000 00:00 0 
7f66685fa000-7f66685fd000 r--p 00000000 00:22 4015093                    /home/bazzite/.gradle/jdks/eclipse_adoptium-17-amd64-linux.2/lib/libjli.so
7f66685fd000-7f666860d000 r-xp 00003000 00:22 4015093                    /home/bazzite/.gradle/jdks/eclipse_adoptium-17-amd64-linux.2/lib/libjli.so
7f666860d000-7f6668614000 r--p 00013000 00:22 4015093                    /home/bazzite/.gradle/jdks/eclipse_adoptium-17-amd64-linux.2/lib/libjli.so
7f6668614000-7f6668615000 r--p 00019000 00:22 4015093                    /home/bazzite/.gradle/jdks/eclipse_adoptium-17-amd64-linux.2/lib/libjli.so
7f6668615000-7f6668616000 rw-p 0001a000 00:22 4015093                    /home/bazzite/.gradle/jdks/eclipse_adoptium-17-amd64-linux.2/lib/libjli.so
7f6668616000-7f6668618000 rw-p 00000000 00:00 0 
7f6668618000-7f666861c000 r--p 00000000 00:00 0                          [vvar]
7f666861c000-7f666861e000 r--p 00000000 00:00 0                          [vvar_vclock]
7f666861e000-7f6668620000 r-xp 00000000 00:00 0                          [vdso]
7f6668620000-7f666864a000 r-xp 00000000 00:79 6195668                    /usr/lib64/ld-linux-x86-64.so.2
7f666864a000-7f6668656000 r--p 0002a000 00:79 6195668                    /usr/lib64/ld-linux-x86-64.so.2
7f6668656000-7f6668658000 r--p 00035000 00:79 6195668                    /usr/lib64/ld-linux-x86-64.so.2
7f6668658000-7f6668659000 rw-p 00037000 00:79 6195668                    /usr/lib64/ld-linux-x86-64.so.2
7f6668659000-7f666865a000 rw-p 00000000 00:00 0 
7ffe689e0000-7ffe68a05000 rw-p 00000000 00:00 0                          [stack]
ffffffffff600000-ffffffffff601000 --xp 00000000 00:00 0                  [vsyscall]


VM Arguments:
jvm_args: -Dfile.encoding=UTF-8 -Duser.country=US -Duser.language=en -Duser.variant 
java_command: dungeon.crawler.lwjgl3.Lwjgl3Launcher
java_class_path (initial): /home/bazzite/code/java/LibGDXDungeonCrawler/lwjgl3/build/classes/java/main:/home/bazzite/code/java/LibGDXDungeonCrawler/lwjgl3/build/resources/main:/home/bazzite/.gradle/caches/modules-2/files-2.1/com.badlogicgames.gdx-controllers/gdx-controllers-desktop/2.2.3/f496535b094461487a71b3f23a17cd7d524de0f5/gdx-controllers-desktop-2.2.3.jar:/home/bazzite/.gradle/caches/modules-2/files-2.1/com.badlogicgames.gdx/gdx-backend-lwjgl3/1.13.1/c8d8f1c3ccd17fe2202a1d581e179c4ba0ccc45d/gdx-backend-lwjgl3-1.13.1.jar:/home/bazzite/.gradle/caches/modules-2/files-2.1/com.badlogicgames.gdx/gdx-platform/1.13.1/8493b7d917097a6d091db2554bf0056881f96738/gdx-platform-1.13.1-natives-desktop.jar:/home/bazzite/code/java/LibGDXDungeonCrawler/core/build/libs/core-1.0.0.jar:/home/bazzite/.gradle/caches/modules-2/files-2.1/com.badlogicgames.gdx/gdx-tools/1.13.1/1b046c9f556bc2287384a379c867721196cb42a8/gdx-tools-1.13.1.jar:/home/bazzite/.gradle/caches/modules-2/files-2.1/de.golfgl.gdxcontrollerutils/gdx-controllerutils-mapping/2.3.0/4f0651c569245a0fcc2eb3a51f3d64cba33ab943/gdx-controllerutils-mapping-2.3.0.jar:/home/bazzite/.gradle/caches/modules-2/files-2.1/com.badlogicgames.gdx-controllers/gdx-controllers-core/2.2.3/82b77d6cb6394420cdd480fc2ab373f7ba5e0e45/gdx-controllers-core-2.2.3.jar:/home/bazzite/.gradle/caches/modules-2/files-2.1/com.badlogicgames.jamepad/jamepad/2.0.20.0/55eb0007fd55c9914d106dac3387b9d444572cab/jamepad-2.0.20.0.jar:/home/bazzite/.gradle/caches/modules-2/files-2.1/com.badlogicgames.ashley/ashley/1.7.4/21a3a8932919099c4e5006a7d8378dcbe76ef8a5/ashley-1.7.4.jar:/home/bazzite/.gradle/caches/modules-2/files-2.1/com.github.tommyettinger/anim8-gdx/0.5.4/81d81cf0f6e0b9ec11072e0118a2fff0e5dcc3b5/anim8-gdx-0.5.4.jar:/home/bazzite/.gradle/caches/modules-2/files-2.1/com.badlogicgames.gdx/gdx-freetype/1.13.1/a386c9b7a10b28f91b2de47f66b12c23a2c3abc2/gdx-freetype-1.13.1.jar:/home/bazzite/.gradle/caches/modules-2/files-2.1/com.badlogicgames.gdx/gdx-backend-headle
Launcher Type: SUN_STANDARD

[Global flags]
     intx CICompilerCount                          = 12                                        {product} {ergonomic}
     uint ConcGCThreads                            = 3                                         {product} {ergonomic}
     uint G1ConcRefinementThreads                  = 13                                        {product} {ergonomic}
   size_t G1HeapRegionSize                         = 4194304                                   {product} {ergonomic}
    uintx GCDrainStackTargetSize                   = 64                                        {product} {ergonomic}
   size_t InitialHeapSize                          = 515899392                                 {product} {ergonomic}
   size_t MarkStackSize                            = 4194304                                   {product} {ergonomic}
   size_t MaxHeapSize                              = 8195670016                                {product} {ergonomic}
   size_t MaxNewSize                               = 4915724288                                {product} {ergonomic}
   size_t MinHeapDeltaBytes                        = 4194304                                   {product} {ergonomic}
   size_t MinHeapSize                              = 8388608                                   {product} {ergonomic}
    uintx NonNMethodCodeHeapSize                   = 7602480                                {pd product} {ergonomic}
    uintx NonProfiledCodeHeapSize                  = 122027880                              {pd product} {ergonomic}
    uintx ProfiledCodeHeapSize                     = 122027880                              {pd product} {ergonomic}
    uintx ReservedCodeCacheSize                    = 251658240                              {pd product} {ergonomic}
     bool SegmentedCodeCache                       = true                                      {product} {ergonomic}
   size_t SoftMaxHeapSize                          = 8195670016                             {manageable} {ergonomic}
     bool UseCompressedClassPointers               = true                           {product lp64_product} {ergonomic}
     bool UseCompressedOops                        = true                           {product lp64_product} {ergonomic}
     bool UseG1GC                                  = true                                      {product} {ergonomic}

Logging:
Log output configuration:
 #0: stdout all=warning uptime,level,tags
 #1: stderr all=off uptime,level,tags

Environment Variables:
PATH=/home/bazzite/.local/share/../bin:/home/bazzite/.local/bin:/home/bazzite/bin:/usr/local/bin:/usr/bin:/bin:/usr/local/sbin:/home/bazzite/.local/share/yabridge:/usr/local/bin:/usr/bin:/usr/sbin:/sbin:/home/bazzite/.local/share/yabridge
XDG_CACHE_HOME=/home/bazzite/.cache
XDG_CONFIG_HOME=/home/bazzite/.config
LD_LIBRARY_PATH=/run/host/usr/lib64:
SHELL=/usr/bin/bash
DISPLAY=:0
LANG=en_US.UTF-8
TERM=xterm-256color

Active Locale:
LC_ALL=en_US.UTF-8
LC_COLLATE=en_US.UTF-8
LC_CTYPE=en_US.UTF-8
LC_MESSAGES=en_US.UTF-8
LC_MONETARY=en_US.UTF-8
LC_NUMERIC=en_US.UTF-8
LC_TIME=en_US.UTF-8

Signal Handlers:
   SIGSEGV: crash_handler in libjvm.so, mask=11100100010111111101111111111110, flags=SA_RESTART|SA_SIGINFO, unblocked
    SIGBUS: crash_handler in libjvm.so, mask=11100100010111111101111111111110, flags=SA_RESTART|SA_SIGINFO, unblocked
    SIGFPE: crash_handler in libjvm.so, mask=11100100010111111101111111111110, flags=SA_RESTART|SA_SIGINFO, unblocked
   SIGPIPE: javaSignalHandler in libjvm.so, mask=11100100010111111101111111111110, flags=SA_RESTART|SA_SIGINFO, blocked
   SIGXFSZ: javaSignalHandler in libjvm.so, mask=11100100010111111101111111111110, flags=SA_RESTART|SA_SIGINFO, blocked
    SIGILL: crash_handler in libjvm.so, mask=11100100010111111101111111111110, flags=SA_RESTART|SA_SIGINFO, unblocked
   SIGUSR2: SR_handler in libjvm.so, mask=00100000000000000000000000000000, flags=SA_RESTART|SA_SIGINFO, blocked
    SIGHUP: UserHandler in libjvm.so, mask=11100100010111111101111111111110, flags=SA_RESTART|SA_SIGINFO, blocked
    SIGINT: UserHandler in libjvm.so, mask=11100100010111111101111111111110, flags=SA_RESTART|SA_SIGINFO, blocked
   SIGTERM: UserHandler in libjvm.so, mask=11100100010111111101111111111110, flags=SA_RESTART|SA_SIGINFO, blocked
   SIGQUIT: UserHandler in libjvm.so, mask=11100100010111111101111111111110, flags=SA_RESTART|SA_SIGINFO, blocked
   SIGTRAP: crash_handler in libjvm.so, mask=11100100010111111101111111111110, flags=SA_RESTART|SA_SIGINFO, unblocked


Periodic native trim disabled


---------------  S Y S T E M  ---------------

OS:
Fedora release 43 (Forty Three)
uname: Linux 6.19.14-ogc1.1.fc44.x86_64 #1 SMP PREEMPT_DYNAMIC Fri May  1 20:37:39 UTC 2026 x86_64
OS uptime: 0 days 0:31 hours
libc: glibc 2.43 NPTL 2.43 
rlimit (soft/hard): STACK 8192k/infinity , CORE infinity/infinity , NPROC 123793/123793 , NOFILE 1048576/1048576 , AS infinity/infinity , CPU infinity/infinity , DATA infinity/infinity , FSIZE infinity/infinity , MEMLOCK 2147484k/2147484k
load average: 0.64 0.94 0.93

/proc/meminfo:
MemTotal:       32002216 kB
MemFree:         3929312 kB
MemAvailable:   18551948 kB
Buffers:            7384 kB
Cached:         16847640 kB
SwapCached:            0 kB
Active:         18003092 kB
Inactive:        7414636 kB
Active(anon):    9192256 kB
Inactive(anon):        0 kB
Active(file):    8810836 kB
Inactive(file):  7414636 kB
Unevictable:         404 kB
Mlocked:             404 kB
SwapTotal:      16001020 kB
SwapFree:       16001020 kB
Zswap:                 0 kB
Zswapped:              0 kB
Dirty:             13028 kB
Writeback:             0 kB
AnonPages:       8563588 kB
Mapped:          2745192 kB
Shmem:            629932 kB
KReclaimable:     732704 kB
Slab:            1257192 kB
SReclaimable:     732704 kB
SUnreclaim:       524488 kB
KernelStack:       36304 kB
PageTables:       115952 kB
SecPageTables:      4756 kB
NFS_Unstable:          0 kB
Bounce:                0 kB
WritebackTmp:          0 kB
CommitLimit:    32002128 kB
Committed_AS:   43649932 kB
VmallocTotal:   34359738367 kB
VmallocUsed:      364228 kB
VmallocChunk:          0 kB
Percpu:            21312 kB
HardwareCorrupted:     0 kB
AnonHugePages:         0 kB
ShmemHugePages:        0 kB
ShmemPmdMapped:        0 kB
FileHugePages:     12288 kB
FilePmdMapped:     10240 kB
CmaTotal:              0 kB
CmaFree:               0 kB
Unaccepted:            0 kB
Balloon:               0 kB
HugePages_Total:       0
HugePages_Free:        0
HugePages_Rsvd:        0
HugePages_Surp:        0
Hugepagesize:       2048 kB
Hugetlb:               0 kB
DirectMap4k:     3902380 kB
DirectMap2M:    22507520 kB
DirectMap1G:     7340032 kB

/sys/kernel/mm/transparent_hugepage/enabled: always [madvise] never
/sys/kernel/mm/transparent_hugepage/hpage_pmd_size: 2097152
/sys/kernel/mm/transparent_hugepage/defrag (defrag/compaction efforts parameter): always defer defer+madvise [madvise] never

Process Memory:
Virtual Size: 11917932K (peak: 11970460K)
Resident Set Size: 78580K (peak: 78580K) (anon: 48716K, file: 27668K, shmem: 2196K)
Swapped out: 0K
C-Heap outstanding allocations: 45898K, retained: 3757K
glibc malloc tunables: (default)

/proc/sys/kernel/threads-max (system-wide limit on the number of threads): 247587
/proc/sys/vm/max_map_count (maximum number of memory map areas a process may have): 2147483642
/proc/sys/vm/swappiness (control to define how aggressively the kernel swaps out anonymous memory): 180
/proc/sys/kernel/pid_max (system-wide limit on number of process identifiers): 4194304

container information not found.
Steal ticks since vm start: 0
Steal ticks percentage since vm start:  0.000

CPU: total 16 (initial active 16) (16 cores per cpu, 2 threads per core) family 25 model 97 stepping 2 microcode 0xa60120a, cx8, cmov, fxsr, ht, mmx, 3dnowpref, sse, sse2, sse3, ssse3, sse4a, sse4.1, sse4.2, popcnt, lzcnt, tsc, tscinvbit, avx, avx2, aes, erms, clmul, bmi1, bmi2, adx, avx512f, avx512dq, avx512cd, avx512bw, avx512vl, sha, fma, vzeroupper, avx512_vpopcntdq, avx512_vpclmulqdq, avx512_vaes, avx512_vnni, clflush, clflushopt, avx512_vbmi2, avx512_vbmi
CPU Model and flags from /proc/cpuinfo:
model name	: AMD Ryzen 7 7700X 8-Core Processor
flags		: fpu vme de pse tsc msr pae mce cx8 apic sep mtrr pge mca cmov pat pse36 clflush mmx fxsr sse sse2 ht syscall nx mmxext fxsr_opt pdpe1gb rdtscp lm constant_tsc rep_good amd_lbr_v2 nopl xtopology nonstop_tsc cpuid extd_apicid aperfmperf rapl pni pclmulqdq monitor ssse3 fma cx16 sse4_1 sse4_2 movbe popcnt aes xsave avx f16c rdrand lahf_lm cmp_legacy svm extapic cr8_legacy abm sse4a misalignsse 3dnowprefetch osvw ibs skinit wdt tce topoext perfctr_core perfctr_nb bpext perfctr_llc mwaitx cpuid_fault cpb cat_l3 cdp_l3 hw_pstate ssbd mba perfmon_v2 ibrs ibpb stibp ibrs_enhanced vmmcall fsgsbase bmi1 avx2 smep bmi2 erms invpcid cqm rdt_a avx512f avx512dq rdseed adx smap avx512ifma clflushopt clwb avx512cd sha_ni avx512bw avx512vl xsaveopt xsavec xgetbv1 xsaves cqm_llc cqm_occup_llc cqm_mbm_total cqm_mbm_local user_shstk avx512_bf16 clzero irperf xsaveerptr rdpru wbnoinvd cppc arat npt lbrv svm_lock nrip_save tsc_scale vmcb_clean flushbyasid decodeassists pausefilter pfthreshold avic vgif x2avic v_spec_ctrl vnmi avx512vbmi umip pku ospke avx512_vbmi2 gfni vaes vpclmulqdq avx512_vnni avx512_bitalg avx512_vpopcntdq rdpid overflow_recov succor smca fsrm flush_l1d amd_lbr_pmc_freeze

Online cpus: 0-15
Offline cpus: 
BIOS frequency limitation: <Not Available>
Frequency switch latency (ns): 0
Available cpu frequencies: <Not Available>
Current governor: performance
Core performance/turbo boost: 1

Memory: 4k page, physical 32002216k(3929312k free), swap 16001020k(16001020k free)
Page Sizes: 4k

vm_info: OpenJDK 64-Bit Server VM (17.0.15+6) for linux-amd64 JRE (17.0.15+6), built on Apr 15 2025 00:00:00 by "admin" with gcc 10.3.0

END.
