#
# A fatal error has been detected by the Java Runtime Environment:
#
#  SIGSEGV (0xb) at pc=0x00007fb6e961c5ba, pid=22108, tid=22109
#
# JRE version: OpenJDK Runtime Environment Temurin-17.0.15+6 (17.0.15+6) (build 17.0.15+6)
# Java VM: OpenJDK 64-Bit Server VM Temurin-17.0.15+6 (17.0.15+6, mixed mode, sharing, tiered, compressed oops, compressed class ptrs, g1 gc, linux-amd64)
# Problematic frame:
# C  [libspa-support.so+0x1a5ba]
#
# Core dump will be written. Default location: Core dumps may be processed with "/usr/lib/systemd/systemd-coredump %P %u %g %s %t %c %h %d %F" (or dumping to /home/bazzite/code/java/LibGDXDungeonCrawler/assets/core.22108)
#
# If you would like to submit a bug report, please visit:
#   https://github.com/adoptium/adoptium-support/issues
# The crash happened outside the Java Virtual Machine in native code.
# See problematic frame for where to report the bug.
#

---------------  S U M M A R Y ------------

Command Line: -Dfile.encoding=UTF-8 -Duser.country=US -Duser.language=en -Duser.variant dungeon.crawler.lwjgl3.Lwjgl3Launcher

Host: AMD Ryzen 7 7700X 8-Core Processor, 16 cores, 30G, Fedora release 43 (Forty Three)
Time: Sun May  3 10:52:43 2026 EDT elapsed time: 0.136636 seconds (0d 0h 0m 0s)

---------------  T H R E A D  ---------------

Current thread (0x00007fb72002ccc0):  JavaThread "main" [_thread_in_native, id=22109, stack(0x00007fb727de9000,0x00007fb727ee9000)]

Stack: [0x00007fb727de9000,0x00007fb727ee9000],  sp=0x00007fb727ee6f08,  free space=1015k
Native frames: (J=compiled Java code, j=interpreted, Vv=VM code, C=native code)
C  [libspa-support.so+0x1a5ba]
C  [libpipewire-0.3.so.0+0x5618f]  pw_impl_node_initialized+0xef
C  [libpipewire-module-adapter.so+0x3518]
C  [libpipewire-0.3.so.0+0x85b9c]  pw_stream_connect+0xc7c
C  [libopenal.so+0x72f86]
C  [libopenal.so+0x49d4b]

Java frames: (J=compiled Java code, j=interpreted, Vv=VM code)
j  org.lwjgl.system.JNI.invokePPP(JJJ)J+0
j  org.lwjgl.openal.ALC10.nalcCreateContext(JJ)J+23
j  org.lwjgl.openal.ALC10.alcCreateContext(JLjava/nio/IntBuffer;)J+15
j  com.badlogic.gdx.backends.lwjgl3.audio.OpenALLwjgl3Audio.<init>(III)V+163
j  com.badlogic.gdx.backends.lwjgl3.Lwjgl3Application.createAudio(Lcom/badlogic/gdx/backends/lwjgl3/Lwjgl3ApplicationConfiguration;)Lcom/badlogic/gdx/backends/lwjgl3/audio/Lwjgl3Audio;+16
j  com.badlogic.gdx.backends.lwjgl3.Lwjgl3Application.<init>(Lcom/badlogic/gdx/ApplicationListener;Lcom/badlogic/gdx/backends/lwjgl3/Lwjgl3ApplicationConfiguration;)V+138
j  dungeon.crawler.lwjgl3.Lwjgl3Launcher.createApplication()Lcom/badlogic/gdx/backends/lwjgl3/Lwjgl3Application;+14
j  dungeon.crawler.lwjgl3.Lwjgl3Launcher.main([Ljava/lang/String;)V+7
v  ~StubRoutines::call_stub

siginfo: si_signo: 11 (SIGSEGV), si_code: 2 (SEGV_ACCERR), si_addr: 0x00007fb6e961c5ba

Registers:
RAX=0x00007fb6e961c5ba, RBX=0x0000000000000000, RCX=0x0000000000000000, RDX=0x0000000000000001
RSP=0x00007fb727ee6f08, RBP=0x00007fb727ee6fa0, RSI=0x00007fb6e96789f0, RDI=0x00007fb72069d288
R8 =0x0000000000000000, R9 =0x00007fb72073a050, R10=0x0000000000000000, R11=0x0000000000000000
R12=0x0000000000000000, R13=0x0000000000000001, R14=0x0000000000000001, R15=0x00007fb72073a050
RIP=0x00007fb6e961c5ba, EFLAGS=0x0000000000010246, CSGSFS=0x002b000000000033, ERR=0x0000000000000015
  TRAPNO=0x000000000000000e

XMM[0]=0x0000000000000000 0x0000000000000000
XMM[1]=0x0000000000000000 0x0000000000000001
XMM[2]=0x0000000000000000 0x0000000000001000
XMM[3]=0x0000000000000000 0x0000000000000000
XMM[4]=0x0000000000000000 0x0000000000001000
XMM[5]=0x00007fb727ee6020 0x00007fb727ee5fa0
XMM[6]=0x0000000000000000 0x0000000000000090
XMM[7]=0x0000000000000000 0x00007fb6e96f3d20
XMM[8]=0x0000000028a105af 0xc99ffe2500b22ace
XMM[9]=0x0000000000000000 0x0000000000000001
XMM[10]=0x00000001db710640 0x00000001f7011640
XMM[11]=0x000000003db1ecdc 0x0000000174359406
XMM[12]=0x0000000000000000 0x0000000000000000
XMM[13]=0x0000000000000000 0xbc620396851a8212
XMM[14]=0x0000000000000000 0x3eb20b09dfb435b3
XMM[15]=0x0000000000000000 0x0000000000000000
  MXCSR=0x00001fa0


Register to memory mapping:

RAX=0x00007fb6e961c5ba: <offset 0x000000000001a5ba> in /usr/lib64/spa-0.2/support/libspa-support.so at 0x00007fb6e9602000
RBX=0x0 is NULL
RCX=0x0 is NULL
RDX=0x0000000000000001 is an unknown value
RSP=0x00007fb727ee6f08 is pointing into the stack for thread: 0x00007fb72002ccc0
RBP=0x00007fb727ee6fa0 is pointing into the stack for thread: 0x00007fb72002ccc0
RSI=0x00007fb6e96789f0: <offset 0x00000000000539f0> in /run/host/usr/lib64/libpipewire-0.3.so.0 at 0x00007fb6e9625000
RDI=0x00007fb72069d288 points into unknown readable memory: 0x0000000000000000 | 00 00 00 00 00 00 00 00
R8 =0x0 is NULL
R9 =0x00007fb72073a050 points into unknown readable memory: 0x00007fb7206991e0 | e0 91 69 20 b7 7f 00 00
R10=0x0 is NULL
R11=0x0 is NULL
R12=0x0 is NULL
R13=0x0000000000000001 is an unknown value
R14=0x0000000000000001 is an unknown value
R15=0x00007fb72073a050 points into unknown readable memory: 0x00007fb7206991e0 | e0 91 69 20 b7 7f 00 00


Top of Stack: (sp=0x00007fb727ee6f08)
0x00007fb727ee6f08:   00007fb6e967aed8 00007fb727ee6f60
0x00007fb727ee6f18:   00007fb720702b48 00007fb727ee6fc0
0x00007fb727ee6f28:   00007fb6e828b32d 00007fb72073a8c0
0x00007fb727ee6f38:   00007fb72073a640 0000000000000000
0x00007fb727ee6f48:   0000000000000000 0000000000000000
0x00007fb727ee6f58:   0000000000000000 00007fb720714858
0x00007fb727ee6f68:   15565ef290043500 00007fb6e8339660
0x00007fb727ee6f78:   00007fb72073a050 00007fb72073a640
0x00007fb727ee6f88:   00007fb7206ae178 0000000000000000
0x00007fb727ee6f98:   00007fb720702b48 00007fb727ee7000
0x00007fb727ee6fa8:   00007fb6e967b18f 00007fb72073a8c0
0x00007fb727ee6fb8:   00007fb72073a640 0000000000000000
0x00007fb727ee6fc8:   0000000000000000 0000000000000000
0x00007fb727ee6fd8:   0000000000000000 00007fb7207042e0
0x00007fb727ee6fe8:   15565ef290043500 00007fb7207042e0
0x00007fb727ee6ff8:   00007fb72073a050 00007fb727ee7110
0x00007fb727ee7008:   00007fb6e8378518 00007fb72073a8a0
0x00007fb727ee7018:   00007fb720711ad0 00007fb72073a8a0
0x00007fb727ee7028:   00007fb72073a050 0000000100000110
0x00007fb727ee7038:   0000000000000000 00007fb7206991e0
0x00007fb727ee7048:   00000000000048c0 0000000100000001
0x00007fb727ee7058:   00007fb720702b48 0000000000000000
0x00007fb727ee7068:   00007fb720711ad0 00007fb720704a40
0x00007fb727ee7078:   0000000000000000 00007fb720702be8
0x00007fb727ee7088:   00007fb720702be8 00007fb6e837caa0
0x00007fb727ee7098:   00007fb727ee7080 0000000000000000
0x00007fb727ee70a8:   0000000000000000 00007fb720702b48
0x00007fb727ee70b8:   00007fb7207042e0 0000000000000000
0x00007fb727ee70c8:   0000000100000001 00007fb720702160
0x00007fb727ee70d8:   15565ef290043500 00007fb727ee7110
0x00007fb727ee70e8:   0000000000000000 00007fb7207042e0
0x00007fb727ee70f8:   00007fb6e96bee62 00007fb7207029f0 

Instructions: (pc=0x00007fb6e961c5ba)
0x00007fb6e961c4ba:   24 49 92 24 49 92 49 92 24 49 92 24 49 c2 08 20
0x00007fb6e961c4ca:   02 00 00 00 00 00 11 11 13 fd 00 00 00 00 00 00
0x00007fb6e961c4da:   00 00 00 00 00 00 6f 66 66 00 25 70 3a 20 7a 65
0x00007fb6e961c4ea:   72 6f 2d 64 65 6e 6f 72 6d 61 6c 73 3a 25 73 00
0x00007fb6e961c4fa:   73 65 74 20 74 69 6d 65 6f 75 74 20 25 6c 75 00
0x00007fb6e961c50a:   25 70 20 6e 6f 77 3a 25 6c 75 00 70 72 65 66 69
0x00007fb6e961c51a:   78 00 27 25 73 27 20 66 61 69 6c 65 64 20 61 74
0x00007fb6e961c52a:   20 25 73 3a 25 75 20 25 73 28 29 0a 00 2e 2e 2f
0x00007fb6e961c53a:   73 70 61 2f 70 6c 75 67 69 6e 73 2f 73 75 70 70
0x00007fb6e961c54a:   6f 72 74 2f 63 70 75 2e 63 00 68 61 6e 64 6c 65
0x00007fb6e961c55a:   20 21 3d 20 4e 55 4c 4c 00 69 6e 74 65 72 66 61
0x00007fb6e961c56a:   63 65 20 21 3d 20 4e 55 4c 4c 00 53 70 61 3a 50
0x00007fb6e961c57a:   6f 69 6e 74 65 72 3a 49 6e 74 65 72 66 61 63 65
0x00007fb6e961c58a:   3a 43 50 55 00 66 61 63 74 6f 72 79 20 21 3d 20
0x00007fb6e961c59a:   4e 55 4c 4c 00 69 6e 66 6f 20 21 3d 20 4e 55 4c
0x00007fb6e961c5aa:   4c 00 69 6e 64 65 78 20 21 3d 20 4e 55 4c 4c 00
0x00007fb6e961c5ba:   53 70 61 3a 50 6f 69 6e 74 65 72 3a 49 6e 74 65
0x00007fb6e961c5ca:   72 66 61 63 65 3a 4c 6f 67 00 2e 2e 2f 73 70 61
0x00007fb6e961c5da:   2f 70 6c 75 67 69 6e 73 2f 73 75 70 70 6f 72 74
0x00007fb6e961c5ea:   2f 6c 6f 6f 70 2e 63 00 73 6f 75 72 63 65 2d 3e
0x00007fb6e961c5fa:   6c 6f 6f 70 20 3d 3d 20 26 69 6d 70 6c 2d 3e 6c
0x00007fb6e961c60a:   6f 6f 70 00 21 69 6d 70 6c 2d 3e 70 6f 6c 6c 69
0x00007fb6e961c61a:   6e 67 00 73 2d 3e 69 6d 70 6c 20 3d 3d 20 6f 62
0x00007fb6e961c62a:   6a 65 63 74 00 25 70 3a 20 75 70 64 61 74 65 20
0x00007fb6e961c63a:   25 30 38 78 20 2d 3e 20 25 30 38 78 00 53 70 61
0x00007fb6e961c64a:   3a 50 6f 69 6e 74 65 72 3a 49 6e 74 65 72 66 61
0x00007fb6e961c65a:   63 65 3a 4c 6f 6f 70 00 74 68 69 73 20 21 3d 20
0x00007fb6e961c66a:   4e 55 4c 4c 00 63 6f 6d 6d 61 6e 64 20 21 3d 20
0x00007fb6e961c67a:   4e 55 4c 4c 00 70 72 6f 63 65 73 73 20 25 64 00
0x00007fb6e961c68a:   53 70 61 3a 50 6f 69 6e 74 65 72 3a 49 6e 74 65
0x00007fb6e961c69a:   72 66 61 63 65 3a 4e 6f 64 65 00 63 70 75 2e 66
0x00007fb6e961c6aa:   6f 72 63 65 00 63 70 75 2e 76 6d 2e 74 79 70 65 


Stack slot to memory mapping:
stack at sp + 0 slots: 0x00007fb6e967aed8: <offset 0x0000000000055ed8> in /run/host/usr/lib64/libpipewire-0.3.so.0 at 0x00007fb6e9625000
stack at sp + 1 slots: 0x00007fb727ee6f60 is pointing into the stack for thread: 0x00007fb72002ccc0
stack at sp + 2 slots: 0x00007fb720702b48 points into unknown readable memory: 0x00007fb6e96be85d | 5d e8 6b e9 b6 7f 00 00
stack at sp + 3 slots: 0x00007fb727ee6fc0 is pointing into the stack for thread: 0x00007fb72002ccc0
stack at sp + 4 slots: 0x00007fb6e828b32d: <offset 0x000000000001632d> in /usr/lib64/spa-0.2/audioconvert/libspa-audioconvert.so at 0x00007fb6e8275000
stack at sp + 5 slots: 0x00007fb72073a8c0 points into unknown readable memory: 0x00007fb72073a918 | 18 a9 73 20 b7 7f 00 00
stack at sp + 6 slots: 0x00007fb72073a640 points into unknown readable memory: 0x00007fb72073a8c0 | c0 a8 73 20 b7 7f 00 00
stack at sp + 7 slots: 0x0 is NULL


---------------  P R O C E S S  ---------------

Threads class SMR info:
_java_thread_list=0x00007fb65814fa40, length=15, elements={
0x00007fb72002ccc0, 0x00007fb720169a40, 0x00007fb72016ae20, 0x00007fb7201703c0,
0x00007fb720171770, 0x00007fb720172b80, 0x00007fb7201745b0, 0x00007fb720175ae0,
0x00007fb720176f50, 0x00007fb72017f690, 0x00007fb720182740, 0x00007fb664067310,
0x00007fb658147dd0, 0x00007fb65814d890, 0x00007fb65814ea50
}

Java Threads: ( => current thread )
=>0x00007fb72002ccc0 JavaThread "main" [_thread_in_native, id=22109, stack(0x00007fb727de9000,0x00007fb727ee9000)]
  0x00007fb720169a40 JavaThread "Reference Handler" daemon [_thread_blocked, id=22116, stack(0x00007fb6f895c000,0x00007fb6f8a5c000)]
  0x00007fb72016ae20 JavaThread "Finalizer" daemon [_thread_blocked, id=22117, stack(0x00007fb6f885c000,0x00007fb6f895c000)]
  0x00007fb7201703c0 JavaThread "Signal Dispatcher" daemon [_thread_blocked, id=22118, stack(0x00007fb6f875c000,0x00007fb6f885c000)]
  0x00007fb720171770 JavaThread "Service Thread" daemon [_thread_blocked, id=22119, stack(0x00007fb6f865c000,0x00007fb6f875c000)]
  0x00007fb720172b80 JavaThread "Monitor Deflation Thread" daemon [_thread_blocked, id=22120, stack(0x00007fb6f855c000,0x00007fb6f865c000)]
  0x00007fb7201745b0 JavaThread "C2 CompilerThread0" daemon [_thread_blocked, id=22121, stack(0x00007fb6f845c000,0x00007fb6f855c000)]
  0x00007fb720175ae0 JavaThread "C1 CompilerThread0" daemon [_thread_blocked, id=22122, stack(0x00007fb6f835c000,0x00007fb6f845c000)]
  0x00007fb720176f50 JavaThread "Sweeper thread" daemon [_thread_blocked, id=22123, stack(0x00007fb6f825c000,0x00007fb6f835c000)]
  0x00007fb72017f690 JavaThread "Notification Thread" daemon [_thread_blocked, id=22124, stack(0x00007fb6f815c000,0x00007fb6f825c000)]
  0x00007fb720182740 JavaThread "Common-Cleaner" daemon [_thread_blocked, id=22126, stack(0x00007fb6e9f00000,0x00007fb6ea000000)]
  0x00007fb664067310 JavaThread "C1 CompilerThread1" daemon [_thread_blocked, id=22127, stack(0x00007fb6e9e00000,0x00007fb6e9f00000)]
  0x00007fb658147dd0 JavaThread "C2 CompilerThread1" daemon [_thread_blocked, id=22128, stack(0x00007fb6e9c8a000,0x00007fb6e9d8a000)]
  0x00007fb65814d890 JavaThread "C1 CompilerThread2" daemon [_thread_blocked, id=22129, stack(0x00007fb6e8baa000,0x00007fb6e8caa000)]
  0x00007fb65814ea50 JavaThread "C1 CompilerThread3" daemon [_thread_blocked, id=22130, stack(0x00007fb6e8aaa000,0x00007fb6e8baa000)]

Other Threads:
  0x00007fb720165ab0 VMThread "VM Thread" [stack: 0x00007fb6f8a5d000,0x00007fb6f8b5d000] [id=22115]
  0x00007fb720180fd0 WatcherThread [stack: 0x00007fb6f805c000,0x00007fb6f815c000] [id=22125]
  0x00007fb72005bca0 GCTaskThread "GC Thread#0" [stack: 0x00007fb71ff00000,0x00007fb720000000] [id=22110]
  0x00007fb72006c710 ConcurrentGCThread "G1 Main Marker" [stack: 0x00007fb6f9cc0000,0x00007fb6f9dc0000] [id=22111]
  0x00007fb72006d680 ConcurrentGCThread "G1 Conc#0" [stack: 0x00007fb6f9bbf000,0x00007fb6f9cbf000] [id=22112]
  0x00007fb7201354b0 ConcurrentGCThread "G1 Refine#0" [stack: 0x00007fb6f8db1000,0x00007fb6f8eb1000] [id=22113]
  0x00007fb7201363b0 ConcurrentGCThread "G1 Service" [stack: 0x00007fb6f8cb0000,0x00007fb6f8db0000] [id=22114]

Threads with active compile tasks:

VM state: not at safepoint (normal execution)

VM Mutex/Monitor currently owned by a thread: None

Heap address: 0x0000000617800000, size: 7816 MB, Compressed Oops mode: Zero based, Oop shift amount: 3

CDS archive(s) mapped at: [0x00007fb69b000000-0x00007fb69bbc9000-0x00007fb69bbc9000), size 12357632, SharedBaseAddress: 0x00007fb69b000000, ArchiveRelocationMode: 1.
Compressed class space mapped at: 0x00007fb69c000000-0x00007fb6dc000000, reserved size: 1073741824
Narrow klass base: 0x00007fb69b000000, Narrow klass shift: 0, Narrow klass range: 0x100000000

GC Precious Log:
 CPUs: 16 total, 16 available
 Memory: 31252M
 Large Page Support: Disabled
 NUMA Support: Disabled
 Compressed Oops: Enabled (Zero based)
 Heap Region Size: 4M
 Heap Min Capacity: 8M
 Heap Initial Capacity: 492M
 Heap Max Capacity: 7816M
 Pre-touch: Disabled
 Parallel Workers: 13
 Concurrent Workers: 3
 Concurrent Refinement Workers: 13
 Periodic GC: Disabled

Heap:
 garbage-first heap   total 512000K, used 12212K [0x0000000617800000, 0x0000000800000000)
  region size 4096K, 3 young (12288K), 0 survivors (0K)
 Metaspace       used 3274K, committed 3520K, reserved 1114112K
  class space    used 258K, committed 384K, reserved 1048576K

Heap Regions: E=young(eden), S=young(survivor), O=old, HS=humongous(starts), HC=humongous(continues), CS=collection set, F=free, OA=open archive, CA=closed archive, TAMS=top-at-mark-start (previous, next)
|   0|0x0000000617800000, 0x0000000617800000, 0x0000000617c00000|  0%| F|  |TAMS 0x0000000617800000, 0x0000000617800000| Untracked 
|   1|0x0000000617c00000, 0x0000000617c00000, 0x0000000618000000|  0%| F|  |TAMS 0x0000000617c00000, 0x0000000617c00000| Untracked 
|   2|0x0000000618000000, 0x0000000618000000, 0x0000000618400000|  0%| F|  |TAMS 0x0000000618000000, 0x0000000618000000| Untracked 
|   3|0x0000000618400000, 0x0000000618400000, 0x0000000618800000|  0%| F|  |TAMS 0x0000000618400000, 0x0000000618400000| Untracked 
|   4|0x0000000618800000, 0x0000000618800000, 0x0000000618c00000|  0%| F|  |TAMS 0x0000000618800000, 0x0000000618800000| Untracked 
|   5|0x0000000618c00000, 0x0000000618c00000, 0x0000000619000000|  0%| F|  |TAMS 0x0000000618c00000, 0x0000000618c00000| Untracked 
|   6|0x0000000619000000, 0x0000000619000000, 0x0000000619400000|  0%| F|  |TAMS 0x0000000619000000, 0x0000000619000000| Untracked 
|   7|0x0000000619400000, 0x0000000619400000, 0x0000000619800000|  0%| F|  |TAMS 0x0000000619400000, 0x0000000619400000| Untracked 
|   8|0x0000000619800000, 0x0000000619800000, 0x0000000619c00000|  0%| F|  |TAMS 0x0000000619800000, 0x0000000619800000| Untracked 
|   9|0x0000000619c00000, 0x0000000619c00000, 0x000000061a000000|  0%| F|  |TAMS 0x0000000619c00000, 0x0000000619c00000| Untracked 
|  10|0x000000061a000000, 0x000000061a000000, 0x000000061a400000|  0%| F|  |TAMS 0x000000061a000000, 0x000000061a000000| Untracked 
|  11|0x000000061a400000, 0x000000061a400000, 0x000000061a800000|  0%| F|  |TAMS 0x000000061a400000, 0x000000061a400000| Untracked 
|  12|0x000000061a800000, 0x000000061a800000, 0x000000061ac00000|  0%| F|  |TAMS 0x000000061a800000, 0x000000061a800000| Untracked 
|  13|0x000000061ac00000, 0x000000061ac00000, 0x000000061b000000|  0%| F|  |TAMS 0x000000061ac00000, 0x000000061ac00000| Untracked 
|  14|0x000000061b000000, 0x000000061b000000, 0x000000061b400000|  0%| F|  |TAMS 0x000000061b000000, 0x000000061b000000| Untracked 
|  15|0x000000061b400000, 0x000000061b400000, 0x000000061b800000|  0%| F|  |TAMS 0x000000061b400000, 0x000000061b400000| Untracked 
|  16|0x000000061b800000, 0x000000061b800000, 0x000000061bc00000|  0%| F|  |TAMS 0x000000061b800000, 0x000000061b800000| Untracked 
|  17|0x000000061bc00000, 0x000000061bc00000, 0x000000061c000000|  0%| F|  |TAMS 0x000000061bc00000, 0x000000061bc00000| Untracked 
|  18|0x000000061c000000, 0x000000061c000000, 0x000000061c400000|  0%| F|  |TAMS 0x000000061c000000, 0x000000061c000000| Untracked 
|  19|0x000000061c400000, 0x000000061c400000, 0x000000061c800000|  0%| F|  |TAMS 0x000000061c400000, 0x000000061c400000| Untracked 
|  20|0x000000061c800000, 0x000000061c800000, 0x000000061cc00000|  0%| F|  |TAMS 0x000000061c800000, 0x000000061c800000| Untracked 
|  21|0x000000061cc00000, 0x000000061cc00000, 0x000000061d000000|  0%| F|  |TAMS 0x000000061cc00000, 0x000000061cc00000| Untracked 
|  22|0x000000061d000000, 0x000000061d000000, 0x000000061d400000|  0%| F|  |TAMS 0x000000061d000000, 0x000000061d000000| Untracked 
|  23|0x000000061d400000, 0x000000061d400000, 0x000000061d800000|  0%| F|  |TAMS 0x000000061d400000, 0x000000061d400000| Untracked 
|  24|0x000000061d800000, 0x000000061d800000, 0x000000061dc00000|  0%| F|  |TAMS 0x000000061d800000, 0x000000061d800000| Untracked 
|  25|0x000000061dc00000, 0x000000061dc00000, 0x000000061e000000|  0%| F|  |TAMS 0x000000061dc00000, 0x000000061dc00000| Untracked 
|  26|0x000000061e000000, 0x000000061e000000, 0x000000061e400000|  0%| F|  |TAMS 0x000000061e000000, 0x000000061e000000| Untracked 
|  27|0x000000061e400000, 0x000000061e400000, 0x000000061e800000|  0%| F|  |TAMS 0x000000061e400000, 0x000000061e400000| Untracked 
|  28|0x000000061e800000, 0x000000061e800000, 0x000000061ec00000|  0%| F|  |TAMS 0x000000061e800000, 0x000000061e800000| Untracked 
|  29|0x000000061ec00000, 0x000000061ec00000, 0x000000061f000000|  0%| F|  |TAMS 0x000000061ec00000, 0x000000061ec00000| Untracked 
|  30|0x000000061f000000, 0x000000061f000000, 0x000000061f400000|  0%| F|  |TAMS 0x000000061f000000, 0x000000061f000000| Untracked 
|  31|0x000000061f400000, 0x000000061f400000, 0x000000061f800000|  0%| F|  |TAMS 0x000000061f400000, 0x000000061f400000| Untracked 
|  32|0x000000061f800000, 0x000000061f800000, 0x000000061fc00000|  0%| F|  |TAMS 0x000000061f800000, 0x000000061f800000| Untracked 
|  33|0x000000061fc00000, 0x000000061fc00000, 0x0000000620000000|  0%| F|  |TAMS 0x000000061fc00000, 0x000000061fc00000| Untracked 
|  34|0x0000000620000000, 0x0000000620000000, 0x0000000620400000|  0%| F|  |TAMS 0x0000000620000000, 0x0000000620000000| Untracked 
|  35|0x0000000620400000, 0x0000000620400000, 0x0000000620800000|  0%| F|  |TAMS 0x0000000620400000, 0x0000000620400000| Untracked 
|  36|0x0000000620800000, 0x0000000620800000, 0x0000000620c00000|  0%| F|  |TAMS 0x0000000620800000, 0x0000000620800000| Untracked 
|  37|0x0000000620c00000, 0x0000000620c00000, 0x0000000621000000|  0%| F|  |TAMS 0x0000000620c00000, 0x0000000620c00000| Untracked 
|  38|0x0000000621000000, 0x0000000621000000, 0x0000000621400000|  0%| F|  |TAMS 0x0000000621000000, 0x0000000621000000| Untracked 
|  39|0x0000000621400000, 0x0000000621400000, 0x0000000621800000|  0%| F|  |TAMS 0x0000000621400000, 0x0000000621400000| Untracked 
|  40|0x0000000621800000, 0x0000000621800000, 0x0000000621c00000|  0%| F|  |TAMS 0x0000000621800000, 0x0000000621800000| Untracked 
|  41|0x0000000621c00000, 0x0000000621c00000, 0x0000000622000000|  0%| F|  |TAMS 0x0000000621c00000, 0x0000000621c00000| Untracked 
|  42|0x0000000622000000, 0x0000000622000000, 0x0000000622400000|  0%| F|  |TAMS 0x0000000622000000, 0x0000000622000000| Untracked 
|  43|0x0000000622400000, 0x0000000622400000, 0x0000000622800000|  0%| F|  |TAMS 0x0000000622400000, 0x0000000622400000| Untracked 
|  44|0x0000000622800000, 0x0000000622800000, 0x0000000622c00000|  0%| F|  |TAMS 0x0000000622800000, 0x0000000622800000| Untracked 
|  45|0x0000000622c00000, 0x0000000622c00000, 0x0000000623000000|  0%| F|  |TAMS 0x0000000622c00000, 0x0000000622c00000| Untracked 
|  46|0x0000000623000000, 0x0000000623000000, 0x0000000623400000|  0%| F|  |TAMS 0x0000000623000000, 0x0000000623000000| Untracked 
|  47|0x0000000623400000, 0x0000000623400000, 0x0000000623800000|  0%| F|  |TAMS 0x0000000623400000, 0x0000000623400000| Untracked 
|  48|0x0000000623800000, 0x0000000623800000, 0x0000000623c00000|  0%| F|  |TAMS 0x0000000623800000, 0x0000000623800000| Untracked 
|  49|0x0000000623c00000, 0x0000000623c00000, 0x0000000624000000|  0%| F|  |TAMS 0x0000000623c00000, 0x0000000623c00000| Untracked 
|  50|0x0000000624000000, 0x0000000624000000, 0x0000000624400000|  0%| F|  |TAMS 0x0000000624000000, 0x0000000624000000| Untracked 
|  51|0x0000000624400000, 0x0000000624400000, 0x0000000624800000|  0%| F|  |TAMS 0x0000000624400000, 0x0000000624400000| Untracked 
|  52|0x0000000624800000, 0x0000000624800000, 0x0000000624c00000|  0%| F|  |TAMS 0x0000000624800000, 0x0000000624800000| Untracked 
|  53|0x0000000624c00000, 0x0000000624c00000, 0x0000000625000000|  0%| F|  |TAMS 0x0000000624c00000, 0x0000000624c00000| Untracked 
|  54|0x0000000625000000, 0x0000000625000000, 0x0000000625400000|  0%| F|  |TAMS 0x0000000625000000, 0x0000000625000000| Untracked 
|  55|0x0000000625400000, 0x0000000625400000, 0x0000000625800000|  0%| F|  |TAMS 0x0000000625400000, 0x0000000625400000| Untracked 
|  56|0x0000000625800000, 0x0000000625800000, 0x0000000625c00000|  0%| F|  |TAMS 0x0000000625800000, 0x0000000625800000| Untracked 
|  57|0x0000000625c00000, 0x0000000625c00000, 0x0000000626000000|  0%| F|  |TAMS 0x0000000625c00000, 0x0000000625c00000| Untracked 
|  58|0x0000000626000000, 0x0000000626000000, 0x0000000626400000|  0%| F|  |TAMS 0x0000000626000000, 0x0000000626000000| Untracked 
|  59|0x0000000626400000, 0x0000000626400000, 0x0000000626800000|  0%| F|  |TAMS 0x0000000626400000, 0x0000000626400000| Untracked 
|  60|0x0000000626800000, 0x0000000626800000, 0x0000000626c00000|  0%| F|  |TAMS 0x0000000626800000, 0x0000000626800000| Untracked 
|  61|0x0000000626c00000, 0x0000000626c00000, 0x0000000627000000|  0%| F|  |TAMS 0x0000000626c00000, 0x0000000626c00000| Untracked 
|  62|0x0000000627000000, 0x0000000627000000, 0x0000000627400000|  0%| F|  |TAMS 0x0000000627000000, 0x0000000627000000| Untracked 
|  63|0x0000000627400000, 0x0000000627400000, 0x0000000627800000|  0%| F|  |TAMS 0x0000000627400000, 0x0000000627400000| Untracked 
|  64|0x0000000627800000, 0x0000000627800000, 0x0000000627c00000|  0%| F|  |TAMS 0x0000000627800000, 0x0000000627800000| Untracked 
|  65|0x0000000627c00000, 0x0000000627c00000, 0x0000000628000000|  0%| F|  |TAMS 0x0000000627c00000, 0x0000000627c00000| Untracked 
|  66|0x0000000628000000, 0x0000000628000000, 0x0000000628400000|  0%| F|  |TAMS 0x0000000628000000, 0x0000000628000000| Untracked 
|  67|0x0000000628400000, 0x0000000628400000, 0x0000000628800000|  0%| F|  |TAMS 0x0000000628400000, 0x0000000628400000| Untracked 
|  68|0x0000000628800000, 0x0000000628800000, 0x0000000628c00000|  0%| F|  |TAMS 0x0000000628800000, 0x0000000628800000| Untracked 
|  69|0x0000000628c00000, 0x0000000628c00000, 0x0000000629000000|  0%| F|  |TAMS 0x0000000628c00000, 0x0000000628c00000| Untracked 
|  70|0x0000000629000000, 0x0000000629000000, 0x0000000629400000|  0%| F|  |TAMS 0x0000000629000000, 0x0000000629000000| Untracked 
|  71|0x0000000629400000, 0x0000000629400000, 0x0000000629800000|  0%| F|  |TAMS 0x0000000629400000, 0x0000000629400000| Untracked 
|  72|0x0000000629800000, 0x0000000629800000, 0x0000000629c00000|  0%| F|  |TAMS 0x0000000629800000, 0x0000000629800000| Untracked 
|  73|0x0000000629c00000, 0x0000000629c00000, 0x000000062a000000|  0%| F|  |TAMS 0x0000000629c00000, 0x0000000629c00000| Untracked 
|  74|0x000000062a000000, 0x000000062a000000, 0x000000062a400000|  0%| F|  |TAMS 0x000000062a000000, 0x000000062a000000| Untracked 
|  75|0x000000062a400000, 0x000000062a400000, 0x000000062a800000|  0%| F|  |TAMS 0x000000062a400000, 0x000000062a400000| Untracked 
|  76|0x000000062a800000, 0x000000062a800000, 0x000000062ac00000|  0%| F|  |TAMS 0x000000062a800000, 0x000000062a800000| Untracked 
|  77|0x000000062ac00000, 0x000000062ac00000, 0x000000062b000000|  0%| F|  |TAMS 0x000000062ac00000, 0x000000062ac00000| Untracked 
|  78|0x000000062b000000, 0x000000062b000000, 0x000000062b400000|  0%| F|  |TAMS 0x000000062b000000, 0x000000062b000000| Untracked 
|  79|0x000000062b400000, 0x000000062b400000, 0x000000062b800000|  0%| F|  |TAMS 0x000000062b400000, 0x000000062b400000| Untracked 
|  80|0x000000062b800000, 0x000000062b800000, 0x000000062bc00000|  0%| F|  |TAMS 0x000000062b800000, 0x000000062b800000| Untracked 
|  81|0x000000062bc00000, 0x000000062bc00000, 0x000000062c000000|  0%| F|  |TAMS 0x000000062bc00000, 0x000000062bc00000| Untracked 
|  82|0x000000062c000000, 0x000000062c000000, 0x000000062c400000|  0%| F|  |TAMS 0x000000062c000000, 0x000000062c000000| Untracked 
|  83|0x000000062c400000, 0x000000062c400000, 0x000000062c800000|  0%| F|  |TAMS 0x000000062c400000, 0x000000062c400000| Untracked 
|  84|0x000000062c800000, 0x000000062c800000, 0x000000062cc00000|  0%| F|  |TAMS 0x000000062c800000, 0x000000062c800000| Untracked 
|  85|0x000000062cc00000, 0x000000062cc00000, 0x000000062d000000|  0%| F|  |TAMS 0x000000062cc00000, 0x000000062cc00000| Untracked 
|  86|0x000000062d000000, 0x000000062d000000, 0x000000062d400000|  0%| F|  |TAMS 0x000000062d000000, 0x000000062d000000| Untracked 
|  87|0x000000062d400000, 0x000000062d400000, 0x000000062d800000|  0%| F|  |TAMS 0x000000062d400000, 0x000000062d400000| Untracked 
|  88|0x000000062d800000, 0x000000062d800000, 0x000000062dc00000|  0%| F|  |TAMS 0x000000062d800000, 0x000000062d800000| Untracked 
|  89|0x000000062dc00000, 0x000000062dc00000, 0x000000062e000000|  0%| F|  |TAMS 0x000000062dc00000, 0x000000062dc00000| Untracked 
|  90|0x000000062e000000, 0x000000062e000000, 0x000000062e400000|  0%| F|  |TAMS 0x000000062e000000, 0x000000062e000000| Untracked 
|  91|0x000000062e400000, 0x000000062e400000, 0x000000062e800000|  0%| F|  |TAMS 0x000000062e400000, 0x000000062e400000| Untracked 
|  92|0x000000062e800000, 0x000000062e800000, 0x000000062ec00000|  0%| F|  |TAMS 0x000000062e800000, 0x000000062e800000| Untracked 
|  93|0x000000062ec00000, 0x000000062ec00000, 0x000000062f000000|  0%| F|  |TAMS 0x000000062ec00000, 0x000000062ec00000| Untracked 
|  94|0x000000062f000000, 0x000000062f000000, 0x000000062f400000|  0%| F|  |TAMS 0x000000062f000000, 0x000000062f000000| Untracked 
|  95|0x000000062f400000, 0x000000062f400000, 0x000000062f800000|  0%| F|  |TAMS 0x000000062f400000, 0x000000062f400000| Untracked 
|  96|0x000000062f800000, 0x000000062f800000, 0x000000062fc00000|  0%| F|  |TAMS 0x000000062f800000, 0x000000062f800000| Untracked 
|  97|0x000000062fc00000, 0x000000062fc00000, 0x0000000630000000|  0%| F|  |TAMS 0x000000062fc00000, 0x000000062fc00000| Untracked 
|  98|0x0000000630000000, 0x0000000630000000, 0x0000000630400000|  0%| F|  |TAMS 0x0000000630000000, 0x0000000630000000| Untracked 
|  99|0x0000000630400000, 0x0000000630400000, 0x0000000630800000|  0%| F|  |TAMS 0x0000000630400000, 0x0000000630400000| Untracked 
| 100|0x0000000630800000, 0x0000000630800000, 0x0000000630c00000|  0%| F|  |TAMS 0x0000000630800000, 0x0000000630800000| Untracked 
| 101|0x0000000630c00000, 0x0000000630c00000, 0x0000000631000000|  0%| F|  |TAMS 0x0000000630c00000, 0x0000000630c00000| Untracked 
| 102|0x0000000631000000, 0x0000000631000000, 0x0000000631400000|  0%| F|  |TAMS 0x0000000631000000, 0x0000000631000000| Untracked 
| 103|0x0000000631400000, 0x0000000631400000, 0x0000000631800000|  0%| F|  |TAMS 0x0000000631400000, 0x0000000631400000| Untracked 
| 104|0x0000000631800000, 0x0000000631800000, 0x0000000631c00000|  0%| F|  |TAMS 0x0000000631800000, 0x0000000631800000| Untracked 
| 105|0x0000000631c00000, 0x0000000631c00000, 0x0000000632000000|  0%| F|  |TAMS 0x0000000631c00000, 0x0000000631c00000| Untracked 
| 106|0x0000000632000000, 0x0000000632000000, 0x0000000632400000|  0%| F|  |TAMS 0x0000000632000000, 0x0000000632000000| Untracked 
| 107|0x0000000632400000, 0x0000000632400000, 0x0000000632800000|  0%| F|  |TAMS 0x0000000632400000, 0x0000000632400000| Untracked 
| 108|0x0000000632800000, 0x0000000632800000, 0x0000000632c00000|  0%| F|  |TAMS 0x0000000632800000, 0x0000000632800000| Untracked 
| 109|0x0000000632c00000, 0x0000000632c00000, 0x0000000633000000|  0%| F|  |TAMS 0x0000000632c00000, 0x0000000632c00000| Untracked 
| 110|0x0000000633000000, 0x0000000633000000, 0x0000000633400000|  0%| F|  |TAMS 0x0000000633000000, 0x0000000633000000| Untracked 
| 111|0x0000000633400000, 0x0000000633400000, 0x0000000633800000|  0%| F|  |TAMS 0x0000000633400000, 0x0000000633400000| Untracked 
| 112|0x0000000633800000, 0x0000000633800000, 0x0000000633c00000|  0%| F|  |TAMS 0x0000000633800000, 0x0000000633800000| Untracked 
| 113|0x0000000633c00000, 0x0000000633c00000, 0x0000000634000000|  0%| F|  |TAMS 0x0000000633c00000, 0x0000000633c00000| Untracked 
| 114|0x0000000634000000, 0x0000000634000000, 0x0000000634400000|  0%| F|  |TAMS 0x0000000634000000, 0x0000000634000000| Untracked 
| 115|0x0000000634400000, 0x0000000634400000, 0x0000000634800000|  0%| F|  |TAMS 0x0000000634400000, 0x0000000634400000| Untracked 
| 116|0x0000000634800000, 0x0000000634800000, 0x0000000634c00000|  0%| F|  |TAMS 0x0000000634800000, 0x0000000634800000| Untracked 
| 117|0x0000000634c00000, 0x0000000634c00000, 0x0000000635000000|  0%| F|  |TAMS 0x0000000634c00000, 0x0000000634c00000| Untracked 
| 118|0x0000000635000000, 0x0000000635000000, 0x0000000635400000|  0%| F|  |TAMS 0x0000000635000000, 0x0000000635000000| Untracked 
| 119|0x0000000635400000, 0x0000000635400000, 0x0000000635800000|  0%| F|  |TAMS 0x0000000635400000, 0x0000000635400000| Untracked 
| 120|0x0000000635800000, 0x0000000635b72e58, 0x0000000635c00000| 86%| E|  |TAMS 0x0000000635800000, 0x0000000635800000| Complete 
| 121|0x0000000635c00000, 0x0000000636000000, 0x0000000636000000|100%| E|CS|TAMS 0x0000000635c00000, 0x0000000635c00000| Complete 
| 122|0x0000000636000000, 0x0000000636400000, 0x0000000636400000|100%| E|CS|TAMS 0x0000000636000000, 0x0000000636000000| Complete 
|1952|0x00000007ff800000, 0x00000007ffb75000, 0x00000007ffc00000| 86%|OA|  |TAMS 0x00000007ff800000, 0x00000007ff800000| Untracked 
|1953|0x00000007ffc00000, 0x00000007ffc78000, 0x0000000800000000| 11%|CA|  |TAMS 0x00000007ffc00000, 0x00000007ffc00000| Untracked 

Card table byte_map: [0x00007fb725044000,0x00007fb725f88000] _byte_map_base: 0x00007fb721f88000

Marking Bits (Prev, Next): (CMBitMap*) 0x00007fb72005c730, (CMBitMap*) 0x00007fb72005c770
 Prev Bits: [0x00007fb7017e0000, 0x00007fb709200000)
 Next Bits: [0x00007fb6f9dc0000, 0x00007fb7017e0000)

Polling page: 0x00007fb7293ba000

Metaspace:

Usage:
  Non-class:      2.95 MB used.
      Class:    258.32 KB used.
       Both:      3.20 MB used.

Virtual space:
  Non-class space:       64.00 MB reserved,       3.06 MB (  5%) committed,  1 nodes.
      Class space:        1.00 GB reserved,     384.00 KB ( <1%) committed,  1 nodes.
             Both:        1.06 GB reserved,       3.44 MB ( <1%) committed. 

Chunk freelists:
   Non-Class:  10.67 MB
       Class:  15.61 MB
        Both:  26.28 MB

MaxMetaspaceSize: unlimited
CompressedClassSpaceSize: 1.00 GB
Initial GC threshold: 21.00 MB
Current GC threshold: 21.00 MB
CDS: on
MetaspaceReclaimPolicy: balanced
 - commit_granule_bytes: 65536.
 - commit_granule_words: 8192.
 - virtual_space_node_default_size: 8388608.
 - enlarge_chunks_in_place: 1.
 - new_chunks_are_fully_committed: 0.
 - uncommit_free_chunks: 1.
 - use_allocation_guard: 0.
 - handle_deallocations: 1.


Internal statistics:

num_allocs_failed_limit: 0.
num_arena_births: 60.
num_arena_deaths: 0.
num_vsnodes_births: 2.
num_vsnodes_deaths: 0.
num_space_committed: 55.
num_space_uncommitted: 0.
num_chunks_returned_to_freelist: 0.
num_chunks_taken_from_freelist: 134.
num_chunk_merges: 0.
num_chunk_splits: 87.
num_chunks_enlarged: 58.
num_inconsistent_stats: 0.

CodeHeap 'non-profiled nmethods': size=119168Kb used=227Kb max_used=227Kb free=118941Kb
 bounds [0x00007fb710da0000, 0x00007fb711010000, 0x00007fb718200000]
CodeHeap 'profiled nmethods': size=119164Kb used=1336Kb max_used=1336Kb free=117827Kb
 bounds [0x00007fb709200000, 0x00007fb709470000, 0x00007fb71065f000]
CodeHeap 'non-nmethods': size=7428Kb used=3260Kb max_used=3280Kb free=4167Kb
 bounds [0x00007fb71065f000, 0x00007fb71099f000, 0x00007fb710da0000]
 total_blobs=1735 nmethods=747 adapters=899
 compilation: enabled
              stopped_count=0, restarted_count=0
 full_count=0

Compilation events (20 events):
Event: 0.130 Thread 0x00007fb65814ea50  738       3       java.nio.ByteOrder::nativeOrder (4 bytes)
Event: 0.130 Thread 0x00007fb65814ea50 nmethod 738 0x00007fb70934bf10 code [0x00007fb70934c0a0, 0x00007fb70934c190]
Event: 0.130 Thread 0x00007fb658147dd0 nmethod 737 0x00007fb710dd5590 code [0x00007fb710dd5720, 0x00007fb710dd5978]
Event: 0.130 Thread 0x00007fb664067310  740       3       java.lang.Number::<init> (5 bytes)
Event: 0.130 Thread 0x00007fb664067310 nmethod 740 0x00007fb70934c210 code [0x00007fb70934c3c0, 0x00007fb70934c510]
Event: 0.130 Thread 0x00007fb65814ea50  741       3       sun.misc.Unsafe::getLong (9 bytes)
Event: 0.130 Thread 0x00007fb65814ea50 nmethod 741 0x00007fb70934c610 code [0x00007fb70934c7a0, 0x00007fb70934c8b0]
Event: 0.130 Thread 0x00007fb65814d890  742  s    3       java.lang.Throwable::fillInStackTrace (29 bytes)
Event: 0.130 Thread 0x00007fb65814d890 nmethod 742 0x00007fb70934c990 code [0x00007fb70934cb40, 0x00007fb70934ce20]
Event: 0.132 Thread 0x00007fb7201745b0 nmethod 675 0x00007fb710dd5d10 code [0x00007fb710dd5f60, 0x00007fb710dd7830]
Event: 0.135 Thread 0x00007fb658147dd0  743       4       java.util.HashMap::afterNodeInsertion (1 bytes)
Event: 0.136 Thread 0x00007fb664067310  744       3       sun.misc.Unsafe::putLong (11 bytes)
Event: 0.136 Thread 0x00007fb658147dd0 nmethod 743 0x00007fb710dd8910 code [0x00007fb710dd8a80, 0x00007fb710dd8af8]
Event: 0.136 Thread 0x00007fb664067310 nmethod 744 0x00007fb70934cf10 code [0x00007fb70934d0a0, 0x00007fb70934d1b0]
Event: 0.136 Thread 0x00007fb720175ae0  745       3       org.lwjgl.system.Checks::check (17 bytes)
Event: 0.136 Thread 0x00007fb65814ea50  746       3       org.lwjgl.system.CheckIntrinsics::checkIndex (6 bytes)
Event: 0.136 Thread 0x00007fb664067310  747       3       java.lang.ref.SoftReference::get (29 bytes)
Event: 0.136 Thread 0x00007fb65814ea50 nmethod 746 0x00007fb70934d290 code [0x00007fb70934d440, 0x00007fb70934d6a0]
Event: 0.136 Thread 0x00007fb720175ae0 nmethod 745 0x00007fb70934d810 code [0x00007fb70934d9e0, 0x00007fb70934dd00]
Event: 0.136 Thread 0x00007fb664067310 nmethod 747 0x00007fb70934de90 code [0x00007fb70934e040, 0x00007fb70934e210]

GC Heap History (0 events):
No events

Dll operation events (8 events):
Event: 0.001 Loaded shared library /home/bazzite/.gradle/jdks/eclipse_adoptium-17-amd64-linux.2/lib/libjava.so
Event: 0.010 Loaded shared library /home/bazzite/.gradle/jdks/eclipse_adoptium-17-amd64-linux.2/lib/libjsvml.so
Event: 0.017 Loaded shared library /home/bazzite/.gradle/jdks/eclipse_adoptium-17-amd64-linux.2/lib/libnio.so
Event: 0.018 Loaded shared library /home/bazzite/.gradle/jdks/eclipse_adoptium-17-amd64-linux.2/lib/libzip.so
Event: 0.042 Loaded shared library /home/bazzite/.gradle/jdks/eclipse_adoptium-17-amd64-linux.2/lib/libjimage.so
Event: 0.045 Loaded shared library /tmp/libgdxbazzite/da3a4817/libgdx64.so
Event: 0.062 Loaded shared library /home/bazzite/.gradle/jdks/eclipse_adoptium-17-amd64-linux.2/lib/libnet.so
Event: 0.065 Loaded shared library /tmp/lwjgl_bazzite/3.3.3+5/x64/liblwjgl.so

Deoptimization events (20 events):
Event: 0.033 Thread 0x00007fb72002ccc0 DEOPT PACKING pc=0x00007fb709201d42 sp=0x00007fb727ee1940
Event: 0.033 Thread 0x00007fb72002ccc0 DEOPT UNPACKING pc=0x00007fb7106b964f sp=0x00007fb727ee0dd8 mode 0
Event: 0.038 Thread 0x00007fb72002ccc0 DEOPT PACKING pc=0x00007fb70920363c sp=0x00007fb727ee3480
Event: 0.038 Thread 0x00007fb72002ccc0 DEOPT UNPACKING pc=0x00007fb7106b964f sp=0x00007fb727ee28f0 mode 0
Event: 0.042 Thread 0x00007fb72002ccc0 Uncommon trap: trap_request=0xffffff6e fr.pc=0x00007fb710dacc40 relative=0x0000000000000420
Event: 0.042 Thread 0x00007fb72002ccc0 Uncommon trap: reason=loop_limit_check action=maybe_recompile pc=0x00007fb710dacc40 method=java.lang.StringLatin1.indexOf([BI[BII)I @ 37 c2
Event: 0.042 Thread 0x00007fb72002ccc0 DEOPT PACKING pc=0x00007fb710dacc40 sp=0x00007fb727ee5470
Event: 0.042 Thread 0x00007fb72002ccc0 DEOPT UNPACKING pc=0x00007fb7106b8b19 sp=0x00007fb727ee53f0 mode 2
Event: 0.054 Thread 0x00007fb72002ccc0 Uncommon trap: trap_request=0xffffff45 fr.pc=0x00007fb710daeea4 relative=0x0000000000000284
Event: 0.054 Thread 0x00007fb72002ccc0 Uncommon trap: reason=unstable_if action=reinterpret pc=0x00007fb710daeea4 method=java.lang.String.startsWith(Ljava/lang/String;I)Z @ 14 c2
Event: 0.054 Thread 0x00007fb72002ccc0 DEOPT PACKING pc=0x00007fb710daeea4 sp=0x00007fb727ee4d10
Event: 0.054 Thread 0x00007fb72002ccc0 DEOPT UNPACKING pc=0x00007fb7106b8b19 sp=0x00007fb727ee4c90 mode 2
Event: 0.089 Thread 0x00007fb72002ccc0 Uncommon trap: trap_request=0xffffffde fr.pc=0x00007fb710dcbf6c relative=0x000000000000042c
Event: 0.089 Thread 0x00007fb72002ccc0 Uncommon trap: reason=class_check action=maybe_recompile pc=0x00007fb710dcbf6c method=java.util.HashMap.getNode(Ljava/lang/Object;)Ljava/util/HashMap$Node; @ 128 c2
Event: 0.089 Thread 0x00007fb72002ccc0 DEOPT PACKING pc=0x00007fb710dcbf6c sp=0x00007fb727ee4dd0
Event: 0.089 Thread 0x00007fb72002ccc0 DEOPT UNPACKING pc=0x00007fb7106b8b19 sp=0x00007fb727ee4d08 mode 2
Event: 0.098 Thread 0x00007fb72002ccc0 Uncommon trap: trap_request=0xffffffde fr.pc=0x00007fb710dcbf6c relative=0x000000000000042c
Event: 0.098 Thread 0x00007fb72002ccc0 Uncommon trap: reason=class_check action=maybe_recompile pc=0x00007fb710dcbf6c method=java.util.HashMap.getNode(Ljava/lang/Object;)Ljava/util/HashMap$Node; @ 128 c2
Event: 0.098 Thread 0x00007fb72002ccc0 DEOPT PACKING pc=0x00007fb710dcbf6c sp=0x00007fb727ee6530
Event: 0.098 Thread 0x00007fb72002ccc0 DEOPT UNPACKING pc=0x00007fb7106b8b19 sp=0x00007fb727ee6468 mode 2

Classes loaded (20 events):
Event: 0.082 Loading class jdk/internal/reflect/UnsafeQualifiedStaticObjectFieldAccessorImpl
Event: 0.082 Loading class jdk/internal/reflect/UnsafeQualifiedStaticFieldAccessorImpl
Event: 0.082 Loading class jdk/internal/reflect/UnsafeQualifiedStaticFieldAccessorImpl done
Event: 0.082 Loading class jdk/internal/reflect/UnsafeQualifiedStaticObjectFieldAccessorImpl done
Event: 0.083 Loading class java/util/function/LongPredicate
Event: 0.083 Loading class java/util/function/LongPredicate done
Event: 0.083 Loading class jdk/internal/access/foreign/MemorySegmentProxy
Event: 0.083 Loading class jdk/internal/access/foreign/MemorySegmentProxy done
Event: 0.085 Loading class java/nio/InvalidMarkException
Event: 0.085 Loading class java/nio/InvalidMarkException done
Event: 0.085 Loading class java/nio/BufferUnderflowException
Event: 0.085 Loading class java/nio/BufferUnderflowException done
Event: 0.091 Loading class java/lang/NoSuchFieldError
Event: 0.091 Loading class java/lang/NoSuchFieldError done
Event: 0.100 Loading class jdk/internal/reflect/UnsafeQualifiedStaticIntegerFieldAccessorImpl
Event: 0.100 Loading class jdk/internal/reflect/UnsafeQualifiedStaticIntegerFieldAccessorImpl done
Event: 0.118 Loading class java/lang/StrictMath
Event: 0.118 Loading class java/lang/StrictMath done
Event: 0.125 Loading class jdk/internal/misc/ScopedMemoryAccess$Scope
Event: 0.125 Loading class jdk/internal/misc/ScopedMemoryAccess$Scope done

Classes unloaded (0 events):
No events

Classes redefined (0 events):
No events

Internal exceptions (16 events):
Event: 0.052 Thread 0x00007fb72002ccc0 Exception <a 'java/lang/NoSuchMethodError'{0x0000000635d70cc8}: 'java.lang.Object java.lang.invoke.DirectMethodHandle$Holder.invokeStaticInit(java.lang.Object)'> (0x0000000635d70cc8) 
thrown [src/hotspot/share/interpreter/linkResolver.cpp, line 758]
Event: 0.056 Thread 0x00007fb72002ccc0 Exception <a 'java/lang/NoSuchMethodError'{0x0000000635de72e0}: 'void java.lang.invoke.DirectMethodHandle$Holder.invokeStatic(java.lang.Object, java.lang.Object)'> (0x0000000635de72e0) 
thrown [src/hotspot/share/interpreter/linkResolver.cpp, line 758]
Event: 0.056 Thread 0x00007fb72002ccc0 Exception <a 'java/lang/NoSuchMethodError'{0x0000000635dec5f0}: 'void java.lang.invoke.DirectMethodHandle$Holder.invokeSpecial(java.lang.Object, java.lang.Object, java.lang.Object)'> (0x0000000635dec5f0) 
thrown [src/hotspot/share/interpreter/linkResolver.cpp, line 758]
Event: 0.057 Thread 0x00007fb72002ccc0 Exception <a 'java/lang/NoSuchMethodError'{0x0000000635dff3f0}: 'java.lang.Object java.lang.invoke.DirectMethodHandle$Holder.invokeStatic(java.lang.Object, java.lang.Object, int)'> (0x0000000635dff3f0) 
thrown [src/hotspot/share/interpreter/linkResolver.cpp, line 758]
Event: 0.058 Thread 0x00007fb72002ccc0 Exception <a 'java/lang/NoSuchMethodError'{0x0000000635e0b128}: 'void java.lang.invoke.DelegatingMethodHandle$Holder.delegate(java.lang.Object, java.lang.Object, int, java.lang.Object)'> (0x0000000635e0b128) 
thrown [src/hotspot/share/interpreter/linkResolver.cpp, line 758]
Event: 0.058 Thread 0x00007fb72002ccc0 Exception <a 'java/lang/NoSuchMethodError'{0x0000000635e0f338}: 'int java.lang.invoke.DirectMethodHandle$Holder.invokeSpecial(java.lang.Object, java.lang.Object, java.lang.Object)'> (0x0000000635e0f338) 
thrown [src/hotspot/share/interpreter/linkResolver.cpp, line 758]
Event: 0.064 Thread 0x00007fb72002ccc0 Exception <a 'sun/nio/fs/UnixException'{0x0000000635e8ada8}> (0x0000000635e8ada8) 
thrown [src/hotspot/share/prims/jni.cpp, line 516]
Event: 0.083 Thread 0x00007fb72002ccc0 Exception <a 'java/lang/NoSuchMethodError'{0x0000000635fd2fe0}: 'int java.lang.invoke.DirectMethodHandle$Holder.invokeStaticInit(java.lang.Object, java.lang.Object, int, long)'> (0x0000000635fd2fe0) 
thrown [src/hotspot/share/interpreter/linkResolver.cpp, line 758]
Event: 0.083 Thread 0x00007fb72002ccc0 Exception <a 'java/lang/NoSuchMethodError'{0x0000000635fd88a8}: 'java.lang.Object java.lang.invoke.DirectMethodHandle$Holder.newInvokeSpecial(java.lang.Object, java.lang.Object, int)'> (0x0000000635fd88a8) 
thrown [src/hotspot/share/interpreter/linkResolver.cpp, line 758]
Event: 0.084 Thread 0x00007fb72002ccc0 Exception <a 'java/lang/NoSuchMethodError'{0x0000000635fed570}: 'int java.lang.invoke.DirectMethodHandle$Holder.invokeStaticInit(java.lang.Object, java.lang.Object, long, long)'> (0x0000000635fed570) 
thrown [src/hotspot/share/interpreter/linkResolver.cpp, line 758]
Event: 0.084 Thread 0x00007fb72002ccc0 Exception <a 'java/lang/NoSuchMethodError'{0x0000000635ff3680}: 'java.lang.Object java.lang.invoke.DirectMethodHandle$Holder.newInvokeSpecial(java.lang.Object, java.lang.Object, long)'> (0x0000000635ff3680) 
thrown [src/hotspot/share/interpreter/linkResolver.cpp, line 758]
Event: 0.084 Thread 0x00007fb72002ccc0 Exception <a 'java/lang/NoSuchMethodError'{0x0000000635ff76c8}: 'java.lang.Object java.lang.invoke.Invokers$Holder.linkToTargetMethod(java.lang.Object, long, java.lang.Object)'> (0x0000000635ff76c8) 
thrown [src/hotspot/share/interpreter/linkResolver.cpp, line 758]
Event: 0.085 Thread 0x00007fb72002ccc0 Exception <a 'java/lang/NoSuchMethodError'{0x0000000635ffede0}: 'int java.lang.invoke.DirectMethodHandle$Holder.invokeStaticInit(java.lang.Object, java.lang.Object, java.lang.Object, long)'> (0x0000000635ffede0) 
thrown [src/hotspot/share/interpreter/linkResolver.cpp, line 758]
Event: 0.091 Thread 0x00007fb72002ccc0 Exception <a 'sun/nio/fs/UnixException'{0x00000006358b0ba0}> (0x00000006358b0ba0) 
thrown [src/hotspot/share/prims/jni.cpp, line 516]
Event: 0.099 Thread 0x00007fb72002ccc0 Exception <a 'sun/nio/fs/UnixException'{0x0000000635967828}> (0x0000000635967828) 
thrown [src/hotspot/share/prims/jni.cpp, line 516]
Event: 0.126 Thread 0x00007fb72002ccc0 Exception <a 'sun/nio/fs/UnixException'{0x0000000635a360d0}> (0x0000000635a360d0) 
thrown [src/hotspot/share/prims/jni.cpp, line 516]

VM Operations (8 events):
Event: 0.044 Executing VM operation: HandshakeAllThreads
Event: 0.044 Executing VM operation: HandshakeAllThreads done
Event: 0.052 Executing VM operation: HandshakeAllThreads
Event: 0.052 Executing VM operation: HandshakeAllThreads done
Event: 0.057 Executing VM operation: HandshakeAllThreads
Event: 0.057 Executing VM operation: HandshakeAllThreads done
Event: 0.067 Executing VM operation: HandshakeAllThreads
Event: 0.067 Executing VM operation: HandshakeAllThreads done

Memory protections (15 events):
Event: 0.001 Protecting memory [0x00007fb727de9000,0x00007fb727ded000] with protection modes 0
Event: 0.011 Protecting memory [0x00007fb6f895c000,0x00007fb6f8960000] with protection modes 0
Event: 0.011 Protecting memory [0x00007fb6f885c000,0x00007fb6f8860000] with protection modes 0
Event: 0.012 Protecting memory [0x00007fb6f875c000,0x00007fb6f8760000] with protection modes 0
Event: 0.012 Protecting memory [0x00007fb6f865c000,0x00007fb6f8660000] with protection modes 0
Event: 0.012 Protecting memory [0x00007fb6f855c000,0x00007fb6f8560000] with protection modes 0
Event: 0.012 Protecting memory [0x00007fb6f845c000,0x00007fb6f8460000] with protection modes 0
Event: 0.012 Protecting memory [0x00007fb6f835c000,0x00007fb6f8360000] with protection modes 0
Event: 0.012 Protecting memory [0x00007fb6f825c000,0x00007fb6f8260000] with protection modes 0
Event: 0.016 Protecting memory [0x00007fb6f815c000,0x00007fb6f8160000] with protection modes 0
Event: 0.016 Protecting memory [0x00007fb6e9f00000,0x00007fb6e9f04000] with protection modes 0
Event: 0.027 Protecting memory [0x00007fb6e9e00000,0x00007fb6e9e04000] with protection modes 0
Event: 0.080 Protecting memory [0x00007fb6e9c8a000,0x00007fb6e9c8e000] with protection modes 0
Event: 0.125 Protecting memory [0x00007fb6e8baa000,0x00007fb6e8bae000] with protection modes 0
Event: 0.125 Protecting memory [0x00007fb6e8aaa000,0x00007fb6e8aae000] with protection modes 0

Nmethod flushes (0 events):
No events

Events (15 events):
Event: 0.010 Thread 0x00007fb72002ccc0 Thread added: 0x00007fb72002ccc0
Event: 0.011 Thread 0x00007fb72002ccc0 Thread added: 0x00007fb720169a40
Event: 0.011 Thread 0x00007fb72002ccc0 Thread added: 0x00007fb72016ae20
Event: 0.012 Thread 0x00007fb72002ccc0 Thread added: 0x00007fb7201703c0
Event: 0.012 Thread 0x00007fb72002ccc0 Thread added: 0x00007fb720171770
Event: 0.012 Thread 0x00007fb72002ccc0 Thread added: 0x00007fb720172b80
Event: 0.012 Thread 0x00007fb72002ccc0 Thread added: 0x00007fb7201745b0
Event: 0.012 Thread 0x00007fb72002ccc0 Thread added: 0x00007fb720175ae0
Event: 0.012 Thread 0x00007fb72002ccc0 Thread added: 0x00007fb720176f50
Event: 0.016 Thread 0x00007fb72002ccc0 Thread added: 0x00007fb72017f690
Event: 0.016 Thread 0x00007fb72002ccc0 Thread added: 0x00007fb720182740
Event: 0.027 Thread 0x00007fb720175ae0 Thread added: 0x00007fb664067310
Event: 0.080 Thread 0x00007fb664067310 Thread added: 0x00007fb658147dd0
Event: 0.125 Thread 0x00007fb664067310 Thread added: 0x00007fb65814d890
Event: 0.125 Thread 0x00007fb664067310 Thread added: 0x00007fb65814ea50


Dynamic libraries:
617800000-636400000 rw-p 00000000 00:00 0 
636400000-7ff800000 ---p 00000000 00:00 0 
7ff800000-7ffb00000 rw-p 00000000 00:00 0 
7ffb00000-7ffb75000 rw-p 00c79000 00:22 4015135                          /home/bazzite/.gradle/jdks/eclipse_adoptium-17-amd64-linux.2/lib/server/classes.jsa
7ffb75000-7ffc00000 rw-p 00000000 00:00 0 
7ffc00000-7ffc78000 rw-p 00c01000 00:22 4015135                          /home/bazzite/.gradle/jdks/eclipse_adoptium-17-amd64-linux.2/lib/server/classes.jsa
7ffc78000-800000000 rw-p 00000000 00:00 0 
5597db6fb000-5597db6fc000 r--p 00000000 00:22 4015283                    /home/bazzite/.gradle/jdks/eclipse_adoptium-17-amd64-linux.2/bin/java
5597db6fc000-5597db6fd000 r-xp 00001000 00:22 4015283                    /home/bazzite/.gradle/jdks/eclipse_adoptium-17-amd64-linux.2/bin/java
5597db6fd000-5597db6fe000 r--p 00002000 00:22 4015283                    /home/bazzite/.gradle/jdks/eclipse_adoptium-17-amd64-linux.2/bin/java
5597db6fe000-5597db6ff000 r--p 00002000 00:22 4015283                    /home/bazzite/.gradle/jdks/eclipse_adoptium-17-amd64-linux.2/bin/java
5597db6ff000-5597db700000 rw-p 00003000 00:22 4015283                    /home/bazzite/.gradle/jdks/eclipse_adoptium-17-amd64-linux.2/bin/java
559804613000-55980465e000 rw-p 00000000 00:00 0                          [heap]
7fb634000000-7fb634022000 rw-p 00000000 00:00 0 
7fb634022000-7fb638000000 ---p 00000000 00:00 0 
7fb63c000000-7fb63c022000 rw-p 00000000 00:00 0 
7fb63c022000-7fb640000000 ---p 00000000 00:00 0 
7fb640000000-7fb640021000 rw-p 00000000 00:00 0 
7fb640021000-7fb644000000 ---p 00000000 00:00 0 
7fb644000000-7fb644021000 rw-p 00000000 00:00 0 
7fb644021000-7fb648000000 ---p 00000000 00:00 0 
7fb648000000-7fb648021000 rw-p 00000000 00:00 0 
7fb648021000-7fb64c000000 ---p 00000000 00:00 0 
7fb64c000000-7fb64c02f000 rw-p 00000000 00:00 0 
7fb64c02f000-7fb650000000 ---p 00000000 00:00 0 
7fb650000000-7fb650021000 rw-p 00000000 00:00 0 
7fb650021000-7fb654000000 ---p 00000000 00:00 0 
7fb654000000-7fb654021000 rw-p 00000000 00:00 0 
7fb654021000-7fb658000000 ---p 00000000 00:00 0 
7fb658000000-7fb658152000 rw-p 00000000 00:00 0 
7fb658152000-7fb65c000000 ---p 00000000 00:00 0 
7fb65c000000-7fb65c021000 rw-p 00000000 00:00 0 
7fb65c021000-7fb660000000 ---p 00000000 00:00 0 
7fb660000000-7fb660021000 rw-p 00000000 00:00 0 
7fb660021000-7fb664000000 ---p 00000000 00:00 0 
7fb664000000-7fb6642ae000 rw-p 00000000 00:00 0 
7fb6642ae000-7fb668000000 ---p 00000000 00:00 0 
7fb668000000-7fb668021000 rw-p 00000000 00:00 0 
7fb668021000-7fb66c000000 ---p 00000000 00:00 0 
7fb66c000000-7fb66c021000 rw-p 00000000 00:00 0 
7fb66c021000-7fb670000000 ---p 00000000 00:00 0 
7fb670000000-7fb6702e8000 rw-p 00000000 00:00 0 
7fb6702e8000-7fb674000000 ---p 00000000 00:00 0 
7fb674000000-7fb674021000 rw-p 00000000 00:00 0 
7fb674021000-7fb678000000 ---p 00000000 00:00 0 
7fb67a190000-7fb688000000 r--p 00000000 00:79 6198342                    /usr/lib/locale/locale-archive
7fb688000000-7fb688021000 rw-p 00000000 00:00 0 
7fb688021000-7fb68c000000 ---p 00000000 00:00 0 
7fb68c000000-7fb68c021000 rw-p 00000000 00:00 0 
7fb68c021000-7fb690000000 ---p 00000000 00:00 0 
7fb690000000-7fb690021000 rw-p 00000000 00:00 0 
7fb690021000-7fb694000000 ---p 00000000 00:00 0 
7fb6947fb000-7fb697000000 -wxp 00000000 00:00 0 
7fb697000000-7fb6971b0000 rw-p 00000000 00:00 0 
7fb6971b0000-7fb697400000 ---p 00000000 00:00 0 
7fb697400000-7fb697560000 rw-p 00000000 00:00 0 
7fb697560000-7fb69b000000 ---p 00000000 00:00 0 
7fb69b000000-7fb69bbc9000 rw-p 00001000 00:22 4015135                    /home/bazzite/.gradle/jdks/eclipse_adoptium-17-amd64-linux.2/lib/server/classes.jsa
7fb69bbc9000-7fb69c000000 ---p 00000000 00:00 0 
7fb69c000000-7fb69c030000 rw-p 00000000 00:00 0 
7fb69c030000-7fb69c040000 ---p 00000000 00:00 0 
7fb69c040000-7fb69c070000 rw-p 00000000 00:00 0 
7fb69c070000-7fb6dc000000 ---p 00000000 00:00 0 
7fb6dc000000-7fb6dc021000 rw-p 00000000 00:00 0 
7fb6dc021000-7fb6e0000000 ---p 00000000 00:00 0 
7fb6e0000000-7fb6e0021000 rw-p 00000000 00:00 0 
7fb6e0021000-7fb6e4000000 ---p 00000000 00:00 0 
7fb6e4000000-7fb6e4021000 rw-p 00000000 00:00 0 
7fb6e4021000-7fb6e8000000 ---p 00000000 00:00 0 
7fb6e8275000-7fb6e82cd000 r-xp 00000000 00:79 1076224                    /usr/lib64/spa-0.2/audioconvert/libspa-audioconvert.so
7fb6e82cd000-7fb6e8335000 r--p 00058000 00:79 1076224                    /usr/lib64/spa-0.2/audioconvert/libspa-audioconvert.so
7fb6e8335000-7fb6e833c000 r--p 000c0000 00:79 1076224                    /usr/lib64/spa-0.2/audioconvert/libspa-audioconvert.so
7fb6e833c000-7fb6e833f000 rw-p 000c7000 00:79 1076224                    /usr/lib64/spa-0.2/audioconvert/libspa-audioconvert.so
7fb6e833f000-7fb6e835d000 r-xp 00000000 00:79 1076208                    /usr/lib64/pipewire-0.3/libpipewire-module-session-manager.so
7fb6e835d000-7fb6e8363000 r--p 0001e000 00:79 1076208                    /usr/lib64/pipewire-0.3/libpipewire-module-session-manager.so
7fb6e8363000-7fb6e8365000 r--p 00024000 00:79 1076208                    /usr/lib64/pipewire-0.3/libpipewire-module-session-manager.so
7fb6e8365000-7fb6e8366000 rw-p 00000000 00:00 0 
7fb6e8366000-7fb6e8370000 r-xp 00000000 00:79 1076190                    /usr/lib64/pipewire-0.3/libpipewire-module-metadata.so
7fb6e8370000-7fb6e8373000 r--p 0000a000 00:79 1076190                    /usr/lib64/pipewire-0.3/libpipewire-module-metadata.so
7fb6e8373000-7fb6e8374000 r--p 0000d000 00:79 1076190                    /usr/lib64/pipewire-0.3/libpipewire-module-metadata.so
7fb6e8374000-7fb6e8375000 rw-p 0000e000 00:79 1076190                    /usr/lib64/pipewire-0.3/libpipewire-module-metadata.so
7fb6e8375000-7fb6e8379000 r-xp 00000000 00:79 1076180                    /usr/lib64/pipewire-0.3/libpipewire-module-adapter.so
7fb6e8379000-7fb6e837c000 r--p 00004000 00:79 1076180                    /usr/lib64/pipewire-0.3/libpipewire-module-adapter.so
7fb6e837c000-7fb6e837d000 r--p 00007000 00:79 1076180                    /usr/lib64/pipewire-0.3/libpipewire-module-adapter.so
7fb6e837d000-7fb6e837e000 rw-p 00008000 00:79 1076180                    /usr/lib64/pipewire-0.3/libpipewire-module-adapter.so
7fb6e837e000-7fb6e838a000 r-xp 00000000 00:79 1076182                    /usr/lib64/pipewire-0.3/libpipewire-module-client-device.so
7fb6e838a000-7fb6e838d000 r--p 0000c000 00:79 1076182                    /usr/lib64/pipewire-0.3/libpipewire-module-client-device.so
7fb6e838d000-7fb6e838e000 r--p 0000e000 00:79 1076182                    /usr/lib64/pipewire-0.3/libpipewire-module-client-device.so
7fb6e838e000-7fb6e838f000 rw-p 0000f000 00:79 1076182                    /usr/lib64/pipewire-0.3/libpipewire-module-client-device.so
7fb6e838f000-7fb6e83b3000 r-xp 00000000 00:79 1076183                    /usr/lib64/pipewire-0.3/libpipewire-module-client-node.so
7fb6e83b3000-7fb6e83bb000 r--p 00024000 00:79 1076183                    /usr/lib64/pipewire-0.3/libpipewire-module-client-node.so
7fb6e83bb000-7fb6e83bd000 r--p 0002c000 00:79 1076183                    /usr/lib64/pipewire-0.3/libpipewire-module-client-node.so
7fb6e83bd000-7fb6e83be000 rw-p 0002e000 00:79 1076183                    /usr/lib64/pipewire-0.3/libpipewire-module-client-node.so
7fb6e83be000-7fb6e843f000 r-xp 00000000 00:26 31668                      /run/host/usr/lib64/libpcre2-8.so.0.15.0
7fb6e843f000-7fb6e846d000 r--p 00081000 00:26 31668                      /run/host/usr/lib64/libpcre2-8.so.0.15.0
7fb6e846d000-7fb6e846e000 r--p 000ae000 00:26 31668                      /run/host/usr/lib64/libpcre2-8.so.0.15.0
7fb6e846e000-7fb6e846f000 rw-p 000af000 00:26 31668                      /run/host/usr/lib64/libpcre2-8.so.0.15.0
7fb6e846f000-7fb6e8490000 r-xp 00000000 00:26 32619                      /run/host/usr/lib64/libselinux.so.1
7fb6e8490000-7fb6e849e000 r--p 00021000 00:26 32619                      /run/host/usr/lib64/libselinux.so.1
7fb6e849e000-7fb6e849f000 r--p 0002f000 00:26 32619                      /run/host/usr/lib64/libselinux.so.1
7fb6e849f000-7fb6e84a0000 rw-p 00030000 00:26 32619                      /run/host/usr/lib64/libselinux.so.1
7fb6e84a0000-7fb6e84a2000 rw-p 00000000 00:00 0 
7fb6e84a2000-7fb6e84c5000 r-xp 00000000 00:79 1076197                    /usr/lib64/pipewire-0.3/libpipewire-module-protocol-native.so
7fb6e84c5000-7fb6e84d4000 r--p 00023000 00:79 1076197                    /usr/lib64/pipewire-0.3/libpipewire-module-protocol-native.so
7fb6e84d4000-7fb6e84e4000 r--p 00031000 00:79 1076197                    /usr/lib64/pipewire-0.3/libpipewire-module-protocol-native.so
7fb6e84e4000-7fb6e84e5000 rw-p 00041000 00:79 1076197                    /usr/lib64/pipewire-0.3/libpipewire-module-protocol-native.so
7fb6e84e5000-7fb6e84e9000 r-xp 00000000 00:79 1076202                    /usr/lib64/pipewire-0.3/libpipewire-module-rt.so
7fb6e84e9000-7fb6e84ec000 r--p 00004000 00:79 1076202                    /usr/lib64/pipewire-0.3/libpipewire-module-rt.so
7fb6e84ec000-7fb6e84ed000 r--p 00007000 00:79 1076202                    /usr/lib64/pipewire-0.3/libpipewire-module-rt.so
7fb6e84ed000-7fb6e84ee000 rw-p 00008000 00:79 1076202                    /usr/lib64/pipewire-0.3/libpipewire-module-rt.so
7fb6e84ee000-7fb6e84f5000 r--s 00000000 00:79 6199512                    /usr/lib64/gconv/gconv-modules.cache
7fb6e84f5000-7fb6e852b000 r-xp 00000000 00:26 26855                      /run/host/usr/lib64/libdbus-1.so.3.38.3
7fb6e852b000-7fb6e854a000 r--p 00036000 00:26 26855                      /run/host/usr/lib64/libdbus-1.so.3.38.3
7fb6e854a000-7fb6e854c000 r--p 00054000 00:26 26855                      /run/host/usr/lib64/libdbus-1.so.3.38.3
7fb6e854c000-7fb6e854d000 rw-p 00056000 00:26 26855                      /run/host/usr/lib64/libdbus-1.so.3.38.3
7fb6e854d000-7fb6e8550000 r-xp 00000000 00:79 1076248                    /usr/lib64/spa-0.2/support/libspa-dbus.so
7fb6e8550000-7fb6e8552000 r--p 00003000 00:79 1076248                    /usr/lib64/spa-0.2/support/libspa-dbus.so
7fb6e8552000-7fb6e8553000 r--p 00004000 00:79 1076248                    /usr/lib64/spa-0.2/support/libspa-dbus.so
7fb6e8553000-7fb6e8554000 rw-p 00005000 00:79 1076248                    /usr/lib64/spa-0.2/support/libspa-dbus.so
7fb6e8554000-7fb6e8624000 r-xp 00000000 00:26 33097                      /run/host/usr/lib64/libsystemd.so.0.42.0
7fb6e8624000-7fb6e8681000 r--p 000d0000 00:26 33097                      /run/host/usr/lib64/libsystemd.so.0.42.0
7fb6e8681000-7fb6e868a000 r--p 0012d000 00:26 33097                      /run/host/usr/lib64/libsystemd.so.0.42.0
7fb6e868a000-7fb6e868b000 rw-p 00136000 00:26 33097                      /run/host/usr/lib64/libsystemd.so.0.42.0
7fb6e868b000-7fb6e868c000 rw-p 00000000 00:00 0 
7fb6e868c000-7fb6e87de000 r-xp 00000000 00:26 33036                      /run/host/usr/lib64/libstdc++.so.6.0.35
7fb6e87de000-7fb6e88fd000 r--p 00152000 00:26 33036                      /run/host/usr/lib64/libstdc++.so.6.0.35
7fb6e88fd000-7fb6e890e000 r--p 00271000 00:26 33036                      /run/host/usr/lib64/libstdc++.so.6.0.35
7fb6e890e000-7fb6e890f000 rw-p 00282000 00:26 33036                      /run/host/usr/lib64/libstdc++.so.6.0.35
7fb6e890f000-7fb6e8913000 rw-p 00000000 00:00 0 
7fb6e8913000-7fb6e8926000 r--p 00000000 00:37 397                        /tmp/lwjgl_bazzite/3.3.3+5/x64/libopenal.so
7fb6e8926000-7fb6e89c6000 r-xp 00013000 00:37 397                        /tmp/lwjgl_bazzite/3.3.3+5/x64/libopenal.so
7fb6e89c6000-7fb6e8a28000 r--p 000b3000 00:37 397                        /tmp/lwjgl_bazzite/3.3.3+5/x64/libopenal.so
7fb6e8a28000-7fb6e8a29000 ---p 00115000 00:37 397                        /tmp/lwjgl_bazzite/3.3.3+5/x64/libopenal.so
7fb6e8a29000-7fb6e8a2e000 r--p 00115000 00:37 397                        /tmp/lwjgl_bazzite/3.3.3+5/x64/libopenal.so
7fb6e8a2e000-7fb6e8a2f000 rw-p 0011a000 00:37 397                        /tmp/lwjgl_bazzite/3.3.3+5/x64/libopenal.so
7fb6e8a2f000-7fb6e8aaa000 rw-p 00000000 00:00 0 
7fb6e8aaa000-7fb6e8aae000 ---p 00000000 00:00 0 
7fb6e8aae000-7fb6e8baa000 -wxp 00000000 00:00 0 
7fb6e8baa000-7fb6e8bae000 ---p 00000000 00:00 0 
7fb6e8bae000-7fb6e8caa000 -wxp 00000000 00:00 0 
7fb6e8caa000-7fb6e8d50000 r-xp 00000000 00:26 24911                      /run/host/usr/lib64/libX11.so.6.4.0
7fb6e8d50000-7fb6e8df9000 r--p 000a6000 00:26 24911                      /run/host/usr/lib64/libX11.so.6.4.0
7fb6e8df9000-7fb6e8dfc000 r--p 0014e000 00:26 24911                      /run/host/usr/lib64/libX11.so.6.4.0
7fb6e8dfc000-7fb6e8e00000 rw-p 00151000 00:26 24911                      /run/host/usr/lib64/libX11.so.6.4.0
7fb6e8e00000-7fb6e9600000 rw-p 00000000 00:00 0 
7fb6e9602000-7fb6e961b000 r-xp 00000000 00:79 1076250                    /usr/lib64/spa-0.2/support/libspa-support.so
7fb6e961b000-7fb6e9622000 r--p 00019000 00:79 1076250                    /usr/lib64/spa-0.2/support/libspa-support.so
7fb6e9622000-7fb6e9624000 r--p 0001f000 00:79 1076250                    /usr/lib64/spa-0.2/support/libspa-support.so
7fb6e9624000-7fb6e9625000 rw-p 00021000 00:79 1076250                    /usr/lib64/spa-0.2/support/libspa-support.so
7fb6e9625000-7fb6e96af000 r-xp 00000000 00:26 31771                      /run/host/usr/lib64/libpipewire-0.3.so.0.1604.0
7fb6e96af000-7fb6e96d9000 r--p 0008a000 00:26 31771                      /run/host/usr/lib64/libpipewire-0.3.so.0.1604.0
7fb6e96d9000-7fb6e96f5000 r--p 000b3000 00:26 31771                      /run/host/usr/lib64/libpipewire-0.3.so.0.1604.0
7fb6e96f5000-7fb6e96f6000 rw-p 000cf000 00:26 31771                      /run/host/usr/lib64/libpipewire-0.3.so.0.1604.0
7fb6e96f6000-7fb6e96f7000 rw-p 00000000 00:00 0 
7fb6e96f7000-7fb6e9705000 r--p 00000000 00:37 396                        /tmp/lwjgl_bazzite/3.3.3+5/x64/libglfw.so
7fb6e9705000-7fb6e9724000 r-xp 0000e000 00:37 396                        /tmp/lwjgl_bazzite/3.3.3+5/x64/libglfw.so
7fb6e9724000-7fb6e9757000 r--p 0002d000 00:37 396                        /tmp/lwjgl_bazzite/3.3.3+5/x64/libglfw.so
7fb6e9757000-7fb6e9758000 ---p 00060000 00:37 396                        /tmp/lwjgl_bazzite/3.3.3+5/x64/libglfw.so
7fb6e9758000-7fb6e975b000 r--p 00060000 00:37 396                        /tmp/lwjgl_bazzite/3.3.3+5/x64/libglfw.so
7fb6e975b000-7fb6e975e000 rw-p 00063000 00:37 396                        /tmp/lwjgl_bazzite/3.3.3+5/x64/libglfw.so
7fb6e975e000-7fb6e9781000 rw-p 00000000 00:00 0 
7fb6e9781000-7fb6e9789000 r--p 00000000 00:37 395                        /tmp/lwjgl_bazzite/3.3.3+5/x64/libjemalloc.so
7fb6e9789000-7fb6e97de000 r-xp 00008000 00:37 395                        /tmp/lwjgl_bazzite/3.3.3+5/x64/libjemalloc.so
7fb6e97de000-7fb6e97ee000 r--p 0005d000 00:37 395                        /tmp/lwjgl_bazzite/3.3.3+5/x64/libjemalloc.so
7fb6e97ee000-7fb6e97ef000 ---p 0006d000 00:37 395                        /tmp/lwjgl_bazzite/3.3.3+5/x64/libjemalloc.so
7fb6e97ef000-7fb6e97f5000 r--p 0006d000 00:37 395                        /tmp/lwjgl_bazzite/3.3.3+5/x64/libjemalloc.so
7fb6e97f5000-7fb6e97f6000 rw-p 00073000 00:37 395                        /tmp/lwjgl_bazzite/3.3.3+5/x64/libjemalloc.so
7fb6e97f6000-7fb6e9a00000 rw-p 00000000 00:00 0 
7fb6e9a00000-7fb6e9a20000 r-xp 00000000 00:37 389                        /tmp/libgdxbazzite/da3a4817/libgdx64.so
7fb6e9a20000-7fb6e9c20000 ---p 00020000 00:37 389                        /tmp/libgdxbazzite/da3a4817/libgdx64.so
7fb6e9c20000-7fb6e9c21000 r--p 00020000 00:37 389                        /tmp/libgdxbazzite/da3a4817/libgdx64.so
7fb6e9c21000-7fb6e9c22000 rw-p 00021000 00:37 389                        /tmp/libgdxbazzite/da3a4817/libgdx64.so
7fb6e9c25000-7fb6e9c27000 r-xp 00000000 00:79 1076249                    /usr/lib64/spa-0.2/support/libspa-journal.so
7fb6e9c27000-7fb6e9c28000 r--p 00002000 00:79 1076249                    /usr/lib64/spa-0.2/support/libspa-journal.so
7fb6e9c28000-7fb6e9c29000 r--p 00002000 00:79 1076249                    /usr/lib64/spa-0.2/support/libspa-journal.so
7fb6e9c29000-7fb6e9c2a000 rw-p 00003000 00:79 1076249                    /usr/lib64/spa-0.2/support/libspa-journal.so
7fb6e9c2a000-7fb6e9c4e000 r-xp 00000000 00:26 27953                      /run/host/usr/lib64/libgcc_s-16-20260321.so.1
7fb6e9c4e000-7fb6e9c55000 r--p 00024000 00:26 27953                      /run/host/usr/lib64/libgcc_s-16-20260321.so.1
7fb6e9c55000-7fb6e9c56000 r--p 0002b000 00:26 27953                      /run/host/usr/lib64/libgcc_s-16-20260321.so.1
7fb6e9c56000-7fb6e9c57000 rw-p 00000000 00:00 0 
7fb6e9c57000-7fb6e9c58000 r-xp 00000000 00:26 24904                      /run/host/usr/lib64/libX11-xcb.so.1.0.0
7fb6e9c58000-7fb6e9c59000 r--p 00001000 00:26 24904                      /run/host/usr/lib64/libX11-xcb.so.1.0.0
7fb6e9c59000-7fb6e9c5a000 r--p 00001000 00:26 24904                      /run/host/usr/lib64/libX11-xcb.so.1.0.0
7fb6e9c5a000-7fb6e9c5b000 rw-p 00000000 00:00 0 
7fb6e9c5b000-7fb6e9c5f000 r-xp 00000000 00:26 24989                      /run/host/usr/lib64/libXfixes.so.3.1.0
7fb6e9c5f000-7fb6e9c61000 r--p 00004000 00:26 24989                      /run/host/usr/lib64/libXfixes.so.3.1.0
7fb6e9c61000-7fb6e9c62000 r--p 00006000 00:26 24989                      /run/host/usr/lib64/libXfixes.so.3.1.0
7fb6e9c62000-7fb6e9c63000 rw-p 00007000 00:26 24989                      /run/host/usr/lib64/libXfixes.so.3.1.0
7fb6e9c63000-7fb6e9c6a000 r-xp 00000000 00:26 24958                      /run/host/usr/lib64/libXcursor.so.1.0.2
7fb6e9c6a000-7fb6e9c6e000 r--p 00007000 00:26 24958                      /run/host/usr/lib64/libXcursor.so.1.0.2
7fb6e9c6e000-7fb6e9c6f000 r--p 0000b000 00:26 24958                      /run/host/usr/lib64/libXcursor.so.1.0.2
7fb6e9c6f000-7fb6e9c70000 rw-p 00000000 00:00 0 
7fb6e9c70000-7fb6e9c78000 r-xp 00000000 00:26 25056                      /run/host/usr/lib64/libXrender.so.1.3.0
7fb6e9c78000-7fb6e9c7b000 r--p 00008000 00:26 25056                      /run/host/usr/lib64/libXrender.so.1.3.0
7fb6e9c7b000-7fb6e9c7c000 r--p 0000a000 00:26 25056                      /run/host/usr/lib64/libXrender.so.1.3.0
7fb6e9c7c000-7fb6e9c7d000 rw-p 0000b000 00:26 25056                      /run/host/usr/lib64/libXrender.so.1.3.0
7fb6e9c7d000-7fb6e9c85000 r-xp 00000000 00:26 25048                      /run/host/usr/lib64/libXrandr.so.2.2.0
7fb6e9c85000-7fb6e9c88000 r--p 00008000 00:26 25048                      /run/host/usr/lib64/libXrandr.so.2.2.0
7fb6e9c88000-7fb6e9c89000 r--p 0000b000 00:26 25048                      /run/host/usr/lib64/libXrandr.so.2.2.0
7fb6e9c89000-7fb6e9c8a000 rw-p 0000c000 00:26 25048                      /run/host/usr/lib64/libXrandr.so.2.2.0
7fb6e9c8a000-7fb6e9c8e000 ---p 00000000 00:00 0 
7fb6e9c8e000-7fb6e9d8a000 -wxp 00000000 00:00 0 
7fb6e9d8a000-7fb6e9db3000 r--p 00000000 00:37 394                        /tmp/lwjgl_bazzite/3.3.3+5/x64/liblwjgl.so
7fb6e9db3000-7fb6e9de5000 r-xp 00029000 00:37 394                        /tmp/lwjgl_bazzite/3.3.3+5/x64/liblwjgl.so
7fb6e9de5000-7fb6e9dfe000 r--p 0005b000 00:37 394                        /tmp/lwjgl_bazzite/3.3.3+5/x64/liblwjgl.so
7fb6e9dfe000-7fb6e9dff000 r--p 00073000 00:37 394                        /tmp/lwjgl_bazzite/3.3.3+5/x64/liblwjgl.so
7fb6e9dff000-7fb6e9e00000 rw-p 00074000 00:37 394                        /tmp/lwjgl_bazzite/3.3.3+5/x64/liblwjgl.so
7fb6e9e00000-7fb6e9e04000 ---p 00000000 00:00 0 
7fb6e9e04000-7fb6e9f00000 -wxp 00000000 00:00 0 
7fb6e9f00000-7fb6e9f04000 ---p 00000000 00:00 0 
7fb6e9f04000-7fb6ea000000 -wxp 00000000 00:00 0 
7fb6ea000000-7fb6ec021000 rw-p 00000000 00:00 0 
7fb6ec021000-7fb6f0000000 ---p 00000000 00:00 0 
7fb6f0000000-7fb6f0021000 rw-p 00000000 00:00 0 
7fb6f0021000-7fb6f4000000 ---p 00000000 00:00 0 
7fb6f4000000-7fb6f4021000 rw-p 00000000 00:00 0 
7fb6f4021000-7fb6f8000000 ---p 00000000 00:00 0 
7fb6f8003000-7fb6f8010000 r-xp 00000000 00:26 25011                      /run/host/usr/lib64/libXi.so.6.1.0
7fb6f8010000-7fb6f8014000 r--p 0000d000 00:26 25011                      /run/host/usr/lib64/libXi.so.6.1.0
7fb6f8014000-7fb6f8015000 r--p 00011000 00:26 25011                      /run/host/usr/lib64/libXi.so.6.1.0
7fb6f8015000-7fb6f8016000 rw-p 00012000 00:26 25011                      /run/host/usr/lib64/libXi.so.6.1.0
7fb6f8016000-7fb6f8022000 r-xp 00000000 00:26 24981                      /run/host/usr/lib64/libXext.so.6.4.0
7fb6f8022000-7fb6f8028000 r--p 0000c000 00:26 24981                      /run/host/usr/lib64/libXext.so.6.4.0
7fb6f8028000-7fb6f8029000 r--p 00011000 00:26 24981                      /run/host/usr/lib64/libXext.so.6.4.0
7fb6f8029000-7fb6f802a000 rw-p 00012000 00:26 24981                      /run/host/usr/lib64/libXext.so.6.4.0
7fb6f802a000-7fb6f805b000 rw-p 00000000 00:00 0 
7fb6f805b000-7fb6f815c000 -wxp 00000000 00:00 0 
7fb6f815c000-7fb6f8160000 ---p 00000000 00:00 0 
7fb6f8160000-7fb6f825c000 -wxp 00000000 00:00 0 
7fb6f825c000-7fb6f8260000 ---p 00000000 00:00 0 
7fb6f8260000-7fb6f835c000 -wxp 00000000 00:00 0 
7fb6f835c000-7fb6f8360000 ---p 00000000 00:00 0 
7fb6f8360000-7fb6f845c000 -wxp 00000000 00:00 0 
7fb6f845c000-7fb6f8460000 ---p 00000000 00:00 0 
7fb6f8460000-7fb6f855c000 -wxp 00000000 00:00 0 
7fb6f855c000-7fb6f8560000 ---p 00000000 00:00 0 
7fb6f8560000-7fb6f865c000 -wxp 00000000 00:00 0 
7fb6f865c000-7fb6f8660000 ---p 00000000 00:00 0 
7fb6f8660000-7fb6f875c000 -wxp 00000000 00:00 0 
7fb6f875c000-7fb6f8760000 ---p 00000000 00:00 0 
7fb6f8760000-7fb6f885c000 -wxp 00000000 00:00 0 
7fb6f885c000-7fb6f8860000 ---p 00000000 00:00 0 
7fb6f8860000-7fb6f895c000 -wxp 00000000 00:00 0 
7fb6f895c000-7fb6f8960000 ---p 00000000 00:00 0 
7fb6f8960000-7fb6f8b5d000 -wxp 00000000 00:00 0 
7fb6f8b5d000-7fb6f8b62000 r--p 00000000 00:22 4015116                    /home/bazzite/.gradle/jdks/eclipse_adoptium-17-amd64-linux.2/lib/libjsvml.so
7fb6f8b62000-7fb6f8ba3000 r-xp 00005000 00:22 4015116                    /home/bazzite/.gradle/jdks/eclipse_adoptium-17-amd64-linux.2/lib/libjsvml.so
7fb6f8ba3000-7fb6f8c2c000 r--p 00046000 00:22 4015116                    /home/bazzite/.gradle/jdks/eclipse_adoptium-17-amd64-linux.2/lib/libjsvml.so
7fb6f8c2c000-7fb6f8c2d000 r--p 000ce000 00:22 4015116                    /home/bazzite/.gradle/jdks/eclipse_adoptium-17-amd64-linux.2/lib/libjsvml.so
7fb6f8c2d000-7fb6f8c2e000 rw-p 000cf000 00:22 4015116                    /home/bazzite/.gradle/jdks/eclipse_adoptium-17-amd64-linux.2/lib/libjsvml.so
7fb6f8c2e000-7fb6f8caf000 rw-p 00000000 00:00 0 
7fb6f8caf000-7fb6f8eb1000 -wxp 00000000 00:00 0 
7fb6f8eb1000-7fb6f9bbe000 rw-p 00000000 00:00 0 
7fb6f9bbe000-7fb6f9dc0000 -wxp 00000000 00:00 0 
7fb6f9dc0000-7fb6fa570000 rw-p 00000000 00:00 0 
7fb6fa570000-7fb7017c0000 ---p 00000000 00:00 0 
7fb7017c0000-7fb701f90000 rw-p 00000000 00:00 0 
7fb701f90000-7fb7091e0000 ---p 00000000 00:00 0 
7fb7091e0000-7fb709200000 rw-p 00000000 00:00 0 
7fb709200000-7fb709470000 rwxp 00000000 00:00 0 
7fb709470000-7fb71065f000 ---p 00000000 00:00 0 
7fb71065f000-7fb71099f000 rwxp 00000000 00:00 0 
7fb71099f000-7fb710da0000 ---p 00000000 00:00 0 
7fb710da0000-7fb711010000 rwxp 00000000 00:00 0 
7fb711010000-7fb718200000 ---p 00000000 00:00 0 
7fb718200000-7fb71fe02000 r--s 00000000 00:22 4015084                    /home/bazzite/.gradle/jdks/eclipse_adoptium-17-amd64-linux.2/lib/modules
7fb71fe02000-7fb71fe16000 r-xp 00000000 00:26 34583                      /run/host/usr/lib64/libxcb.so.1.1.0
7fb71fe16000-7fb71fe2a000 r--p 00014000 00:26 34583                      /run/host/usr/lib64/libxcb.so.1.1.0
7fb71fe2a000-7fb71fe2b000 r--p 00028000 00:26 34583                      /run/host/usr/lib64/libxcb.so.1.1.0
7fb71fe2b000-7fb71fe2c000 rw-p 00029000 00:26 34583                      /run/host/usr/lib64/libxcb.so.1.1.0
7fb71fe2c000-7fb71fec8000 rw-p 00000000 00:00 0 
7fb71fec8000-7fb71fec9000 rw-s 00000000 00:01 7356                       /memfd:pipewire-memfd:flags=0x0000000f,type=2,size=2312 (deleted)
7fb71fec9000-7fb71fecb000 r--p 00000000 00:22 4015085                    /home/bazzite/.gradle/jdks/eclipse_adoptium-17-amd64-linux.2/lib/libzip.so
7fb71fecb000-7fb71fedd000 r-xp 00002000 00:22 4015085                    /home/bazzite/.gradle/jdks/eclipse_adoptium-17-amd64-linux.2/lib/libzip.so
7fb71fedd000-7fb71fee5000 r--p 00014000 00:22 4015085                    /home/bazzite/.gradle/jdks/eclipse_adoptium-17-amd64-linux.2/lib/libzip.so
7fb71fee5000-7fb71fee6000 r--p 0001b000 00:22 4015085                    /home/bazzite/.gradle/jdks/eclipse_adoptium-17-amd64-linux.2/lib/libzip.so
7fb71fee6000-7fb71fee7000 rw-p 0001c000 00:22 4015085                    /home/bazzite/.gradle/jdks/eclipse_adoptium-17-amd64-linux.2/lib/libzip.so
7fb71fee7000-7fb71feeb000 r--p 00000000 00:22 4015129                    /home/bazzite/.gradle/jdks/eclipse_adoptium-17-amd64-linux.2/lib/libnet.so
7fb71feeb000-7fb71fef9000 r-xp 00004000 00:22 4015129                    /home/bazzite/.gradle/jdks/eclipse_adoptium-17-amd64-linux.2/lib/libnet.so
7fb71fef9000-7fb71fefd000 r--p 00012000 00:22 4015129                    /home/bazzite/.gradle/jdks/eclipse_adoptium-17-amd64-linux.2/lib/libnet.so
7fb71fefd000-7fb71fefe000 r--p 00015000 00:22 4015129                    /home/bazzite/.gradle/jdks/eclipse_adoptium-17-amd64-linux.2/lib/libnet.so
7fb71fefe000-7fb71feff000 rw-p 00016000 00:22 4015129                    /home/bazzite/.gradle/jdks/eclipse_adoptium-17-amd64-linux.2/lib/libnet.so
7fb71feff000-7fb720000000 -wxp 00000000 00:00 0 
7fb720000000-7fb720746000 rw-p 00000000 00:00 0 
7fb720746000-7fb724000000 ---p 00000000 00:00 0 
7fb724000000-7fb724001000 rw-p 00000000 00:00 0 
7fb724001000-7fb724002000 rw-p 00000000 00:00 0 
7fb724002000-7fb724003000 r-xp 00000000 00:26 25019                      /run/host/usr/lib64/libXinerama.so.1.0.0
7fb724003000-7fb724004000 r--p 00001000 00:26 25019                      /run/host/usr/lib64/libXinerama.so.1.0.0
7fb724004000-7fb724005000 r--p 00001000 00:26 25019                      /run/host/usr/lib64/libXinerama.so.1.0.0
7fb724005000-7fb724006000 rw-p 00002000 00:26 25019                      /run/host/usr/lib64/libXinerama.so.1.0.0
7fb724006000-7fb7241f6000 rw-p 00000000 00:00 0 
7fb7241f6000-7fb725040000 ---p 00000000 00:00 0 
7fb725040000-7fb72513a000 rw-p 00000000 00:00 0 
7fb72513a000-7fb725f84000 ---p 00000000 00:00 0 
7fb725f84000-7fb72607e000 rw-p 00000000 00:00 0 
7fb72607e000-7fb726ec8000 ---p 00000000 00:00 0 
7fb726ec8000-7fb727c1c000 rw-p 00000000 00:00 0 
7fb727c1c000-7fb727d00000 ---p 00000000 00:00 0 
7fb727d00000-7fb727d05000 rw-p 00000000 00:00 0 
7fb727d05000-7fb727de9000 ---p 00000000 00:00 0 
7fb727de9000-7fb727ded000 ---p 00000000 00:00 0 
7fb727ded000-7fb727ee9000 -wxp 00000000 00:00 0 
7fb727ee9000-7fb727f78000 r-xp 00000000 00:26 30195                      /run/host/usr/lib64/libm.so.6
7fb727f78000-7fb727ffe000 r--p 0008f000 00:26 30195                      /run/host/usr/lib64/libm.so.6
7fb727ffe000-7fb727fff000 r--p 00114000 00:26 30195                      /run/host/usr/lib64/libm.so.6
7fb727fff000-7fb728000000 rw-p 00115000 00:26 30195                      /run/host/usr/lib64/libm.so.6
7fb728000000-7fb728253000 r--p 00000000 00:22 4015137                    /home/bazzite/.gradle/jdks/eclipse_adoptium-17-amd64-linux.2/lib/server/libjvm.so
7fb728253000-7fb728f7c000 r-xp 00253000 00:22 4015137                    /home/bazzite/.gradle/jdks/eclipse_adoptium-17-amd64-linux.2/lib/server/libjvm.so
7fb728f7c000-7fb729209000 r--p 00f7c000 00:22 4015137                    /home/bazzite/.gradle/jdks/eclipse_adoptium-17-amd64-linux.2/lib/server/libjvm.so
7fb729209000-7fb72920a000 ---p 01209000 00:22 4015137                    /home/bazzite/.gradle/jdks/eclipse_adoptium-17-amd64-linux.2/lib/server/libjvm.so
7fb72920a000-7fb7292c3000 r--p 01209000 00:22 4015137                    /home/bazzite/.gradle/jdks/eclipse_adoptium-17-amd64-linux.2/lib/server/libjvm.so
7fb7292c3000-7fb7292f8000 rw-p 012c2000 00:22 4015137                    /home/bazzite/.gradle/jdks/eclipse_adoptium-17-amd64-linux.2/lib/server/libjvm.so
7fb7292f8000-7fb729353000 rw-p 00000000 00:00 0 
7fb729353000-7fb729356000 r-xp 00000000 00:26 25100                      /run/host/usr/lib64/libXxf86vm.so.1.0.0
7fb729356000-7fb729358000 r--p 00003000 00:26 25100                      /run/host/usr/lib64/libXxf86vm.so.1.0.0
7fb729358000-7fb729359000 r--p 00004000 00:26 25100                      /run/host/usr/lib64/libXxf86vm.so.1.0.0
7fb729359000-7fb72935a000 rw-p 00005000 00:26 25100                      /run/host/usr/lib64/libXxf86vm.so.1.0.0
7fb72935a000-7fb72935c000 r-xp 00000000 00:26 24933                      /run/host/usr/lib64/libXau.so.6.0.0
7fb72935c000-7fb72935d000 r--p 00002000 00:26 24933                      /run/host/usr/lib64/libXau.so.6.0.0
7fb72935d000-7fb72935e000 r--p 00003000 00:26 24933                      /run/host/usr/lib64/libXau.so.6.0.0
7fb72935e000-7fb729360000 rw-p 00000000 00:00 0 
7fb729360000-7fb729361000 r-xp 00059000 00:37 394                        /tmp/lwjgl_bazzite/3.3.3+5/x64/liblwjgl.so
7fb729361000-7fb729362000 rw-p 00000000 00:00 0 
7fb729362000-7fb729369000 r--p 00000000 00:22 4015138                    /home/bazzite/.gradle/jdks/eclipse_adoptium-17-amd64-linux.2/lib/libnio.so
7fb729369000-7fb729372000 r-xp 00007000 00:22 4015138                    /home/bazzite/.gradle/jdks/eclipse_adoptium-17-amd64-linux.2/lib/libnio.so
7fb729372000-7fb729376000 r--p 00010000 00:22 4015138                    /home/bazzite/.gradle/jdks/eclipse_adoptium-17-amd64-linux.2/lib/libnio.so
7fb729376000-7fb729377000 ---p 00014000 00:22 4015138                    /home/bazzite/.gradle/jdks/eclipse_adoptium-17-amd64-linux.2/lib/libnio.so
7fb729377000-7fb729378000 r--p 00014000 00:22 4015138                    /home/bazzite/.gradle/jdks/eclipse_adoptium-17-amd64-linux.2/lib/libnio.so
7fb729378000-7fb729379000 rw-p 00015000 00:22 4015138                    /home/bazzite/.gradle/jdks/eclipse_adoptium-17-amd64-linux.2/lib/libnio.so
7fb729379000-7fb729380000 rw-p 00000000 00:00 0 
7fb729380000-7fb729388000 ---p 00000000 00:00 0 
7fb729388000-7fb729396000 r--p 00000000 00:22 4015088                    /home/bazzite/.gradle/jdks/eclipse_adoptium-17-amd64-linux.2/lib/libjava.so
7fb729396000-7fb7293a8000 r-xp 0000e000 00:22 4015088                    /home/bazzite/.gradle/jdks/eclipse_adoptium-17-amd64-linux.2/lib/libjava.so
7fb7293a8000-7fb7293ae000 r--p 00020000 00:22 4015088                    /home/bazzite/.gradle/jdks/eclipse_adoptium-17-amd64-linux.2/lib/libjava.so
7fb7293ae000-7fb7293af000 ---p 00026000 00:22 4015088                    /home/bazzite/.gradle/jdks/eclipse_adoptium-17-amd64-linux.2/lib/libjava.so
7fb7293af000-7fb7293b0000 r--p 00026000 00:22 4015088                    /home/bazzite/.gradle/jdks/eclipse_adoptium-17-amd64-linux.2/lib/libjava.so
7fb7293b0000-7fb7293b1000 rw-p 00027000 00:22 4015088                    /home/bazzite/.gradle/jdks/eclipse_adoptium-17-amd64-linux.2/lib/libjava.so
7fb7293b1000-7fb7293b2000 rw-p 00000000 00:00 0 
7fb7293b2000-7fb7293ba000 rw-s 00000000 00:37 398                        /tmp/hsperfdata_bazzite/22108
7fb7293ba000-7fb7293bb000 ---p 00000000 00:00 0 
7fb7293bb000-7fb7293bc000 r--p 00000000 00:00 0 
7fb7293bc000-7fb7293bd000 ---p 00000000 00:00 0 
7fb7293bd000-7fb7293c1000 r--p 00000000 00:22 4015120                    /home/bazzite/.gradle/jdks/eclipse_adoptium-17-amd64-linux.2/lib/libjimage.so
7fb7293c1000-7fb7293d4000 r-xp 00004000 00:22 4015120                    /home/bazzite/.gradle/jdks/eclipse_adoptium-17-amd64-linux.2/lib/libjimage.so
7fb7293d4000-7fb7293da000 r--p 00017000 00:22 4015120                    /home/bazzite/.gradle/jdks/eclipse_adoptium-17-amd64-linux.2/lib/libjimage.so
7fb7293da000-7fb7293dc000 r--p 0001c000 00:22 4015120                    /home/bazzite/.gradle/jdks/eclipse_adoptium-17-amd64-linux.2/lib/libjimage.so
7fb7293dc000-7fb7293dd000 rw-p 0001e000 00:22 4015120                    /home/bazzite/.gradle/jdks/eclipse_adoptium-17-amd64-linux.2/lib/libjimage.so
7fb7293dd000-7fb7293de000 r-xp 00000000 00:26 32469                      /run/host/usr/lib64/librt.so.1
7fb7293de000-7fb7293df000 r--p 00001000 00:26 32469                      /run/host/usr/lib64/librt.so.1
7fb7293df000-7fb7293e0000 r--p 00001000 00:26 32469                      /run/host/usr/lib64/librt.so.1
7fb7293e0000-7fb7293e3000 rw-p 00000000 00:00 0 
7fb7293e3000-7fb729557000 r-xp 00000000 00:26 26352                      /run/host/usr/lib64/libc.so.6
7fb729557000-7fb7295d0000 r--p 00174000 00:26 26352                      /run/host/usr/lib64/libc.so.6
7fb7295d0000-7fb7295d4000 r--p 001ed000 00:26 26352                      /run/host/usr/lib64/libc.so.6
7fb7295d4000-7fb7295d6000 rw-p 001f1000 00:26 26352                      /run/host/usr/lib64/libc.so.6
7fb7295d6000-7fb7295de000 rw-p 00000000 00:00 0 
7fb7295de000-7fb7295df000 r-xp 00000000 00:26 27028                      /run/host/usr/lib64/libdl.so.2
7fb7295df000-7fb7295e0000 r--p 00001000 00:26 27028                      /run/host/usr/lib64/libdl.so.2
7fb7295e0000-7fb7295e1000 r--p 00001000 00:26 27028                      /run/host/usr/lib64/libdl.so.2
7fb7295e1000-7fb7295e2000 rw-p 00000000 00:00 0 
7fb7295e2000-7fb7295e3000 r-xp 00000000 00:26 32154                      /run/host/usr/lib64/libpthread.so.0
7fb7295e3000-7fb7295e4000 r--p 00001000 00:26 32154                      /run/host/usr/lib64/libpthread.so.0
7fb7295e4000-7fb7295e5000 r--p 00001000 00:26 32154                      /run/host/usr/lib64/libpthread.so.0
7fb7295e5000-7fb7295e6000 rw-p 00000000 00:00 0 
7fb7295e6000-7fb7295e9000 r--p 00000000 00:22 4015093                    /home/bazzite/.gradle/jdks/eclipse_adoptium-17-amd64-linux.2/lib/libjli.so
7fb7295e9000-7fb7295f9000 r-xp 00003000 00:22 4015093                    /home/bazzite/.gradle/jdks/eclipse_adoptium-17-amd64-linux.2/lib/libjli.so
7fb7295f9000-7fb729600000 r--p 00013000 00:22 4015093                    /home/bazzite/.gradle/jdks/eclipse_adoptium-17-amd64-linux.2/lib/libjli.so
7fb729600000-7fb729601000 r--p 00019000 00:22 4015093                    /home/bazzite/.gradle/jdks/eclipse_adoptium-17-amd64-linux.2/lib/libjli.so
7fb729601000-7fb729602000 rw-p 0001a000 00:22 4015093                    /home/bazzite/.gradle/jdks/eclipse_adoptium-17-amd64-linux.2/lib/libjli.so
7fb729602000-7fb729604000 rw-p 00000000 00:00 0 
7fb729604000-7fb729608000 r--p 00000000 00:00 0                          [vvar]
7fb729608000-7fb72960a000 r--p 00000000 00:00 0                          [vvar_vclock]
7fb72960a000-7fb72960c000 r-xp 00000000 00:00 0                          [vdso]
7fb72960c000-7fb729636000 r-xp 00000000 00:79 6195668                    /usr/lib64/ld-linux-x86-64.so.2
7fb729636000-7fb729642000 r--p 0002a000 00:79 6195668                    /usr/lib64/ld-linux-x86-64.so.2
7fb729642000-7fb729644000 r--p 00035000 00:79 6195668                    /usr/lib64/ld-linux-x86-64.so.2
7fb729644000-7fb729645000 rw-p 00037000 00:79 6195668                    /usr/lib64/ld-linux-x86-64.so.2
7fb729645000-7fb729646000 rw-p 00000000 00:00 0 
7ffe7cc38000-7ffe7cc5d000 rw-p 00000000 00:00 0                          [stack]
ffffffffff600000-ffffffffff601000 --xp 00000000 00:00 0                  [vsyscall]


VM Arguments:
jvm_args: -Dfile.encoding=UTF-8 -Duser.country=US -Duser.language=en -Duser.variant 
java_command: dungeon.crawler.lwjgl3.Lwjgl3Launcher
java_class_path (initial): /home/bazzite/code/java/LibGDXDungeonCrawler/lwjgl3/build/classes/java/main:/home/bazzite/code/java/LibGDXDungeonCrawler/lwjgl3/build/resources/main:/home/bazzite/.gradle/caches/modules-2/files-2.1/com.badlogicgames.gdx-controllers/gdx-controllers-desktop/2.2.3/f496535b094461487a71b3f23a17cd7d524de0f5/gdx-controllers-desktop-2.2.3.jar:/home/bazzite/.gradle/caches/modules-2/files-2.1/com.badlogicgames.gdx/gdx-backend-lwjgl3/1.13.1/c8d8f1c3ccd17fe2202a1d581e179c4ba0ccc45d/gdx-backend-lwjgl3-1.13.1.jar:/home/bazzite/.gradle/caches/modules-2/files-2.1/com.badlogicgames.gdx/gdx-platform/1.13.1/8493b7d917097a6d091db2554bf0056881f96738/gdx-platform-1.13.1-natives-desktop.jar:/home/bazzite/code/java/LibGDXDungeonCrawler/core/build/libs/core-1.0.0.jar:/home/bazzite/.gradle/caches/modules-2/files-2.1/com.badlogicgames.gdx/gdx-tools/1.13.1/1b046c9f556bc2287384a379c867721196cb42a8/gdx-tools-1.13.1.jar:/home/bazzite/.gradle/caches/modules-2/files-2.1/de.golfgl.gdxcontrollerutils/gdx-controllerutils-mapping/2.3.0/4f0651c569245a0fcc2eb3a51f3d64cba33ab943/gdx-controllerutils-mapping-2.3.0.jar:/home/bazzite/.gradle/caches/modules-2/files-2.1/com.badlogicgames.gdx-controllers/gdx-controllers-core/2.2.3/82b77d6cb6394420cdd480fc2ab373f7ba5e0e45/gdx-controllers-core-2.2.3.jar:/home/bazzite/.gradle/caches/modules-2/files-2.1/com.badlogicgames.jamepad/jamepad/2.0.20.0/55eb0007fd55c9914d106dac3387b9d444572cab/jamepad-2.0.20.0.jar:/home/bazzite/.gradle/caches/modules-2/files-2.1/com.badlogicgames.ashley/ashley/1.7.4/21a3a8932919099c4e5006a7d8378dcbe76ef8a5/ashley-1.7.4.jar:/home/bazzite/.gradle/caches/modules-2/files-2.1/com.github.tommyettinger/anim8-gdx/0.5.4/81d81cf0f6e0b9ec11072e0118a2fff0e5dcc3b5/anim8-gdx-0.5.4.jar:/home/bazzite/.gradle/caches/modules-2/files-2.1/com.badlogicgames.gdx/gdx-freetype/1.13.1/a386c9b7a10b28f91b2de47f66b12c23a2c3abc2/gdx-freetype-1.13.1.jar:/home/bazzite/.gradle/caches/modules-2/files-2.1/com.badlogicgames.gdx/gdx-backend-headle
Launcher Type: SUN_STANDARD

[Global flags]
     intx CICompilerCount                          = 12                                        {product} {ergonomic}
     uint ConcGCThreads                            = 3                                         {product} {ergonomic}
     uint G1ConcRefinementThreads                  = 13                                        {product} {ergonomic}
   size_t G1HeapRegionSize                         = 4194304                                   {product} {ergonomic}
    uintx GCDrainStackTargetSize                   = 64                                        {product} {ergonomic}
   size_t InitialHeapSize                          = 515899392                                 {product} {ergonomic}
   size_t MarkStackSize                            = 4194304                                   {product} {ergonomic}
   size_t MaxHeapSize                              = 8195670016                                {product} {ergonomic}
   size_t MaxNewSize                               = 4915724288                                {product} {ergonomic}
   size_t MinHeapDeltaBytes                        = 4194304                                   {product} {ergonomic}
   size_t MinHeapSize                              = 8388608                                   {product} {ergonomic}
    uintx NonNMethodCodeHeapSize                   = 7602480                                {pd product} {ergonomic}
    uintx NonProfiledCodeHeapSize                  = 122027880                              {pd product} {ergonomic}
    uintx ProfiledCodeHeapSize                     = 122027880                              {pd product} {ergonomic}
    uintx ReservedCodeCacheSize                    = 251658240                              {pd product} {ergonomic}
     bool SegmentedCodeCache                       = true                                      {product} {ergonomic}
   size_t SoftMaxHeapSize                          = 8195670016                             {manageable} {ergonomic}
     bool UseCompressedClassPointers               = true                           {product lp64_product} {ergonomic}
     bool UseCompressedOops                        = true                           {product lp64_product} {ergonomic}
     bool UseG1GC                                  = true                                      {product} {ergonomic}

Logging:
Log output configuration:
 #0: stdout all=warning uptime,level,tags
 #1: stderr all=off uptime,level,tags

Environment Variables:
PATH=/home/bazzite/.local/share/../bin:/home/bazzite/.local/bin:/home/bazzite/bin:/usr/local/bin:/usr/bin:/bin:/usr/local/sbin:/home/bazzite/.local/share/yabridge:/usr/local/bin:/usr/bin:/usr/sbin:/sbin:/home/bazzite/.local/share/yabridge
XDG_CACHE_HOME=/home/bazzite/.cache
XDG_CONFIG_HOME=/home/bazzite/.config
LD_LIBRARY_PATH=/run/host/usr/lib64:
SHELL=/usr/bin/bash
DISPLAY=:0
LANG=en_US.UTF-8
TERM=xterm-256color

Active Locale:
LC_ALL=en_US.UTF-8
LC_COLLATE=en_US.UTF-8
LC_CTYPE=en_US.UTF-8
LC_MESSAGES=en_US.UTF-8
LC_MONETARY=en_US.UTF-8
LC_NUMERIC=en_US.UTF-8
LC_TIME=en_US.UTF-8

Signal Handlers:
   SIGSEGV: crash_handler in libjvm.so, mask=11100100010111111101111111111110, flags=SA_RESTART|SA_SIGINFO, unblocked
    SIGBUS: crash_handler in libjvm.so, mask=11100100010111111101111111111110, flags=SA_RESTART|SA_SIGINFO, unblocked
    SIGFPE: crash_handler in libjvm.so, mask=11100100010111111101111111111110, flags=SA_RESTART|SA_SIGINFO, unblocked
   SIGPIPE: javaSignalHandler in libjvm.so, mask=11100100010111111101111111111110, flags=SA_RESTART|SA_SIGINFO, blocked
   SIGXFSZ: javaSignalHandler in libjvm.so, mask=11100100010111111101111111111110, flags=SA_RESTART|SA_SIGINFO, blocked
    SIGILL: crash_handler in libjvm.so, mask=11100100010111111101111111111110, flags=SA_RESTART|SA_SIGINFO, unblocked
   SIGUSR2: SR_handler in libjvm.so, mask=00100000000000000000000000000000, flags=SA_RESTART|SA_SIGINFO, blocked
    SIGHUP: UserHandler in libjvm.so, mask=11100100010111111101111111111110, flags=SA_RESTART|SA_SIGINFO, blocked
    SIGINT: UserHandler in libjvm.so, mask=11100100010111111101111111111110, flags=SA_RESTART|SA_SIGINFO, blocked
   SIGTERM: UserHandler in libjvm.so, mask=11100100010111111101111111111110, flags=SA_RESTART|SA_SIGINFO, blocked
   SIGQUIT: UserHandler in libjvm.so, mask=11100100010111111101111111111110, flags=SA_RESTART|SA_SIGINFO, blocked
   SIGTRAP: crash_handler in libjvm.so, mask=11100100010111111101111111111110, flags=SA_RESTART|SA_SIGINFO, unblocked


Periodic native trim disabled


---------------  S Y S T E M  ---------------

OS:
Fedora release 43 (Forty Three)
uname: Linux 6.19.14-ogc1.1.fc44.x86_64 #1 SMP PREEMPT_DYNAMIC Fri May  1 20:37:39 UTC 2026 x86_64
OS uptime: 0 days 0:22 hours
libc: glibc 2.43 NPTL 2.43 
rlimit (soft/hard): STACK 8192k/infinity , CORE infinity/infinity , NPROC 123793/123793 , NOFILE 1048576/1048576 , AS infinity/infinity , CPU infinity/infinity , DATA infinity/infinity , FSIZE infinity/infinity , MEMLOCK 2147484k/2147484k
load average: 1.24 1.01 0.80

/proc/meminfo:
MemTotal:       32002216 kB
MemFree:         6482848 kB
MemAvailable:   19727032 kB
Buffers:            7384 kB
Cached:         15408516 kB
SwapCached:            0 kB
Active:         16906436 kB
Inactive:        6195416 kB
Active(anon):    8145168 kB
Inactive(anon):        0 kB
Active(file):    8761268 kB
Inactive(file):  6195416 kB
Unevictable:         268 kB
Mlocked:             268 kB
SwapTotal:      16001020 kB
SwapFree:       16001020 kB
Zswap:                 0 kB
Zswapped:              0 kB
Dirty:             13744 kB
Writeback:             0 kB
AnonPages:       7687360 kB
Mapped:          2555892 kB
Shmem:            459576 kB
KReclaimable:     513372 kB
Slab:             972464 kB
SReclaimable:     513372 kB
SUnreclaim:       459092 kB
KernelStack:       33612 kB
PageTables:       102924 kB
SecPageTables:      4640 kB
NFS_Unstable:          0 kB
Bounce:                0 kB
WritebackTmp:          0 kB
CommitLimit:    32002128 kB
Committed_AS:   35983920 kB
VmallocTotal:   34359738367 kB
VmallocUsed:      361280 kB
VmallocChunk:          0 kB
Percpu:            20928 kB
HardwareCorrupted:     0 kB
AnonHugePages:         0 kB
ShmemHugePages:        0 kB
ShmemPmdMapped:        0 kB
FileHugePages:     12288 kB
FilePmdMapped:     10240 kB
CmaTotal:              0 kB
CmaFree:               0 kB
Unaccepted:            0 kB
Balloon:               0 kB
HugePages_Total:       0
HugePages_Free:        0
HugePages_Rsvd:        0
HugePages_Surp:        0
Hugepagesize:       2048 kB
Hugetlb:               0 kB
DirectMap4k:     3361708 kB
DirectMap2M:    20951040 kB
DirectMap1G:     9437184 kB

/sys/kernel/mm/transparent_hugepage/enabled: always [madvise] never
/sys/kernel/mm/transparent_hugepage/hpage_pmd_size: 2097152
/sys/kernel/mm/transparent_hugepage/defrag (defrag/compaction efforts parameter): always defer defer+madvise [madvise] never

Process Memory:
Virtual Size: 11917932K (peak: 11970460K)
Resident Set Size: 78220K (peak: 78220K) (anon: 48276K, file: 27856K, shmem: 2088K)
Swapped out: 0K
C-Heap outstanding allocations: 45961K, retained: 3294K
glibc malloc tunables: (default)

/proc/sys/kernel/threads-max (system-wide limit on the number of threads): 247587
/proc/sys/vm/max_map_count (maximum number of memory map areas a process may have): 2147483642
/proc/sys/vm/swappiness (control to define how aggressively the kernel swaps out anonymous memory): 180
/proc/sys/kernel/pid_max (system-wide limit on number of process identifiers): 4194304

container information not found.
Steal ticks since vm start: 0
Steal ticks percentage since vm start:  0.000

CPU: total 16 (initial active 16) (16 cores per cpu, 2 threads per core) family 25 model 97 stepping 2 microcode 0xa60120a, cx8, cmov, fxsr, ht, mmx, 3dnowpref, sse, sse2, sse3, ssse3, sse4a, sse4.1, sse4.2, popcnt, lzcnt, tsc, tscinvbit, avx, avx2, aes, erms, clmul, bmi1, bmi2, adx, avx512f, avx512dq, avx512cd, avx512bw, avx512vl, sha, fma, vzeroupper, avx512_vpopcntdq, avx512_vpclmulqdq, avx512_vaes, avx512_vnni, clflush, clflushopt, avx512_vbmi2, avx512_vbmi
CPU Model and flags from /proc/cpuinfo:
model name	: AMD Ryzen 7 7700X 8-Core Processor
flags		: fpu vme de pse tsc msr pae mce cx8 apic sep mtrr pge mca cmov pat pse36 clflush mmx fxsr sse sse2 ht syscall nx mmxext fxsr_opt pdpe1gb rdtscp lm constant_tsc rep_good amd_lbr_v2 nopl xtopology nonstop_tsc cpuid extd_apicid aperfmperf rapl pni pclmulqdq monitor ssse3 fma cx16 sse4_1 sse4_2 movbe popcnt aes xsave avx f16c rdrand lahf_lm cmp_legacy svm extapic cr8_legacy abm sse4a misalignsse 3dnowprefetch osvw ibs skinit wdt tce topoext perfctr_core perfctr_nb bpext perfctr_llc mwaitx cpuid_fault cpb cat_l3 cdp_l3 hw_pstate ssbd mba perfmon_v2 ibrs ibpb stibp ibrs_enhanced vmmcall fsgsbase bmi1 avx2 smep bmi2 erms invpcid cqm rdt_a avx512f avx512dq rdseed adx smap avx512ifma clflushopt clwb avx512cd sha_ni avx512bw avx512vl xsaveopt xsavec xgetbv1 xsaves cqm_llc cqm_occup_llc cqm_mbm_total cqm_mbm_local user_shstk avx512_bf16 clzero irperf xsaveerptr rdpru wbnoinvd cppc arat npt lbrv svm_lock nrip_save tsc_scale vmcb_clean flushbyasid decodeassists pausefilter pfthreshold avic vgif x2avic v_spec_ctrl vnmi avx512vbmi umip pku ospke avx512_vbmi2 gfni vaes vpclmulqdq avx512_vnni avx512_bitalg avx512_vpopcntdq rdpid overflow_recov succor smca fsrm flush_l1d amd_lbr_pmc_freeze

Online cpus: 0-15
Offline cpus: 
BIOS frequency limitation: <Not Available>
Frequency switch latency (ns): 0
Available cpu frequencies: <Not Available>
Current governor: performance
Core performance/turbo boost: 1

Memory: 4k page, physical 32002216k(6482848k free), swap 16001020k(16001020k free)
Page Sizes: 4k

vm_info: OpenJDK 64-Bit Server VM (17.0.15+6) for linux-amd64 JRE (17.0.15+6), built on Apr 15 2025 00:00:00 by "admin" with gcc 10.3.0

END.
