#
# A fatal error has been detected by the Java Runtime Environment:
#
#  SIGSEGV (0xb) at pc=0x00007fc75623e5ba, pid=31001, tid=31002
#
# JRE version: OpenJDK Runtime Environment Temurin-17.0.15+6 (17.0.15+6) (build 17.0.15+6)
# Java VM: OpenJDK 64-Bit Server VM Temurin-17.0.15+6 (17.0.15+6, mixed mode, sharing, tiered, compressed oops, compressed class ptrs, g1 gc, linux-amd64)
# Problematic frame:
# C  [libspa-support.so+0x1a5ba]
#
# Core dump will be written. Default location: Core dumps may be processed with "/usr/lib/systemd/systemd-coredump %P %u %g %s %t %c %h %d %F" (or dumping to /home/bazzite/code/java/LibGDXDungeonCrawler/assets/core.31001)
#
# If you would like to submit a bug report, please visit:
#   https://github.com/adoptium/adoptium-support/issues
# The crash happened outside the Java Virtual Machine in native code.
# See problematic frame for where to report the bug.
#

---------------  S U M M A R Y ------------

Command Line: -Dfile.encoding=UTF-8 -Duser.country=US -Duser.language=en -Duser.variant dungeon.crawler.lwjgl3.Lwjgl3Launcher

Host: AMD Ryzen 7 7700X 8-Core Processor, 16 cores, 30G, Fedora release 43 (Forty Three)
Time: Sun May  3 10:54:41 2026 EDT elapsed time: 0.136997 seconds (0d 0h 0m 0s)

---------------  T H R E A D  ---------------

Current thread (0x00007fc7dc02ccc0):  JavaThread "main" [_thread_in_native, id=31002, stack(0x00007fc7e13e9000,0x00007fc7e14e9000)]

Stack: [0x00007fc7e13e9000,0x00007fc7e14e9000],  sp=0x00007fc7e14e6f08,  free space=1015k
Native frames: (J=compiled Java code, j=interpreted, Vv=VM code, C=native code)
C  [libspa-support.so+0x1a5ba]
C  [libpipewire-0.3.so.0+0x5618f]  pw_impl_node_initialized+0xef
C  [libpipewire-module-adapter.so+0x3518]
C  [libpipewire-0.3.so.0+0x85b9c]  pw_stream_connect+0xc7c
C  [libopenal.so+0x72f86]
C  [libopenal.so+0x49d4b]

Java frames: (J=compiled Java code, j=interpreted, Vv=VM code)
j  org.lwjgl.system.JNI.invokePPP(JJJ)J+0
j  org.lwjgl.openal.ALC10.nalcCreateContext(JJ)J+23
j  org.lwjgl.openal.ALC10.alcCreateContext(JLjava/nio/IntBuffer;)J+15
j  com.badlogic.gdx.backends.lwjgl3.audio.OpenALLwjgl3Audio.<init>(III)V+163
j  com.badlogic.gdx.backends.lwjgl3.Lwjgl3Application.createAudio(Lcom/badlogic/gdx/backends/lwjgl3/Lwjgl3ApplicationConfiguration;)Lcom/badlogic/gdx/backends/lwjgl3/audio/Lwjgl3Audio;+16
j  com.badlogic.gdx.backends.lwjgl3.Lwjgl3Application.<init>(Lcom/badlogic/gdx/ApplicationListener;Lcom/badlogic/gdx/backends/lwjgl3/Lwjgl3ApplicationConfiguration;)V+138
j  dungeon.crawler.lwjgl3.Lwjgl3Launcher.createApplication()Lcom/badlogic/gdx/backends/lwjgl3/Lwjgl3Application;+14
j  dungeon.crawler.lwjgl3.Lwjgl3Launcher.main([Ljava/lang/String;)V+7
v  ~StubRoutines::call_stub

siginfo: si_signo: 11 (SIGSEGV), si_code: 2 (SEGV_ACCERR), si_addr: 0x00007fc75623e5ba

Registers:
RAX=0x00007fc75623e5ba, RBX=0x0000000000000000, RCX=0x0000000000000000, RDX=0x0000000000000001
RSP=0x00007fc7e14e6f08, RBP=0x00007fc7e14e6fa0, RSI=0x00007fc754c0d9f0, RDI=0x00007fc7dc6a5368
R8 =0x0000000000000000, R9 =0x00007fc7dc742130, R10=0x0000000000000000, R11=0x0000000000000000
R12=0x0000000000000000, R13=0x0000000000000001, R14=0x0000000000000001, R15=0x00007fc7dc742130
RIP=0x00007fc75623e5ba, EFLAGS=0x0000000000010246, CSGSFS=0x002b000000000033, ERR=0x0000000000000015
  TRAPNO=0x000000000000000e

XMM[0]=0x0000000000000000 0x0000000000000000
XMM[1]=0x0000000000000000 0x0000000000000001
XMM[2]=0x0000000000000000 0x0000000000001000
XMM[3]=0x0000000000000000 0x0000000000000000
XMM[4]=0x0000000000000000 0x0000000000001000
XMM[5]=0x00007fc7e14e6020 0x00007fc7e14e5fa0
XMM[6]=0x0000000000000000 0x0000000000000090
XMM[7]=0x0000000000000000 0x00007fc754c88d20
XMM[8]=0x0000000028a105af 0xc99ffe2500b22ace
XMM[9]=0x0000000000000000 0x0000000000000001
XMM[10]=0x00000001db710640 0x00000001f7011640
XMM[11]=0x000000003db1ecdc 0x0000000174359406
XMM[12]=0x0000000000000000 0x0000000000000000
XMM[13]=0x0000000000000000 0xbc620396851a8212
XMM[14]=0x0000000000000000 0x3eb20b09dfb435b3
XMM[15]=0x0000000000000000 0x0000000000000000
  MXCSR=0x00001fa0


Register to memory mapping:

RAX=0x00007fc75623e5ba: <offset 0x000000000001a5ba> in /usr/lib64/spa-0.2/support/libspa-support.so at 0x00007fc756224000
RBX=0x0 is NULL
RCX=0x0 is NULL
RDX=0x0000000000000001 is an unknown value
RSP=0x00007fc7e14e6f08 is pointing into the stack for thread: 0x00007fc7dc02ccc0
RBP=0x00007fc7e14e6fa0 is pointing into the stack for thread: 0x00007fc7dc02ccc0
RSI=0x00007fc754c0d9f0: <offset 0x00000000000539f0> in /run/host/usr/lib64/libpipewire-0.3.so.0 at 0x00007fc754bba000
RDI=0x00007fc7dc6a5368 points into unknown readable memory: 0x0000000000000000 | 00 00 00 00 00 00 00 00
R8 =0x0 is NULL
R9 =0x00007fc7dc742130 points into unknown readable memory: 0x00007fc7dc6a12c0 | c0 12 6a dc c7 7f 00 00
R10=0x0 is NULL
R11=0x0 is NULL
R12=0x0 is NULL
R13=0x0000000000000001 is an unknown value
R14=0x0000000000000001 is an unknown value
R15=0x00007fc7dc742130 points into unknown readable memory: 0x00007fc7dc6a12c0 | c0 12 6a dc c7 7f 00 00


Top of Stack: (sp=0x00007fc7e14e6f08)
0x00007fc7e14e6f08:   00007fc754c0fed8 00007fc7e14e6f60
0x00007fc7e14e6f18:   00007fc7dc70ac28 00007fc7e14e6fc0
0x00007fc7e14e6f28:   00007fc75403832d 00007fc7dc7429a0
0x00007fc7e14e6f38:   00007fc7dc742720 0000000000000000
0x00007fc7e14e6f48:   0000000000000000 0000000000000000
0x00007fc7e14e6f58:   0000000000000000 00007fc7dc71c938
0x00007fc7e14e6f68:   6424cf1c521c2f00 00007fc7540e6660
0x00007fc7e14e6f78:   00007fc7dc742130 00007fc7dc742720
0x00007fc7e14e6f88:   00007fc7dc6b6258 0000000000000000
0x00007fc7e14e6f98:   00007fc7dc70ac28 00007fc7e14e7000
0x00007fc7e14e6fa8:   00007fc754c1018f 00007fc7dc7429a0
0x00007fc7e14e6fb8:   00007fc7dc742720 0000000000000000
0x00007fc7e14e6fc8:   0000000000000000 0000000000000000
0x00007fc7e14e6fd8:   0000000000000000 00007fc7dc70c3c0
0x00007fc7e14e6fe8:   6424cf1c521c2f00 00007fc7dc70c3c0
0x00007fc7e14e6ff8:   00007fc7dc742130 00007fc7e14e7110
0x00007fc7e14e7008:   00007fc754125518 00007fc7dc742980
0x00007fc7e14e7018:   00007fc7dc719bb0 00007fc7dc742980
0x00007fc7e14e7028:   00007fc7dc742130 0000000100000110
0x00007fc7e14e7038:   0000000000000000 00007fc7dc6a12c0
0x00007fc7e14e7048:   000000000000c9a0 0000000100000001
0x00007fc7e14e7058:   00007fc7dc70ac28 0000000000000000
0x00007fc7e14e7068:   00007fc7dc719bb0 00007fc7dc70cb20
0x00007fc7e14e7078:   0000000000000000 00007fc7dc70acc8
0x00007fc7e14e7088:   00007fc7dc70acc8 00007fc754129aa0
0x00007fc7e14e7098:   00007fc7e14e7080 0000000000000000
0x00007fc7e14e70a8:   0000000000000000 00007fc7dc70ac28
0x00007fc7e14e70b8:   00007fc7dc70c3c0 0000000000000000
0x00007fc7e14e70c8:   0000000100000001 00007fc7dc70a220
0x00007fc7e14e70d8:   6424cf1c521c2f00 00007fc7e14e7110
0x00007fc7e14e70e8:   0000000000000000 00007fc7dc70c3c0
0x00007fc7e14e70f8:   00007fc754c53e62 00007fc7dc70aad0 

Instructions: (pc=0x00007fc75623e5ba)
0x00007fc75623e4ba:   24 49 92 24 49 92 49 92 24 49 92 24 49 c2 08 20
0x00007fc75623e4ca:   02 00 00 00 00 00 11 11 13 fd 00 00 00 00 00 00
0x00007fc75623e4da:   00 00 00 00 00 00 6f 66 66 00 25 70 3a 20 7a 65
0x00007fc75623e4ea:   72 6f 2d 64 65 6e 6f 72 6d 61 6c 73 3a 25 73 00
0x00007fc75623e4fa:   73 65 74 20 74 69 6d 65 6f 75 74 20 25 6c 75 00
0x00007fc75623e50a:   25 70 20 6e 6f 77 3a 25 6c 75 00 70 72 65 66 69
0x00007fc75623e51a:   78 00 27 25 73 27 20 66 61 69 6c 65 64 20 61 74
0x00007fc75623e52a:   20 25 73 3a 25 75 20 25 73 28 29 0a 00 2e 2e 2f
0x00007fc75623e53a:   73 70 61 2f 70 6c 75 67 69 6e 73 2f 73 75 70 70
0x00007fc75623e54a:   6f 72 74 2f 63 70 75 2e 63 00 68 61 6e 64 6c 65
0x00007fc75623e55a:   20 21 3d 20 4e 55 4c 4c 00 69 6e 74 65 72 66 61
0x00007fc75623e56a:   63 65 20 21 3d 20 4e 55 4c 4c 00 53 70 61 3a 50
0x00007fc75623e57a:   6f 69 6e 74 65 72 3a 49 6e 74 65 72 66 61 63 65
0x00007fc75623e58a:   3a 43 50 55 00 66 61 63 74 6f 72 79 20 21 3d 20
0x00007fc75623e59a:   4e 55 4c 4c 00 69 6e 66 6f 20 21 3d 20 4e 55 4c
0x00007fc75623e5aa:   4c 00 69 6e 64 65 78 20 21 3d 20 4e 55 4c 4c 00
0x00007fc75623e5ba:   53 70 61 3a 50 6f 69 6e 74 65 72 3a 49 6e 74 65
0x00007fc75623e5ca:   72 66 61 63 65 3a 4c 6f 67 00 2e 2e 2f 73 70 61
0x00007fc75623e5da:   2f 70 6c 75 67 69 6e 73 2f 73 75 70 70 6f 72 74
0x00007fc75623e5ea:   2f 6c 6f 6f 70 2e 63 00 73 6f 75 72 63 65 2d 3e
0x00007fc75623e5fa:   6c 6f 6f 70 20 3d 3d 20 26 69 6d 70 6c 2d 3e 6c
0x00007fc75623e60a:   6f 6f 70 00 21 69 6d 70 6c 2d 3e 70 6f 6c 6c 69
0x00007fc75623e61a:   6e 67 00 73 2d 3e 69 6d 70 6c 20 3d 3d 20 6f 62
0x00007fc75623e62a:   6a 65 63 74 00 25 70 3a 20 75 70 64 61 74 65 20
0x00007fc75623e63a:   25 30 38 78 20 2d 3e 20 25 30 38 78 00 53 70 61
0x00007fc75623e64a:   3a 50 6f 69 6e 74 65 72 3a 49 6e 74 65 72 66 61
0x00007fc75623e65a:   63 65 3a 4c 6f 6f 70 00 74 68 69 73 20 21 3d 20
0x00007fc75623e66a:   4e 55 4c 4c 00 63 6f 6d 6d 61 6e 64 20 21 3d 20
0x00007fc75623e67a:   4e 55 4c 4c 00 70 72 6f 63 65 73 73 20 25 64 00
0x00007fc75623e68a:   53 70 61 3a 50 6f 69 6e 74 65 72 3a 49 6e 74 65
0x00007fc75623e69a:   72 66 61 63 65 3a 4e 6f 64 65 00 63 70 75 2e 66
0x00007fc75623e6aa:   6f 72 63 65 00 63 70 75 2e 76 6d 2e 74 79 70 65 


Stack slot to memory mapping:
stack at sp + 0 slots: 0x00007fc754c0fed8: <offset 0x0000000000055ed8> in /run/host/usr/lib64/libpipewire-0.3.so.0 at 0x00007fc754bba000
stack at sp + 1 slots: 0x00007fc7e14e6f60 is pointing into the stack for thread: 0x00007fc7dc02ccc0
stack at sp + 2 slots: 0x00007fc7dc70ac28 points into unknown readable memory: 0x00007fc754c5385d | 5d 38 c5 54 c7 7f 00 00
stack at sp + 3 slots: 0x00007fc7e14e6fc0 is pointing into the stack for thread: 0x00007fc7dc02ccc0
stack at sp + 4 slots: 0x00007fc75403832d: <offset 0x000000000001632d> in /usr/lib64/spa-0.2/audioconvert/libspa-audioconvert.so at 0x00007fc754022000
stack at sp + 5 slots: 0x00007fc7dc7429a0 points into unknown readable memory: 0x00007fc7dc7429f8 | f8 29 74 dc c7 7f 00 00
stack at sp + 6 slots: 0x00007fc7dc742720 points into unknown readable memory: 0x00007fc7dc7429a0 | a0 29 74 dc c7 7f 00 00
stack at sp + 7 slots: 0x0 is NULL


---------------  P R O C E S S  ---------------

Threads class SMR info:
_java_thread_list=0x00007fc70c049500, length=15, elements={
0x00007fc7dc02ccc0, 0x00007fc7dc169a40, 0x00007fc7dc16ae20, 0x00007fc7dc1703c0,
0x00007fc7dc171770, 0x00007fc7dc172b80, 0x00007fc7dc1745b0, 0x00007fc7dc175ae0,
0x00007fc7dc176f50, 0x00007fc7dc17f690, 0x00007fc7dc182740, 0x00007fc7280f83c0,
0x00007fc7281f6d60, 0x00007fc70c047350, 0x00007fc70c048510
}

Java Threads: ( => current thread )
=>0x00007fc7dc02ccc0 JavaThread "main" [_thread_in_native, id=31002, stack(0x00007fc7e13e9000,0x00007fc7e14e9000)]
  0x00007fc7dc169a40 JavaThread "Reference Handler" daemon [_thread_blocked, id=31012, stack(0x00007fc756dff000,0x00007fc756eff000)]
  0x00007fc7dc16ae20 JavaThread "Finalizer" daemon [_thread_blocked, id=31013, stack(0x00007fc756cff000,0x00007fc756dff000)]
  0x00007fc7dc1703c0 JavaThread "Signal Dispatcher" daemon [_thread_blocked, id=31014, stack(0x00007fc756bff000,0x00007fc756cff000)]
  0x00007fc7dc171770 JavaThread "Service Thread" daemon [_thread_blocked, id=31015, stack(0x00007fc756aff000,0x00007fc756bff000)]
  0x00007fc7dc172b80 JavaThread "Monitor Deflation Thread" daemon [_thread_blocked, id=31016, stack(0x00007fc7569ff000,0x00007fc756aff000)]
  0x00007fc7dc1745b0 JavaThread "C2 CompilerThread0" daemon [_thread_blocked, id=31017, stack(0x00007fc7568ff000,0x00007fc7569ff000)]
  0x00007fc7dc175ae0 JavaThread "C1 CompilerThread0" daemon [_thread_blocked, id=31018, stack(0x00007fc7567ff000,0x00007fc7568ff000)]
  0x00007fc7dc176f50 JavaThread "Sweeper thread" daemon [_thread_blocked, id=31019, stack(0x00007fc7566ff000,0x00007fc7567ff000)]
  0x00007fc7dc17f690 JavaThread "Notification Thread" daemon [_thread_blocked, id=31020, stack(0x00007fc7565ff000,0x00007fc7566ff000)]
  0x00007fc7dc182740 JavaThread "Common-Cleaner" daemon [_thread_blocked, id=31022, stack(0x00007fc7563fe000,0x00007fc7564fe000)]
  0x00007fc7280f83c0 JavaThread "C1 CompilerThread1" daemon [_thread_blocked, id=31023, stack(0x00007fc7562fe000,0x00007fc7563fe000)]
  0x00007fc7281f6d60 JavaThread "C2 CompilerThread1" daemon [_thread_blocked, id=31024, stack(0x00007fc755f00000,0x00007fc756000000)]
  0x00007fc70c047350 JavaThread "C1 CompilerThread2" daemon [_thread_blocked, id=31025, stack(0x00007fc7551aa000,0x00007fc7552aa000)]
  0x00007fc70c048510 JavaThread "C1 CompilerThread3" daemon [_thread_blocked, id=31026, stack(0x00007fc7550aa000,0x00007fc7551aa000)]

Other Threads:
  0x00007fc7dc165ab0 VMThread "VM Thread" [stack: 0x00007fc756f00000,0x00007fc757000000] [id=31011]
  0x00007fc7dc180fd0 WatcherThread [stack: 0x00007fc7564ff000,0x00007fc7565ff000] [id=31021]
  0x00007fc7dc05bca0 GCTaskThread "GC Thread#0" [stack: 0x00007fc7e02a8000,0x00007fc7e03a8000] [id=31006]
  0x00007fc7dc06c710 ConcurrentGCThread "G1 Main Marker" [stack: 0x00007fc7e01a7000,0x00007fc7e02a7000] [id=31007]
  0x00007fc7dc06d680 ConcurrentGCThread "G1 Conc#0" [stack: 0x00007fc7e00a6000,0x00007fc7e01a6000] [id=31008]
  0x00007fc7dc1354b0 ConcurrentGCThread "G1 Refine#0" [stack: 0x00007fc7b01f5000,0x00007fc7b02f5000] [id=31009]
  0x00007fc7dc1363b0 ConcurrentGCThread "G1 Service" [stack: 0x00007fc7b00f4000,0x00007fc7b01f4000] [id=31010]

Threads with active compile tasks:

VM state: not at safepoint (normal execution)

VM Mutex/Monitor currently owned by a thread: None

Heap address: 0x0000000617800000, size: 7816 MB, Compressed Oops mode: Zero based, Oop shift amount: 3

CDS archive(s) mapped at: [0x00007fc75b000000-0x00007fc75bbc9000-0x00007fc75bbc9000), size 12357632, SharedBaseAddress: 0x00007fc75b000000, ArchiveRelocationMode: 1.
Compressed class space mapped at: 0x00007fc75c000000-0x00007fc79c000000, reserved size: 1073741824
Narrow klass base: 0x00007fc75b000000, Narrow klass shift: 0, Narrow klass range: 0x100000000

GC Precious Log:
 CPUs: 16 total, 16 available
 Memory: 31252M
 Large Page Support: Disabled
 NUMA Support: Disabled
 Compressed Oops: Enabled (Zero based)
 Heap Region Size: 4M
 Heap Min Capacity: 8M
 Heap Initial Capacity: 492M
 Heap Max Capacity: 7816M
 Pre-touch: Disabled
 Parallel Workers: 13
 Concurrent Workers: 3
 Concurrent Refinement Workers: 13
 Periodic GC: Disabled

Heap:
 garbage-first heap   total 512000K, used 12212K [0x0000000617800000, 0x0000000800000000)
  region size 4096K, 3 young (12288K), 0 survivors (0K)
 Metaspace       used 3275K, committed 3520K, reserved 1114112K
  class space    used 258K, committed 384K, reserved 1048576K

Heap Regions: E=young(eden), S=young(survivor), O=old, HS=humongous(starts), HC=humongous(continues), CS=collection set, F=free, OA=open archive, CA=closed archive, TAMS=top-at-mark-start (previous, next)
|   0|0x0000000617800000, 0x0000000617800000, 0x0000000617c00000|  0%| F|  |TAMS 0x0000000617800000, 0x0000000617800000| Untracked 
|   1|0x0000000617c00000, 0x0000000617c00000, 0x0000000618000000|  0%| F|  |TAMS 0x0000000617c00000, 0x0000000617c00000| Untracked 
|   2|0x0000000618000000, 0x0000000618000000, 0x0000000618400000|  0%| F|  |TAMS 0x0000000618000000, 0x0000000618000000| Untracked 
|   3|0x0000000618400000, 0x0000000618400000, 0x0000000618800000|  0%| F|  |TAMS 0x0000000618400000, 0x0000000618400000| Untracked 
|   4|0x0000000618800000, 0x0000000618800000, 0x0000000618c00000|  0%| F|  |TAMS 0x0000000618800000, 0x0000000618800000| Untracked 
|   5|0x0000000618c00000, 0x0000000618c00000, 0x0000000619000000|  0%| F|  |TAMS 0x0000000618c00000, 0x0000000618c00000| Untracked 
|   6|0x0000000619000000, 0x0000000619000000, 0x0000000619400000|  0%| F|  |TAMS 0x0000000619000000, 0x0000000619000000| Untracked 
|   7|0x0000000619400000, 0x0000000619400000, 0x0000000619800000|  0%| F|  |TAMS 0x0000000619400000, 0x0000000619400000| Untracked 
|   8|0x0000000619800000, 0x0000000619800000, 0x0000000619c00000|  0%| F|  |TAMS 0x0000000619800000, 0x0000000619800000| Untracked 
|   9|0x0000000619c00000, 0x0000000619c00000, 0x000000061a000000|  0%| F|  |TAMS 0x0000000619c00000, 0x0000000619c00000| Untracked 
|  10|0x000000061a000000, 0x000000061a000000, 0x000000061a400000|  0%| F|  |TAMS 0x000000061a000000, 0x000000061a000000| Untracked 
|  11|0x000000061a400000, 0x000000061a400000, 0x000000061a800000|  0%| F|  |TAMS 0x000000061a400000, 0x000000061a400000| Untracked 
|  12|0x000000061a800000, 0x000000061a800000, 0x000000061ac00000|  0%| F|  |TAMS 0x000000061a800000, 0x000000061a800000| Untracked 
|  13|0x000000061ac00000, 0x000000061ac00000, 0x000000061b000000|  0%| F|  |TAMS 0x000000061ac00000, 0x000000061ac00000| Untracked 
|  14|0x000000061b000000, 0x000000061b000000, 0x000000061b400000|  0%| F|  |TAMS 0x000000061b000000, 0x000000061b000000| Untracked 
|  15|0x000000061b400000, 0x000000061b400000, 0x000000061b800000|  0%| F|  |TAMS 0x000000061b400000, 0x000000061b400000| Untracked 
|  16|0x000000061b800000, 0x000000061b800000, 0x000000061bc00000|  0%| F|  |TAMS 0x000000061b800000, 0x000000061b800000| Untracked 
|  17|0x000000061bc00000, 0x000000061bc00000, 0x000000061c000000|  0%| F|  |TAMS 0x000000061bc00000, 0x000000061bc00000| Untracked 
|  18|0x000000061c000000, 0x000000061c000000, 0x000000061c400000|  0%| F|  |TAMS 0x000000061c000000, 0x000000061c000000| Untracked 
|  19|0x000000061c400000, 0x000000061c400000, 0x000000061c800000|  0%| F|  |TAMS 0x000000061c400000, 0x000000061c400000| Untracked 
|  20|0x000000061c800000, 0x000000061c800000, 0x000000061cc00000|  0%| F|  |TAMS 0x000000061c800000, 0x000000061c800000| Untracked 
|  21|0x000000061cc00000, 0x000000061cc00000, 0x000000061d000000|  0%| F|  |TAMS 0x000000061cc00000, 0x000000061cc00000| Untracked 
|  22|0x000000061d000000, 0x000000061d000000, 0x000000061d400000|  0%| F|  |TAMS 0x000000061d000000, 0x000000061d000000| Untracked 
|  23|0x000000061d400000, 0x000000061d400000, 0x000000061d800000|  0%| F|  |TAMS 0x000000061d400000, 0x000000061d400000| Untracked 
|  24|0x000000061d800000, 0x000000061d800000, 0x000000061dc00000|  0%| F|  |TAMS 0x000000061d800000, 0x000000061d800000| Untracked 
|  25|0x000000061dc00000, 0x000000061dc00000, 0x000000061e000000|  0%| F|  |TAMS 0x000000061dc00000, 0x000000061dc00000| Untracked 
|  26|0x000000061e000000, 0x000000061e000000, 0x000000061e400000|  0%| F|  |TAMS 0x000000061e000000, 0x000000061e000000| Untracked 
|  27|0x000000061e400000, 0x000000061e400000, 0x000000061e800000|  0%| F|  |TAMS 0x000000061e400000, 0x000000061e400000| Untracked 
|  28|0x000000061e800000, 0x000000061e800000, 0x000000061ec00000|  0%| F|  |TAMS 0x000000061e800000, 0x000000061e800000| Untracked 
|  29|0x000000061ec00000, 0x000000061ec00000, 0x000000061f000000|  0%| F|  |TAMS 0x000000061ec00000, 0x000000061ec00000| Untracked 
|  30|0x000000061f000000, 0x000000061f000000, 0x000000061f400000|  0%| F|  |TAMS 0x000000061f000000, 0x000000061f000000| Untracked 
|  31|0x000000061f400000, 0x000000061f400000, 0x000000061f800000|  0%| F|  |TAMS 0x000000061f400000, 0x000000061f400000| Untracked 
|  32|0x000000061f800000, 0x000000061f800000, 0x000000061fc00000|  0%| F|  |TAMS 0x000000061f800000, 0x000000061f800000| Untracked 
|  33|0x000000061fc00000, 0x000000061fc00000, 0x0000000620000000|  0%| F|  |TAMS 0x000000061fc00000, 0x000000061fc00000| Untracked 
|  34|0x0000000620000000, 0x0000000620000000, 0x0000000620400000|  0%| F|  |TAMS 0x0000000620000000, 0x0000000620000000| Untracked 
|  35|0x0000000620400000, 0x0000000620400000, 0x0000000620800000|  0%| F|  |TAMS 0x0000000620400000, 0x0000000620400000| Untracked 
|  36|0x0000000620800000, 0x0000000620800000, 0x0000000620c00000|  0%| F|  |TAMS 0x0000000620800000, 0x0000000620800000| Untracked 
|  37|0x0000000620c00000, 0x0000000620c00000, 0x0000000621000000|  0%| F|  |TAMS 0x0000000620c00000, 0x0000000620c00000| Untracked 
|  38|0x0000000621000000, 0x0000000621000000, 0x0000000621400000|  0%| F|  |TAMS 0x0000000621000000, 0x0000000621000000| Untracked 
|  39|0x0000000621400000, 0x0000000621400000, 0x0000000621800000|  0%| F|  |TAMS 0x0000000621400000, 0x0000000621400000| Untracked 
|  40|0x0000000621800000, 0x0000000621800000, 0x0000000621c00000|  0%| F|  |TAMS 0x0000000621800000, 0x0000000621800000| Untracked 
|  41|0x0000000621c00000, 0x0000000621c00000, 0x0000000622000000|  0%| F|  |TAMS 0x0000000621c00000, 0x0000000621c00000| Untracked 
|  42|0x0000000622000000, 0x0000000622000000, 0x0000000622400000|  0%| F|  |TAMS 0x0000000622000000, 0x0000000622000000| Untracked 
|  43|0x0000000622400000, 0x0000000622400000, 0x0000000622800000|  0%| F|  |TAMS 0x0000000622400000, 0x0000000622400000| Untracked 
|  44|0x0000000622800000, 0x0000000622800000, 0x0000000622c00000|  0%| F|  |TAMS 0x0000000622800000, 0x0000000622800000| Untracked 
|  45|0x0000000622c00000, 0x0000000622c00000, 0x0000000623000000|  0%| F|  |TAMS 0x0000000622c00000, 0x0000000622c00000| Untracked 
|  46|0x0000000623000000, 0x0000000623000000, 0x0000000623400000|  0%| F|  |TAMS 0x0000000623000000, 0x0000000623000000| Untracked 
|  47|0x0000000623400000, 0x0000000623400000, 0x0000000623800000|  0%| F|  |TAMS 0x0000000623400000, 0x0000000623400000| Untracked 
|  48|0x0000000623800000, 0x0000000623800000, 0x0000000623c00000|  0%| F|  |TAMS 0x0000000623800000, 0x0000000623800000| Untracked 
|  49|0x0000000623c00000, 0x0000000623c00000, 0x0000000624000000|  0%| F|  |TAMS 0x0000000623c00000, 0x0000000623c00000| Untracked 
|  50|0x0000000624000000, 0x0000000624000000, 0x0000000624400000|  0%| F|  |TAMS 0x0000000624000000, 0x0000000624000000| Untracked 
|  51|0x0000000624400000, 0x0000000624400000, 0x0000000624800000|  0%| F|  |TAMS 0x0000000624400000, 0x0000000624400000| Untracked 
|  52|0x0000000624800000, 0x0000000624800000, 0x0000000624c00000|  0%| F|  |TAMS 0x0000000624800000, 0x0000000624800000| Untracked 
|  53|0x0000000624c00000, 0x0000000624c00000, 0x0000000625000000|  0%| F|  |TAMS 0x0000000624c00000, 0x0000000624c00000| Untracked 
|  54|0x0000000625000000, 0x0000000625000000, 0x0000000625400000|  0%| F|  |TAMS 0x0000000625000000, 0x0000000625000000| Untracked 
|  55|0x0000000625400000, 0x0000000625400000, 0x0000000625800000|  0%| F|  |TAMS 0x0000000625400000, 0x0000000625400000| Untracked 
|  56|0x0000000625800000, 0x0000000625800000, 0x0000000625c00000|  0%| F|  |TAMS 0x0000000625800000, 0x0000000625800000| Untracked 
|  57|0x0000000625c00000, 0x0000000625c00000, 0x0000000626000000|  0%| F|  |TAMS 0x0000000625c00000, 0x0000000625c00000| Untracked 
|  58|0x0000000626000000, 0x0000000626000000, 0x0000000626400000|  0%| F|  |TAMS 0x0000000626000000, 0x0000000626000000| Untracked 
|  59|0x0000000626400000, 0x0000000626400000, 0x0000000626800000|  0%| F|  |TAMS 0x0000000626400000, 0x0000000626400000| Untracked 
|  60|0x0000000626800000, 0x0000000626800000, 0x0000000626c00000|  0%| F|  |TAMS 0x0000000626800000, 0x0000000626800000| Untracked 
|  61|0x0000000626c00000, 0x0000000626c00000, 0x0000000627000000|  0%| F|  |TAMS 0x0000000626c00000, 0x0000000626c00000| Untracked 
|  62|0x0000000627000000, 0x0000000627000000, 0x0000000627400000|  0%| F|  |TAMS 0x0000000627000000, 0x0000000627000000| Untracked 
|  63|0x0000000627400000, 0x0000000627400000, 0x0000000627800000|  0%| F|  |TAMS 0x0000000627400000, 0x0000000627400000| Untracked 
|  64|0x0000000627800000, 0x0000000627800000, 0x0000000627c00000|  0%| F|  |TAMS 0x0000000627800000, 0x0000000627800000| Untracked 
|  65|0x0000000627c00000, 0x0000000627c00000, 0x0000000628000000|  0%| F|  |TAMS 0x0000000627c00000, 0x0000000627c00000| Untracked 
|  66|0x0000000628000000, 0x0000000628000000, 0x0000000628400000|  0%| F|  |TAMS 0x0000000628000000, 0x0000000628000000| Untracked 
|  67|0x0000000628400000, 0x0000000628400000, 0x0000000628800000|  0%| F|  |TAMS 0x0000000628400000, 0x0000000628400000| Untracked 
|  68|0x0000000628800000, 0x0000000628800000, 0x0000000628c00000|  0%| F|  |TAMS 0x0000000628800000, 0x0000000628800000| Untracked 
|  69|0x0000000628c00000, 0x0000000628c00000, 0x0000000629000000|  0%| F|  |TAMS 0x0000000628c00000, 0x0000000628c00000| Untracked 
|  70|0x0000000629000000, 0x0000000629000000, 0x0000000629400000|  0%| F|  |TAMS 0x0000000629000000, 0x0000000629000000| Untracked 
|  71|0x0000000629400000, 0x0000000629400000, 0x0000000629800000|  0%| F|  |TAMS 0x0000000629400000, 0x0000000629400000| Untracked 
|  72|0x0000000629800000, 0x0000000629800000, 0x0000000629c00000|  0%| F|  |TAMS 0x0000000629800000, 0x0000000629800000| Untracked 
|  73|0x0000000629c00000, 0x0000000629c00000, 0x000000062a000000|  0%| F|  |TAMS 0x0000000629c00000, 0x0000000629c00000| Untracked 
|  74|0x000000062a000000, 0x000000062a000000, 0x000000062a400000|  0%| F|  |TAMS 0x000000062a000000, 0x000000062a000000| Untracked 
|  75|0x000000062a400000, 0x000000062a400000, 0x000000062a800000|  0%| F|  |TAMS 0x000000062a400000, 0x000000062a400000| Untracked 
|  76|0x000000062a800000, 0x000000062a800000, 0x000000062ac00000|  0%| F|  |TAMS 0x000000062a800000, 0x000000062a800000| Untracked 
|  77|0x000000062ac00000, 0x000000062ac00000, 0x000000062b000000|  0%| F|  |TAMS 0x000000062ac00000, 0x000000062ac00000| Untracked 
|  78|0x000000062b000000, 0x000000062b000000, 0x000000062b400000|  0%| F|  |TAMS 0x000000062b000000, 0x000000062b000000| Untracked 
|  79|0x000000062b400000, 0x000000062b400000, 0x000000062b800000|  0%| F|  |TAMS 0x000000062b400000, 0x000000062b400000| Untracked 
|  80|0x000000062b800000, 0x000000062b800000, 0x000000062bc00000|  0%| F|  |TAMS 0x000000062b800000, 0x000000062b800000| Untracked 
|  81|0x000000062bc00000, 0x000000062bc00000, 0x000000062c000000|  0%| F|  |TAMS 0x000000062bc00000, 0x000000062bc00000| Untracked 
|  82|0x000000062c000000, 0x000000062c000000, 0x000000062c400000|  0%| F|  |TAMS 0x000000062c000000, 0x000000062c000000| Untracked 
|  83|0x000000062c400000, 0x000000062c400000, 0x000000062c800000|  0%| F|  |TAMS 0x000000062c400000, 0x000000062c400000| Untracked 
|  84|0x000000062c800000, 0x000000062c800000, 0x000000062cc00000|  0%| F|  |TAMS 0x000000062c800000, 0x000000062c800000| Untracked 
|  85|0x000000062cc00000, 0x000000062cc00000, 0x000000062d000000|  0%| F|  |TAMS 0x000000062cc00000, 0x000000062cc00000| Untracked 
|  86|0x000000062d000000, 0x000000062d000000, 0x000000062d400000|  0%| F|  |TAMS 0x000000062d000000, 0x000000062d000000| Untracked 
|  87|0x000000062d400000, 0x000000062d400000, 0x000000062d800000|  0%| F|  |TAMS 0x000000062d400000, 0x000000062d400000| Untracked 
|  88|0x000000062d800000, 0x000000062d800000, 0x000000062dc00000|  0%| F|  |TAMS 0x000000062d800000, 0x000000062d800000| Untracked 
|  89|0x000000062dc00000, 0x000000062dc00000, 0x000000062e000000|  0%| F|  |TAMS 0x000000062dc00000, 0x000000062dc00000| Untracked 
|  90|0x000000062e000000, 0x000000062e000000, 0x000000062e400000|  0%| F|  |TAMS 0x000000062e000000, 0x000000062e000000| Untracked 
|  91|0x000000062e400000, 0x000000062e400000, 0x000000062e800000|  0%| F|  |TAMS 0x000000062e400000, 0x000000062e400000| Untracked 
|  92|0x000000062e800000, 0x000000062e800000, 0x000000062ec00000|  0%| F|  |TAMS 0x000000062e800000, 0x000000062e800000| Untracked 
|  93|0x000000062ec00000, 0x000000062ec00000, 0x000000062f000000|  0%| F|  |TAMS 0x000000062ec00000, 0x000000062ec00000| Untracked 
|  94|0x000000062f000000, 0x000000062f000000, 0x000000062f400000|  0%| F|  |TAMS 0x000000062f000000, 0x000000062f000000| Untracked 
|  95|0x000000062f400000, 0x000000062f400000, 0x000000062f800000|  0%| F|  |TAMS 0x000000062f400000, 0x000000062f400000| Untracked 
|  96|0x000000062f800000, 0x000000062f800000, 0x000000062fc00000|  0%| F|  |TAMS 0x000000062f800000, 0x000000062f800000| Untracked 
|  97|0x000000062fc00000, 0x000000062fc00000, 0x0000000630000000|  0%| F|  |TAMS 0x000000062fc00000, 0x000000062fc00000| Untracked 
|  98|0x0000000630000000, 0x0000000630000000, 0x0000000630400000|  0%| F|  |TAMS 0x0000000630000000, 0x0000000630000000| Untracked 
|  99|0x0000000630400000, 0x0000000630400000, 0x0000000630800000|  0%| F|  |TAMS 0x0000000630400000, 0x0000000630400000| Untracked 
| 100|0x0000000630800000, 0x0000000630800000, 0x0000000630c00000|  0%| F|  |TAMS 0x0000000630800000, 0x0000000630800000| Untracked 
| 101|0x0000000630c00000, 0x0000000630c00000, 0x0000000631000000|  0%| F|  |TAMS 0x0000000630c00000, 0x0000000630c00000| Untracked 
| 102|0x0000000631000000, 0x0000000631000000, 0x0000000631400000|  0%| F|  |TAMS 0x0000000631000000, 0x0000000631000000| Untracked 
| 103|0x0000000631400000, 0x0000000631400000, 0x0000000631800000|  0%| F|  |TAMS 0x0000000631400000, 0x0000000631400000| Untracked 
| 104|0x0000000631800000, 0x0000000631800000, 0x0000000631c00000|  0%| F|  |TAMS 0x0000000631800000, 0x0000000631800000| Untracked 
| 105|0x0000000631c00000, 0x0000000631c00000, 0x0000000632000000|  0%| F|  |TAMS 0x0000000631c00000, 0x0000000631c00000| Untracked 
| 106|0x0000000632000000, 0x0000000632000000, 0x0000000632400000|  0%| F|  |TAMS 0x0000000632000000, 0x0000000632000000| Untracked 
| 107|0x0000000632400000, 0x0000000632400000, 0x0000000632800000|  0%| F|  |TAMS 0x0000000632400000, 0x0000000632400000| Untracked 
| 108|0x0000000632800000, 0x0000000632800000, 0x0000000632c00000|  0%| F|  |TAMS 0x0000000632800000, 0x0000000632800000| Untracked 
| 109|0x0000000632c00000, 0x0000000632c00000, 0x0000000633000000|  0%| F|  |TAMS 0x0000000632c00000, 0x0000000632c00000| Untracked 
| 110|0x0000000633000000, 0x0000000633000000, 0x0000000633400000|  0%| F|  |TAMS 0x0000000633000000, 0x0000000633000000| Untracked 
| 111|0x0000000633400000, 0x0000000633400000, 0x0000000633800000|  0%| F|  |TAMS 0x0000000633400000, 0x0000000633400000| Untracked 
| 112|0x0000000633800000, 0x0000000633800000, 0x0000000633c00000|  0%| F|  |TAMS 0x0000000633800000, 0x0000000633800000| Untracked 
| 113|0x0000000633c00000, 0x0000000633c00000, 0x0000000634000000|  0%| F|  |TAMS 0x0000000633c00000, 0x0000000633c00000| Untracked 
| 114|0x0000000634000000, 0x0000000634000000, 0x0000000634400000|  0%| F|  |TAMS 0x0000000634000000, 0x0000000634000000| Untracked 
| 115|0x0000000634400000, 0x0000000634400000, 0x0000000634800000|  0%| F|  |TAMS 0x0000000634400000, 0x0000000634400000| Untracked 
| 116|0x0000000634800000, 0x0000000634800000, 0x0000000634c00000|  0%| F|  |TAMS 0x0000000634800000, 0x0000000634800000| Untracked 
| 117|0x0000000634c00000, 0x0000000634c00000, 0x0000000635000000|  0%| F|  |TAMS 0x0000000634c00000, 0x0000000634c00000| Untracked 
| 118|0x0000000635000000, 0x0000000635000000, 0x0000000635400000|  0%| F|  |TAMS 0x0000000635000000, 0x0000000635000000| Untracked 
| 119|0x0000000635400000, 0x0000000635400000, 0x0000000635800000|  0%| F|  |TAMS 0x0000000635400000, 0x0000000635400000| Untracked 
| 120|0x0000000635800000, 0x0000000635b72e88, 0x0000000635c00000| 86%| E|  |TAMS 0x0000000635800000, 0x0000000635800000| Complete 
| 121|0x0000000635c00000, 0x0000000636000000, 0x0000000636000000|100%| E|CS|TAMS 0x0000000635c00000, 0x0000000635c00000| Complete 
| 122|0x0000000636000000, 0x0000000636400000, 0x0000000636400000|100%| E|CS|TAMS 0x0000000636000000, 0x0000000636000000| Complete 
|1952|0x00000007ff800000, 0x00000007ffb75000, 0x00000007ffc00000| 86%|OA|  |TAMS 0x00000007ff800000, 0x00000007ff800000| Untracked 
|1953|0x00000007ffc00000, 0x00000007ffc78000, 0x0000000800000000| 11%|CA|  |TAMS 0x00000007ffc00000, 0x00000007ffc00000| Untracked 

Card table byte_map: [0x00007fc7c3378000,0x00007fc7c42bc000] _byte_map_base: 0x00007fc7c02bc000

Marking Bits (Prev, Next): (CMBitMap*) 0x00007fc7dc05c730, (CMBitMap*) 0x00007fc7dc05c770
 Prev Bits: [0x00007fc7baa14000, 0x00007fc7c2434000)
 Next Bits: [0x00007fc7b2ff4000, 0x00007fc7baa14000)

Polling page: 0x00007fc7e296d000

Metaspace:

Usage:
  Non-class:      2.95 MB used.
      Class:    258.32 KB used.
       Both:      3.20 MB used.

Virtual space:
  Non-class space:       64.00 MB reserved,       3.06 MB (  5%) committed,  1 nodes.
      Class space:        1.00 GB reserved,     384.00 KB ( <1%) committed,  1 nodes.
             Both:        1.06 GB reserved,       3.44 MB ( <1%) committed. 

Chunk freelists:
   Non-Class:  10.67 MB
       Class:  15.61 MB
        Both:  26.28 MB

MaxMetaspaceSize: unlimited
CompressedClassSpaceSize: 1.00 GB
Initial GC threshold: 21.00 MB
Current GC threshold: 21.00 MB
CDS: on
MetaspaceReclaimPolicy: balanced
 - commit_granule_bytes: 65536.
 - commit_granule_words: 8192.
 - virtual_space_node_default_size: 8388608.
 - enlarge_chunks_in_place: 1.
 - new_chunks_are_fully_committed: 0.
 - uncommit_free_chunks: 1.
 - use_allocation_guard: 0.
 - handle_deallocations: 1.


Internal statistics:

num_allocs_failed_limit: 0.
num_arena_births: 60.
num_arena_deaths: 0.
num_vsnodes_births: 2.
num_vsnodes_deaths: 0.
num_space_committed: 55.
num_space_uncommitted: 0.
num_chunks_returned_to_freelist: 0.
num_chunks_taken_from_freelist: 134.
num_chunk_merges: 0.
num_chunk_splits: 87.
num_chunks_enlarged: 58.
num_inconsistent_stats: 0.

CodeHeap 'non-profiled nmethods': size=119168Kb used=225Kb max_used=225Kb free=118942Kb
 bounds [0x00007fc7ccda0000, 0x00007fc7cd010000, 0x00007fc7d4200000]
CodeHeap 'profiled nmethods': size=119164Kb used=1320Kb max_used=1320Kb free=117843Kb
 bounds [0x00007fc7c5200000, 0x00007fc7c5470000, 0x00007fc7cc65f000]
CodeHeap 'non-nmethods': size=7428Kb used=3261Kb max_used=3281Kb free=4166Kb
 bounds [0x00007fc7cc65f000, 0x00007fc7cc99f000, 0x00007fc7ccda0000]
 total_blobs=1732 nmethods=744 adapters=899
 compilation: enabled
              stopped_count=0, restarted_count=0
 full_count=0

Compilation events (20 events):
Event: 0.130 Thread 0x00007fc70c047350  736       3       java.nio.ByteOrder::nativeOrder (4 bytes)
Event: 0.130 Thread 0x00007fc70c047350 nmethod 736 0x00007fc7c5347d90 code [0x00007fc7c5347f20, 0x00007fc7c5348010]
Event: 0.130 Thread 0x00007fc7281f6d60 nmethod 734 0x00007fc7ccdd4f10 code [0x00007fc7ccdd50a0, 0x00007fc7ccdd52f8]
Event: 0.130 Thread 0x00007fc7281f6d60  735       4       java.util.HashMap::afterNodeInsertion (1 bytes)
Event: 0.130 Thread 0x00007fc7281f6d60 nmethod 735 0x00007fc7ccdd5390 code [0x00007fc7ccdd5500, 0x00007fc7ccdd5578]
Event: 0.130 Thread 0x00007fc7dc175ae0  738       3       java.lang.Number::<init> (5 bytes)
Event: 0.130 Thread 0x00007fc7dc175ae0 nmethod 738 0x00007fc7c5348090 code [0x00007fc7c5348240, 0x00007fc7c5348390]
Event: 0.131 Thread 0x00007fc7280f83c0  739       3       sun.misc.Unsafe::getLong (9 bytes)
Event: 0.131 Thread 0x00007fc7280f83c0 nmethod 739 0x00007fc7c5348490 code [0x00007fc7c5348620, 0x00007fc7c5348730]
Event: 0.131 Thread 0x00007fc7dc175ae0  740  s    3       java.lang.Throwable::fillInStackTrace (29 bytes)
Event: 0.131 Thread 0x00007fc7dc175ae0 nmethod 740 0x00007fc7c5348810 code [0x00007fc7c53489c0, 0x00007fc7c5348ca0]
Event: 0.132 Thread 0x00007fc7dc1745b0 nmethod 672 0x00007fc7ccdd5990 code [0x00007fc7ccdd5be0, 0x00007fc7ccdd7490]
Event: 0.136 Thread 0x00007fc70c047350  741       3       sun.misc.Unsafe::putLong (11 bytes)
Event: 0.136 Thread 0x00007fc70c047350 nmethod 741 0x00007fc7c5348d90 code [0x00007fc7c5348f20, 0x00007fc7c5349030]
Event: 0.136 Thread 0x00007fc7dc175ae0  742       3       org.lwjgl.system.Checks::check (17 bytes)
Event: 0.136 Thread 0x00007fc70c047350  743       3       org.lwjgl.system.CheckIntrinsics::checkIndex (6 bytes)
Event: 0.136 Thread 0x00007fc70c047350 nmethod 743 0x00007fc7c5349110 code [0x00007fc7c53492c0, 0x00007fc7c5349520]
Event: 0.136 Thread 0x00007fc7dc175ae0 nmethod 742 0x00007fc7c5349690 code [0x00007fc7c5349860, 0x00007fc7c5349b80]
Event: 0.136 Thread 0x00007fc70c048510  744       3       java.lang.ref.SoftReference::get (29 bytes)
Event: 0.136 Thread 0x00007fc70c048510 nmethod 744 0x00007fc7c5349d10 code [0x00007fc7c5349ec0, 0x00007fc7c534a090]

GC Heap History (0 events):
No events

Dll operation events (8 events):
Event: 0.001 Loaded shared library /home/bazzite/.gradle/jdks/eclipse_adoptium-17-amd64-linux.2/lib/libjava.so
Event: 0.009 Loaded shared library /home/bazzite/.gradle/jdks/eclipse_adoptium-17-amd64-linux.2/lib/libjsvml.so
Event: 0.018 Loaded shared library /home/bazzite/.gradle/jdks/eclipse_adoptium-17-amd64-linux.2/lib/libnio.so
Event: 0.018 Loaded shared library /home/bazzite/.gradle/jdks/eclipse_adoptium-17-amd64-linux.2/lib/libzip.so
Event: 0.043 Loaded shared library /home/bazzite/.gradle/jdks/eclipse_adoptium-17-amd64-linux.2/lib/libjimage.so
Event: 0.045 Loaded shared library /tmp/libgdxbazzite/da3a4817/libgdx64.so
Event: 0.064 Loaded shared library /home/bazzite/.gradle/jdks/eclipse_adoptium-17-amd64-linux.2/lib/libnet.so
Event: 0.067 Loaded shared library /tmp/lwjgl_bazzite/3.3.3+5/x64/liblwjgl.so

Deoptimization events (20 events):
Event: 0.034 Thread 0x00007fc7dc02ccc0 DEOPT PACKING pc=0x00007fc7c5201d42 sp=0x00007fc7e14e1940
Event: 0.034 Thread 0x00007fc7dc02ccc0 DEOPT UNPACKING pc=0x00007fc7cc6b964f sp=0x00007fc7e14e0dd8 mode 0
Event: 0.038 Thread 0x00007fc7dc02ccc0 DEOPT PACKING pc=0x00007fc7c520363c sp=0x00007fc7e14e3480
Event: 0.038 Thread 0x00007fc7dc02ccc0 DEOPT UNPACKING pc=0x00007fc7cc6b964f sp=0x00007fc7e14e28f0 mode 0
Event: 0.043 Thread 0x00007fc7dc02ccc0 Uncommon trap: trap_request=0xffffff6e fr.pc=0x00007fc7ccdacfc0 relative=0x0000000000000420
Event: 0.043 Thread 0x00007fc7dc02ccc0 Uncommon trap: reason=loop_limit_check action=maybe_recompile pc=0x00007fc7ccdacfc0 method=java.lang.StringLatin1.indexOf([BI[BII)I @ 37 c2
Event: 0.043 Thread 0x00007fc7dc02ccc0 DEOPT PACKING pc=0x00007fc7ccdacfc0 sp=0x00007fc7e14e5470
Event: 0.043 Thread 0x00007fc7dc02ccc0 DEOPT UNPACKING pc=0x00007fc7cc6b8b19 sp=0x00007fc7e14e53f0 mode 2
Event: 0.056 Thread 0x00007fc7dc02ccc0 Uncommon trap: trap_request=0xffffff45 fr.pc=0x00007fc7ccdaf224 relative=0x0000000000000284
Event: 0.056 Thread 0x00007fc7dc02ccc0 Uncommon trap: reason=unstable_if action=reinterpret pc=0x00007fc7ccdaf224 method=java.lang.String.startsWith(Ljava/lang/String;I)Z @ 14 c2
Event: 0.056 Thread 0x00007fc7dc02ccc0 DEOPT PACKING pc=0x00007fc7ccdaf224 sp=0x00007fc7e14e4d10
Event: 0.056 Thread 0x00007fc7dc02ccc0 DEOPT UNPACKING pc=0x00007fc7cc6b8b19 sp=0x00007fc7e14e4c90 mode 2
Event: 0.090 Thread 0x00007fc7dc02ccc0 Uncommon trap: trap_request=0xffffffde fr.pc=0x00007fc7ccdcb8ec relative=0x000000000000042c
Event: 0.090 Thread 0x00007fc7dc02ccc0 Uncommon trap: reason=class_check action=maybe_recompile pc=0x00007fc7ccdcb8ec method=java.util.HashMap.getNode(Ljava/lang/Object;)Ljava/util/HashMap$Node; @ 128 c2
Event: 0.090 Thread 0x00007fc7dc02ccc0 DEOPT PACKING pc=0x00007fc7ccdcb8ec sp=0x00007fc7e14e4dd0
Event: 0.090 Thread 0x00007fc7dc02ccc0 DEOPT UNPACKING pc=0x00007fc7cc6b8b19 sp=0x00007fc7e14e4d08 mode 2
Event: 0.099 Thread 0x00007fc7dc02ccc0 Uncommon trap: trap_request=0xffffffde fr.pc=0x00007fc7ccdcb8ec relative=0x000000000000042c
Event: 0.099 Thread 0x00007fc7dc02ccc0 Uncommon trap: reason=class_check action=maybe_recompile pc=0x00007fc7ccdcb8ec method=java.util.HashMap.getNode(Ljava/lang/Object;)Ljava/util/HashMap$Node; @ 128 c2
Event: 0.099 Thread 0x00007fc7dc02ccc0 DEOPT PACKING pc=0x00007fc7ccdcb8ec sp=0x00007fc7e14e6530
Event: 0.099 Thread 0x00007fc7dc02ccc0 DEOPT UNPACKING pc=0x00007fc7cc6b8b19 sp=0x00007fc7e14e6468 mode 2

Classes loaded (20 events):
Event: 0.083 Loading class jdk/internal/reflect/UnsafeQualifiedStaticObjectFieldAccessorImpl
Event: 0.083 Loading class jdk/internal/reflect/UnsafeQualifiedStaticFieldAccessorImpl
Event: 0.083 Loading class jdk/internal/reflect/UnsafeQualifiedStaticFieldAccessorImpl done
Event: 0.083 Loading class jdk/internal/reflect/UnsafeQualifiedStaticObjectFieldAccessorImpl done
Event: 0.084 Loading class java/util/function/LongPredicate
Event: 0.084 Loading class java/util/function/LongPredicate done
Event: 0.085 Loading class jdk/internal/access/foreign/MemorySegmentProxy
Event: 0.085 Loading class jdk/internal/access/foreign/MemorySegmentProxy done
Event: 0.086 Loading class java/nio/InvalidMarkException
Event: 0.086 Loading class java/nio/InvalidMarkException done
Event: 0.086 Loading class java/nio/BufferUnderflowException
Event: 0.086 Loading class java/nio/BufferUnderflowException done
Event: 0.092 Loading class java/lang/NoSuchFieldError
Event: 0.092 Loading class java/lang/NoSuchFieldError done
Event: 0.101 Loading class jdk/internal/reflect/UnsafeQualifiedStaticIntegerFieldAccessorImpl
Event: 0.101 Loading class jdk/internal/reflect/UnsafeQualifiedStaticIntegerFieldAccessorImpl done
Event: 0.119 Loading class java/lang/StrictMath
Event: 0.119 Loading class java/lang/StrictMath done
Event: 0.125 Loading class jdk/internal/misc/ScopedMemoryAccess$Scope
Event: 0.125 Loading class jdk/internal/misc/ScopedMemoryAccess$Scope done

Classes unloaded (0 events):
No events

Classes redefined (0 events):
No events

Internal exceptions (16 events):
Event: 0.052 Thread 0x00007fc7dc02ccc0 Exception <a 'java/lang/NoSuchMethodError'{0x0000000635d70cc8}: 'java.lang.Object java.lang.invoke.DirectMethodHandle$Holder.invokeStaticInit(java.lang.Object)'> (0x0000000635d70cc8) 
thrown [src/hotspot/share/interpreter/linkResolver.cpp, line 758]
Event: 0.057 Thread 0x00007fc7dc02ccc0 Exception <a 'java/lang/NoSuchMethodError'{0x0000000635de72e0}: 'void java.lang.invoke.DirectMethodHandle$Holder.invokeStatic(java.lang.Object, java.lang.Object)'> (0x0000000635de72e0) 
thrown [src/hotspot/share/interpreter/linkResolver.cpp, line 758]
Event: 0.058 Thread 0x00007fc7dc02ccc0 Exception <a 'java/lang/NoSuchMethodError'{0x0000000635dec5f0}: 'void java.lang.invoke.DirectMethodHandle$Holder.invokeSpecial(java.lang.Object, java.lang.Object, java.lang.Object)'> (0x0000000635dec5f0) 
thrown [src/hotspot/share/interpreter/linkResolver.cpp, line 758]
Event: 0.059 Thread 0x00007fc7dc02ccc0 Exception <a 'java/lang/NoSuchMethodError'{0x0000000635dff3f0}: 'java.lang.Object java.lang.invoke.DirectMethodHandle$Holder.invokeStatic(java.lang.Object, java.lang.Object, int)'> (0x0000000635dff3f0) 
thrown [src/hotspot/share/interpreter/linkResolver.cpp, line 758]
Event: 0.059 Thread 0x00007fc7dc02ccc0 Exception <a 'java/lang/NoSuchMethodError'{0x0000000635e0b128}: 'void java.lang.invoke.DelegatingMethodHandle$Holder.delegate(java.lang.Object, java.lang.Object, int, java.lang.Object)'> (0x0000000635e0b128) 
thrown [src/hotspot/share/interpreter/linkResolver.cpp, line 758]
Event: 0.060 Thread 0x00007fc7dc02ccc0 Exception <a 'java/lang/NoSuchMethodError'{0x0000000635e0f338}: 'int java.lang.invoke.DirectMethodHandle$Holder.invokeSpecial(java.lang.Object, java.lang.Object, java.lang.Object)'> (0x0000000635e0f338) 
thrown [src/hotspot/share/interpreter/linkResolver.cpp, line 758]
Event: 0.066 Thread 0x00007fc7dc02ccc0 Exception <a 'sun/nio/fs/UnixException'{0x0000000635e8ada8}> (0x0000000635e8ada8) 
thrown [src/hotspot/share/prims/jni.cpp, line 516]
Event: 0.084 Thread 0x00007fc7dc02ccc0 Exception <a 'java/lang/NoSuchMethodError'{0x0000000635f581b8}: 'int java.lang.invoke.DirectMethodHandle$Holder.invokeStaticInit(java.lang.Object, java.lang.Object, int, long)'> (0x0000000635f581b8) 
thrown [src/hotspot/share/interpreter/linkResolver.cpp, line 758]
Event: 0.084 Thread 0x00007fc7dc02ccc0 Exception <a 'java/lang/NoSuchMethodError'{0x0000000635f5da80}: 'java.lang.Object java.lang.invoke.DirectMethodHandle$Holder.newInvokeSpecial(java.lang.Object, java.lang.Object, int)'> (0x0000000635f5da80) 
thrown [src/hotspot/share/interpreter/linkResolver.cpp, line 758]
Event: 0.085 Thread 0x00007fc7dc02ccc0 Exception <a 'java/lang/NoSuchMethodError'{0x0000000635f72748}: 'int java.lang.invoke.DirectMethodHandle$Holder.invokeStaticInit(java.lang.Object, java.lang.Object, long, long)'> (0x0000000635f72748) 
thrown [src/hotspot/share/interpreter/linkResolver.cpp, line 758]
Event: 0.085 Thread 0x00007fc7dc02ccc0 Exception <a 'java/lang/NoSuchMethodError'{0x0000000635f78858}: 'java.lang.Object java.lang.invoke.DirectMethodHandle$Holder.newInvokeSpecial(java.lang.Object, java.lang.Object, long)'> (0x0000000635f78858) 
thrown [src/hotspot/share/interpreter/linkResolver.cpp, line 758]
Event: 0.086 Thread 0x00007fc7dc02ccc0 Exception <a 'java/lang/NoSuchMethodError'{0x0000000635f7c8a0}: 'java.lang.Object java.lang.invoke.Invokers$Holder.linkToTargetMethod(java.lang.Object, long, java.lang.Object)'> (0x0000000635f7c8a0) 
thrown [src/hotspot/share/interpreter/linkResolver.cpp, line 758]
Event: 0.086 Thread 0x00007fc7dc02ccc0 Exception <a 'java/lang/NoSuchMethodError'{0x0000000635f83fb8}: 'int java.lang.invoke.DirectMethodHandle$Holder.invokeStaticInit(java.lang.Object, java.lang.Object, java.lang.Object, long)'> (0x0000000635f83fb8) 
thrown [src/hotspot/share/interpreter/linkResolver.cpp, line 758]
Event: 0.092 Thread 0x00007fc7dc02ccc0 Exception <a 'sun/nio/fs/UnixException'{0x0000000635835df0}> (0x0000000635835df0) 
thrown [src/hotspot/share/prims/jni.cpp, line 516]
Event: 0.100 Thread 0x00007fc7dc02ccc0 Exception <a 'sun/nio/fs/UnixException'{0x00000006358eca70}> (0x00000006358eca70) 
thrown [src/hotspot/share/prims/jni.cpp, line 516]
Event: 0.126 Thread 0x00007fc7dc02ccc0 Exception <a 'sun/nio/fs/UnixException'{0x00000006359bb2d8}> (0x00000006359bb2d8) 
thrown [src/hotspot/share/prims/jni.cpp, line 516]

VM Operations (8 events):
Event: 0.044 Executing VM operation: HandshakeAllThreads
Event: 0.044 Executing VM operation: HandshakeAllThreads done
Event: 0.053 Executing VM operation: HandshakeAllThreads
Event: 0.053 Executing VM operation: HandshakeAllThreads done
Event: 0.059 Executing VM operation: HandshakeAllThreads
Event: 0.059 Executing VM operation: HandshakeAllThreads done
Event: 0.069 Executing VM operation: HandshakeAllThreads
Event: 0.069 Executing VM operation: HandshakeAllThreads done

Memory protections (15 events):
Event: 0.001 Protecting memory [0x00007fc7e13e9000,0x00007fc7e13ed000] with protection modes 0
Event: 0.010 Protecting memory [0x00007fc756dff000,0x00007fc756e03000] with protection modes 0
Event: 0.011 Protecting memory [0x00007fc756cff000,0x00007fc756d03000] with protection modes 0
Event: 0.012 Protecting memory [0x00007fc756bff000,0x00007fc756c03000] with protection modes 0
Event: 0.012 Protecting memory [0x00007fc756aff000,0x00007fc756b03000] with protection modes 0
Event: 0.012 Protecting memory [0x00007fc7569ff000,0x00007fc756a03000] with protection modes 0
Event: 0.012 Protecting memory [0x00007fc7568ff000,0x00007fc756903000] with protection modes 0
Event: 0.012 Protecting memory [0x00007fc7567ff000,0x00007fc756803000] with protection modes 0
Event: 0.012 Protecting memory [0x00007fc7566ff000,0x00007fc756703000] with protection modes 0
Event: 0.016 Protecting memory [0x00007fc7565ff000,0x00007fc756603000] with protection modes 0
Event: 0.017 Protecting memory [0x00007fc7563fe000,0x00007fc756402000] with protection modes 0
Event: 0.029 Protecting memory [0x00007fc7562fe000,0x00007fc756302000] with protection modes 0
Event: 0.082 Protecting memory [0x00007fc755f00000,0x00007fc755f04000] with protection modes 0
Event: 0.126 Protecting memory [0x00007fc7551aa000,0x00007fc7551ae000] with protection modes 0
Event: 0.126 Protecting memory [0x00007fc7550aa000,0x00007fc7550ae000] with protection modes 0

Nmethod flushes (0 events):
No events

Events (15 events):
Event: 0.009 Thread 0x00007fc7dc02ccc0 Thread added: 0x00007fc7dc02ccc0
Event: 0.010 Thread 0x00007fc7dc02ccc0 Thread added: 0x00007fc7dc169a40
Event: 0.011 Thread 0x00007fc7dc02ccc0 Thread added: 0x00007fc7dc16ae20
Event: 0.012 Thread 0x00007fc7dc02ccc0 Thread added: 0x00007fc7dc1703c0
Event: 0.012 Thread 0x00007fc7dc02ccc0 Thread added: 0x00007fc7dc171770
Event: 0.012 Thread 0x00007fc7dc02ccc0 Thread added: 0x00007fc7dc172b80
Event: 0.012 Thread 0x00007fc7dc02ccc0 Thread added: 0x00007fc7dc1745b0
Event: 0.012 Thread 0x00007fc7dc02ccc0 Thread added: 0x00007fc7dc175ae0
Event: 0.012 Thread 0x00007fc7dc02ccc0 Thread added: 0x00007fc7dc176f50
Event: 0.016 Thread 0x00007fc7dc02ccc0 Thread added: 0x00007fc7dc17f690
Event: 0.017 Thread 0x00007fc7dc02ccc0 Thread added: 0x00007fc7dc182740
Event: 0.029 Thread 0x00007fc7dc175ae0 Thread added: 0x00007fc7280f83c0
Event: 0.082 Thread 0x00007fc7dc175ae0 Thread added: 0x00007fc7281f6d60
Event: 0.126 Thread 0x00007fc7280f83c0 Thread added: 0x00007fc70c047350
Event: 0.126 Thread 0x00007fc7280f83c0 Thread added: 0x00007fc70c048510


Dynamic libraries:
617800000-636400000 rw-p 00000000 00:00 0 
636400000-7ff800000 ---p 00000000 00:00 0 
7ff800000-7ffb00000 rw-p 00000000 00:00 0 
7ffb00000-7ffb75000 rw-p 00c79000 00:22 4015135                          /home/bazzite/.gradle/jdks/eclipse_adoptium-17-amd64-linux.2/lib/server/classes.jsa
7ffb75000-7ffc00000 rw-p 00000000 00:00 0 
7ffc00000-7ffc78000 rw-p 00c01000 00:22 4015135                          /home/bazzite/.gradle/jdks/eclipse_adoptium-17-amd64-linux.2/lib/server/classes.jsa
7ffc78000-800000000 rw-p 00000000 00:00 0 
55e747624000-55e747625000 r--p 00000000 00:22 4015283                    /home/bazzite/.gradle/jdks/eclipse_adoptium-17-amd64-linux.2/bin/java
55e747625000-55e747626000 r-xp 00001000 00:22 4015283                    /home/bazzite/.gradle/jdks/eclipse_adoptium-17-amd64-linux.2/bin/java
55e747626000-55e747627000 r--p 00002000 00:22 4015283                    /home/bazzite/.gradle/jdks/eclipse_adoptium-17-amd64-linux.2/bin/java
55e747627000-55e747628000 r--p 00002000 00:22 4015283                    /home/bazzite/.gradle/jdks/eclipse_adoptium-17-amd64-linux.2/bin/java
55e747628000-55e747629000 rw-p 00003000 00:22 4015283                    /home/bazzite/.gradle/jdks/eclipse_adoptium-17-amd64-linux.2/bin/java
55e749cf2000-55e749d3d000 rw-p 00000000 00:00 0                          [heap]
7fc6f4000000-7fc6f4021000 rw-p 00000000 00:00 0 
7fc6f4021000-7fc6f8000000 ---p 00000000 00:00 0 
7fc6f8000000-7fc6f8022000 rw-p 00000000 00:00 0 
7fc6f8022000-7fc6fc000000 ---p 00000000 00:00 0 
7fc6fc000000-7fc6fc021000 rw-p 00000000 00:00 0 
7fc6fc021000-7fc700000000 ---p 00000000 00:00 0 
7fc700000000-7fc700022000 rw-p 00000000 00:00 0 
7fc700022000-7fc704000000 ---p 00000000 00:00 0 
7fc704000000-7fc704021000 rw-p 00000000 00:00 0 
7fc704021000-7fc708000000 ---p 00000000 00:00 0 
7fc708000000-7fc708021000 rw-p 00000000 00:00 0 
7fc708021000-7fc70c000000 ---p 00000000 00:00 0 
7fc70c000000-7fc70c1c6000 rw-p 00000000 00:00 0 
7fc70c1c6000-7fc710000000 ---p 00000000 00:00 0 
7fc710000000-7fc710069000 rw-p 00000000 00:00 0 
7fc710069000-7fc714000000 ---p 00000000 00:00 0 
7fc714000000-7fc714021000 rw-p 00000000 00:00 0 
7fc714021000-7fc718000000 ---p 00000000 00:00 0 
7fc718000000-7fc718021000 rw-p 00000000 00:00 0 
7fc718021000-7fc71c000000 ---p 00000000 00:00 0 
7fc71c000000-7fc71c021000 rw-p 00000000 00:00 0 
7fc71c021000-7fc720000000 ---p 00000000 00:00 0 
7fc720000000-7fc720021000 rw-p 00000000 00:00 0 
7fc720021000-7fc724000000 ---p 00000000 00:00 0 
7fc724000000-7fc72430b000 rw-p 00000000 00:00 0 
7fc72430b000-7fc728000000 ---p 00000000 00:00 0 
7fc728000000-7fc7281fe000 rw-p 00000000 00:00 0 
7fc7281fe000-7fc72c000000 ---p 00000000 00:00 0 
7fc72c000000-7fc72c021000 rw-p 00000000 00:00 0 
7fc72c021000-7fc730000000 ---p 00000000 00:00 0 
7fc730000000-7fc730021000 rw-p 00000000 00:00 0 
7fc730021000-7fc734000000 ---p 00000000 00:00 0 
7fc734000000-7fc734021000 rw-p 00000000 00:00 0 
7fc734021000-7fc738000000 ---p 00000000 00:00 0 
7fc73818c000-7fc73a190000 -wxp 00000000 00:00 0 
7fc73a190000-7fc748000000 r--p 00000000 00:79 6198342                    /usr/lib/locale/locale-archive
7fc748000000-7fc748021000 rw-p 00000000 00:00 0 
7fc748021000-7fc74c000000 ---p 00000000 00:00 0 
7fc74c000000-7fc74c021000 rw-p 00000000 00:00 0 
7fc74c021000-7fc750000000 ---p 00000000 00:00 0 
7fc750000000-7fc750021000 rw-p 00000000 00:00 0 
7fc750021000-7fc754000000 ---p 00000000 00:00 0 
7fc754022000-7fc75407a000 r-xp 00000000 00:79 1076224                    /usr/lib64/spa-0.2/audioconvert/libspa-audioconvert.so
7fc75407a000-7fc7540e2000 r--p 00058000 00:79 1076224                    /usr/lib64/spa-0.2/audioconvert/libspa-audioconvert.so
7fc7540e2000-7fc7540e9000 r--p 000c0000 00:79 1076224                    /usr/lib64/spa-0.2/audioconvert/libspa-audioconvert.so
7fc7540e9000-7fc7540ec000 rw-p 000c7000 00:79 1076224                    /usr/lib64/spa-0.2/audioconvert/libspa-audioconvert.so
7fc7540ec000-7fc75410a000 r-xp 00000000 00:79 1076208                    /usr/lib64/pipewire-0.3/libpipewire-module-session-manager.so
7fc75410a000-7fc754110000 r--p 0001e000 00:79 1076208                    /usr/lib64/pipewire-0.3/libpipewire-module-session-manager.so
7fc754110000-7fc754112000 r--p 00024000 00:79 1076208                    /usr/lib64/pipewire-0.3/libpipewire-module-session-manager.so
7fc754112000-7fc754113000 rw-p 00000000 00:00 0 
7fc754113000-7fc75411d000 r-xp 00000000 00:79 1076190                    /usr/lib64/pipewire-0.3/libpipewire-module-metadata.so
7fc75411d000-7fc754120000 r--p 0000a000 00:79 1076190                    /usr/lib64/pipewire-0.3/libpipewire-module-metadata.so
7fc754120000-7fc754121000 r--p 0000d000 00:79 1076190                    /usr/lib64/pipewire-0.3/libpipewire-module-metadata.so
7fc754121000-7fc754122000 rw-p 0000e000 00:79 1076190                    /usr/lib64/pipewire-0.3/libpipewire-module-metadata.so
7fc754122000-7fc754126000 r-xp 00000000 00:79 1076180                    /usr/lib64/pipewire-0.3/libpipewire-module-adapter.so
7fc754126000-7fc754129000 r--p 00004000 00:79 1076180                    /usr/lib64/pipewire-0.3/libpipewire-module-adapter.so
7fc754129000-7fc75412a000 r--p 00007000 00:79 1076180                    /usr/lib64/pipewire-0.3/libpipewire-module-adapter.so
7fc75412a000-7fc75412b000 rw-p 00008000 00:79 1076180                    /usr/lib64/pipewire-0.3/libpipewire-module-adapter.so
7fc75412b000-7fc75414f000 r-xp 00000000 00:79 1076183                    /usr/lib64/pipewire-0.3/libpipewire-module-client-node.so
7fc75414f000-7fc754157000 r--p 00024000 00:79 1076183                    /usr/lib64/pipewire-0.3/libpipewire-module-client-node.so
7fc754157000-7fc754159000 r--p 0002c000 00:79 1076183                    /usr/lib64/pipewire-0.3/libpipewire-module-client-node.so
7fc754159000-7fc75415a000 rw-p 0002e000 00:79 1076183                    /usr/lib64/pipewire-0.3/libpipewire-module-client-node.so
7fc75415a000-7fc7541db000 r-xp 00000000 00:26 31668                      /run/host/usr/lib64/libpcre2-8.so.0.15.0
7fc7541db000-7fc754209000 r--p 00081000 00:26 31668                      /run/host/usr/lib64/libpcre2-8.so.0.15.0
7fc754209000-7fc75420a000 r--p 000ae000 00:26 31668                      /run/host/usr/lib64/libpcre2-8.so.0.15.0
7fc75420a000-7fc75420b000 rw-p 000af000 00:26 31668                      /run/host/usr/lib64/libpcre2-8.so.0.15.0
7fc75420b000-7fc75422c000 r-xp 00000000 00:26 32619                      /run/host/usr/lib64/libselinux.so.1
7fc75422c000-7fc75423a000 r--p 00021000 00:26 32619                      /run/host/usr/lib64/libselinux.so.1
7fc75423a000-7fc75423b000 r--p 0002f000 00:26 32619                      /run/host/usr/lib64/libselinux.so.1
7fc75423b000-7fc75423c000 rw-p 00030000 00:26 32619                      /run/host/usr/lib64/libselinux.so.1
7fc75423c000-7fc75423e000 rw-p 00000000 00:00 0 
7fc75423e000-7fc754261000 r-xp 00000000 00:79 1076197                    /usr/lib64/pipewire-0.3/libpipewire-module-protocol-native.so
7fc754261000-7fc754270000 r--p 00023000 00:79 1076197                    /usr/lib64/pipewire-0.3/libpipewire-module-protocol-native.so
7fc754270000-7fc754280000 r--p 00031000 00:79 1076197                    /usr/lib64/pipewire-0.3/libpipewire-module-protocol-native.so
7fc754280000-7fc754281000 rw-p 00041000 00:79 1076197                    /usr/lib64/pipewire-0.3/libpipewire-module-protocol-native.so
7fc754281000-7fc754a82000 -wxp 00000000 00:00 0 
7fc754a82000-7fc754b52000 r-xp 00000000 00:26 33097                      /run/host/usr/lib64/libsystemd.so.0.42.0
7fc754b52000-7fc754baf000 r--p 000d0000 00:26 33097                      /run/host/usr/lib64/libsystemd.so.0.42.0
7fc754baf000-7fc754bb8000 r--p 0012d000 00:26 33097                      /run/host/usr/lib64/libsystemd.so.0.42.0
7fc754bb8000-7fc754bb9000 rw-p 00136000 00:26 33097                      /run/host/usr/lib64/libsystemd.so.0.42.0
7fc754bb9000-7fc754bba000 rw-p 00000000 00:00 0 
7fc754bba000-7fc754c44000 r-xp 00000000 00:26 31771                      /run/host/usr/lib64/libpipewire-0.3.so.0.1604.0
7fc754c44000-7fc754c6e000 r--p 0008a000 00:26 31771                      /run/host/usr/lib64/libpipewire-0.3.so.0.1604.0
7fc754c6e000-7fc754c8a000 r--p 000b3000 00:26 31771                      /run/host/usr/lib64/libpipewire-0.3.so.0.1604.0
7fc754c8a000-7fc754c8b000 rw-p 000cf000 00:26 31771                      /run/host/usr/lib64/libpipewire-0.3.so.0.1604.0
7fc754c8b000-7fc754c8c000 rw-p 00000000 00:00 0 
7fc754c8c000-7fc754dde000 r-xp 00000000 00:26 33036                      /run/host/usr/lib64/libstdc++.so.6.0.35
7fc754dde000-7fc754efd000 r--p 00152000 00:26 33036                      /run/host/usr/lib64/libstdc++.so.6.0.35
7fc754efd000-7fc754f0e000 r--p 00271000 00:26 33036                      /run/host/usr/lib64/libstdc++.so.6.0.35
7fc754f0e000-7fc754f0f000 rw-p 00282000 00:26 33036                      /run/host/usr/lib64/libstdc++.so.6.0.35
7fc754f0f000-7fc754f13000 rw-p 00000000 00:00 0 
7fc754f13000-7fc754f26000 r--p 00000000 00:37 397                        /tmp/lwjgl_bazzite/3.3.3+5/x64/libopenal.so
7fc754f26000-7fc754fc6000 r-xp 00013000 00:37 397                        /tmp/lwjgl_bazzite/3.3.3+5/x64/libopenal.so
7fc754fc6000-7fc755028000 r--p 000b3000 00:37 397                        /tmp/lwjgl_bazzite/3.3.3+5/x64/libopenal.so
7fc755028000-7fc755029000 ---p 00115000 00:37 397                        /tmp/lwjgl_bazzite/3.3.3+5/x64/libopenal.so
7fc755029000-7fc75502e000 r--p 00115000 00:37 397                        /tmp/lwjgl_bazzite/3.3.3+5/x64/libopenal.so
7fc75502e000-7fc75502f000 rw-p 0011a000 00:37 397                        /tmp/lwjgl_bazzite/3.3.3+5/x64/libopenal.so
7fc75502f000-7fc7550aa000 rw-p 00000000 00:00 0 
7fc7550aa000-7fc7550ae000 ---p 00000000 00:00 0 
7fc7550ae000-7fc7551aa000 -wxp 00000000 00:00 0 
7fc7551aa000-7fc7551ae000 ---p 00000000 00:00 0 
7fc7551ae000-7fc7552aa000 -wxp 00000000 00:00 0 
7fc7552aa000-7fc755350000 r-xp 00000000 00:26 24911                      /run/host/usr/lib64/libX11.so.6.4.0
7fc755350000-7fc7553f9000 r--p 000a6000 00:26 24911                      /run/host/usr/lib64/libX11.so.6.4.0
7fc7553f9000-7fc7553fc000 r--p 0014e000 00:26 24911                      /run/host/usr/lib64/libX11.so.6.4.0
7fc7553fc000-7fc755400000 rw-p 00151000 00:26 24911                      /run/host/usr/lib64/libX11.so.6.4.0
7fc755400000-7fc755c00000 rw-p 00000000 00:00 0 
7fc755c08000-7fc755c14000 r-xp 00000000 00:79 1076182                    /usr/lib64/pipewire-0.3/libpipewire-module-client-device.so
7fc755c14000-7fc755c17000 r--p 0000c000 00:79 1076182                    /usr/lib64/pipewire-0.3/libpipewire-module-client-device.so
7fc755c17000-7fc755c18000 r--p 0000e000 00:79 1076182                    /usr/lib64/pipewire-0.3/libpipewire-module-client-device.so
7fc755c18000-7fc755c19000 rw-p 0000f000 00:79 1076182                    /usr/lib64/pipewire-0.3/libpipewire-module-client-device.so
7fc755c19000-7fc755c1d000 r-xp 00000000 00:79 1076202                    /usr/lib64/pipewire-0.3/libpipewire-module-rt.so
7fc755c1d000-7fc755c20000 r--p 00004000 00:79 1076202                    /usr/lib64/pipewire-0.3/libpipewire-module-rt.so
7fc755c20000-7fc755c21000 r--p 00007000 00:79 1076202                    /usr/lib64/pipewire-0.3/libpipewire-module-rt.so
7fc755c21000-7fc755c22000 rw-p 00008000 00:79 1076202                    /usr/lib64/pipewire-0.3/libpipewire-module-rt.so
7fc755c22000-7fc755c29000 r--s 00000000 00:79 6199512                    /usr/lib64/gconv/gconv-modules.cache
7fc755c29000-7fc755c5f000 r-xp 00000000 00:26 26855                      /run/host/usr/lib64/libdbus-1.so.3.38.3
7fc755c5f000-7fc755c7e000 r--p 00036000 00:26 26855                      /run/host/usr/lib64/libdbus-1.so.3.38.3
7fc755c7e000-7fc755c80000 r--p 00054000 00:26 26855                      /run/host/usr/lib64/libdbus-1.so.3.38.3
7fc755c80000-7fc755c81000 rw-p 00056000 00:26 26855                      /run/host/usr/lib64/libdbus-1.so.3.38.3
7fc755c81000-7fc755c89000 r--p 00000000 00:37 395                        /tmp/lwjgl_bazzite/3.3.3+5/x64/libjemalloc.so
7fc755c89000-7fc755cde000 r-xp 00008000 00:37 395                        /tmp/lwjgl_bazzite/3.3.3+5/x64/libjemalloc.so
7fc755cde000-7fc755cee000 r--p 0005d000 00:37 395                        /tmp/lwjgl_bazzite/3.3.3+5/x64/libjemalloc.so
7fc755cee000-7fc755cef000 ---p 0006d000 00:37 395                        /tmp/lwjgl_bazzite/3.3.3+5/x64/libjemalloc.so
7fc755cef000-7fc755cf5000 r--p 0006d000 00:37 395                        /tmp/lwjgl_bazzite/3.3.3+5/x64/libjemalloc.so
7fc755cf5000-7fc755cf6000 rw-p 00073000 00:37 395                        /tmp/lwjgl_bazzite/3.3.3+5/x64/libjemalloc.so
7fc755cf6000-7fc755f00000 rw-p 00000000 00:00 0 
7fc755f00000-7fc755f04000 ---p 00000000 00:00 0 
7fc755f04000-7fc756000000 -wxp 00000000 00:00 0 
7fc756000000-7fc756020000 r-xp 00000000 00:37 389                        /tmp/libgdxbazzite/da3a4817/libgdx64.so
7fc756020000-7fc756220000 ---p 00020000 00:37 389                        /tmp/libgdxbazzite/da3a4817/libgdx64.so
7fc756220000-7fc756221000 r--p 00020000 00:37 389                        /tmp/libgdxbazzite/da3a4817/libgdx64.so
7fc756221000-7fc756222000 rw-p 00021000 00:37 389                        /tmp/libgdxbazzite/da3a4817/libgdx64.so
7fc756224000-7fc75623d000 r-xp 00000000 00:79 1076250                    /usr/lib64/spa-0.2/support/libspa-support.so
7fc75623d000-7fc756244000 r--p 00019000 00:79 1076250                    /usr/lib64/spa-0.2/support/libspa-support.so
7fc756244000-7fc756246000 r--p 0001f000 00:79 1076250                    /usr/lib64/spa-0.2/support/libspa-support.so
7fc756246000-7fc756247000 rw-p 00021000 00:79 1076250                    /usr/lib64/spa-0.2/support/libspa-support.so
7fc756247000-7fc75626b000 r-xp 00000000 00:26 27953                      /run/host/usr/lib64/libgcc_s-16-20260321.so.1
7fc75626b000-7fc756272000 r--p 00024000 00:26 27953                      /run/host/usr/lib64/libgcc_s-16-20260321.so.1
7fc756272000-7fc756273000 r--p 0002b000 00:26 27953                      /run/host/usr/lib64/libgcc_s-16-20260321.so.1
7fc756273000-7fc756274000 rw-p 00000000 00:00 0 
7fc756274000-7fc756282000 r--p 00000000 00:37 396                        /tmp/lwjgl_bazzite/3.3.3+5/x64/libglfw.so
7fc756282000-7fc7562a1000 r-xp 0000e000 00:37 396                        /tmp/lwjgl_bazzite/3.3.3+5/x64/libglfw.so
7fc7562a1000-7fc7562d4000 r--p 0002d000 00:37 396                        /tmp/lwjgl_bazzite/3.3.3+5/x64/libglfw.so
7fc7562d4000-7fc7562d5000 ---p 00060000 00:37 396                        /tmp/lwjgl_bazzite/3.3.3+5/x64/libglfw.so
7fc7562d5000-7fc7562d8000 r--p 00060000 00:37 396                        /tmp/lwjgl_bazzite/3.3.3+5/x64/libglfw.so
7fc7562d8000-7fc7562db000 rw-p 00063000 00:37 396                        /tmp/lwjgl_bazzite/3.3.3+5/x64/libglfw.so
7fc7562db000-7fc7562fe000 rw-p 00000000 00:00 0 
7fc7562fe000-7fc756302000 ---p 00000000 00:00 0 
7fc756302000-7fc7563fe000 -wxp 00000000 00:00 0 
7fc7563fe000-7fc756402000 ---p 00000000 00:00 0 
7fc756402000-7fc7565ff000 -wxp 00000000 00:00 0 
7fc7565ff000-7fc756603000 ---p 00000000 00:00 0 
7fc756603000-7fc7566ff000 -wxp 00000000 00:00 0 
7fc7566ff000-7fc756703000 ---p 00000000 00:00 0 
7fc756703000-7fc7567ff000 -wxp 00000000 00:00 0 
7fc7567ff000-7fc756803000 ---p 00000000 00:00 0 
7fc756803000-7fc7568ff000 -wxp 00000000 00:00 0 
7fc7568ff000-7fc756903000 ---p 00000000 00:00 0 
7fc756903000-7fc7569ff000 -wxp 00000000 00:00 0 
7fc7569ff000-7fc756a03000 ---p 00000000 00:00 0 
7fc756a03000-7fc756aff000 -wxp 00000000 00:00 0 
7fc756aff000-7fc756b03000 ---p 00000000 00:00 0 
7fc756b03000-7fc756bff000 -wxp 00000000 00:00 0 
7fc756bff000-7fc756c03000 ---p 00000000 00:00 0 
7fc756c03000-7fc756cff000 -wxp 00000000 00:00 0 
7fc756cff000-7fc756d03000 ---p 00000000 00:00 0 
7fc756d03000-7fc756dff000 -wxp 00000000 00:00 0 
7fc756dff000-7fc756e03000 ---p 00000000 00:00 0 
7fc756e03000-7fc757000000 -wxp 00000000 00:00 0 
7fc757000000-7fc7571b0000 rw-p 00000000 00:00 0 
7fc7571b0000-7fc757400000 ---p 00000000 00:00 0 
7fc757400000-7fc757560000 rw-p 00000000 00:00 0 
7fc757560000-7fc75b000000 ---p 00000000 00:00 0 
7fc75b000000-7fc75bbc9000 rw-p 00001000 00:22 4015135                    /home/bazzite/.gradle/jdks/eclipse_adoptium-17-amd64-linux.2/lib/server/classes.jsa
7fc75bbc9000-7fc75c000000 ---p 00000000 00:00 0 
7fc75c000000-7fc75c030000 rw-p 00000000 00:00 0 
7fc75c030000-7fc75c040000 ---p 00000000 00:00 0 
7fc75c040000-7fc75c070000 rw-p 00000000 00:00 0 
7fc75c070000-7fc79c000000 ---p 00000000 00:00 0 
7fc79c000000-7fc79c021000 rw-p 00000000 00:00 0 
7fc79c021000-7fc7a0000000 ---p 00000000 00:00 0 
7fc7a0000000-7fc7a0021000 rw-p 00000000 00:00 0 
7fc7a0021000-7fc7a4000000 ---p 00000000 00:00 0 
7fc7a4000000-7fc7a4021000 rw-p 00000000 00:00 0 
7fc7a4021000-7fc7a8000000 ---p 00000000 00:00 0 
7fc7a8000000-7fc7a8021000 rw-p 00000000 00:00 0 
7fc7a8021000-7fc7ac000000 ---p 00000000 00:00 0 
7fc7ac000000-7fc7ac021000 rw-p 00000000 00:00 0 
7fc7ac021000-7fc7b0000000 ---p 00000000 00:00 0 
7fc7b0001000-7fc7b0004000 r-xp 00000000 00:79 1076248                    /usr/lib64/spa-0.2/support/libspa-dbus.so
7fc7b0004000-7fc7b0006000 r--p 00003000 00:79 1076248                    /usr/lib64/spa-0.2/support/libspa-dbus.so
7fc7b0006000-7fc7b0007000 r--p 00004000 00:79 1076248                    /usr/lib64/spa-0.2/support/libspa-dbus.so
7fc7b0007000-7fc7b0008000 rw-p 00005000 00:79 1076248                    /usr/lib64/spa-0.2/support/libspa-dbus.so
7fc7b0008000-7fc7b000a000 r-xp 00000000 00:79 1076249                    /usr/lib64/spa-0.2/support/libspa-journal.so
7fc7b000a000-7fc7b000b000 r--p 00002000 00:79 1076249                    /usr/lib64/spa-0.2/support/libspa-journal.so
7fc7b000b000-7fc7b000c000 r--p 00002000 00:79 1076249                    /usr/lib64/spa-0.2/support/libspa-journal.so
7fc7b000c000-7fc7b000d000 rw-p 00003000 00:79 1076249                    /usr/lib64/spa-0.2/support/libspa-journal.so
7fc7b000d000-7fc7b000e000 r-xp 00000000 00:26 24904                      /run/host/usr/lib64/libX11-xcb.so.1.0.0
7fc7b000e000-7fc7b000f000 r--p 00001000 00:26 24904                      /run/host/usr/lib64/libX11-xcb.so.1.0.0
7fc7b000f000-7fc7b0010000 r--p 00001000 00:26 24904                      /run/host/usr/lib64/libX11-xcb.so.1.0.0
7fc7b0010000-7fc7b0011000 rw-p 00000000 00:00 0 
7fc7b0011000-7fc7b0012000 r-xp 00000000 00:26 25019                      /run/host/usr/lib64/libXinerama.so.1.0.0
7fc7b0012000-7fc7b0013000 r--p 00001000 00:26 25019                      /run/host/usr/lib64/libXinerama.so.1.0.0
7fc7b0013000-7fc7b0014000 r--p 00001000 00:26 25019                      /run/host/usr/lib64/libXinerama.so.1.0.0
7fc7b0014000-7fc7b0015000 rw-p 00002000 00:26 25019                      /run/host/usr/lib64/libXinerama.so.1.0.0
7fc7b0015000-7fc7b001c000 r-xp 00000000 00:26 24958                      /run/host/usr/lib64/libXcursor.so.1.0.2
7fc7b001c000-7fc7b0020000 r--p 00007000 00:26 24958                      /run/host/usr/lib64/libXcursor.so.1.0.2
7fc7b0020000-7fc7b0021000 r--p 0000b000 00:26 24958                      /run/host/usr/lib64/libXcursor.so.1.0.2
7fc7b0021000-7fc7b0022000 rw-p 00000000 00:00 0 
7fc7b0022000-7fc7b0036000 r-xp 00000000 00:26 34583                      /run/host/usr/lib64/libxcb.so.1.1.0
7fc7b0036000-7fc7b004a000 r--p 00014000 00:26 34583                      /run/host/usr/lib64/libxcb.so.1.1.0
7fc7b004a000-7fc7b004b000 r--p 00028000 00:26 34583                      /run/host/usr/lib64/libxcb.so.1.1.0
7fc7b004b000-7fc7b004c000 rw-p 00029000 00:26 34583                      /run/host/usr/lib64/libxcb.so.1.1.0
7fc7b004c000-7fc7b0075000 r--p 00000000 00:37 394                        /tmp/lwjgl_bazzite/3.3.3+5/x64/liblwjgl.so
7fc7b0075000-7fc7b00a7000 r-xp 00029000 00:37 394                        /tmp/lwjgl_bazzite/3.3.3+5/x64/liblwjgl.so
7fc7b00a7000-7fc7b00c0000 r--p 0005b000 00:37 394                        /tmp/lwjgl_bazzite/3.3.3+5/x64/liblwjgl.so
7fc7b00c0000-7fc7b00c1000 r--p 00073000 00:37 394                        /tmp/lwjgl_bazzite/3.3.3+5/x64/liblwjgl.so
7fc7b00c1000-7fc7b00c2000 rw-p 00074000 00:37 394                        /tmp/lwjgl_bazzite/3.3.3+5/x64/liblwjgl.so
7fc7b00c2000-7fc7b00f3000 rw-p 00000000 00:00 0 
7fc7b00f3000-7fc7b02f5000 -wxp 00000000 00:00 0 
7fc7b02f5000-7fc7b2e00000 rw-p 00000000 00:00 0 
7fc7b2e02000-7fc7b2e0a000 r-xp 00000000 00:26 25056                      /run/host/usr/lib64/libXrender.so.1.3.0
7fc7b2e0a000-7fc7b2e0d000 r--p 00008000 00:26 25056                      /run/host/usr/lib64/libXrender.so.1.3.0
7fc7b2e0d000-7fc7b2e0e000 r--p 0000a000 00:26 25056                      /run/host/usr/lib64/libXrender.so.1.3.0
7fc7b2e0e000-7fc7b2e0f000 rw-p 0000b000 00:26 25056                      /run/host/usr/lib64/libXrender.so.1.3.0
7fc7b2e0f000-7fc7b2e1c000 r-xp 00000000 00:26 25011                      /run/host/usr/lib64/libXi.so.6.1.0
7fc7b2e1c000-7fc7b2e20000 r--p 0000d000 00:26 25011                      /run/host/usr/lib64/libXi.so.6.1.0
7fc7b2e20000-7fc7b2e21000 r--p 00011000 00:26 25011                      /run/host/usr/lib64/libXi.so.6.1.0
7fc7b2e21000-7fc7b2e22000 rw-p 00012000 00:26 25011                      /run/host/usr/lib64/libXi.so.6.1.0
7fc7b2e22000-7fc7b2e27000 r--p 00000000 00:22 4015116                    /home/bazzite/.gradle/jdks/eclipse_adoptium-17-amd64-linux.2/lib/libjsvml.so
7fc7b2e27000-7fc7b2e68000 r-xp 00005000 00:22 4015116                    /home/bazzite/.gradle/jdks/eclipse_adoptium-17-amd64-linux.2/lib/libjsvml.so
7fc7b2e68000-7fc7b2ef1000 r--p 00046000 00:22 4015116                    /home/bazzite/.gradle/jdks/eclipse_adoptium-17-amd64-linux.2/lib/libjsvml.so
7fc7b2ef1000-7fc7b2ef2000 r--p 000ce000 00:22 4015116                    /home/bazzite/.gradle/jdks/eclipse_adoptium-17-amd64-linux.2/lib/libjsvml.so
7fc7b2ef2000-7fc7b2ef3000 rw-p 000cf000 00:22 4015116                    /home/bazzite/.gradle/jdks/eclipse_adoptium-17-amd64-linux.2/lib/libjsvml.so
7fc7b2ef3000-7fc7b37a4000 rw-p 00000000 00:00 0 
7fc7b37a4000-7fc7ba9f4000 ---p 00000000 00:00 0 
7fc7ba9f4000-7fc7bb1c4000 rw-p 00000000 00:00 0 
7fc7bb1c4000-7fc7c2414000 ---p 00000000 00:00 0 
7fc7c2414000-7fc7c252a000 rw-p 00000000 00:00 0 
7fc7c252a000-7fc7c3374000 ---p 00000000 00:00 0 
7fc7c3374000-7fc7c346e000 rw-p 00000000 00:00 0 
7fc7c346e000-7fc7c42b8000 ---p 00000000 00:00 0 
7fc7c42b8000-7fc7c43b2000 rw-p 00000000 00:00 0 
7fc7c43b2000-7fc7c51fc000 ---p 00000000 00:00 0 
7fc7c51fc000-7fc7c5200000 rw-p 00000000 00:00 0 
7fc7c5200000-7fc7c5470000 rwxp 00000000 00:00 0 
7fc7c5470000-7fc7cc65f000 ---p 00000000 00:00 0 
7fc7cc65f000-7fc7cc99f000 rwxp 00000000 00:00 0 
7fc7cc99f000-7fc7ccda0000 ---p 00000000 00:00 0 
7fc7ccda0000-7fc7cd010000 rwxp 00000000 00:00 0 
7fc7cd010000-7fc7d4200000 ---p 00000000 00:00 0 
7fc7d4200000-7fc7dbe02000 r--s 00000000 00:22 4015084                    /home/bazzite/.gradle/jdks/eclipse_adoptium-17-amd64-linux.2/lib/modules
7fc7dbe02000-7fc7dbe0a000 r-xp 00000000 00:26 25048                      /run/host/usr/lib64/libXrandr.so.2.2.0
7fc7dbe0a000-7fc7dbe0d000 r--p 00008000 00:26 25048                      /run/host/usr/lib64/libXrandr.so.2.2.0
7fc7dbe0d000-7fc7dbe0e000 r--p 0000b000 00:26 25048                      /run/host/usr/lib64/libXrandr.so.2.2.0
7fc7dbe0e000-7fc7dbe0f000 rw-p 0000c000 00:26 25048                      /run/host/usr/lib64/libXrandr.so.2.2.0
7fc7dbe0f000-7fc7dbe1b000 r-xp 00000000 00:26 24981                      /run/host/usr/lib64/libXext.so.6.4.0
7fc7dbe1b000-7fc7dbe21000 r--p 0000c000 00:26 24981                      /run/host/usr/lib64/libXext.so.6.4.0
7fc7dbe21000-7fc7dbe22000 r--p 00011000 00:26 24981                      /run/host/usr/lib64/libXext.so.6.4.0
7fc7dbe22000-7fc7dbe23000 rw-p 00012000 00:26 24981                      /run/host/usr/lib64/libXext.so.6.4.0
7fc7dbe23000-7fc7dc74e000 rw-p 00000000 00:00 0 
7fc7dc74e000-7fc7e0000000 ---p 00000000 00:00 0 
7fc7e0000000-7fc7e0004000 r-xp 00000000 00:26 24989                      /run/host/usr/lib64/libXfixes.so.3.1.0
7fc7e0004000-7fc7e0006000 r--p 00004000 00:26 24989                      /run/host/usr/lib64/libXfixes.so.3.1.0
7fc7e0006000-7fc7e0007000 r--p 00006000 00:26 24989                      /run/host/usr/lib64/libXfixes.so.3.1.0
7fc7e0007000-7fc7e0008000 rw-p 00007000 00:26 24989                      /run/host/usr/lib64/libXfixes.so.3.1.0
7fc7e0008000-7fc7e000b000 r-xp 00000000 00:26 25100                      /run/host/usr/lib64/libXxf86vm.so.1.0.0
7fc7e000b000-7fc7e000d000 r--p 00003000 00:26 25100                      /run/host/usr/lib64/libXxf86vm.so.1.0.0
7fc7e000d000-7fc7e000e000 r--p 00004000 00:26 25100                      /run/host/usr/lib64/libXxf86vm.so.1.0.0
7fc7e000e000-7fc7e000f000 rw-p 00005000 00:26 25100                      /run/host/usr/lib64/libXxf86vm.so.1.0.0
7fc7e000f000-7fc7e0011000 r--p 00000000 00:22 4015085                    /home/bazzite/.gradle/jdks/eclipse_adoptium-17-amd64-linux.2/lib/libzip.so
7fc7e0011000-7fc7e0023000 r-xp 00002000 00:22 4015085                    /home/bazzite/.gradle/jdks/eclipse_adoptium-17-amd64-linux.2/lib/libzip.so
7fc7e0023000-7fc7e002b000 r--p 00014000 00:22 4015085                    /home/bazzite/.gradle/jdks/eclipse_adoptium-17-amd64-linux.2/lib/libzip.so
7fc7e002b000-7fc7e002c000 r--p 0001b000 00:22 4015085                    /home/bazzite/.gradle/jdks/eclipse_adoptium-17-amd64-linux.2/lib/libzip.so
7fc7e002c000-7fc7e002d000 rw-p 0001c000 00:22 4015085                    /home/bazzite/.gradle/jdks/eclipse_adoptium-17-amd64-linux.2/lib/libzip.so
7fc7e002d000-7fc7e006e000 rw-p 00000000 00:00 0 
7fc7e006e000-7fc7e006f000 rw-s 00000000 00:01 1043                       /memfd:pipewire-memfd:flags=0x0000000f,type=2,size=2312 (deleted)
7fc7e006f000-7fc7e0070000 rw-p 00000000 00:00 0 
7fc7e0070000-7fc7e0071000 rw-p 00000000 00:00 0 
7fc7e0071000-7fc7e0073000 r-xp 00000000 00:26 24933                      /run/host/usr/lib64/libXau.so.6.0.0
7fc7e0073000-7fc7e0074000 r--p 00002000 00:26 24933                      /run/host/usr/lib64/libXau.so.6.0.0
7fc7e0074000-7fc7e0075000 r--p 00003000 00:26 24933                      /run/host/usr/lib64/libXau.so.6.0.0
7fc7e0075000-7fc7e0076000 rw-p 00000000 00:00 0 
7fc7e0076000-7fc7e007a000 r--p 00000000 00:22 4015129                    /home/bazzite/.gradle/jdks/eclipse_adoptium-17-amd64-linux.2/lib/libnet.so
7fc7e007a000-7fc7e0088000 r-xp 00004000 00:22 4015129                    /home/bazzite/.gradle/jdks/eclipse_adoptium-17-amd64-linux.2/lib/libnet.so
7fc7e0088000-7fc7e008c000 r--p 00012000 00:22 4015129                    /home/bazzite/.gradle/jdks/eclipse_adoptium-17-amd64-linux.2/lib/libnet.so
7fc7e008c000-7fc7e008d000 r--p 00015000 00:22 4015129                    /home/bazzite/.gradle/jdks/eclipse_adoptium-17-amd64-linux.2/lib/libnet.so
7fc7e008d000-7fc7e008e000 rw-p 00016000 00:22 4015129                    /home/bazzite/.gradle/jdks/eclipse_adoptium-17-amd64-linux.2/lib/libnet.so
7fc7e008e000-7fc7e0095000 r--p 00000000 00:22 4015138                    /home/bazzite/.gradle/jdks/eclipse_adoptium-17-amd64-linux.2/lib/libnio.so
7fc7e0095000-7fc7e009e000 r-xp 00007000 00:22 4015138                    /home/bazzite/.gradle/jdks/eclipse_adoptium-17-amd64-linux.2/lib/libnio.so
7fc7e009e000-7fc7e00a2000 r--p 00010000 00:22 4015138                    /home/bazzite/.gradle/jdks/eclipse_adoptium-17-amd64-linux.2/lib/libnio.so
7fc7e00a2000-7fc7e00a3000 ---p 00014000 00:22 4015138                    /home/bazzite/.gradle/jdks/eclipse_adoptium-17-amd64-linux.2/lib/libnio.so
7fc7e00a3000-7fc7e00a4000 r--p 00014000 00:22 4015138                    /home/bazzite/.gradle/jdks/eclipse_adoptium-17-amd64-linux.2/lib/libnio.so
7fc7e00a4000-7fc7e00a5000 rw-p 00015000 00:22 4015138                    /home/bazzite/.gradle/jdks/eclipse_adoptium-17-amd64-linux.2/lib/libnio.so
7fc7e00a5000-7fc7e03a8000 -wxp 00000000 00:00 0 
7fc7e03a8000-7fc7e11f2000 rw-p 00000000 00:00 0 
7fc7e11f2000-7fc7e12d6000 ---p 00000000 00:00 0 
7fc7e12d6000-7fc7e12db000 rw-p 00000000 00:00 0 
7fc7e12db000-7fc7e13bf000 ---p 00000000 00:00 0 
7fc7e13bf000-7fc7e13cd000 r--p 00000000 00:22 4015088                    /home/bazzite/.gradle/jdks/eclipse_adoptium-17-amd64-linux.2/lib/libjava.so
7fc7e13cd000-7fc7e13df000 r-xp 0000e000 00:22 4015088                    /home/bazzite/.gradle/jdks/eclipse_adoptium-17-amd64-linux.2/lib/libjava.so
7fc7e13df000-7fc7e13e5000 r--p 00020000 00:22 4015088                    /home/bazzite/.gradle/jdks/eclipse_adoptium-17-amd64-linux.2/lib/libjava.so
7fc7e13e5000-7fc7e13e6000 ---p 00026000 00:22 4015088                    /home/bazzite/.gradle/jdks/eclipse_adoptium-17-amd64-linux.2/lib/libjava.so
7fc7e13e6000-7fc7e13e7000 r--p 00026000 00:22 4015088                    /home/bazzite/.gradle/jdks/eclipse_adoptium-17-amd64-linux.2/lib/libjava.so
7fc7e13e7000-7fc7e13e8000 rw-p 00027000 00:22 4015088                    /home/bazzite/.gradle/jdks/eclipse_adoptium-17-amd64-linux.2/lib/libjava.so
7fc7e13e8000-7fc7e13e9000 rw-p 00000000 00:00 0 
7fc7e13e9000-7fc7e13ed000 ---p 00000000 00:00 0 
7fc7e13ed000-7fc7e14e9000 -wxp 00000000 00:00 0 
7fc7e14e9000-7fc7e1578000 r-xp 00000000 00:26 30195                      /run/host/usr/lib64/libm.so.6
7fc7e1578000-7fc7e15fe000 r--p 0008f000 00:26 30195                      /run/host/usr/lib64/libm.so.6
7fc7e15fe000-7fc7e15ff000 r--p 00114000 00:26 30195                      /run/host/usr/lib64/libm.so.6
7fc7e15ff000-7fc7e1600000 rw-p 00115000 00:26 30195                      /run/host/usr/lib64/libm.so.6
7fc7e1600000-7fc7e1853000 r--p 00000000 00:22 4015137                    /home/bazzite/.gradle/jdks/eclipse_adoptium-17-amd64-linux.2/lib/server/libjvm.so
7fc7e1853000-7fc7e257c000 r-xp 00253000 00:22 4015137                    /home/bazzite/.gradle/jdks/eclipse_adoptium-17-amd64-linux.2/lib/server/libjvm.so
7fc7e257c000-7fc7e2809000 r--p 00f7c000 00:22 4015137                    /home/bazzite/.gradle/jdks/eclipse_adoptium-17-amd64-linux.2/lib/server/libjvm.so
7fc7e2809000-7fc7e280a000 ---p 01209000 00:22 4015137                    /home/bazzite/.gradle/jdks/eclipse_adoptium-17-amd64-linux.2/lib/server/libjvm.so
7fc7e280a000-7fc7e28c3000 r--p 01209000 00:22 4015137                    /home/bazzite/.gradle/jdks/eclipse_adoptium-17-amd64-linux.2/lib/server/libjvm.so
7fc7e28c3000-7fc7e28f8000 rw-p 012c2000 00:22 4015137                    /home/bazzite/.gradle/jdks/eclipse_adoptium-17-amd64-linux.2/lib/server/libjvm.so
7fc7e28f8000-7fc7e2954000 rw-p 00000000 00:00 0 
7fc7e2954000-7fc7e2955000 r-xp 00059000 00:37 394                        /tmp/lwjgl_bazzite/3.3.3+5/x64/liblwjgl.so
7fc7e2955000-7fc7e295d000 rw-p 00000000 00:00 0 
7fc7e295d000-7fc7e2965000 ---p 00000000 00:00 0 
7fc7e2965000-7fc7e296d000 rw-s 00000000 00:37 410                        /tmp/hsperfdata_bazzite/31001
7fc7e296d000-7fc7e296e000 ---p 00000000 00:00 0 
7fc7e296e000-7fc7e296f000 r--p 00000000 00:00 0 
7fc7e296f000-7fc7e2970000 ---p 00000000 00:00 0 
7fc7e2970000-7fc7e2974000 r--p 00000000 00:22 4015120                    /home/bazzite/.gradle/jdks/eclipse_adoptium-17-amd64-linux.2/lib/libjimage.so
7fc7e2974000-7fc7e2987000 r-xp 00004000 00:22 4015120                    /home/bazzite/.gradle/jdks/eclipse_adoptium-17-amd64-linux.2/lib/libjimage.so
7fc7e2987000-7fc7e298d000 r--p 00017000 00:22 4015120                    /home/bazzite/.gradle/jdks/eclipse_adoptium-17-amd64-linux.2/lib/libjimage.so
7fc7e298d000-7fc7e298f000 r--p 0001c000 00:22 4015120                    /home/bazzite/.gradle/jdks/eclipse_adoptium-17-amd64-linux.2/lib/libjimage.so
7fc7e298f000-7fc7e2990000 rw-p 0001e000 00:22 4015120                    /home/bazzite/.gradle/jdks/eclipse_adoptium-17-amd64-linux.2/lib/libjimage.so
7fc7e2990000-7fc7e2991000 r-xp 00000000 00:26 32469                      /run/host/usr/lib64/librt.so.1
7fc7e2991000-7fc7e2992000 r--p 00001000 00:26 32469                      /run/host/usr/lib64/librt.so.1
7fc7e2992000-7fc7e2993000 r--p 00001000 00:26 32469                      /run/host/usr/lib64/librt.so.1
7fc7e2993000-7fc7e2996000 rw-p 00000000 00:00 0 
7fc7e2996000-7fc7e2b0a000 r-xp 00000000 00:26 26352                      /run/host/usr/lib64/libc.so.6
7fc7e2b0a000-7fc7e2b83000 r--p 00174000 00:26 26352                      /run/host/usr/lib64/libc.so.6
7fc7e2b83000-7fc7e2b87000 r--p 001ed000 00:26 26352                      /run/host/usr/lib64/libc.so.6
7fc7e2b87000-7fc7e2b89000 rw-p 001f1000 00:26 26352                      /run/host/usr/lib64/libc.so.6
7fc7e2b89000-7fc7e2b91000 rw-p 00000000 00:00 0 
7fc7e2b91000-7fc7e2b92000 r-xp 00000000 00:26 27028                      /run/host/usr/lib64/libdl.so.2
7fc7e2b92000-7fc7e2b93000 r--p 00001000 00:26 27028                      /run/host/usr/lib64/libdl.so.2
7fc7e2b93000-7fc7e2b94000 r--p 00001000 00:26 27028                      /run/host/usr/lib64/libdl.so.2
7fc7e2b94000-7fc7e2b95000 rw-p 00000000 00:00 0 
7fc7e2b95000-7fc7e2b96000 r-xp 00000000 00:26 32154                      /run/host/usr/lib64/libpthread.so.0
7fc7e2b96000-7fc7e2b97000 r--p 00001000 00:26 32154                      /run/host/usr/lib64/libpthread.so.0
7fc7e2b97000-7fc7e2b98000 r--p 00001000 00:26 32154                      /run/host/usr/lib64/libpthread.so.0
7fc7e2b98000-7fc7e2b99000 rw-p 00000000 00:00 0 
7fc7e2b99000-7fc7e2b9c000 r--p 00000000 00:22 4015093                    /home/bazzite/.gradle/jdks/eclipse_adoptium-17-amd64-linux.2/lib/libjli.so
7fc7e2b9c000-7fc7e2bac000 r-xp 00003000 00:22 4015093                    /home/bazzite/.gradle/jdks/eclipse_adoptium-17-amd64-linux.2/lib/libjli.so
7fc7e2bac000-7fc7e2bb3000 r--p 00013000 00:22 4015093                    /home/bazzite/.gradle/jdks/eclipse_adoptium-17-amd64-linux.2/lib/libjli.so
7fc7e2bb3000-7fc7e2bb4000 r--p 00019000 00:22 4015093                    /home/bazzite/.gradle/jdks/eclipse_adoptium-17-amd64-linux.2/lib/libjli.so
7fc7e2bb4000-7fc7e2bb5000 rw-p 0001a000 00:22 4015093                    /home/bazzite/.gradle/jdks/eclipse_adoptium-17-amd64-linux.2/lib/libjli.so
7fc7e2bb5000-7fc7e2bb7000 rw-p 00000000 00:00 0 
7fc7e2bb7000-7fc7e2bbb000 r--p 00000000 00:00 0                          [vvar]
7fc7e2bbb000-7fc7e2bbd000 r--p 00000000 00:00 0                          [vvar_vclock]
7fc7e2bbd000-7fc7e2bbf000 r-xp 00000000 00:00 0                          [vdso]
7fc7e2bbf000-7fc7e2be9000 r-xp 00000000 00:79 6195668                    /usr/lib64/ld-linux-x86-64.so.2
7fc7e2be9000-7fc7e2bf5000 r--p 0002a000 00:79 6195668                    /usr/lib64/ld-linux-x86-64.so.2
7fc7e2bf5000-7fc7e2bf7000 r--p 00035000 00:79 6195668                    /usr/lib64/ld-linux-x86-64.so.2
7fc7e2bf7000-7fc7e2bf8000 rw-p 00037000 00:79 6195668                    /usr/lib64/ld-linux-x86-64.so.2
7fc7e2bf8000-7fc7e2bf9000 rw-p 00000000 00:00 0 
7ffc61d47000-7ffc61d6c000 rw-p 00000000 00:00 0                          [stack]
ffffffffff600000-ffffffffff601000 --xp 00000000 00:00 0                  [vsyscall]


VM Arguments:
jvm_args: -Dfile.encoding=UTF-8 -Duser.country=US -Duser.language=en -Duser.variant 
java_command: dungeon.crawler.lwjgl3.Lwjgl3Launcher
java_class_path (initial): /home/bazzite/code/java/LibGDXDungeonCrawler/lwjgl3/build/classes/java/main:/home/bazzite/code/java/LibGDXDungeonCrawler/lwjgl3/build/resources/main:/home/bazzite/.gradle/caches/modules-2/files-2.1/com.badlogicgames.gdx-controllers/gdx-controllers-desktop/2.2.3/f496535b094461487a71b3f23a17cd7d524de0f5/gdx-controllers-desktop-2.2.3.jar:/home/bazzite/.gradle/caches/modules-2/files-2.1/com.badlogicgames.gdx/gdx-backend-lwjgl3/1.13.1/c8d8f1c3ccd17fe2202a1d581e179c4ba0ccc45d/gdx-backend-lwjgl3-1.13.1.jar:/home/bazzite/.gradle/caches/modules-2/files-2.1/com.badlogicgames.gdx/gdx-platform/1.13.1/8493b7d917097a6d091db2554bf0056881f96738/gdx-platform-1.13.1-natives-desktop.jar:/home/bazzite/code/java/LibGDXDungeonCrawler/core/build/libs/core-1.0.0.jar:/home/bazzite/.gradle/caches/modules-2/files-2.1/com.badlogicgames.gdx/gdx-tools/1.13.1/1b046c9f556bc2287384a379c867721196cb42a8/gdx-tools-1.13.1.jar:/home/bazzite/.gradle/caches/modules-2/files-2.1/de.golfgl.gdxcontrollerutils/gdx-controllerutils-mapping/2.3.0/4f0651c569245a0fcc2eb3a51f3d64cba33ab943/gdx-controllerutils-mapping-2.3.0.jar:/home/bazzite/.gradle/caches/modules-2/files-2.1/com.badlogicgames.gdx-controllers/gdx-controllers-core/2.2.3/82b77d6cb6394420cdd480fc2ab373f7ba5e0e45/gdx-controllers-core-2.2.3.jar:/home/bazzite/.gradle/caches/modules-2/files-2.1/com.badlogicgames.jamepad/jamepad/2.0.20.0/55eb0007fd55c9914d106dac3387b9d444572cab/jamepad-2.0.20.0.jar:/home/bazzite/.gradle/caches/modules-2/files-2.1/com.badlogicgames.ashley/ashley/1.7.4/21a3a8932919099c4e5006a7d8378dcbe76ef8a5/ashley-1.7.4.jar:/home/bazzite/.gradle/caches/modules-2/files-2.1/com.github.tommyettinger/anim8-gdx/0.5.4/81d81cf0f6e0b9ec11072e0118a2fff0e5dcc3b5/anim8-gdx-0.5.4.jar:/home/bazzite/.gradle/caches/modules-2/files-2.1/com.badlogicgames.gdx/gdx-freetype/1.13.1/a386c9b7a10b28f91b2de47f66b12c23a2c3abc2/gdx-freetype-1.13.1.jar:/home/bazzite/.gradle/caches/modules-2/files-2.1/com.badlogicgames.gdx/gdx-backend-headle
Launcher Type: SUN_STANDARD

[Global flags]
     intx CICompilerCount                          = 12                                        {product} {ergonomic}
     uint ConcGCThreads                            = 3                                         {product} {ergonomic}
     uint G1ConcRefinementThreads                  = 13                                        {product} {ergonomic}
   size_t G1HeapRegionSize                         = 4194304                                   {product} {ergonomic}
    uintx GCDrainStackTargetSize                   = 64                                        {product} {ergonomic}
   size_t InitialHeapSize                          = 515899392                                 {product} {ergonomic}
   size_t MarkStackSize                            = 4194304                                   {product} {ergonomic}
   size_t MaxHeapSize                              = 8195670016                                {product} {ergonomic}
   size_t MaxNewSize                               = 4915724288                                {product} {ergonomic}
   size_t MinHeapDeltaBytes                        = 4194304                                   {product} {ergonomic}
   size_t MinHeapSize                              = 8388608                                   {product} {ergonomic}
    uintx NonNMethodCodeHeapSize                   = 7602480                                {pd product} {ergonomic}
    uintx NonProfiledCodeHeapSize                  = 122027880                              {pd product} {ergonomic}
    uintx ProfiledCodeHeapSize                     = 122027880                              {pd product} {ergonomic}
    uintx ReservedCodeCacheSize                    = 251658240                              {pd product} {ergonomic}
     bool SegmentedCodeCache                       = true                                      {product} {ergonomic}
   size_t SoftMaxHeapSize                          = 8195670016                             {manageable} {ergonomic}
     bool UseCompressedClassPointers               = true                           {product lp64_product} {ergonomic}
     bool UseCompressedOops                        = true                           {product lp64_product} {ergonomic}
     bool UseG1GC                                  = true                                      {product} {ergonomic}

Logging:
Log output configuration:
 #0: stdout all=warning uptime,level,tags
 #1: stderr all=off uptime,level,tags

Environment Variables:
PATH=/home/bazzite/.local/share/../bin:/home/bazzite/.local/bin:/home/bazzite/bin:/usr/local/bin:/usr/bin:/bin:/usr/local/sbin:/home/bazzite/.local/share/yabridge:/usr/local/bin:/usr/bin:/usr/sbin:/sbin:/home/bazzite/.local/share/yabridge
XDG_CACHE_HOME=/home/bazzite/.cache
XDG_CONFIG_HOME=/home/bazzite/.config
LD_LIBRARY_PATH=/run/host/usr/lib64:
SHELL=/usr/bin/bash
DISPLAY=:0
LANG=en_US.UTF-8
TERM=xterm-256color

Active Locale:
LC_ALL=en_US.UTF-8
LC_COLLATE=en_US.UTF-8
LC_CTYPE=en_US.UTF-8
LC_MESSAGES=en_US.UTF-8
LC_MONETARY=en_US.UTF-8
LC_NUMERIC=en_US.UTF-8
LC_TIME=en_US.UTF-8

Signal Handlers:
   SIGSEGV: crash_handler in libjvm.so, mask=11100100010111111101111111111110, flags=SA_RESTART|SA_SIGINFO, unblocked
    SIGBUS: crash_handler in libjvm.so, mask=11100100010111111101111111111110, flags=SA_RESTART|SA_SIGINFO, unblocked
    SIGFPE: crash_handler in libjvm.so, mask=11100100010111111101111111111110, flags=SA_RESTART|SA_SIGINFO, unblocked
   SIGPIPE: javaSignalHandler in libjvm.so, mask=11100100010111111101111111111110, flags=SA_RESTART|SA_SIGINFO, blocked
   SIGXFSZ: javaSignalHandler in libjvm.so, mask=11100100010111111101111111111110, flags=SA_RESTART|SA_SIGINFO, blocked
    SIGILL: crash_handler in libjvm.so, mask=11100100010111111101111111111110, flags=SA_RESTART|SA_SIGINFO, unblocked
   SIGUSR2: SR_handler in libjvm.so, mask=00100000000000000000000000000000, flags=SA_RESTART|SA_SIGINFO, blocked
    SIGHUP: UserHandler in libjvm.so, mask=11100100010111111101111111111110, flags=SA_RESTART|SA_SIGINFO, blocked
    SIGINT: UserHandler in libjvm.so, mask=11100100010111111101111111111110, flags=SA_RESTART|SA_SIGINFO, blocked
   SIGTERM: UserHandler in libjvm.so, mask=11100100010111111101111111111110, flags=SA_RESTART|SA_SIGINFO, blocked
   SIGQUIT: UserHandler in libjvm.so, mask=11100100010111111101111111111110, flags=SA_RESTART|SA_SIGINFO, blocked
   SIGTRAP: crash_handler in libjvm.so, mask=11100100010111111101111111111110, flags=SA_RESTART|SA_SIGINFO, unblocked


Periodic native trim disabled


---------------  S Y S T E M  ---------------

OS:
Fedora release 43 (Forty Three)
uname: Linux 6.19.14-ogc1.1.fc44.x86_64 #1 SMP PREEMPT_DYNAMIC Fri May  1 20:37:39 UTC 2026 x86_64
OS uptime: 0 days 0:24 hours
libc: glibc 2.43 NPTL 2.43 
rlimit (soft/hard): STACK 8192k/infinity , CORE infinity/infinity , NPROC 123793/123793 , NOFILE 1048576/1048576 , AS infinity/infinity , CPU infinity/infinity , DATA infinity/infinity , FSIZE infinity/infinity , MEMLOCK 2147484k/2147484k
load average: 5.35 2.01 1.16

/proc/meminfo:
MemTotal:       32002216 kB
MemFree:         4846188 kB
MemAvailable:   18955432 kB
Buffers:            7384 kB
Cached:         16138632 kB
SwapCached:            0 kB
Active:         17473108 kB
Inactive:        6927496 kB
Active(anon):    8684816 kB
Inactive(anon):        0 kB
Active(file):    8788292 kB
Inactive(file):  6927496 kB
Unevictable:         268 kB
Mlocked:             268 kB
SwapTotal:      16001020 kB
SwapFree:       16001020 kB
Zswap:                 0 kB
Zswapped:              0 kB
Dirty:            110300 kB
Writeback:             0 kB
AnonPages:       8255788 kB
Mapped:          2527132 kB
Shmem:            430608 kB
KReclaimable:     725288 kB
Slab:            1246172 kB
SReclaimable:     725288 kB
SUnreclaim:       520884 kB
KernelStack:       34912 kB
PageTables:       104112 kB
SecPageTables:      4656 kB
NFS_Unstable:          0 kB
Bounce:                0 kB
WritebackTmp:          0 kB
CommitLimit:    32002128 kB
Committed_AS:   36675772 kB
VmallocTotal:   34359738367 kB
VmallocUsed:      361932 kB
VmallocChunk:          0 kB
Percpu:            21120 kB
HardwareCorrupted:     0 kB
AnonHugePages:         0 kB
ShmemHugePages:        0 kB
ShmemPmdMapped:        0 kB
FileHugePages:     12288 kB
FilePmdMapped:     10240 kB
CmaTotal:              0 kB
CmaFree:               0 kB
Unaccepted:            0 kB
Balloon:               0 kB
HugePages_Total:       0
HugePages_Free:        0
HugePages_Rsvd:        0
HugePages_Surp:        0
Hugepagesize:       2048 kB
Hugetlb:               0 kB
DirectMap4k:     3699628 kB
DirectMap2M:    22710272 kB
DirectMap1G:     7340032 kB

/sys/kernel/mm/transparent_hugepage/enabled: always [madvise] never
/sys/kernel/mm/transparent_hugepage/hpage_pmd_size: 2097152
/sys/kernel/mm/transparent_hugepage/defrag (defrag/compaction efforts parameter): always defer defer+madvise [madvise] never

Process Memory:
Virtual Size: 11917932K (peak: 11917932K)
Resident Set Size: 77948K (peak: 77948K) (anon: 48148K, file: 27692K, shmem: 2108K)
Swapped out: 0K
C-Heap outstanding allocations: 45895K, retained: 3268K
glibc malloc tunables: (default)

/proc/sys/kernel/threads-max (system-wide limit on the number of threads): 247587
/proc/sys/vm/max_map_count (maximum number of memory map areas a process may have): 2147483642
/proc/sys/vm/swappiness (control to define how aggressively the kernel swaps out anonymous memory): 180
/proc/sys/kernel/pid_max (system-wide limit on number of process identifiers): 4194304

container information not found.
Steal ticks since vm start: 0
Steal ticks percentage since vm start:  0.000

CPU: total 16 (initial active 16) (16 cores per cpu, 2 threads per core) family 25 model 97 stepping 2 microcode 0xa60120a, cx8, cmov, fxsr, ht, mmx, 3dnowpref, sse, sse2, sse3, ssse3, sse4a, sse4.1, sse4.2, popcnt, lzcnt, tsc, tscinvbit, avx, avx2, aes, erms, clmul, bmi1, bmi2, adx, avx512f, avx512dq, avx512cd, avx512bw, avx512vl, sha, fma, vzeroupper, avx512_vpopcntdq, avx512_vpclmulqdq, avx512_vaes, avx512_vnni, clflush, clflushopt, avx512_vbmi2, avx512_vbmi
CPU Model and flags from /proc/cpuinfo:
model name	: AMD Ryzen 7 7700X 8-Core Processor
flags		: fpu vme de pse tsc msr pae mce cx8 apic sep mtrr pge mca cmov pat pse36 clflush mmx fxsr sse sse2 ht syscall nx mmxext fxsr_opt pdpe1gb rdtscp lm constant_tsc rep_good amd_lbr_v2 nopl xtopology nonstop_tsc cpuid extd_apicid aperfmperf rapl pni pclmulqdq monitor ssse3 fma cx16 sse4_1 sse4_2 movbe popcnt aes xsave avx f16c rdrand lahf_lm cmp_legacy svm extapic cr8_legacy abm sse4a misalignsse 3dnowprefetch osvw ibs skinit wdt tce topoext perfctr_core perfctr_nb bpext perfctr_llc mwaitx cpuid_fault cpb cat_l3 cdp_l3 hw_pstate ssbd mba perfmon_v2 ibrs ibpb stibp ibrs_enhanced vmmcall fsgsbase bmi1 avx2 smep bmi2 erms invpcid cqm rdt_a avx512f avx512dq rdseed adx smap avx512ifma clflushopt clwb avx512cd sha_ni avx512bw avx512vl xsaveopt xsavec xgetbv1 xsaves cqm_llc cqm_occup_llc cqm_mbm_total cqm_mbm_local user_shstk avx512_bf16 clzero irperf xsaveerptr rdpru wbnoinvd cppc arat npt lbrv svm_lock nrip_save tsc_scale vmcb_clean flushbyasid decodeassists pausefilter pfthreshold avic vgif x2avic v_spec_ctrl vnmi avx512vbmi umip pku ospke avx512_vbmi2 gfni vaes vpclmulqdq avx512_vnni avx512_bitalg avx512_vpopcntdq rdpid overflow_recov succor smca fsrm flush_l1d amd_lbr_pmc_freeze

Online cpus: 0-15
Offline cpus: 
BIOS frequency limitation: <Not Available>
Frequency switch latency (ns): 0
Available cpu frequencies: <Not Available>
Current governor: performance
Core performance/turbo boost: 1

Memory: 4k page, physical 32002216k(4846188k free), swap 16001020k(16001020k free)
Page Sizes: 4k

vm_info: OpenJDK 64-Bit Server VM (17.0.15+6) for linux-amd64 JRE (17.0.15+6), built on Apr 15 2025 00:00:00 by "admin" with gcc 10.3.0

END.
